
E:\DbgExtension>kdx64.exe -z C:\Users\testuser\OneDrive\Desktop\DESKTOP-FPGOBQG-20250802-065651.dmp -c ".load E:\DbgExtension\x64\Release\DbgExtension.dll;!pslist;!psdetails;!sessions;!envars;!dlllist;!threads;q" 

************* Preparing the environment for Debugger Extensions Gallery repositories **************
   ExtensionRepository : Implicit
   UseExperimentalFeatureForNugetShare : true
   AllowNugetExeUpdate : true
   NonInteractiveNuget : true
   AllowNugetMSCredentialProviderInstall : true
   AllowParallelInitializationOfLocalRepositories : true
   EnableRedirectToChakraJsProvider : false

   -- Configuring repositories
      ----> Repository : LocalInstalled, Enabled: true
      ----> Repository : UserExtensions, Enabled: true

>>>>>>>>>>>>> Preparing the environment for Debugger Extensions Gallery repositories completed, duration 0.000 seconds

************* Waiting for Debugger Extensions Gallery to Initialize **************

>>>>>>>>>>>>> Waiting for Debugger Extensions Gallery to Initialize completed, duration 0.031 seconds
   ----> Repository : UserExtensions, Enabled: true, Packages count: 0
   ----> Repository : LocalInstalled, Enabled: true, Packages count: 45

Microsoft (R) Windows Debugger Version 10.0.27871.1001 AMD64
Copyright (c) Microsoft Corporation. All rights reserved.


Loading Dump File [C:\Users\testuser\OneDrive\Desktop\DESKTOP-FPGOBQG-20250802-065651.dmp]
Kernel Complete Dump File: Full address space is available

Symbol search path is: srv*
Executable search path is: 
Windows 10 Kernel Version 19045 MP (2 procs) Free x64
Product: WinNt, suite: TerminalServer SingleUserTS
Edition build lab: 19041.1.amd64fre.vb_release.191206-1406
Kernel base = 0xfffff801`12200000 PsLoadedModuleList = 0xfffff801`12e2a2b0
Debug session time: Sat Aug  2 12:26:52.752 2025 (UTC + 5:30)
System Uptime: 0 days 3:53:22.934
Loading Kernel Symbols
...............................................................
................................................................
...........................................................
Loading User Symbols
.......................................
Loading unloaded module list
............
For analysis of this file, run !analyze -v
Unable to load image \??\C:\Windows\system32\Drivers\DumpIt.sys, Win32 error 0n2
0: kd> kd: Reading initial command '.load E:\DbgExtension\x64\Release\DbgExtension.dll;!pslist;!psdetails;!sessions;!envars;!dlllist;!threads;q'
Process            Process Name           PID    PPID   Threads		VS(MB)		PVS(MB)              CreateTime(UTC+0)
=====================================================================================================================
0xffffa607d1c90080  System                4      2        159      3       		14      		2025-08-02 02:12:01.752             
0xffffa607d1cd4080  Registry              92     6        4        113     		162     		2025-08-02 02:11:55.463             
0xffffa607d3dc4040  smss.exe              312    6        2        2101287 		2101295 		2025-08-02 02:12:01.765             
0xffffa607d52991c0  csrss.exe             420    414      11       2101341 		2101344 		2025-08-02 02:12:03.355             
0xffffa607d5b53140  wininit.exe           504    414      1        2101314 		2101326 		2025-08-02 02:12:03.574             
0xffffa607d5b561c0  csrss.exe             512    498      11       2101329 		2101345 		2025-08-02 02:12:03.575             
0xffffa607d5adf080  services.exe          580    504      6        2101311 		2101321 		2025-08-02 02:12:03.746             
0xffffa607d5ba0080  winlogon.exe          608    498      3        2101344 		2101348 		2025-08-02 02:12:03.786             
0xffffa607d5bd1080  lsass.exe             628    504      9        2101338 		2101340 		2025-08-02 02:12:03.794             
0xffffa607d622a080  svchost.exe           768    582      12       2101375 		2101391 		2025-08-02 02:12:04.150             
0xffffa607d6232080  fontdrvhost.ex        792    506      5        2101313 		2101314 		2025-08-02 02:12:04.161             
0xffffa607d5ba2080  fontdrvhost.ex        796    610      5        2101312 		2101314 		2025-08-02 02:12:04.161             
0xffffa607d628d240  svchost.exe           892    582      11       2101351 		2101359 		2025-08-02 02:12:04.337             
0xffffa607d3bd2080  svchost.exe           940    582      7        2101329 		2101334 		2025-08-02 02:12:04.375             
0xffffa607d6354080  LogonUI.exe           1008   608      10       2101534 		2101548 		2025-08-02 02:12:04.506             
0xffffa607d6356340  dwm.exe               1016   608      13       2101469 		2101503 		2025-08-02 02:12:04.506             
0xffffa607d6395080  svchost.exe           516    582      35       2101539 		2101550 		2025-08-02 02:12:04.631             
0xffffa607d63d2240  svchost.exe           908    582      1        2101323 		2101329 		2025-08-02 02:12:04.688             
0xffffa607d63d9080  svchost.exe           1032   582      1        2101327 		2101330 		2025-08-02 02:12:04.704             
0xffffa607d63d6080  svchost.exe           1040   582      3        2101313 		2101315 		2025-08-02 02:12:04.705             
0xffffa607d642c080  svchost.exe           1116   582      2        2101321 		2101324 		2025-08-02 02:12:04.745             
0xffffa607d6430080  svchost.exe           1184   582      6        2101347 		2101363 		2025-08-02 02:12:04.786             
0xffffa607d6482080  svchost.exe           1232   582      5        2101363 		2101366 		2025-08-02 02:12:04.811             
0xffffa607d6495080  svchost.exe           1260   582      8        2101353 		2101359 		2025-08-02 02:12:04.847             
0xffffa607d64d9080  svchost.exe           1320   582      7        2101326 		2101330 		2025-08-02 02:12:04.933             
0xffffa607d6516080  svchost.exe           1348   582      1        2101314 		2101320 		2025-08-02 02:12:04.993             
0xffffa607d657e080  svchost.exe           1420   582      1        2101314 		2101319 		2025-08-02 02:12:05.090             
0xffffa607d6587080  svchost.exe           1468   582      4        2101341 		2101347 		2025-08-02 02:12:05.124             
0xffffa607d65a4080  svchost.exe           1512   582      6        2101318 		2101323 		2025-08-02 02:12:05.154             
0xffffa607d6682080  svchost.exe           1688   582      4        2101322 		2101330 		2025-08-02 02:12:05.364             
0xffffa607d6683080  svchost.exe           1716   582      3        2105438 		2105450 		2025-08-02 02:12:05.391             
0xffffa607d66a3080  svchost.exe           1756   582      3        2101316 		2101318 		2025-08-02 02:12:05.408             
0xffffa607d66350c0  svchost.exe           1832   582      5        2101325 		2101328 		2025-08-02 02:12:05.498             
0xffffa607d1d62040  MemCompression        1864   6        26       358     		672     		2025-08-02 02:12:05.515             
0xffffa607d1d40080  svchost.exe           1888   582      2        2101320 		2101325 		2025-08-02 02:12:05.532             
0xffffa607d1d36080  svchost.exe           1924   582      6        2101345 		2101351 		2025-08-02 02:12:05.548             
0xffffa607d1cec080  svchost.exe           1956   582      2        2101322 		2101325 		2025-08-02 02:12:05.578             
0xffffa607d1cea080  svchost.exe           1968   582      8        2101377 		2101513 		2025-08-02 02:12:05.590             
0xffffa607d1cdb080  svchost.exe           1980   582      5        2101325 		2101327 		2025-08-02 02:12:05.608             
0xffffa607d1d86080  svchost.exe           1932   582      5        2101325 		2101330 		2025-08-02 02:12:05.827             
0xffffa607d1d84080  svchost.exe           1940   582      8        2101328 		2101337 		2025-08-02 02:12:05.838             
0xffffa607d6713080  svchost.exe           2120   582      11       2101343 		2101345 		2025-08-02 02:12:05.962             
0xffffa607d6809080  svchost.exe           2192   582      10       2101329 		2101333 		2025-08-02 02:12:06.072             
0xffffa607d680a080  svchost.exe           2204   582      3        2101313 		2101315 		2025-08-02 02:12:06.078             
0xffffa607d680e080  svchost.exe           2212   582      4        2101325 		2101335 		2025-08-02 02:12:06.084             
0xffffa607d686c080  svchost.exe           2332   582      6        2101341 		2101349 		2025-08-02 02:12:06.209             
0xffffa607d688c080  svchost.exe           2400   582      2        2101339 		2101343 		2025-08-02 02:12:06.279             
0xffffa607d688d080  svchost.exe           2416   582      2        2101331 		2101338 		2025-08-02 02:12:06.288             
0xffffa607d69440c0  svchost.exe           2516   582      3        2101318 		2101322 		2025-08-02 02:12:06.485             
0xffffa607d694b080  spoolsv.exe           2524   582      8        2101357 		2101385 		2025-08-02 02:12:06.490             
0xffffa607d69c90c0  svchost.exe           2616   582      12       2101368 		2101372 		2025-08-02 02:12:06.641             
0xffffa607d6a230c0  svchost.exe           2744   582      5        2101323 		2101328 		2025-08-02 02:12:06.911             
0xffffa607d6aef080  svchost.exe           3000   582      1        2101312 		2101315 		2025-08-02 02:12:07.619             
0xffffa607d6b78080  svchost.exe           3024   582      9        2101396 		2101750 		2025-08-02 02:12:07.643             
0xffffa607d6ba3080  svchost.exe           3040   582      8        2101438 		2101453 		2025-08-02 02:12:07.668             
0xffffa607d6ba4080  svchost.exe           3060   582      14       2101422 		2101460 		2025-08-02 02:12:07.683             
0xffffa607d6c0f080  Everything.exe        2436   582      2        43      		51      		2025-08-02 02:12:07.715             
0xffffa607d6c0e080  svchost.exe           2640   582      22       2101406 		2101411 		2025-08-02 02:12:07.738             
0xffffa607d6c660c0  IpOverUsbSvc.e        3080   582      6        117     		126     		2025-08-02 02:12:07.751             
0xffffa607d6c7f080  sqlwriter.exe         3168   1        2        4171    		4187    		2025-08-02 02:12:07.862             
0xffffa607d6c83080  svchost.exe           3184   582      3        2101312 		2101315 		2025-08-02 02:12:07.897             
0xffffa607d6c990c0  VGAuthService.        3200   1        2        2101343 		2101347 		2025-08-02 02:12:07.909             
0xffffa607d6c9e080  svchost.exe           3212   582      6        2101328 		2101329 		2025-08-02 02:12:07.920             
0xffffa607d6ca1080  vmtoolsd.exe          3224   582      12       2101368 		2101372 		2025-08-02 02:12:07.946             
0xffffa607d6ca2080  vm3dservice.ex        3236   582      3        2101321 		2101326 		2025-08-02 02:12:07.952             
0xffffa607d6ca6080  svchost.exe           3260   582      5        2101328 		2101337 		2025-08-02 02:12:07.966             
0xffffa607d6d230c0  svchost.exe           3296   582      6        2101354 		2101365 		2025-08-02 02:12:07.997             
0xffffa607d6d42300  svchost.exe           3344   582      2        2101311 		2101315 		2025-08-02 02:12:08.083             
0xffffa607d6d92080  vm3dservice.ex        3436   3238     3        2101324 		2101330 		2025-08-02 02:12:08.194             
0xffffa607d6f92080  svchost.exe           3872   582      25       2101531 		2101572 		2025-08-02 02:12:09.013             
0xffffa607d70f2240  dllhost.exe           4020   582      10       2101337 		2101346 		2025-08-02 02:12:09.537             
0xffffa607d70fc080  dllhost.exe           3096   768      5        2101374 		2101378 		2025-08-02 02:12:09.636             
0xffffa607d70d0300  msdtc.exe             3292   582      9        2101329 		2101332 		2025-08-02 02:12:10.056             
0xffffa607d7265080  WmiPrvSE.exe          4512   768      15       2101393 		2101416 		2025-08-02 02:12:11.317             
0xffffa607d72e6080  csrss.exe             4648   4690     11       2101361 		2101392 		2025-08-02 02:12:17.083             
0xffffa607d7393080  winlogon.exe          4748   4690     5        2101345 		2101354 		2025-08-02 02:12:17.100             
0xffffa607d7388080  svchost.exe           4800   582      5        2101333 		2101333 		2025-08-02 02:12:17.886             
0xffffa607d72be080  dwm.exe               4912   4748     15       2101611 		2101641 		2025-08-02 02:12:18.012             
0xffffa607d7a37080  fontdrvhost.ex        4932   4750     5        2101468 		2101572 		2025-08-02 02:12:18.167             
0xffffa607d7a36080  svchost.exe           4416   582      3        2101315 		2101318 		2025-08-02 02:12:18.663             
0xffffa607d807c080  rdpclip.exe           5408   516      13       2101375 		2101375 		2025-08-02 02:12:21.959             
0xffffa607d8015080  sihost.exe            5452   1320     9        2101410 		2101431 		2025-08-02 02:12:22.126             
0xffffa607d80bf080  svchost.exe           5488   582      10       2101377 		2101378 		2025-08-02 02:12:22.206             
0xffffa607d80c6080  svchost.exe           5536   582      6        2101448 		2101455 		2025-08-02 02:12:22.283             
0xffffa607d80f0080  taskhostw.exe         5604   1186     8        2101409 		2101410 		2025-08-02 02:12:22.413             
0xffffa607d812a080  svchost.exe           5724   582      3        2101346 		2101379 		2025-08-02 02:12:22.580             
0xffffa607d80b9080  svchost.exe           5816   582      3        2101319 		2101323 		2025-08-02 02:12:22.708             
0xffffa607d8160340  ctfmon.exe            5892   5816     10       2101394 		2101397 		2025-08-02 02:12:22.926             
0xffffa607d81c8200  svchost.exe           5960   582      8        2101359 		2101364 		2025-08-02 02:12:23.298             
0xffffa607d81b4080  userinit.exe          6084   4750     0        0       		2101329 		2025-08-02 02:12:23.724             
0xffffa607d8176080  explorer.exe          6108   6084     87       2101860 		2102091 		2025-08-02 02:12:23.921             
0xffffa607d840e080  svchost.exe           6248   582      6        2101407 		2101414 		2025-08-02 02:12:25.592             
0xffffa607d85330c0  StartMenuExper        6568   770      7        2101567 		2101603 		2025-08-02 02:12:27.644             
0xffffa607d862f080  RuntimeBroker.        6648   770      1        2101391 		2101430 		2025-08-02 02:12:27.891             
0xffffa607d7ce6080  SearchApp.exe         6760   770      56       2135067 		2135094 		2025-08-02 02:12:28.326             
0xffffa607d86c8080  SearchIndexer.        6928   582      16       2101472 		2101473 		2025-08-02 02:12:28.815             
0xffffa607d887e080  RuntimeBroker.        6988   770      14       2101547 		2101635 		2025-08-02 02:12:28.914             
0xffffa607d8aa4080  svchost.exe           7172   582      5        2101321 		2101327 		2025-08-02 02:12:30.445             
0xffffa607d8b99080  RuntimeBroker.        7412   768      5        2101391 		2101420 		2025-08-02 02:12:32.262             
0xffffa607d89e1080  SecurityHealth        744    6110     1        2101351 		2101354 		2025-08-02 02:12:41.186             
0xffffa607d8952080  SecurityHealth        5096   1        6        2101340 		2101346 		2025-08-02 02:12:41.260             
0xffffa607d8949080  vmtoolsd.exe          1300   6110     6        2101527 		2101675 		2025-08-02 02:12:41.681             
0xffffa607d8b9f080  OneDrive.exe          7984   6110     0        0       		2104916 		2025-08-02 02:12:43.640             
0xffffa607d8ba7080  Everything.exe        6424   7930     6        327     		344     		2025-08-02 02:12:50.029             
0xffffa607d8482080  svchost.exe           4312   582      10       2101357 		2101509 		2025-08-02 02:12:54.576             
0xffffa607d8fc9080  OneDrive.exe          948    372      27       2137639 		2137695 		2025-08-02 02:13:07.129             
0xffffa607d8fe7340  Microsoft.Shar        7684   372      14       2101495 		2101529 		2025-08-02 02:13:14.261             
0xffffa607d87e2080  svchost.exe           1288   582      9        2101389 		2101407 		2025-08-02 02:13:24.919             
0xffffa607d900b340  svchost.exe           6536   582      3        2101336 		2101348 		2025-08-02 02:13:25.251             
0xffffa607d8f95080  TextInputHost.        5380   770      10       2101506 		2101515 		2025-08-02 02:13:58.443             
0xffffa607d8f28080  sqlservr.exe          3452   1        62       16298   		16338   		2025-08-02 02:14:09.397             
0xffffa607d8ef2080  sqlservr.exe          5428   1        64       15953   		15986   		2025-08-02 02:14:13.082             
0xffffa607d8886080  svchost.exe           1328   582      8        2101602 		2101752 		2025-08-02 02:14:14.080             
0xffffa607d93f2080  SgrmBroker.exe        1492   582      7        2101309 		2101309 		2025-08-02 02:14:16.361             
0xffffa607d95a6240  sqlceip.exe           776    1        11       4694    		4704    		2025-08-02 02:14:17.777             
0xffffa607d9448240  sqlceip.exe           8228   1        11       4694    		4722    		2025-08-02 02:14:18.126             
0xffffa607d9450240  svchost.exe           8272   582      8        2101378 		2101402 		2025-08-02 02:14:18.323             
0xffffa607d9356080  svchost.exe           8340   582      8        2101328 		2101332 		2025-08-02 02:14:18.481             
0xffffa607d935a080  svchost.exe           8416   582      4        2101455 		2101466 		2025-08-02 02:14:18.657             
0xffffa607d9632080  svchost.exe           8688   582      6        2101365 		2101388 		2025-08-02 02:14:21.414             
0xffffa607d96fa080  svchost.exe           2928   582      5        2101354 		2101360 		2025-08-02 02:14:30.543             
0xffffa607d935f0c0  MicrosoftEdgeU        3656   7852     4        54      		59      		2025-08-02 02:14:32.627             
0xffffa607d962b080  brave.exe             8856   6110     0        0       		2200631 		2025-08-02 02:14:57.308             
0xffffa607d9aef340  svchost.exe           7468   582      0        0       		2101354 		2025-08-02 02:16:06.845             
0xffffa607d88d3080  UserOOBEBroker        8792   768      4        2101342 		2101344 		2025-08-02 02:22:31.284             
0xffffa607db7f4080  MusNotifyIcon.        616    992      3        2101368 		2101378 		2025-08-02 02:23:37.401             
0xffffa607da014340  MpDefenderCore        2828   582      10       2101359 		2101364 		2025-08-02 02:24:09.377             
0xffffa607d8ce6340  MsMpEng.exe           5160   582      27       2102026 		2102137 		2025-08-02 02:24:10.533             
0xffffa607d72bc080  NisSrv.exe            8500   1        10       2101371 		2101382 		2025-08-02 02:24:26.724             
0xffffa607d65e9080  dllhost.exe           8412   768      6        2101395 		2101403 		2025-08-02 02:28:01.569             
0xffffa607d7fda080  svchost.exe           872    582      4        2101399 		2101405 		2025-08-02 02:39:39.476             
0xffffa607d3a62080  svchost.exe           2752   582      4        2101332 		2101337 		2025-08-02 02:50:27.457             
0xffffa607d964e2c0  dllhost.exe           7708   768      4        2101346 		2101350 		2025-08-02 02:50:28.474             
0xffffa607d9d6d2c0  taskhostw.exe         2632   1186     4        2101392 		2101396 		2025-08-02 02:52:04.261             
0xffffa607d9630080  WUDFHost.exe          8508   582      10       2101386 		2101387 		2025-08-02 05:55:36.173             
0xffffa607d9d69080  Procmon64.exe         7456   6110     1        2101410 		2101432 		2025-08-02 06:26:13.440             
0xffffa607d830a080  Procmon64.exe         2804   2754     9        2101914 		2102554 		2025-08-02 06:26:16.393             
0xffffa607deced2c0  svchost.exe           5804   582      2        2101316 		2101320 		2025-08-02 06:40:58.257             
0xffffa607d89e2080  WindowsTermina        6240   2754     9        2101617 		2101653 		2025-08-02 06:41:41.806             
0xffffa607d8a4a2c0  OpenConsole.ex        5196   6240     4        2101376 		2101378 		2025-08-02 06:41:42.657             
0xffffa607da00a2c0  powershell.exe        7636   5197     11       2101910 		2101917 		2025-08-02 06:41:42.664             
0xffffa607d71ce080  smartscreen.ex        4788   768      7        2134163 		2134168 		2025-08-02 06:52:00.430             
0xffffa607d9dc60c0  ShellExperienc        8184   770      15       2101540 		2101573 		2025-08-02 06:52:16.795             
0xffffa607d51e9080  audiodg.exe           6768   2120     5        2101338 		2101341 		2025-08-02 06:52:17.476             
0xffffa607df8d7080  RuntimeBroker.        1628   770      5        2101367 		2101375 		2025-08-02 06:52:17.490             
0xffffa607dec76080  notepad.exe           1500   6110     1        2101394 		2101404 		2025-08-02 06:53:59.417             
0xffffa607d6adb080  explorer.exe          1488   768      12       2101510 		2101695 		2025-08-02 06:54:17.126             
0xffffa607d95ce080  brave.exe             5164   6110     0        0       		2200567 		2025-08-02 06:54:44.358             
0xffffa607dbdd1080  svchost.exe           4736   582      4        2101320 		2101321 		2025-08-02 06:54:52.353             
0xffffa607d8f890c0  SearchProtocol        7300   1        6        2101345 		2101347 		2025-08-02 06:55:59.256             
0xffffa607de0a60c0  SearchFilterHo        3956   1        5        2101323 		2101324 		2025-08-02 06:55:59.328             
0xffffa607d9344080  DumpIt.exe            5012   2637     6        2101341 		2101341 		2025-08-02 06:56:51.000             
0xffffa607d66d0080  conhost.exe           2636   5014     7        2101401 		2101401 		2025-08-02 06:56:51.036             

	Process              : System
	PID                  : 4
	EProceess            : ffffa607d1c90080
	Cookie               : 0x3445c3e2
	Token                : ffffb90e1de48745
	SectionObject        : 0000000000000000
	SectionBaseAddress   : 0000000000000000
	ProcessQuotaUsage    : 0000016c7eec50b8
	ProcessQuotaPeak     : 0000016c7eec50c8
	CurrDirHandle        : 0000000000000000
	CommandLine          : <NTSTATUS 0xC0000147>
	WindowTitle          : <NTSTATUS 0xC0000147>
	DesktopInfo          : <NTSTATUS 0xC0000147>
	StartingX            : 0
	StartingY            : 0

	Process              : Registry
	PID                  : 92
	EProceess            : ffffa607d1cd4080
	Cookie               : 0x0
	Token                : ffffb90e1de4b082
	SectionObject        : 0000000000000000
	SectionBaseAddress   : 0000000000000000
	ProcessQuotaUsage    : 0000016c7eec5158
	ProcessQuotaPeak     : 0000016c7eec5168
	CurrDirHandle        : 0000000000000000
	CommandLine          : <NTSTATUS 0xC0000147>
	WindowTitle          : <NTSTATUS 0xC0000147>
	DesktopInfo          : <NTSTATUS 0xC0000147>
	StartingX            : 0
	StartingY            : 0

	Process              : smss.exe
	PID                  : 312
	EProceess            : ffffa607d3dc4040
	Cookie               : 0xec5dd58c
	Token                : ffffb90e1e6d8049
	SectionObject        : ffffb90e1e6a5d40
	SectionBaseAddress   : 00007ff630900000
	ProcessQuotaUsage    : 0000016c7eec51f8
	ProcessQuotaPeak     : 0000016c7eec5208
	CurrDirHandle        : 000000000000003c
	CommandLine          : \SystemRoot\System32\smss.exe
	WindowTitle          : <NTSTATUS 0xC0000147>
	DesktopInfo          : <NTSTATUS 0xC0000147>
	StartingX            : 0
	StartingY            : 0

	Process              : csrss.exe
	PID                  : 420
	EProceess            : ffffa607d52991c0
	Cookie               : 0x85a303b1
	Token                : ffffb90e2195490e
	SectionObject        : ffffb90e1e963e20
	SectionBaseAddress   : 00007ff691de0000
	ProcessQuotaUsage    : 0000016c7eec5298
	ProcessQuotaPeak     : 0000016c7eec52a8
	CurrDirHandle        : 000000000000003c
	CommandLine          : %SystemRoot%\system32\csrss.exe ObjectDirectory=\Windows SharedSection=1024,20480,768 Windows=On SubSystemType=Windows ServerDll=basesrv,1 ServerDll=winsrv:UserServerDllInitialization,3 ServerDll=sxssrv,4 ProfileControl=Off MaxRequestThreads=16
	WindowTitle          : 
	DesktopInfo          : 
	StartingX            : 0
	StartingY            : 0

	Process              : wininit.exe
	PID                  : 504
	EProceess            : ffffa607d5b53140
	Cookie               : 0x86de4497
	Token                : ffffb90e2156306f
	SectionObject        : ffffb90e1e9628e0
	SectionBaseAddress   : 00007ff6927e0000
	ProcessQuotaUsage    : 0000016c7eec5338
	ProcessQuotaPeak     : 0000016c7eec5348
	CurrDirHandle        : 000000000000003c
	CommandLine          : wininit.exe
	WindowTitle          : 
	DesktopInfo          : 
	StartingX            : 0
	StartingY            : 0

	Process              : csrss.exe
	PID                  : 512
	EProceess            : ffffa607d5b561c0
	Cookie               : 0x33b8ba63
	Token                : ffffb90e212ef068
	SectionObject        : ffffb90e1e962d40
	SectionBaseAddress   : 00007ff691de0000
	ProcessQuotaUsage    : 0000016c7eec53d8
	ProcessQuotaPeak     : 0000016c7eec53e8
	CurrDirHandle        : 000000000000003c
	CommandLine          : %SystemRoot%\system32\csrss.exe ObjectDirectory=\Windows SharedSection=1024,20480,768 Windows=On SubSystemType=Windows ServerDll=basesrv,1 ServerDll=winsrv:UserServerDllInitialization,3 ServerDll=sxssrv,4 ProfileControl=Off MaxRequestThreads=16
	WindowTitle          : 
	DesktopInfo          : 
	StartingX            : 0
	StartingY            : 0

	Process              : services.exe
	PID                  : 580
	EProceess            : ffffa607d5adf080
	Cookie               : 0xf847232e
	Token                : ffffb90e2156b064
	SectionObject        : ffffb90e1e965540
	SectionBaseAddress   : 00007ff62e320000
	ProcessQuotaUsage    : 0000016c7eec5478
	ProcessQuotaPeak     : 0000016c7eec5488
	CurrDirHandle        : 000000000000003c
	CommandLine          : C:\Windows\system32\services.exe
	WindowTitle          : C:\Windows\system32\services.exe
	DesktopInfo          : 
	StartingX            : 0
	StartingY            : 0

	Process              : winlogon.exe
	PID                  : 608
	EProceess            : ffffa607d5ba0080
	Cookie               : 0x86f45ec9
	Token                : ffffb90e1e930067
	SectionObject        : ffffb90e219d5840
	SectionBaseAddress   : 00007ff7ceb20000
	ProcessQuotaUsage    : 0000016c7eec5518
	ProcessQuotaPeak     : 0000016c7eec5528
	CurrDirHandle        : 0000000000000040
	CommandLine          : winlogon.exe
	WindowTitle          : 
	DesktopInfo          : 
	StartingX            : 0
	StartingY            : 0

	Process              : lsass.exe
	PID                  : 628
	EProceess            : ffffa607d5bd1080
	Cookie               : 0x66740b55
	Token                : ffffb90e1e930637
	SectionObject        : ffffb90e219d7960
	SectionBaseAddress   : 00007ff67e4e0000
	ProcessQuotaUsage    : 0000016c7eec55b8
	ProcessQuotaPeak     : 0000016c7eec55c8
	CurrDirHandle        : 0000000000000040
	CommandLine          : C:\Windows\system32\lsass.exe
	WindowTitle          : C:\Windows\system32\lsass.exe
	DesktopInfo          : 
	StartingX            : 0
	StartingY            : 0

	Process              : svchost.exe
	PID                  : 768
	EProceess            : ffffa607d622a080
	Cookie               : 0xaf0fdd4f
	Token                : ffffb90e21b25837
	SectionObject        : ffffb90e21a954c0
	SectionBaseAddress   : 00007ff629410000
	ProcessQuotaUsage    : 0000016c7eec5658
	ProcessQuotaPeak     : 0000016c7eec5668
	CurrDirHandle        : 0000000000000048
	CommandLine          : C:\Windows\system32\svchost.exe -k DcomLaunch -p
	WindowTitle          : C:\Windows\system32\svchost.exe
	DesktopInfo          : 
	StartingX            : 0
	StartingY            : 0

	Process              : fontdrvhost.ex
	PID                  : 792
	EProceess            : ffffa607d6232080
	Cookie               : 0xf89cddb4
	Token                : ffffb90e1e93506d
	SectionObject        : ffffb90e21a95ce0
	SectionBaseAddress   : 00007ff7b82f0000
	ProcessQuotaUsage    : 0000016c7eec56f8
	ProcessQuotaPeak     : 0000016c7eec5708
	CurrDirHandle        : 0000000000000040
	CommandLine          : "fontdrvhost.exe"
	WindowTitle          : fontdrvhost.exe
	DesktopInfo          : Winsta0\Default
	StartingX            : 0
	StartingY            : 0

	Process              : fontdrvhost.ex
	PID                  : 796
	EProceess            : ffffa607d5ba2080
	Cookie               : 0x9c45e5bc
	Token                : ffffb90e21adb06f
	SectionObject        : ffffb90e21a959c0
	SectionBaseAddress   : 00007ff7b82f0000
	ProcessQuotaUsage    : 0000016c7eec5798
	ProcessQuotaPeak     : 0000016c7eec57a8
	CurrDirHandle        : 0000000000000040
	CommandLine          : "fontdrvhost.exe"
	WindowTitle          : fontdrvhost.exe
	DesktopInfo          : Winsta0\Default
	StartingX            : 0
	StartingY            : 0

	Process              : svchost.exe
	PID                  : 892
	EProceess            : ffffa607d628d240
	Cookie               : 0x5b61cc32
	Token                : ffffb90e21c5806f
	SectionObject        : ffffb90e21b94f60
	SectionBaseAddress   : 00007ff629410000
	ProcessQuotaUsage    : 0000016c7eec5838
	ProcessQuotaPeak     : 0000016c7eec5848
	CurrDirHandle        : 0000000000000048
	CommandLine          : C:\Windows\system32\svchost.exe -k RPCSS -p
	WindowTitle          : C:\Windows\system32\svchost.exe
	DesktopInfo          : 
	StartingX            : 0
	StartingY            : 0

	Process              : svchost.exe
	PID                  : 940
	EProceess            : ffffa607d3bd2080
	Cookie               : 0xd0c5198f
	Token                : ffffb90e21c59063
	SectionObject        : ffffb90e21b95dc0
	SectionBaseAddress   : 00007ff629410000
	ProcessQuotaUsage    : 0000016c7eec58d8
	ProcessQuotaPeak     : 0000016c7eec58e8
	CurrDirHandle        : 0000000000000048
	CommandLine          : C:\Windows\system32\svchost.exe -k DcomLaunch -p -s LSM
	WindowTitle          : C:\Windows\system32\svchost.exe
	DesktopInfo          : 
	StartingX            : 0
	StartingY            : 0

	Process              : LogonUI.exe
	PID                  : 1008
	EProceess            : ffffa607d6354080
	Cookie               : 0xec3e72d0
	Token                : ffffb90e21d1c06a
	SectionObject        : ffffb90e21d02680
	SectionBaseAddress   : 00007ff7596e0000
	ProcessQuotaUsage    : 0000016c7eec5978
	ProcessQuotaPeak     : 0000016c7eec5988
	CurrDirHandle        : 0000000000000040
	CommandLine          : "LogonUI.exe" /flags:0x2 /state0:0xa3bd4055 /state1:0x41c64e6d
	WindowTitle          : C:\Windows\system32\LogonUI.exe
	DesktopInfo          : Winsta0\Winlogon
	StartingX            : 0
	StartingY            : 0

	Process              : dwm.exe
	PID                  : 1016
	EProceess            : ffffa607d6356340
	Cookie               : 0x6f7e9774
	Token                : ffffb90e21d1d066
	SectionObject        : ffffb90e21d03260
	SectionBaseAddress   : 00007ff708210000
	ProcessQuotaUsage    : 0000016c7eec5a18
	ProcessQuotaPeak     : 0000016c7eec5a28
	CurrDirHandle        : 0000000000000040
	CommandLine          : "dwm.exe"
	WindowTitle          : dwm.exe
	DesktopInfo          : Winsta0\Default
	StartingX            : 0
	StartingY            : 0

	Process              : svchost.exe
	PID                  : 516
	EProceess            : ffffa607d6395080
	Cookie               : 0xd9962ca3
	Token                : ffffb90e21d2183b
	SectionObject        : ffffb90e21dadfc0
	SectionBaseAddress   : 00007ff629410000
	ProcessQuotaUsage    : 0000016c7eec5ab8
	ProcessQuotaPeak     : 0000016c7eec5ac8
	CurrDirHandle        : 0000000000000048
	CommandLine          : C:\Windows\System32\svchost.exe -k NetworkService -s TermService
	WindowTitle          : C:\Windows\System32\svchost.exe
	DesktopInfo          : 
	StartingX            : 0
	StartingY            : 0

	Process              : svchost.exe
	PID                  : 908
	EProceess            : ffffa607d63d2240
	Cookie               : 0x2b7caa39
	Token                : ffffb90e21deb638
	SectionObject        : ffffb90e21db0900
	SectionBaseAddress   : 00007ff629410000
	ProcessQuotaUsage    : 0000016c7eec5b58
	ProcessQuotaPeak     : 0000016c7eec5b68
	CurrDirHandle        : 0000000000000048
	CommandLine          : C:\Windows\System32\svchost.exe -k LocalSystemNetworkRestricted -p -s NcbService
	WindowTitle          : C:\Windows\System32\svchost.exe
	DesktopInfo          : 
	StartingX            : 0
	StartingY            : 0

	Process              : svchost.exe
	PID                  : 1032
	EProceess            : ffffa607d63d9080
	Cookie               : 0xc2caf564
	Token                : ffffb90e2200e06c
	SectionObject        : ffffb90e21db23e0
	SectionBaseAddress   : 00007ff629410000
	ProcessQuotaUsage    : 0000016c7eec5bf8
	ProcessQuotaPeak     : 0000016c7eec5c08
	CurrDirHandle        : 0000000000000048
	CommandLine          : C:\Windows\system32\svchost.exe -k LocalServiceNetworkRestricted -p -s TimeBrokerSvc
	WindowTitle          : C:\Windows\system32\svchost.exe
	DesktopInfo          : 
	StartingX            : 0
	StartingY            : 0

	Process              : svchost.exe
	PID                  : 1040
	EProceess            : ffffa607d63d6080
	Cookie               : 0x3f97b0c8
	Token                : ffffb90e2200c06a
	SectionObject        : ffffb90e21db1620
	SectionBaseAddress   : 00007ff629410000
	ProcessQuotaUsage    : 0000016c7eec5c98
	ProcessQuotaPeak     : 0000016c7eec5ca8
	CurrDirHandle        : 0000000000000048
	CommandLine          : C:\Windows\System32\svchost.exe -k LocalServiceNetworkRestricted -p -s lmhosts
	WindowTitle          : C:\Windows\System32\svchost.exe
	DesktopInfo          : 
	StartingX            : 0
	StartingY            : 0

	Process              : svchost.exe
	PID                  : 1116
	EProceess            : ffffa607d642c080
	Cookie               : 0x4129a27
	Token                : ffffb90e22068065
	SectionObject        : ffffb90e22057260
	SectionBaseAddress   : 00007ff629410000
	ProcessQuotaUsage    : 0000016c7eec5d38
	ProcessQuotaPeak     : 0000016c7eec5d48
	CurrDirHandle        : 0000000000000040
	CommandLine          : C:\Windows\system32\svchost.exe -k LocalServiceNoNetwork -p
	WindowTitle          : C:\Windows\system32\svchost.exe
	DesktopInfo          : 
	StartingX            : 0
	StartingY            : 0

	Process              : svchost.exe
	PID                  : 1184
	EProceess            : ffffa607d6430080
	Cookie               : 0x140cc1b8
	Token                : ffffb90e220826f4
	SectionObject        : ffffb90e22059420
	SectionBaseAddress   : 00007ff629410000
	ProcessQuotaUsage    : 0000016c7eec5dd8
	ProcessQuotaPeak     : 0000016c7eec5de8
	CurrDirHandle        : 0000000000000048
	CommandLine          : C:\Windows\system32\svchost.exe -k netsvcs -p -s Schedule
	WindowTitle          : C:\Windows\system32\svchost.exe
	DesktopInfo          : 
	StartingX            : 0
	StartingY            : 0

	Process              : svchost.exe
	PID                  : 1232
	EProceess            : ffffa607d6482080
	Cookie               : 0x79bcbf99
	Token                : ffffb90e2209d632
	SectionObject        : ffffb90e2205af00
	SectionBaseAddress   : 00007ff629410000
	ProcessQuotaUsage    : 0000016c7eec5e78
	ProcessQuotaPeak     : 0000016c7eec5e88
	CurrDirHandle        : 0000000000000048
	CommandLine          : C:\Windows\system32\svchost.exe -k netsvcs -p -s ProfSvc
	WindowTitle          : C:\Windows\system32\svchost.exe
	DesktopInfo          : 
	StartingX            : 0
	StartingY            : 0

	Process              : svchost.exe
	PID                  : 1260
	EProceess            : ffffa607d6495080
	Cookie               : 0xe960fac0
	Token                : ffffb90e220ec636
	SectionObject        : ffffb90e21db0400
	SectionBaseAddress   : 00007ff629410000
	ProcessQuotaUsage    : 0000016c7eec5f18
	ProcessQuotaPeak     : 0000016c7eec5f28
	CurrDirHandle        : 0000000000000048
	CommandLine          : C:\Windows\System32\svchost.exe -k LocalServiceNetworkRestricted -p -s EventLog
	WindowTitle          : C:\Windows\System32\svchost.exe
	DesktopInfo          : 
	StartingX            : 0
	StartingY            : 0

	Process              : svchost.exe
	PID                  : 1320
	EProceess            : ffffa607d64d9080
	Cookie               : 0xef905189
	Token                : ffffb90e22104a19
	SectionObject        : ffffb90e22136520
	SectionBaseAddress   : 00007ff629410000
	ProcessQuotaUsage    : 0000016c7eec5fb8
	ProcessQuotaPeak     : 0000016c7eec5fc8
	CurrDirHandle        : 0000000000000048
	CommandLine          : C:\Windows\system32\svchost.exe -k netsvcs -p -s UserManager
	WindowTitle          : C:\Windows\system32\svchost.exe
	DesktopInfo          : 
	StartingX            : 0
	StartingY            : 0

	Process              : svchost.exe
	PID                  : 1348
	EProceess            : ffffa607d6516080
	Cookie               : 0x4aa2bab8
	Token                : ffffb90e221690cd
	SectionObject        : ffffb90e22137c40
	SectionBaseAddress   : 00007ff629410000
	ProcessQuotaUsage    : 0000016c7eec6058
	ProcessQuotaPeak     : 0000016c7eec6068
	CurrDirHandle        : 0000000000000048
	CommandLine          : C:\Windows\system32\svchost.exe -k LocalService -p -s DispBrokerDesktopSvc
	WindowTitle          : C:\Windows\system32\svchost.exe
	DesktopInfo          : 
	StartingX            : 0
	StartingY            : 0

	Process              : svchost.exe
	PID                  : 1420
	EProceess            : ffffa607d657e080
	Cookie               : 0xc74a5138
	Token                : ffffb90e221f0064
	SectionObject        : ffffb90e2213a1c0
	SectionBaseAddress   : 00007ff629410000
	ProcessQuotaUsage    : 0000016c7eec60f8
	ProcessQuotaPeak     : 0000016c7eec6108
	CurrDirHandle        : 000000000000004c
	CommandLine          : C:\Windows\system32\svchost.exe -k LocalService -p -s nsi
	WindowTitle          : C:\Windows\system32\svchost.exe
	DesktopInfo          : 
	StartingX            : 0
	StartingY            : 0

	Process              : svchost.exe
	PID                  : 1468
	EProceess            : ffffa607d6587080
	Cookie               : 0x9abd39fc
	Token                : ffffb90e221ef87c
	SectionObject        : ffffb90e22206620
	SectionBaseAddress   : 00007ff629410000
	ProcessQuotaUsage    : 0000016c7eec6198
	ProcessQuotaPeak     : 0000016c7eec61a8
	CurrDirHandle        : 0000000000000048
	CommandLine          : C:\Windows\System32\svchost.exe -k LocalSystemNetworkRestricted -p -s UmRdpService
	WindowTitle          : C:\Windows\System32\svchost.exe
	DesktopInfo          : 
	StartingX            : 0
	StartingY            : 0

	Process              : svchost.exe
	PID                  : 1512
	EProceess            : ffffa607d65a4080
	Cookie               : 0x89623b15
	Token                : ffffb90e2216b6f6
	SectionObject        : ffffb90e22208ce0
	SectionBaseAddress   : 00007ff629410000
	ProcessQuotaUsage    : 0000016c7eec6238
	ProcessQuotaPeak     : 0000016c7eec6248
	CurrDirHandle        : 000000000000004c
	CommandLine          : C:\Windows\system32\svchost.exe -k LocalServiceNetworkRestricted -p -s Dhcp
	WindowTitle          : C:\Windows\system32\svchost.exe
	DesktopInfo          : 
	StartingX            : 0
	StartingY            : 0

	Process              : svchost.exe
	PID                  : 1688
	EProceess            : ffffa607d6682080
	Cookie               : 0xc21f1a69
	Token                : ffffb90e2231b0a2
	SectionObject        : ffffb90e22210800
	SectionBaseAddress   : 00007ff629410000
	ProcessQuotaUsage    : 0000016c7eec62d8
	ProcessQuotaPeak     : 0000016c7eec62e8
	CurrDirHandle        : 0000000000000048
	CommandLine          : C:\Windows\system32\svchost.exe -k LocalService -p -s EventSystem
	WindowTitle          : C:\Windows\system32\svchost.exe
	DesktopInfo          : 
	StartingX            : 0
	StartingY            : 0

	Process              : svchost.exe
	PID                  : 1716
	EProceess            : ffffa607d6683080
	Cookie               : 0xd94b7bfd
	Token                : ffffb90e221f0873
	SectionObject        : ffffb90e222117a0
	SectionBaseAddress   : 00007ff629410000
	ProcessQuotaUsage    : 0000016c7eec6378
	ProcessQuotaPeak     : 0000016c7eec6388
	CurrDirHandle        : 0000000000000048
	CommandLine          : C:\Windows\system32\svchost.exe -k LocalSystemNetworkRestricted -p -s SysMain
	WindowTitle          : C:\Windows\system32\svchost.exe
	DesktopInfo          : 
	StartingX            : 0
	StartingY            : 0

	Process              : svchost.exe
	PID                  : 1756
	EProceess            : ffffa607d66a3080
	Cookie               : 0xb9ec4320
	Token                : ffffb90e2231c63d
	SectionObject        : ffffb90e2220ea00
	SectionBaseAddress   : 00007ff629410000
	ProcessQuotaUsage    : 0000016c7eec6418
	ProcessQuotaPeak     : 0000016c7eec6428
	CurrDirHandle        : 0000000000000048
	CommandLine          : C:\Windows\System32\svchost.exe -k netsvcs -p -s Themes
	WindowTitle          : C:\Windows\System32\svchost.exe
	DesktopInfo          : 
	StartingX            : 0
	StartingY            : 0

	Process              : svchost.exe
	PID                  : 1832
	EProceess            : ffffa607d66350c0
	Cookie               : 0x65853354
	Token                : ffffb90e222c587c
	SectionObject        : ffffb90e22215580
	SectionBaseAddress   : 00007ff629410000
	ProcessQuotaUsage    : 0000016c7eec64b8
	ProcessQuotaPeak     : 0000016c7eec64c8
	CurrDirHandle        : 000000000000004c
	CommandLine          : C:\Windows\system32\svchost.exe -k netsvcs -s CertPropSvc
	WindowTitle          : C:\Windows\system32\svchost.exe
	DesktopInfo          : 
	StartingX            : 0
	StartingY            : 0

	Process              : MemCompression
	PID                  : 1864
	EProceess            : ffffa607d1d62040
	Cookie               : 0x0
	Token                : ffffb90e22330616
	SectionObject        : 0000000000000000
	SectionBaseAddress   : 0000000000000000
	ProcessQuotaUsage    : 0000016c7eec6558
	ProcessQuotaPeak     : 0000016c7eec6568
	CurrDirHandle        : 0000000000000000
	CommandLine          : <NTSTATUS 0xC0000147>
	WindowTitle          : <NTSTATUS 0xC0000147>
	DesktopInfo          : <NTSTATUS 0xC0000147>
	StartingX            : 0
	StartingY            : 0

	Process              : svchost.exe
	PID                  : 1888
	EProceess            : ffffa607d1d40080
	Cookie               : 0x732f4626
	Token                : ffffb90e22337635
	SectionObject        : ffffb90e2236db60
	SectionBaseAddress   : 00007ff629410000
	ProcessQuotaUsage    : 0000016c7eec65f8
	ProcessQuotaPeak     : 0000016c7eec6608
	CurrDirHandle        : 0000000000000048
	CommandLine          : C:\Windows\system32\svchost.exe -k netsvcs -p -s SENS
	WindowTitle          : C:\Windows\system32\svchost.exe
	DesktopInfo          : 
	StartingX            : 0
	StartingY            : 0

	Process              : svchost.exe
	PID                  : 1924
	EProceess            : ffffa607d1d36080
	Cookie               : 0x7780c667
	Token                : ffffb90e223a80ad
	SectionObject        : ffffb90e2236f3c0
	SectionBaseAddress   : 00007ff629410000
	ProcessQuotaUsage    : 0000016c7eec6698
	ProcessQuotaPeak     : 0000016c7eec66a8
	CurrDirHandle        : 0000000000000048
	CommandLine          : C:\Windows\System32\svchost.exe -k NetworkService -p -s NlaSvc
	WindowTitle          : C:\Windows\System32\svchost.exe
	DesktopInfo          : 
	StartingX            : 0
	StartingY            : 0

	Process              : svchost.exe
	PID                  : 1956
	EProceess            : ffffa607d1cec080
	Cookie               : 0x33e47997
	Token                : ffffb90e223de06c
	SectionObject        : ffffb90e222096e0
	SectionBaseAddress   : 00007ff629410000
	ProcessQuotaUsage    : 0000016c7eec6738
	ProcessQuotaPeak     : 0000016c7eec6748
	CurrDirHandle        : 0000000000000048
	CommandLine          : C:\Windows\System32\svchost.exe -k LocalSystemNetworkRestricted -p -s AudioEndpointBuilder
	WindowTitle          : C:\Windows\System32\svchost.exe
	DesktopInfo          : 
	StartingX            : 0
	StartingY            : 0

	Process              : svchost.exe
	PID                  : 1968
	EProceess            : ffffa607d1cea080
	Cookie               : 0x3e316301
	Token                : ffffb90e223dd804
	SectionObject        : ffffb90e223732e0
	SectionBaseAddress   : 00007ff629410000
	ProcessQuotaUsage    : 0000016c7eec67d8
	ProcessQuotaPeak     : 0000016c7eec67e8
	CurrDirHandle        : 0000000000000040
	CommandLine          : C:\Windows\system32\svchost.exe -k LocalService -p -s FontCache
	WindowTitle          : C:\Windows\system32\svchost.exe
	DesktopInfo          : 
	StartingX            : 0
	StartingY            : 0

	Process              : svchost.exe
	PID                  : 1980
	EProceess            : ffffa607d1cdb080
	Cookie               : 0x5f9adbaf
	Token                : ffffb90e223f963f
	SectionObject        : ffffb90e2236dfc0
	SectionBaseAddress   : 00007ff629410000
	ProcessQuotaUsage    : 0000016c7eec6878
	ProcessQuotaPeak     : 0000016c7eec6888
	CurrDirHandle        : 000000000000004c
	CommandLine          : C:\Windows\System32\svchost.exe -k NetworkService -p -s LanmanWorkstation
	WindowTitle          : C:\Windows\System32\svchost.exe
	DesktopInfo          : 
	StartingX            : 0
	StartingY            : 0

	Process              : svchost.exe
	PID                  : 1932
	EProceess            : ffffa607d1d86080
	Cookie               : 0x27c0f683
	Token                : ffffb90e2249f63a
	SectionObject        : ffffb90e224bf940
	SectionBaseAddress   : 00007ff629410000
	ProcessQuotaUsage    : 0000016c7eec6918
	ProcessQuotaPeak     : 0000016c7eec6928
	CurrDirHandle        : 000000000000004c
	CommandLine          : C:\Windows\System32\svchost.exe -k netsvcs -p -s SessionEnv
	WindowTitle          : C:\Windows\System32\svchost.exe
	DesktopInfo          : 
	StartingX            : 0
	StartingY            : 0

	Process              : svchost.exe
	PID                  : 1940
	EProceess            : ffffa607d1d84080
	Cookie               : 0x2241d080
	Token                : ffffb90e224a406b
	SectionObject        : ffffb90e224c02a0
	SectionBaseAddress   : 00007ff629410000
	ProcessQuotaUsage    : 0000016c7eec69b8
	ProcessQuotaPeak     : 0000016c7eec69c8
	CurrDirHandle        : 0000000000000048
	CommandLine          : C:\Windows\System32\svchost.exe -k LocalService -p -s netprofm
	WindowTitle          : C:\Windows\System32\svchost.exe
	DesktopInfo          : 
	StartingX            : 0
	StartingY            : 0

	Process              : svchost.exe
	PID                  : 2120
	EProceess            : ffffa607d6713080
	Cookie               : 0x2d6cf621
	Token                : ffffb90e2257f06b
	SectionObject        : ffffb90e224c5d40
	SectionBaseAddress   : 00007ff629410000
	ProcessQuotaUsage    : 0000016c7eec6a58
	ProcessQuotaPeak     : 0000016c7eec6a68
	CurrDirHandle        : 000000000000004c
	CommandLine          : C:\Windows\System32\svchost.exe -k LocalServiceNetworkRestricted -p
	WindowTitle          : C:\Windows\System32\svchost.exe
	DesktopInfo          : 
	StartingX            : 0
	StartingY            : 0

	Process              : svchost.exe
	PID                  : 2192
	EProceess            : ffffa607d6809080
	Cookie               : 0x402b1321
	Token                : ffffb90e2258d6f5
	SectionObject        : ffffb90e224ca200
	SectionBaseAddress   : 00007ff629410000
	ProcessQuotaUsage    : 0000016c7eec6af8
	ProcessQuotaPeak     : 0000016c7eec6b08
	CurrDirHandle        : 000000000000004c
	CommandLine          : C:\Windows\system32\svchost.exe -k NetworkService -p -s Dnscache
	WindowTitle          : C:\Windows\system32\svchost.exe
	DesktopInfo          : 
	StartingX            : 0
	StartingY            : 0

	Process              : svchost.exe
	PID                  : 2204
	EProceess            : ffffa607d680a080
	Cookie               : 0x8d86e892
	Token                : ffffb90e225b3069
	SectionObject        : ffffb90e224ca340
	SectionBaseAddress   : 00007ff629410000
	ProcessQuotaUsage    : 0000016c7eec6b98
	ProcessQuotaPeak     : 0000016c7eec6ba8
	CurrDirHandle        : 0000000000000048
	CommandLine          : C:\Windows\System32\svchost.exe -k LocalServiceNetworkRestricted -p
	WindowTitle          : C:\Windows\System32\svchost.exe
	DesktopInfo          : 
	StartingX            : 0
	StartingY            : 0

	Process              : svchost.exe
	PID                  : 2212
	EProceess            : ffffa607d680e080
	Cookie               : 0x349afc5b
	Token                : ffffb90e225cb307
	SectionObject        : ffffb90e224c84a0
	SectionBaseAddress   : 00007ff629410000
	ProcessQuotaUsage    : 0000016c7eec6c38
	ProcessQuotaPeak     : 0000016c7eec6c48
	CurrDirHandle        : 0000000000000010
	CommandLine          : C:\Windows\system32\svchost.exe -k LocalServiceNetworkRestricted -p
	WindowTitle          : C:\Windows\system32\svchost.exe
	DesktopInfo          : 
	StartingX            : 0
	StartingY            : 0

	Process              : svchost.exe
	PID                  : 2332
	EProceess            : ffffa607d686c080
	Cookie               : 0xbe60193c
	Token                : ffffb90e225d5067
	SectionObject        : ffffb90e22645440
	SectionBaseAddress   : 00007ff629410000
	ProcessQuotaUsage    : 0000016c7eec6cd8
	ProcessQuotaPeak     : 0000016c7eec6ce8
	CurrDirHandle        : 000000000000004c
	CommandLine          : C:\Windows\system32\svchost.exe -k appmodel -p -s StateRepository
	WindowTitle          : C:\Windows\system32\svchost.exe
	DesktopInfo          : 
	StartingX            : 0
	StartingY            : 0

	Process              : svchost.exe
	PID                  : 2400
	EProceess            : ffffa607d688c080
	Cookie               : 0xd2181001
	Token                : ffffb90e226c7063
	SectionObject        : ffffb90e226561c0
	SectionBaseAddress   : 00007ff629410000
	ProcessQuotaUsage    : 0000016c7eec6d78
	ProcessQuotaPeak     : 0000016c7eec6d88
	CurrDirHandle        : 0000000000000048
	CommandLine          : C:\Windows\system32\svchost.exe -k LocalService -p
	WindowTitle          : C:\Windows\system32\svchost.exe
	DesktopInfo          : 
	StartingX            : 0
	StartingY            : 0

	Process              : svchost.exe
	PID                  : 2416
	EProceess            : ffffa607d688d080
	Cookie               : 0xefd2a639
	Token                : ffffb90e22696064
	SectionObject        : ffffb90e22656300
	SectionBaseAddress   : 00007ff629410000
	ProcessQuotaUsage    : 0000016c7eec6e18
	ProcessQuotaPeak     : 0000016c7eec6e28
	CurrDirHandle        : 0000000000000048
	CommandLine          : C:\Windows\System32\svchost.exe -k netsvcs -p -s ShellHWDetection
	WindowTitle          : C:\Windows\System32\svchost.exe
	DesktopInfo          : 
	StartingX            : 0
	StartingY            : 0

	Process              : svchost.exe
	PID                  : 2516
	EProceess            : ffffa607d69440c0
	Cookie               : 0xf6f88e30
	Token                : ffffb90e2274c069
	SectionObject        : ffffb90e22659dc0
	SectionBaseAddress   : 00007ff629410000
	ProcessQuotaUsage    : 0000016c7eec6eb8
	ProcessQuotaPeak     : 0000016c7eec6ec8
	CurrDirHandle        : 000000000000004c
	CommandLine          : C:\Windows\system32\svchost.exe -k LocalServiceNetworkRestricted -p -s WinHttpAutoProxySvc
	WindowTitle          : C:\Windows\system32\svchost.exe
	DesktopInfo          : 
	StartingX            : 0
	StartingY            : 0

	Process              : spoolsv.exe
	PID                  : 2524
	EProceess            : ffffa607d694b080
	Cookie               : 0x8aed5f0a
	Token                : ffffb90e22749065
	SectionObject        : ffffb90e2265a4a0
	SectionBaseAddress   : 00007ff61f6c0000
	ProcessQuotaUsage    : 0000016c7eec6f58
	ProcessQuotaPeak     : 0000016c7eec6f68
	CurrDirHandle        : 0000000000000048
	CommandLine          : C:\Windows\System32\spoolsv.exe
	WindowTitle          : C:\Windows\System32\spoolsv.exe
	DesktopInfo          : 
	StartingX            : 0
	StartingY            : 0

	Process              : svchost.exe
	PID                  : 2616
	EProceess            : ffffa607d69c90c0
	Cookie               : 0x474f4a5a
	Token                : ffffb90e227b1067
	SectionObject        : ffffb90e2265f860
	SectionBaseAddress   : 00007ff629410000
	ProcessQuotaUsage    : 0000016c7eec6ff8
	ProcessQuotaPeak     : 0000016c7eec7008
	CurrDirHandle        : 0000000000000048
	CommandLine          : C:\Windows\system32\svchost.exe -k LocalServiceNoNetworkFirewall -p
	WindowTitle          : C:\Windows\system32\svchost.exe
	DesktopInfo          : 
	StartingX            : 0
	StartingY            : 0

	Process              : svchost.exe
	PID                  : 2744
	EProceess            : ffffa607d6a230c0
	Cookie               : 0xa907109f
	Token                : ffffb90e2283e06d
	SectionObject        : ffffb90e2284c2e0
	SectionBaseAddress   : 00007ff629410000
	ProcessQuotaUsage    : 0000016c7eec7098
	ProcessQuotaPeak     : 0000016c7eec70a8
	CurrDirHandle        : 0000000000000048
	CommandLine          : C:\Windows\System32\svchost.exe -k LocalServiceNetworkRestricted -s RmSvc
	WindowTitle          : C:\Windows\System32\svchost.exe
	DesktopInfo          : 
	StartingX            : 0
	StartingY            : 0

	Process              : svchost.exe
	PID                  : 3000
	EProceess            : ffffa607d6aef080
	Cookie               : 0xa34c5e33
	Token                : ffffb90e2290a06a
	SectionObject        : ffffb90e22665da0
	SectionBaseAddress   : 00007ff629410000
	ProcessQuotaUsage    : 0000016c7eec7138
	ProcessQuotaPeak     : 0000016c7eec7148
	CurrDirHandle        : 0000000000000048
	CommandLine          : C:\Windows\system32\svchost.exe -k AzureAttestService -s AzureAttestService
	WindowTitle          : C:\Windows\system32\svchost.exe
	DesktopInfo          : 
	StartingX            : 0
	StartingY            : 0

	Process              : svchost.exe
	PID                  : 3024
	EProceess            : ffffa607d6b78080
	Cookie               : 0x86b9e5ed
	Token                : ffffb90e2293f068
	SectionObject        : ffffb90e22860a60
	SectionBaseAddress   : 00007ff629410000
	ProcessQuotaUsage    : 0000016c7eec71d8
	ProcessQuotaPeak     : 0000016c7eec71e8
	CurrDirHandle        : 0000000000000048
	CommandLine          : C:\Windows\system32\svchost.exe -k NetworkService -p -s CryptSvc
	WindowTitle          : C:\Windows\system32\svchost.exe
	DesktopInfo          : 
	StartingX            : 0
	StartingY            : 0

	Process              : svchost.exe
	PID                  : 3040
	EProceess            : ffffa607d6ba3080
	Cookie               : 0xf6e4f89e
	Token                : ffffb90e22acc069
	SectionObject        : ffffb90e22861be0
	SectionBaseAddress   : 00007ff629410000
	ProcessQuotaUsage    : 0000016c7eec7278
	ProcessQuotaPeak     : 0000016c7eec7288
	CurrDirHandle        : 0000000000000048
	CommandLine          : C:\Windows\System32\svchost.exe -k utcsvc -p
	WindowTitle          : C:\Windows\System32\svchost.exe
	DesktopInfo          : 
	StartingX            : 0
	StartingY            : 0

	Process              : svchost.exe
	PID                  : 3060
	EProceess            : ffffa607d6ba4080
	Cookie               : 0xc38a9aab
	Token                : ffffb90e22be306a
	SectionObject        : ffffb90e22861e60
	SectionBaseAddress   : 00007ff629410000
	ProcessQuotaUsage    : 0000016c7eec7318
	ProcessQuotaPeak     : 0000016c7eec7328
	CurrDirHandle        : 0000000000000048
	CommandLine          : C:\Windows\System32\svchost.exe -k LocalServiceNoNetwork -p -s DPS
	WindowTitle          : C:\Windows\System32\svchost.exe
	DesktopInfo          : 
	StartingX            : 0
	StartingY            : 0

	Process              : Everything.exe
	PID                  : 2436
	EProceess            : ffffa607d6c0f080
	Cookie               : 0xc0d44e2a
	Token                : ffffb90e2290963b
	SectionObject        : ffffb90e22864c00
	SectionBaseAddress   : 0000000000510000
	ProcessQuotaUsage    : 0000016c7eec73b8
	ProcessQuotaPeak     : 0000016c7eec73c8
	CurrDirHandle        : 0000000000000040
	CommandLine          : "C:\Program Files (x86)\Everything\Everything.exe" -svc
	WindowTitle          : C:\Program Files (x86)\Everything\Everything.exe
	DesktopInfo          : 
	StartingX            : 0
	StartingY            : 0

	Process              : svchost.exe
	PID                  : 2640
	EProceess            : ffffa607d6c0e080
	Cookie               : 0xf45e0674
	Token                : ffffb90e22aca73d
	SectionObject        : ffffb90e228629a0
	SectionBaseAddress   : 00007ff629410000
	ProcessQuotaUsage    : 0000016c7eec7458
	ProcessQuotaPeak     : 0000016c7eec7468
	CurrDirHandle        : 0000000000000048
	CommandLine          : C:\Windows\system32\svchost.exe -k netsvcs -p -s Winmgmt
	WindowTitle          : C:\Windows\system32\svchost.exe
	DesktopInfo          : 
	StartingX            : 0
	StartingY            : 0

	Process              : IpOverUsbSvc.e
	PID                  : 3080
	EProceess            : ffffa607d6c660c0
	Cookie               : 0xd495440c
	Token                : ffffb90e22906638
	SectionObject        : ffffb90e22866280
	SectionBaseAddress   : 0000000000bc0000
	ProcessQuotaUsage    : 0000016c7eec74f8
	ProcessQuotaPeak     : 0000016c7eec7508
	CurrDirHandle        : 0000000000000040
	CommandLine          : "C:\Microsoft Shared\Phone Tools\CoreCon\11.0\bin\IpOverUsbSvc.exe"
	WindowTitle          : C:\Microsoft Shared\Phone Tools\CoreCon\11.0\bin\IpOverUsbSvc.exe
	DesktopInfo          : 
	StartingX            : 0
	StartingY            : 0

	Process              : sqlwriter.exe
	PID                  : 3168
	EProceess            : ffffa607d6c7f080
	Cookie               : 0xe675c21
	Token                : ffffb90e22a9c73e
	SectionObject        : ffffb90e22867ea0
	SectionBaseAddress   : 00007ff7fcc90000
	ProcessQuotaUsage    : 0000016c7eec7598
	ProcessQuotaPeak     : 0000016c7eec75a8
	CurrDirHandle        : 0000000000000040
	CommandLine          : "C:\Program Files\Microsoft SQL Server\90\Shared\sqlwriter.exe"
	WindowTitle          : C:\Program Files\Microsoft SQL Server\90\Shared\sqlwriter.exe
	DesktopInfo          : 
	StartingX            : 0
	StartingY            : 0

	Process              : svchost.exe
	PID                  : 3184
	EProceess            : ffffa607d6c83080
	Cookie               : 0x68d479e8
	Token                : ffffb90e22d2a06b
	SectionObject        : ffffb90e22869520
	SectionBaseAddress   : 00007ff629410000
	ProcessQuotaUsage    : 0000016c7eec7638
	ProcessQuotaPeak     : 0000016c7eec7648
	CurrDirHandle        : 000000000000004c
	CommandLine          : C:\Windows\System32\svchost.exe -k LocalSystemNetworkRestricted -p -s TrkWks
	WindowTitle          : C:\Windows\System32\svchost.exe
	DesktopInfo          : 
	StartingX            : 0
	StartingY            : 0

	Process              : VGAuthService.
	PID                  : 3200
	EProceess            : ffffa607d6c990c0
	Cookie               : 0xf1084b11
	Token                : ffffb90e228ef636
	SectionObject        : ffffb90e22869ca0
	SectionBaseAddress   : 00007ff62c5a0000
	ProcessQuotaUsage    : 0000016c7eec76d8
	ProcessQuotaPeak     : 0000016c7eec76e8
	CurrDirHandle        : 0000000000000040
	CommandLine          : "C:\Program Files\VMware\VMware Tools\VMware VGAuth\VGAuthService.exe"
	WindowTitle          : C:\Program Files\VMware\VMware Tools\VMware VGAuth\VGAuthService.exe
	DesktopInfo          : 
	StartingX            : 0
	StartingY            : 0

	Process              : svchost.exe
	PID                  : 3212
	EProceess            : ffffa607d6c9e080
	Cookie               : 0x409f0347
	Token                : ffffb90e22d29066
	SectionObject        : ffffb90e2286b460
	SectionBaseAddress   : 00007ff629410000
	ProcessQuotaUsage    : 0000016c7eec7778
	ProcessQuotaPeak     : 0000016c7eec7788
	CurrDirHandle        : 0000000000000010
	CommandLine          : C:\Windows\system32\svchost.exe -k netsvcs -p -s LanmanServer
	WindowTitle          : C:\Windows\system32\svchost.exe
	DesktopInfo          : 
	StartingX            : 0
	StartingY            : 0

	Process              : vmtoolsd.exe
	PID                  : 3224
	EProceess            : ffffa607d6ca1080
	Cookie               : 0xd4057a49
	Token                : ffffb90e228ef067
	SectionObject        : ffffb90e2286b500
	SectionBaseAddress   : 00007ff6702d0000
	ProcessQuotaUsage    : 0000016c7eec7818
	ProcessQuotaPeak     : 0000016c7eec7828
	CurrDirHandle        : 0000000000000040
	CommandLine          : "C:\Program Files\VMware\VMware Tools\vmtoolsd.exe"
	WindowTitle          : C:\Program Files\VMware\VMware Tools\vmtoolsd.exe
	DesktopInfo          : 
	StartingX            : 0
	StartingY            : 0

	Process              : vm3dservice.ex
	PID                  : 3236
	EProceess            : ffffa607d6ca2080
	Cookie               : 0xa6aac2fc
	Token                : ffffb90e228ee067
	SectionObject        : ffffb90e226603a0
	SectionBaseAddress   : 00007ff6c0f30000
	ProcessQuotaUsage    : 0000016c7eec78b8
	ProcessQuotaPeak     : 0000016c7eec78c8
	CurrDirHandle        : 0000000000000040
	CommandLine          : C:\Windows\system32\vm3dservice.exe
	WindowTitle          : C:\Windows\system32\vm3dservice.exe
	DesktopInfo          : 
	StartingX            : 0
	StartingY            : 0

	Process              : svchost.exe
	PID                  : 3260
	EProceess            : ffffa607d6ca6080
	Cookie               : 0xe7f46ea7
	Token                : ffffb90e22d3006b
	SectionObject        : ffffb90e2286aba0
	SectionBaseAddress   : 00007ff629410000
	ProcessQuotaUsage    : 0000016c7eec7958
	ProcessQuotaPeak     : 0000016c7eec7968
	CurrDirHandle        : 0000000000000048
	CommandLine          : C:\Windows\System32\svchost.exe -k NetSvcs -p -s iphlpsvc
	WindowTitle          : C:\Windows\System32\svchost.exe
	DesktopInfo          : 
	StartingX            : 0
	StartingY            : 0

	Process              : svchost.exe
	PID                  : 3296
	EProceess            : ffffa607d6d230c0
	Cookie               : 0xca6f7400
	Token                : ffffb90e22d2f73a
	SectionObject        : ffffb90e22e572e0
	SectionBaseAddress   : 00007ff629410000
	ProcessQuotaUsage    : 0000016c7eec79f8
	ProcessQuotaPeak     : 0000016c7eec7a08
	CurrDirHandle        : 0000000000000048
	CommandLine          : C:\Windows\system32\svchost.exe -k netsvcs -p -s WpnService
	WindowTitle          : C:\Windows\system32\svchost.exe
	DesktopInfo          : 
	StartingX            : 0
	StartingY            : 0

	Process              : svchost.exe
	PID                  : 3344
	EProceess            : ffffa607d6d42300
	Cookie               : 0xa128218f
	Token                : ffffb90e22956064
	SectionObject        : ffffb90e22e5a300
	SectionBaseAddress   : 00007ff629410000
	ProcessQuotaUsage    : 0000016c7eec7a98
	ProcessQuotaPeak     : 0000016c7eec7aa8
	CurrDirHandle        : 0000000000000048
	CommandLine          : C:\Windows\System32\svchost.exe -k LocalService -p -s WdiServiceHost
	WindowTitle          : C:\Windows\System32\svchost.exe
	DesktopInfo          : 
	StartingX            : 0
	StartingY            : 0

	Process              : vm3dservice.ex
	PID                  : 3436
	EProceess            : ffffa607d6d92080
	Cookie               : 0x99a1c410
	Token                : ffffb90e22d1c632
	SectionObject        : ffffb90e22e5f9e0
	SectionBaseAddress   : 00007ff6c0f30000
	ProcessQuotaUsage    : 0000016c7eec7b38
	ProcessQuotaPeak     : 0000016c7eec7b48
	CurrDirHandle        : 0000000000000040
	CommandLine          : C:\Windows\system32\vm3dservice.exe -n
	WindowTitle          : C:\Windows\system32\vm3dservice.exe
	DesktopInfo          : winsta0\Winlogon
	StartingX            : 0
	StartingY            : 0

	Process              : svchost.exe
	PID                  : 3872
	EProceess            : ffffa607d6f92080
	Cookie               : 0xdd8b270f
	Token                : ffffb90e231e9736
	SectionObject        : ffffb90e22e6f200
	SectionBaseAddress   : 00007ff629410000
	ProcessQuotaUsage    : 0000016c7eec7bd8
	ProcessQuotaPeak     : 0000016c7eec7be8
	CurrDirHandle        : 0000000000000048
	CommandLine          : C:\Windows\system32\svchost.exe -k wsappx -p -s AppXSvc
	WindowTitle          : C:\Windows\system32\svchost.exe
	DesktopInfo          : 
	StartingX            : 0
	StartingY            : 0

	Process              : dllhost.exe
	PID                  : 4020
	EProceess            : ffffa607d70f2240
	Cookie               : 0x5e24b138
	Token                : ffffb90e231df0a7
	SectionObject        : ffffb90e22e72d60
	SectionBaseAddress   : 00007ff7642e0000
	ProcessQuotaUsage    : 0000016c7eec7c78
	ProcessQuotaPeak     : 0000016c7eec7c88
	CurrDirHandle        : 0000000000000040
	CommandLine          : C:\Windows\system32\dllhost.exe /Processid:{02D4B3F1-FD88-11D1-960D-00805FC79235}
	WindowTitle          : C:\Windows\system32\dllhost.exe
	DesktopInfo          : 
	StartingX            : 0
	StartingY            : 0

	Process              : dllhost.exe
	PID                  : 3096
	EProceess            : ffffa607d70fc080
	Cookie               : 0x2b891e3c
	Token                : ffffb90e2345677f
	SectionObject        : ffffb90e234df7e0
	SectionBaseAddress   : 00007ff7642e0000
	ProcessQuotaUsage    : 0000016c7eec7d18
	ProcessQuotaPeak     : 0000016c7eec7d28
	CurrDirHandle        : 0000000000000040
	CommandLine          : C:\Windows\system32\DllHost.exe /Processid:{3EB3C877-1F16-487C-9050-104DBCD66683}
	WindowTitle          : C:\Windows\system32\DllHost.exe
	DesktopInfo          : Service-0x0-3e7$\Default
	StartingX            : 40
	StartingY            : 40

	Process              : msdtc.exe
	PID                  : 3292
	EProceess            : ffffa607d70d0300
	Cookie               : 0x733f6dcf
	Token                : ffffb90e234c36cc
	SectionObject        : ffffb90e234f00e0
	SectionBaseAddress   : 00007ff6a7f50000
	ProcessQuotaUsage    : 0000016c7eec7db8
	ProcessQuotaPeak     : 0000016c7eec7dc8
	CurrDirHandle        : 0000000000000040
	CommandLine          : C:\Windows\System32\msdtc.exe
	WindowTitle          : C:\Windows\System32\msdtc.exe
	DesktopInfo          : 
	StartingX            : 0
	StartingY            : 0

	Process              : WmiPrvSE.exe
	PID                  : 4512
	EProceess            : ffffa607d7265080
	Cookie               : 0x5f065cd5
	Token                : ffffb90e2375106b
	SectionObject        : ffffb90e234f3420
	SectionBaseAddress   : 00007ff79a3c0000
	ProcessQuotaUsage    : 0000016c7eec7e58
	ProcessQuotaPeak     : 0000016c7eec7e68
	CurrDirHandle        : 0000000000001720
	CommandLine          : C:\Windows\system32\wbem\wmiprvse.exe
	WindowTitle          : C:\Windows\system32\wbem\wmiprvse.exe -secured
	DesktopInfo          : 
	StartingX            : 40
	StartingY            : 40

	Process              : csrss.exe
	PID                  : 4648
	EProceess            : ffffa607d72e6080
	Cookie               : 0x6dc75b30
	Token                : ffffb90e2293b633
	SectionObject        : ffffb90e23a37440
	SectionBaseAddress   : 00007ff691de0000
	ProcessQuotaUsage    : 0000016c7eec7ef8
	ProcessQuotaPeak     : 0000016c7eec7f08
	CurrDirHandle        : 000000000000003c
	CommandLine          : %SystemRoot%\system32\csrss.exe ObjectDirectory=\Windows SharedSection=1024,20480,768 Windows=On SubSystemType=Windows ServerDll=basesrv,1 ServerDll=winsrv:UserServerDllInitialization,3 ServerDll=sxssrv,4 ProfileControl=Off MaxRequestThreads=16
	WindowTitle          : 
	DesktopInfo          : 
	StartingX            : 0
	StartingY            : 0

	Process              : winlogon.exe
	PID                  : 4748
	EProceess            : ffffa607d7393080
	Cookie               : 0xc5887f57
	Token                : ffffb90e236c0068
	SectionObject        : ffffb90e23a37e40
	SectionBaseAddress   : 00007ff7ceb20000
	ProcessQuotaUsage    : 0000016c7eec7f98
	ProcessQuotaPeak     : 0000016c7eec7fa8
	CurrDirHandle        : 0000000000000040
	CommandLine          : winlogon.exe
	WindowTitle          : 
	DesktopInfo          : 
	StartingX            : 0
	StartingY            : 0

	Process              : svchost.exe
	PID                  : 4800
	EProceess            : ffffa607d7388080
	Cookie               : 0x8f20e54b
	Token                : ffffb90e229af87c
	SectionObject        : ffffb90e23a35140
	SectionBaseAddress   : 00007ff629410000
	ProcessQuotaUsage    : 0000016c7eec8038
	ProcessQuotaPeak     : 0000016c7eec8048
	CurrDirHandle        : 0000000000000048
	CommandLine          : C:\Windows\System32\svchost.exe -k LocalSystemNetworkRestricted -p -s WdiSystemHost
	WindowTitle          : C:\Windows\System32\svchost.exe
	DesktopInfo          : 
	StartingX            : 0
	StartingY            : 0

	Process              : dwm.exe
	PID                  : 4912
	EProceess            : ffffa607d72be080
	Cookie               : 0x2189d640
	Token                : ffffb90e23abc06d
	SectionObject        : ffffb90e23a3b0e0
	SectionBaseAddress   : 00007ff708210000
	ProcessQuotaUsage    : 0000016c7eec80d8
	ProcessQuotaPeak     : 0000016c7eec80e8
	CurrDirHandle        : 0000000000000040
	CommandLine          : "dwm.exe"
	WindowTitle          : dwm.exe
	DesktopInfo          : Winsta0\Default
	StartingX            : 0
	StartingY            : 0

	Process              : fontdrvhost.ex
	PID                  : 4932
	EProceess            : ffffa607d7a37080
	Cookie               : 0xbfaf08fc
	Token                : ffffb90e236bb06e
	SectionObject        : ffffb90e23a3da20
	SectionBaseAddress   : 00007ff7b82f0000
	ProcessQuotaUsage    : 0000016c7eec8178
	ProcessQuotaPeak     : 0000016c7eec8188
	CurrDirHandle        : 0000000000000040
	CommandLine          : "fontdrvhost.exe"
	WindowTitle          : fontdrvhost.exe
	DesktopInfo          : Winsta0\Default
	StartingX            : 0
	StartingY            : 0

	Process              : svchost.exe
	PID                  : 4416
	EProceess            : ffffa607d7a36080
	Cookie               : 0x578d2829
	Token                : ffffb90e229ab87c
	SectionObject        : ffffb90e23a3faa0
	SectionBaseAddress   : 00007ff629410000
	ProcessQuotaUsage    : 0000016c7eec8218
	ProcessQuotaPeak     : 0000016c7eec8228
	CurrDirHandle        : 0000000000000048
	CommandLine          : C:\Windows\system32\svchost.exe -k LocalSystemNetworkRestricted -s ScDeviceEnum
	WindowTitle          : C:\Windows\system32\svchost.exe
	DesktopInfo          : 
	StartingX            : 0
	StartingY            : 0

	Process              : rdpclip.exe
	PID                  : 5408
	EProceess            : ffffa607d807c080
	Cookie               : 0x17eac61a
	Token                : ffffb90e2500753e
	SectionObject        : ffffb90e244c9690
	SectionBaseAddress   : 00007ff7d8ce0000
	ProcessQuotaUsage    : 0000016c7eec82b8
	ProcessQuotaPeak     : 0000016c7eec82c8
	CurrDirHandle        : 0000000000000040
	CommandLine          : rdpclip
	WindowTitle          : rdpclip
	DesktopInfo          : WinSta0\Default
	StartingX            : 0
	StartingY            : 0

	Process              : sihost.exe
	PID                  : 5452
	EProceess            : ffffa607d8015080
	Cookie               : 0xd9d0f96d
	Token                : ffffb90e2501c06b
	SectionObject        : ffffb90e244cb3f0
	SectionBaseAddress   : 00007ff758580000
	ProcessQuotaUsage    : 0000016c7eec8358
	ProcessQuotaPeak     : 0000016c7eec8368
	CurrDirHandle        : 0000000000000040
	CommandLine          : sihost.exe
	WindowTitle          : C:\Windows\system32\sihost.exe
	DesktopInfo          : 
	StartingX            : 0
	StartingY            : 0

	Process              : svchost.exe
	PID                  : 5488
	EProceess            : ffffa607d80bf080
	Cookie               : 0x49f0ff80
	Token                : ffffb90e25028067
	SectionObject        : ffffb90e244cdf10
	SectionBaseAddress   : 00007ff629410000
	ProcessQuotaUsage    : 0000016c7eec83f8
	ProcessQuotaPeak     : 0000016c7eec8408
	CurrDirHandle        : 0000000000000048
	CommandLine          : C:\Windows\system32\svchost.exe -k UnistackSvcGroup -s CDPUserSvc
	WindowTitle          : C:\Windows\system32\svchost.exe
	DesktopInfo          : 
	StartingX            : 0
	StartingY            : 0

	Process              : svchost.exe
	PID                  : 5536
	EProceess            : ffffa607d80c6080
	Cookie               : 0x7f9ae076
	Token                : ffffb90e2502706f
	SectionObject        : ffffb90e244c7110
	SectionBaseAddress   : 00007ff629410000
	ProcessQuotaUsage    : 0000016c7eec8498
	ProcessQuotaPeak     : 0000016c7eec84a8
	CurrDirHandle        : 0000000000000048
	CommandLine          : C:\Windows\system32\svchost.exe -k UnistackSvcGroup -s WpnUserService
	WindowTitle          : C:\Windows\system32\svchost.exe
	DesktopInfo          : 
	StartingX            : 0
	StartingY            : 0

	Process              : taskhostw.exe
	PID                  : 5604
	EProceess            : ffffa607d80f0080
	Cookie               : 0x78b2c838
	Token                : ffffb90e250247bc
	SectionObject        : ffffb90e244d1c50
	SectionBaseAddress   : 00007ff6ab3b0000
	ProcessQuotaUsage    : 0000016c7eec8538
	ProcessQuotaPeak     : 0000016c7eec8548
	CurrDirHandle        : 0000000000000044
	CommandLine          : taskhostw.exe {222A245B-E637-4AE9-A93F-A59CA119A75E}
	WindowTitle          : C:\Windows\system32\taskhostw.exe
	DesktopInfo          : winsta0\default
	StartingX            : 0
	StartingY            : 0

	Process              : svchost.exe
	PID                  : 5724
	EProceess            : ffffa607d812a080
	Cookie               : 0x6f8f666f
	Token                : ffffb90e23b0d06f
	SectionObject        : ffffb90e244d6570
	SectionBaseAddress   : 00007ff629410000
	ProcessQuotaUsage    : 0000016c7eec85d8
	ProcessQuotaPeak     : 0000016c7eec85e8
	CurrDirHandle        : 0000000000000048
	CommandLine          : C:\Windows\system32\svchost.exe -k netsvcs -p -s TokenBroker
	WindowTitle          : C:\Windows\system32\svchost.exe
	DesktopInfo          : 
	StartingX            : 0
	StartingY            : 0

	Process              : svchost.exe
	PID                  : 5816
	EProceess            : ffffa607d80b9080
	Cookie               : 0x429c892e
	Token                : ffffb90e25008068
	SectionObject        : ffffb90e244d8370
	SectionBaseAddress   : 00007ff629410000
	ProcessQuotaUsage    : 0000016c7eec8678
	ProcessQuotaPeak     : 0000016c7eec8688
	CurrDirHandle        : 0000000000000048
	CommandLine          : C:\Windows\System32\svchost.exe -k LocalSystemNetworkRestricted -p -s TabletInputService
	WindowTitle          : C:\Windows\System32\svchost.exe
	DesktopInfo          : 
	StartingX            : 0
	StartingY            : 0

	Process              : ctfmon.exe
	PID                  : 5892
	EProceess            : ffffa607d8160340
	Cookie               : 0xae6357be
	Token                : ffffb90e25082774
	SectionObject        : ffffb90e244dbed0
	SectionBaseAddress   : 00007ff76a820000
	ProcessQuotaUsage    : 0000016c7eec8718
	ProcessQuotaPeak     : 0000016c7eec8728
	CurrDirHandle        : 0000000000000040
	CommandLine          : "ctfmon.exe"
	WindowTitle          : ctfmon.exe
	DesktopInfo          : winsta0\Default
	StartingX            : 0
	StartingY            : 0

	Process              : svchost.exe
	PID                  : 5960
	EProceess            : ffffa607d81c8200
	Cookie               : 0x2946599f
	Token                : ffffb90e25038064
	SectionObject        : ffffb90e244dc150
	SectionBaseAddress   : 00007ff629410000
	ProcessQuotaUsage    : 0000016c7eec87b8
	ProcessQuotaPeak     : 0000016c7eec87c8
	CurrDirHandle        : 0000000000000048
	CommandLine          : C:\Windows\system32\svchost.exe -k LocalService -p -s CDPSvc
	WindowTitle          : C:\Windows\system32\svchost.exe
	DesktopInfo          : 
	StartingX            : 0
	StartingY            : 0

	Process              : userinit.exe
	PID                  : 6084
	EProceess            : ffffa607d81b4080
	Cookie               : 0x921e5eae
	Token                : ffffb90e251e6063
	SectionObject        : 0000000000000000
	SectionBaseAddress   : 00007ff6d4dd0000
	ProcessQuotaUsage    : 0000016c7eec8858
	ProcessQuotaPeak     : 0000016c7eec8868
	CurrDirHandle        : 0000000000000000
	CommandLine          : <NTSTATUS 0xC0000147>
	WindowTitle          : <NTSTATUS 0xC0000147>
	DesktopInfo          : <NTSTATUS 0xC0000147>
	StartingX            : 0
	StartingY            : 0

	Process              : explorer.exe
	PID                  : 6108
	EProceess            : ffffa607d8176080
	Cookie               : 0x62464837
	Token                : ffffb90e251fc064
	SectionObject        : ffffb90e25219390
	SectionBaseAddress   : 00007ff7350f0000
	ProcessQuotaUsage    : 0000016c7eec88f8
	ProcessQuotaPeak     : 0000016c7eec8908
	CurrDirHandle        : 0000000000000040
	CommandLine          : C:\Windows\Explorer.EXE
	WindowTitle          : Microsoft.Windows.Explorer
	DesktopInfo          : Winsta0\Default
	StartingX            : 0
	StartingY            : 0

	Process              : svchost.exe
	PID                  : 6248
	EProceess            : ffffa607d840e080
	Cookie               : 0x2f803896
	Token                : ffffb90e245460aa
	SectionObject        : ffffb90e252272b0
	SectionBaseAddress   : 00007ff629410000
	ProcessQuotaUsage    : 0000016c7eec8998
	ProcessQuotaPeak     : 0000016c7eec89a8
	CurrDirHandle        : 0000000000000048
	CommandLine          : C:\Windows\system32\svchost.exe -k ClipboardSvcGroup -p -s cbdhsvc
	WindowTitle          : C:\Windows\system32\svchost.exe
	DesktopInfo          : 
	StartingX            : 0
	StartingY            : 0

	Process              : StartMenuExper
	PID                  : 6568
	EProceess            : ffffa607d85330c0
	Cookie               : 0xe316028e
	Token                : ffffb90e255f306a
	SectionObject        : ffffb90e25238650
	SectionBaseAddress   : 00007ff6ef0a0000
	ProcessQuotaUsage    : 0000016c7eec8a38
	ProcessQuotaPeak     : 0000016c7eec8a48
	CurrDirHandle        : 0000000000000040
	CommandLine          : "C:\Windows\SystemApps\Microsoft.Windows.StartMenuExperienceHost_cw5n1h2txyewy\StartMenuExperienceHost.exe" -ServerName:App.AppXywbrabmsek0gm3tkwpr5kwzbs55tkqay.mca
	WindowTitle          : "C:\Windows\SystemApps\Microsoft.Windows.StartMenuExperienceHost_cw5n1h2txyewy\StartMenuExperienceHost.exe"
	DesktopInfo          : 
	StartingX            : 0
	StartingY            : 0

	Process              : RuntimeBroker.
	PID                  : 6648
	EProceess            : ffffa607d862f080
	Cookie               : 0x19c14c34
	Token                : ffffb90e2588206d
	SectionObject        : ffffb90e2523dab0
	SectionBaseAddress   : 00007ff7a3710000
	ProcessQuotaUsage    : 0000016c7eec8ad8
	ProcessQuotaPeak     : 0000016c7eec8ae8
	CurrDirHandle        : 0000000000000048
	CommandLine          : C:\Windows\System32\RuntimeBroker.exe -Embedding
	WindowTitle          : C:\Windows\System32\RuntimeBroker.exe
	DesktopInfo          : 
	StartingX            : 0
	StartingY            : 0

	Process              : SearchApp.exe
	PID                  : 6760
	EProceess            : ffffa607d7ce6080
	Cookie               : 0x18f1c5e8
	Token                : ffffb90e25855774
	SectionObject        : ffffb90e25237110
	SectionBaseAddress   : 00007ff6a1cf0000
	ProcessQuotaUsage    : 0000016c7eec8b78
	ProcessQuotaPeak     : 0000016c7eec8b88
	CurrDirHandle        : 0000000000000000
	CommandLine          : <NTSTATUS 0xC0000147>
	WindowTitle          : <NTSTATUS 0xC0000147>
	DesktopInfo          : <NTSTATUS 0xC0000147>
	StartingX            : 0
	StartingY            : 0

	Process              : SearchIndexer.
	PID                  : 6928
	EProceess            : ffffa607d86c8080
	Cookie               : 0xa1442732
	Token                : ffffb90e25852733
	SectionObject        : ffffb90e2524cc90
	SectionBaseAddress   : 00007ff6b2960000
	ProcessQuotaUsage    : 0000016c7eec8c18
	ProcessQuotaPeak     : 0000016c7eec8c28
	CurrDirHandle        : 0000000000000040
	CommandLine          : C:\Windows\system32\SearchIndexer.exe /Embedding
	WindowTitle          : C:\Windows\system32\SearchIndexer.exe
	DesktopInfo          : 
	StartingX            : 0
	StartingY            : 0

	Process              : RuntimeBroker.
	PID                  : 6988
	EProceess            : ffffa607d887e080
	Cookie               : 0xe9bfb3de
	Token                : ffffb90e259cb06c
	SectionObject        : ffffb90e244e15b0
	SectionBaseAddress   : 00007ff7a3710000
	ProcessQuotaUsage    : 0000016c7eec8cb8
	ProcessQuotaPeak     : 0000016c7eec8cc8
	CurrDirHandle        : 0000000000000048
	CommandLine          : C:\Windows\System32\RuntimeBroker.exe -Embedding
	WindowTitle          : C:\Windows\System32\RuntimeBroker.exe
	DesktopInfo          : 
	StartingX            : 0
	StartingY            : 0

	Process              : svchost.exe
	PID                  : 7172
	EProceess            : ffffa607d8aa4080
	Cookie               : 0x3e1ffb28
	Token                : ffffb90e25c0c065
	SectionObject        : ffffb90e25b086b0
	SectionBaseAddress   : 00007ff629410000
	ProcessQuotaUsage    : 0000016c7eec8d58
	ProcessQuotaPeak     : 0000016c7eec8d68
	CurrDirHandle        : 0000000000000048
	CommandLine          : C:\Windows\system32\svchost.exe -k LocalServiceAndNoImpersonation -p -s SSDPSRV
	WindowTitle          : C:\Windows\system32\svchost.exe
	DesktopInfo          : 
	StartingX            : 0
	StartingY            : 0

	Process              : RuntimeBroker.
	PID                  : 7412
	EProceess            : ffffa607d8b99080
	Cookie               : 0xf502780b
	Token                : ffffb90e25da477f
	SectionObject        : ffffb90e25b29d10
	SectionBaseAddress   : 00007ff7a3710000
	ProcessQuotaUsage    : 0000016c7eec8df8
	ProcessQuotaPeak     : 0000016c7eec8e08
	CurrDirHandle        : 0000000000000048
	CommandLine          : C:\Windows\System32\RuntimeBroker.exe -Embedding
	WindowTitle          : C:\Windows\System32\RuntimeBroker.exe
	DesktopInfo          : 
	StartingX            : 0
	StartingY            : 0

	Process              : SecurityHealth
	PID                  : 744
	EProceess            : ffffa607d89e1080
	Cookie               : 0x3b81333b
	Token                : ffffb90e25ffb77c
	SectionObject        : ffffb90e26345dd0
	SectionBaseAddress   : 00007ff7a7470000
	ProcessQuotaUsage    : 0000016c7eec8e98
	ProcessQuotaPeak     : 0000016c7eec8ea8
	CurrDirHandle        : 0000000000000040
	CommandLine          : "C:\Windows\System32\SecurityHealthSystray.exe" 
	WindowTitle          : C:\Windows\System32\SecurityHealthSystray.exe
	DesktopInfo          : Winsta0\Default
	StartingX            : 0
	StartingY            : 0

	Process              : SecurityHealth
	PID                  : 5096
	EProceess            : ffffa607d8952080
	Cookie               : 0x80691a07
	Token                : ffffb90e262dc06b
	SectionObject        : ffffb90e26360bd0
	SectionBaseAddress   : 00007ff6bba50000
	ProcessQuotaUsage    : 0000016c7eec8f38
	ProcessQuotaPeak     : 0000016c7eec8f48
	CurrDirHandle        : 000000000000003c
	CommandLine          : C:\Windows\system32\SecurityHealthService.exe
	WindowTitle          : C:\Windows\system32\SecurityHealthService.exe
	DesktopInfo          : 
	StartingX            : 0
	StartingY            : 0

	Process              : vmtoolsd.exe
	PID                  : 1300
	EProceess            : ffffa607d8949080
	Cookie               : 0xbd79ea6f
	Token                : ffffb90e2664606d
	SectionObject        : ffffb90e2634a8d0
	SectionBaseAddress   : 00007ff6702d0000
	ProcessQuotaUsage    : 0000016c7eec8fd8
	ProcessQuotaPeak     : 0000016c7eec8fe8
	CurrDirHandle        : 0000000000000040
	CommandLine          : "C:\Program Files\VMware\VMware Tools\vmtoolsd.exe" -n vmusr
	WindowTitle          : C:\Program Files\VMware\VMware Tools\vmtoolsd.exe
	DesktopInfo          : Winsta0\Default
	StartingX            : 0
	StartingY            : 0

	Process              : OneDrive.exe
	PID                  : 7984
	EProceess            : ffffa607d8b9f080
	Cookie               : 0x1ab26cf5
	Token                : ffffb90e2675677f
	SectionObject        : 0000000000000000
	SectionBaseAddress   : 00007ff7b39c0000
	ProcessQuotaUsage    : 0000016c7eec9078
	ProcessQuotaPeak     : 0000016c7eec9088
	CurrDirHandle        : 0000000000000000
	CommandLine          : <NTSTATUS 0xC0000147>
	WindowTitle          : <NTSTATUS 0xC0000147>
	DesktopInfo          : <NTSTATUS 0xC0000147>
	StartingX            : 0
	StartingY            : 0

	Process              : Everything.exe
	PID                  : 6424
	EProceess            : ffffa607d8ba7080
	Cookie               : 0x6c5ad0b7
	Token                : ffffb90e26b5806d
	SectionObject        : ffffb90e2637cb50
	SectionBaseAddress   : 0000000000510000
	ProcessQuotaUsage    : 0000016c7eec9118
	ProcessQuotaPeak     : 0000016c7eec9128
	CurrDirHandle        : 0000000000000040
	CommandLine          : "C:\Program Files (x86)\Everything\Everything.exe" -startup
	WindowTitle          : C:\Program Files (x86)\Everything\Everything.exe
	DesktopInfo          : Winsta0\Default
	StartingX            : 0
	StartingY            : 0

	Process              : svchost.exe
	PID                  : 4312
	EProceess            : ffffa607d8482080
	Cookie               : 0x55a2aab3
	Token                : ffffb90e2666a068
	SectionObject        : ffffb90e25b06db0
	SectionBaseAddress   : 00007ff629410000
	ProcessQuotaUsage    : 0000016c7eec91b8
	ProcessQuotaPeak     : 0000016c7eec91c8
	CurrDirHandle        : 0000000000000048
	CommandLine          : C:\Windows\system32\svchost.exe -k LocalSystemNetworkRestricted -p -s PcaSvc
	WindowTitle          : C:\Windows\system32\svchost.exe
	DesktopInfo          : 
	StartingX            : 0
	StartingY            : 0

	Process              : OneDrive.exe
	PID                  : 948
	EProceess            : ffffa607d8fc9080
	Cookie               : 0x1d2cc863
	Token                : ffffb90e25fea778
	SectionObject        : ffffb90e2634fd30
	SectionBaseAddress   : 00007ff6be710000
	ProcessQuotaUsage    : 0000016c7eec9258
	ProcessQuotaPeak     : 0000016c7eec9268
	CurrDirHandle        : 0000000000000040
	CommandLine          :  /updateInstalled /background
	WindowTitle          : C:\Users\sharkvm\AppData\Local\Microsoft\OneDrive\OneDrive.exe
	DesktopInfo          : Winsta0\Default
	StartingX            : 0
	StartingY            : 0

	Process              : Microsoft.Shar
	PID                  : 7684
	EProceess            : ffffa607d8fe7340
	Cookie               : 0x1e6a574e
	Token                : ffffb90e2469e779
	SectionObject        : ffffb90e2634a510
	SectionBaseAddress   : 00007ff69f430000
	ProcessQuotaUsage    : 0000016c7eec92f8
	ProcessQuotaPeak     : 0000016c7eec9308
	CurrDirHandle        : 0000000000000040
	CommandLine          : /silentConfig
	WindowTitle          : C:\Users\sharkvm\AppData\Local\Microsoft\OneDrive\25.130.0706.0004\Microsoft.SharePoint.exe
	DesktopInfo          : Winsta0\Default
	StartingX            : 0
	StartingY            : 0

	Process              : svchost.exe
	PID                  : 1288
	EProceess            : ffffa607d87e2080
	Cookie               : 0xa501010b
	Token                : ffffb90e24b775f9
	SectionObject        : ffffb90e26344bb0
	SectionBaseAddress   : 00007ff629410000
	ProcessQuotaUsage    : 0000016c7eec9398
	ProcessQuotaPeak     : 0000016c7eec93a8
	CurrDirHandle        : 0000000000000044
	CommandLine          : C:\Windows\System32\svchost.exe -k NetworkService -p -s DoSvc
	WindowTitle          : C:\Windows\System32\svchost.exe
	DesktopInfo          : 
	StartingX            : 0
	StartingY            : 0

	Process              : svchost.exe
	PID                  : 6536
	EProceess            : ffffa607d900b340
	Cookie               : 0x86aecd06
	Token                : ffffb90e246a806d
	SectionObject        : ffffb90e26359f10
	SectionBaseAddress   : 00007ff629410000
	ProcessQuotaUsage    : 0000016c7eec9438
	ProcessQuotaPeak     : 0000016c7eec9448
	CurrDirHandle        : 0000000000000048
	CommandLine          : C:\Windows\System32\svchost.exe -k LocalSystemNetworkRestricted -p -s StorSvc
	WindowTitle          : C:\Windows\System32\svchost.exe
	DesktopInfo          : 
	StartingX            : 0
	StartingY            : 0

	Process              : TextInputHost.
	PID                  : 5380
	EProceess            : ffffa607d8f95080
	Cookie               : 0x9f53a9fb
	Token                : ffffb90e266e1066
	SectionObject        : ffffb90e2637dcd0
	SectionBaseAddress   : 00007ff74aff0000
	ProcessQuotaUsage    : 0000016c7eec94d8
	ProcessQuotaPeak     : 0000016c7eec94e8
	CurrDirHandle        : 0000000000000040
	CommandLine          : "C:\Windows\SystemApps\MicrosoftWindows.Client.CBS_cw5n1h2txyewy\TextInputHost.exe" -ServerName:InputApp.AppXjd5de1g66v206tj52m9d0dtpppx4cgpn.mca
	WindowTitle          : "C:\Windows\SystemApps\MicrosoftWindows.Client.CBS_cw5n1h2txyewy\TextInputHost.exe"
	DesktopInfo          : 
	StartingX            : 0
	StartingY            : 0

	Process              : sqlservr.exe
	PID                  : 3452
	EProceess            : ffffa607d8f28080
	Cookie               : 0x8e9768f1
	Token                : ffffb90e1e5df06a
	SectionObject        : ffffb90e244ab730
	SectionBaseAddress   : 00007ff7529c0000
	ProcessQuotaUsage    : 0000016c7eec9578
	ProcessQuotaPeak     : 0000016c7eec9588
	CurrDirHandle        : 0000000000000040
	CommandLine          : "C:\Program Files\Microsoft SQL Server\MSSQL16.C_MSQL\MSSQL\Binn\sqlservr.exe" -sC_MSQL
	WindowTitle          : C:\Program Files\Microsoft SQL Server\MSSQL16.C_MSQL\MSSQL\Binn\sqlservr.exe
	DesktopInfo          : 
	StartingX            : 0
	StartingY            : 0

	Process              : sqlservr.exe
	PID                  : 5428
	EProceess            : ffffa607d8ef2080
	Cookie               : 0xcb30681c
	Token                : ffffb90e1e5fc06e
	SectionObject        : ffffb90e2636e230
	SectionBaseAddress   : 00007ff67d420000
	ProcessQuotaUsage    : 0000016c7eec9618
	ProcessQuotaPeak     : 0000016c7eec9628
	CurrDirHandle        : 0000000000000040
	CommandLine          : "C:\Program Files\Microsoft SQL Server\MSSQL16.MSSQLSERVER\MSSQL\Binn\sqlservr.exe" -sMSSQLSERVER
	WindowTitle          : C:\Program Files\Microsoft SQL Server\MSSQL16.MSSQLSERVER\MSSQL\Binn\sqlservr.exe
	DesktopInfo          : 
	StartingX            : 0
	StartingY            : 0

	Process              : svchost.exe
	PID                  : 1328
	EProceess            : ffffa607d8886080
	Cookie               : 0x67b06225
	Token                : ffffb90e249d873e
	SectionObject        : ffffb90e23a50580
	SectionBaseAddress   : 00007ff629410000
	ProcessQuotaUsage    : 0000016c7eec96b8
	ProcessQuotaPeak     : 0000016c7eec96c8
	CurrDirHandle        : 0000000000000048
	CommandLine          : C:\Windows\system32\svchost.exe -k netsvcs -p -s wuauserv
	WindowTitle          : C:\Windows\system32\svchost.exe
	DesktopInfo          : 
	StartingX            : 0
	StartingY            : 0

	Process              : SgrmBroker.exe
	PID                  : 1492
	EProceess            : ffffa607d93f2080
	Cookie               : 0x85933457
	Token                : ffffb90e2666573f
	SectionObject        : ffffb90e25b3a250
	SectionBaseAddress   : 00007ff7d2cc0000
	ProcessQuotaUsage    : 0000016c7eec9758
	ProcessQuotaPeak     : 0000016c7eec9768
	CurrDirHandle        : 000000000000003c
	CommandLine          : C:\Windows\system32\SgrmBroker.exe
	WindowTitle          : C:\Windows\system32\SgrmBroker.exe
	DesktopInfo          : 
	StartingX            : 0
	StartingY            : 0

	Process              : sqlceip.exe
	PID                  : 776
	EProceess            : ffffa607d95a6240
	Cookie               : 0x98eed911
	Token                : ffffb90e240a36f5
	SectionObject        : ffffb90e25245c10
	SectionBaseAddress   : 000002a6067d0000
	ProcessQuotaUsage    : 0000016c7eec97f8
	ProcessQuotaPeak     : 0000016c7eec9808
	CurrDirHandle        : 0000000000000040
	CommandLine          : "C:\Program Files\Microsoft SQL Server\MSSQL16.MSSQLSERVER\MSSQL\Binn\sqlceip.exe" -Service 
	WindowTitle          : C:\Program Files\Microsoft SQL Server\MSSQL16.MSSQLSERVER\MSSQL\Binn\sqlceip.exe
	DesktopInfo          : 
	StartingX            : 0
	StartingY            : 0

	Process              : sqlceip.exe
	PID                  : 8228
	EProceess            : ffffa607d9448240
	Cookie               : 0xd5803f37
	Token                : ffffb90e2475a063
	SectionObject        : ffffb90e25b415f0
	SectionBaseAddress   : 000001fe94a80000
	ProcessQuotaUsage    : 0000016c7eec9898
	ProcessQuotaPeak     : 0000016c7eec98a8
	CurrDirHandle        : 0000000000000040
	CommandLine          : "C:\Program Files\Microsoft SQL Server\MSSQL16.C_MSQL\MSSQL\Binn\sqlceip.exe" -Service C_MSQL
	WindowTitle          : C:\Program Files\Microsoft SQL Server\MSSQL16.C_MSQL\MSSQL\Binn\sqlceip.exe
	DesktopInfo          : 
	StartingX            : 0
	StartingY            : 0

	Process              : svchost.exe
	PID                  : 8272
	EProceess            : ffffa607d9450240
	Cookie               : 0x596c674e
	Token                : ffffb90e246a077b
	SectionObject        : ffffb90e27e04150
	SectionBaseAddress   : 00007ff629410000
	ProcessQuotaUsage    : 0000016c7eec9938
	ProcessQuotaPeak     : 0000016c7eec9948
	CurrDirHandle        : 0000000000000048
	CommandLine          : C:\Windows\system32\svchost.exe -k netsvcs -p -s UsoSvc
	WindowTitle          : C:\Windows\system32\svchost.exe
	DesktopInfo          : 
	StartingX            : 0
	StartingY            : 0

	Process              : svchost.exe
	PID                  : 8340
	EProceess            : ffffa607d9356080
	Cookie               : 0x288bf1ba
	Token                : ffffb90e241e60a4
	SectionObject        : ffffb90e27e08570
	SectionBaseAddress   : 00007ff629410000
	ProcessQuotaUsage    : 0000016c7eec99d8
	ProcessQuotaPeak     : 0000016c7eec99e8
	CurrDirHandle        : 0000000000000044
	CommandLine          : C:\Windows\System32\svchost.exe -k LocalServiceNetworkRestricted -p -s wscsvc
	WindowTitle          : C:\Windows\System32\svchost.exe
	DesktopInfo          : 
	StartingX            : 0
	StartingY            : 0

	Process              : svchost.exe
	PID                  : 8416
	EProceess            : ffffa607d935a080
	Cookie               : 0x7f6db125
	Token                : ffffb90e21ba80ad
	SectionObject        : ffffb90e244b2350
	SectionBaseAddress   : 00007ff629410000
	ProcessQuotaUsage    : 0000016c7eec9a78
	ProcessQuotaPeak     : 0000016c7eec9a88
	CurrDirHandle        : 0000000000000048
	CommandLine          : C:\Windows\system32\svchost.exe -k UnistackSvcGroup
	WindowTitle          : C:\Windows\system32\svchost.exe
	DesktopInfo          : 
	StartingX            : 0
	StartingY            : 0

	Process              : svchost.exe
	PID                  : 8688
	EProceess            : ffffa607d9632080
	Cookie               : 0xd1b574d3
	Token                : ffffb90e26cd506d
	SectionObject        : ffffb90e27e1aa90
	SectionBaseAddress   : 00007ff629410000
	ProcessQuotaUsage    : 0000016c7eec9b18
	ProcessQuotaPeak     : 0000016c7eec9b28
	CurrDirHandle        : 0000000000000048
	CommandLine          : C:\Windows\System32\svchost.exe -k netsvcs -p
	WindowTitle          : C:\Windows\System32\svchost.exe
	DesktopInfo          : 
	StartingX            : 0
	StartingY            : 0

	Process              : svchost.exe
	PID                  : 2928
	EProceess            : ffffa607d96fa080
	Cookie               : 0x475d599a
	Token                : ffffb90e284fb06c
	SectionObject        : ffffb90e282392d0
	SectionBaseAddress   : 00007ff629410000
	ProcessQuotaUsage    : 0000016c7eec9bb8
	ProcessQuotaPeak     : 0000016c7eec9bc8
	CurrDirHandle        : 0000000000000048
	CommandLine          : C:\Windows\System32\svchost.exe -k LocalService -p -s LicenseManager
	WindowTitle          : C:\Windows\System32\svchost.exe
	DesktopInfo          : 
	StartingX            : 0
	StartingY            : 0

	Process              : MicrosoftEdgeU
	PID                  : 3656
	EProceess            : ffffa607d935f0c0
	Cookie               : 0xbcb155a1
	Token                : ffffb90e268af064
	SectionObject        : ffffb90e26344250
	SectionBaseAddress   : 00000000003f0000
	ProcessQuotaUsage    : 0000016c7eec9c58
	ProcessQuotaPeak     : 0000016c7eec9c68
	CurrDirHandle        : 0000000000000048
	CommandLine          : "C:\Program Files (x86)\Microsoft\EdgeUpdate\MicrosoftEdgeUpdate.exe" /c
	WindowTitle          : C:\Program Files (x86)\Microsoft\EdgeUpdate\MicrosoftEdgeUpdate.exe
	DesktopInfo          : 
	StartingX            : 0
	StartingY            : 0

	Process              : brave.exe
	PID                  : 8856
	EProceess            : ffffa607d962b080
	Cookie               : 0xa5f6dd4f
	Token                : ffffb90e2887606f
	SectionObject        : 0000000000000000
	SectionBaseAddress   : 00007ff672770000
	ProcessQuotaUsage    : 0000016c7eec9cf8
	ProcessQuotaPeak     : 0000016c7eec9d08
	CurrDirHandle        : 0000000000000000
	CommandLine          : <NTSTATUS 0xC0000147>
	WindowTitle          : <NTSTATUS 0xC0000147>
	DesktopInfo          : <NTSTATUS 0xC0000147>
	StartingX            : 0
	StartingY            : 0

	Process              : svchost.exe
	PID                  : 7468
	EProceess            : ffffa607d9aef340
	Cookie               : 0x2bb8ac5b
	Token                : ffffb90e266405fa
	SectionObject        : 0000000000000000
	SectionBaseAddress   : 00007ff629410000
	ProcessQuotaUsage    : 0000016c7eec9d98
	ProcessQuotaPeak     : 0000016c7eec9da8
	CurrDirHandle        : 0000000000000000
	CommandLine          : <NTSTATUS 0xC0000147>
	WindowTitle          : <NTSTATUS 0xC0000147>
	DesktopInfo          : <NTSTATUS 0xC0000147>
	StartingX            : 0
	StartingY            : 0

	Process              : UserOOBEBroker
	PID                  : 8792
	EProceess            : ffffa607d88d3080
	Cookie               : 0xc330d587
	Token                : ffffb90e286570ac
	SectionObject        : ffffb90e28225230
	SectionBaseAddress   : 00007ff69c610000
	ProcessQuotaUsage    : 0000016c7eec9e38
	ProcessQuotaPeak     : 0000016c7eec9e48
	CurrDirHandle        : 0000000000000040
	CommandLine          : C:\Windows\System32\oobe\UserOOBEBroker.exe -Embedding
	WindowTitle          : C:\Windows\System32\oobe\UserOOBEBroker.exe
	DesktopInfo          : WinSta0\Default
	StartingX            : 40
	StartingY            : 40

	Process              : MusNotifyIcon.
	PID                  : 616
	EProceess            : ffffa607db7f4080
	Cookie               : 0x7b684985
	Token                : ffffb90e24d0a735
	SectionObject        : ffffb90e2b44c3b0
	SectionBaseAddress   : 00007ff6abb30000
	ProcessQuotaUsage    : 0000016c7eec9ed8
	ProcessQuotaPeak     : 0000016c7eec9ee8
	CurrDirHandle        : 0000000000000040
	CommandLine          : %systemroot%\system32\MusNotifyIcon.exe NotifyTrayIcon 19
	WindowTitle          : C:\Windows\system32\MusNotifyIcon.exe
	DesktopInfo          : WinSta0\Default
	StartingX            : 0
	StartingY            : 0

	Process              : MpDefenderCore
	PID                  : 2828
	EProceess            : ffffa607da014340
	Cookie               : 0xc962cc31
	Token                : ffffb90e26b6c36c
	SectionObject        : ffffb90e244a3530
	SectionBaseAddress   : 00007ff675400000
	ProcessQuotaUsage    : 0000016c7eec9f78
	ProcessQuotaPeak     : 0000016c7eec9f88
	CurrDirHandle        : 000000000000003c
	CommandLine          : "C:\ProgramData\Microsoft\Windows Defender\Platform\4.18.25070.5-0\MpDefenderCoreService.exe"
	WindowTitle          : C:\ProgramData\Microsoft\Windows Defender\Platform\4.18.25070.5-0\MpDefenderCoreService.exe
	DesktopInfo          : 
	StartingX            : 0
	StartingY            : 0

	Process              : MsMpEng.exe
	PID                  : 5160
	EProceess            : ffffa607d8ce6340
	Cookie               : 0x3b3f7eef
	Token                : ffffb90e2646f069
	SectionObject        : ffffb90e1e205870
	SectionBaseAddress   : 00007ff651470000
	ProcessQuotaUsage    : 0000016c7eeca018
	ProcessQuotaPeak     : 0000016c7eeca028
	CurrDirHandle        : 0000000000000044
	CommandLine          : "C:\ProgramData\Microsoft\Windows Defender\Platform\4.18.25070.5-0\MsMpEng.exe"
	WindowTitle          : C:\ProgramData\Microsoft\Windows Defender\Platform\4.18.25070.5-0\MsMpEng.exe
	DesktopInfo          : 
	StartingX            : 0
	StartingY            : 0

	Process              : NisSrv.exe
	PID                  : 8500
	EProceess            : ffffa607d72bc080
	Cookie               : 0x4ae24cf4
	Token                : ffffb90e219b0834
	SectionObject        : ffffb90e244aac90
	SectionBaseAddress   : 00007ff7050a0000
	ProcessQuotaUsage    : 0000016c7eeca0b8
	ProcessQuotaPeak     : 0000016c7eeca0c8
	CurrDirHandle        : 000000000000003c
	CommandLine          : "C:\ProgramData\Microsoft\Windows Defender\Platform\4.18.25070.5-0\NisSrv.exe"
	WindowTitle          : C:\ProgramData\Microsoft\Windows Defender\Platform\4.18.25070.5-0\NisSrv.exe
	DesktopInfo          : 
	StartingX            : 0
	StartingY            : 0

	Process              : dllhost.exe
	PID                  : 8412
	EProceess            : ffffa607d65e9080
	Cookie               : 0xdd0bf537
	Token                : ffffb90e2593b8f6
	SectionObject        : ffffb90e27e269d0
	SectionBaseAddress   : 00007ff7642e0000
	ProcessQuotaUsage    : 0000016c7eeca158
	ProcessQuotaPeak     : 0000016c7eeca168
	CurrDirHandle        : 0000000000000040
	CommandLine          : C:\Windows\system32\DllHost.exe /Processid:{973D20D7-562D-44B9-B70B-5A0F49CCDF3F}
	WindowTitle          : C:\Windows\system32\DllHost.exe
	DesktopInfo          : WinSta0\Default
	StartingX            : 40
	StartingY            : 40

	Process              : svchost.exe
	PID                  : 872
	EProceess            : ffffa607d7fda080
	Cookie               : 0x1de2a6d5
	Token                : ffffb90e26af0736
	SectionObject        : ffffb90e26361f30
	SectionBaseAddress   : 00007ff629410000
	ProcessQuotaUsage    : 0000016c7eeca1f8
	ProcessQuotaPeak     : 0000016c7eeca208
	CurrDirHandle        : 0000000000000048
	CommandLine          : C:\Windows\System32\svchost.exe -k LocalSystemNetworkRestricted -p -s DsSvc
	WindowTitle          : C:\Windows\System32\svchost.exe
	DesktopInfo          : 
	StartingX            : 0
	StartingY            : 0

	Process              : svchost.exe
	PID                  : 2752
	EProceess            : ffffa607d3a62080
	Cookie               : 0xc2b89853
	Token                : ffffb90e3f73c7c8
	SectionObject        : ffffb90e417470b0
	SectionBaseAddress   : 00007ff629410000
	ProcessQuotaUsage    : 0000016c7eeca298
	ProcessQuotaPeak     : 0000016c7eeca2a8
	CurrDirHandle        : 0000000000000048
	CommandLine          : C:\Windows\system32\svchost.exe -k netsvcs -p -s Appinfo
	WindowTitle          : C:\Windows\system32\svchost.exe
	DesktopInfo          : 
	StartingX            : 0
	StartingY            : 0

	Process              : dllhost.exe
	PID                  : 7708
	EProceess            : ffffa607d964e2c0
	Cookie               : 0x37177ad2
	Token                : ffffb90e25dcc068
	SectionObject        : ffffb90e40d3dd10
	SectionBaseAddress   : 00007ff7642e0000
	ProcessQuotaUsage    : 0000016c7eeca338
	ProcessQuotaPeak     : 0000016c7eeca348
	CurrDirHandle        : 0000000000000040
	CommandLine          : C:\Windows\system32\DllHost.exe /Processid:{AB8902B4-09CA-4BB6-B78D-A8F59079A8D5}
	WindowTitle          : C:\Windows\system32\DllHost.exe
	DesktopInfo          : WinSta0\Default
	StartingX            : 40
	StartingY            : 40

	Process              : taskhostw.exe
	PID                  : 2632
	EProceess            : ffffa607d9d6d2c0
	Cookie               : 0xbd612b6e
	Token                : ffffb90e2ed0b366
	SectionObject        : ffffb90e224c0ca0
	SectionBaseAddress   : 00007ff6ab3b0000
	ProcessQuotaUsage    : 0000016c7eeca3d8
	ProcessQuotaPeak     : 0000016c7eeca3e8
	CurrDirHandle        : 0000000000000040
	CommandLine          : taskhostw.exe
	WindowTitle          : C:\Windows\system32\taskhostw.exe
	DesktopInfo          : winsta0\default
	StartingX            : 0
	StartingY            : 0

	Process              : WUDFHost.exe
	PID                  : 8508
	EProceess            : ffffa607d9630080
	Cookie               : 0x522e52fc
	Token                : ffffb90e25424066
	SectionObject        : ffffb90e3d791fb0
	SectionBaseAddress   : 00007ff7d2b20000
	ProcessQuotaUsage    : 0000016c7eeca478
	ProcessQuotaPeak     : 0000016c7eeca488
	CurrDirHandle        : 0000000000000008
	CommandLine          : "C:\Windows\System32\WUDFHost.exe" -HostGUID:{193a1820-d9ac-4997-8c55-be817523f6aa} -IoEventPortName:\UMDFCommunicationPorts\WUDF\HostProcess-bc18545c-b6b4-4b25-af08-4cbe9c75a586 -SystemEventPortName:\UMDFCommunicationPorts\WUDF\HostProcess-f60d148d-a986-4082-9162-24f367076d15 -IoCancelEventPortName:\UMDFCommunicationPorts\WUDF\HostProcess-04a98817-040e-4d52-a0b1-af2b5fc83825 -NonStateChangingEventPortName:\UMDFCommunicationPorts\WUDF\HostProcess-80d19b7e-ec2d-4fa3-86ae-30c1545e7d28 -LifetimeId:654fd011-7919-4fe5-a706-aeaa435a63a6 -DeviceGroupId: -HostArg:0
	WindowTitle          : C:\Windows\System32\WUDFHost.exe
	DesktopInfo          : 
	StartingX            : 0
	StartingY            : 0

	Process              : Procmon64.exe
	PID                  : 7456
	EProceess            : ffffa607d9d69080
	Cookie               : 0x427ed099
	Token                : ffffb90e24ead6b7
	SectionObject        : ffffb90e2821ec50
	SectionBaseAddress   : 00007ff61a750000
	ProcessQuotaUsage    : 0000016c7eeca518
	ProcessQuotaPeak     : 0000016c7eeca528
	CurrDirHandle        : 0000000000000040
	CommandLine          : "C:\SysinternalsSuite\Procmon64.exe" 
	WindowTitle          : C:\SysinternalsSuite\Procmon64.exe
	DesktopInfo          : Winsta0\Default
	StartingX            : 0
	StartingY            : 0

	Process              : Procmon64.exe
	PID                  : 2804
	EProceess            : ffffa607d830a080
	Cookie               : 0x53c92d42
	Token                : ffffb90e3bdea5f9
	SectionObject        : ffffb90e3796d430
	SectionBaseAddress   : 00007ff61a750000
	ProcessQuotaUsage    : 0000016c7eeca5b8
	ProcessQuotaPeak     : 0000016c7eeca5c8
	CurrDirHandle        : 0000000000000040
	CommandLine          : "C:\SysinternalsSuite\Procmon64.exe" 
	WindowTitle          : C:\SysinternalsSuite\Procmon64.exe
	DesktopInfo          : WinSta0\Default
	StartingX            : 0
	StartingY            : 0

	Process              : svchost.exe
	PID                  : 5804
	EProceess            : ffffa607deced2c0
	Cookie               : 0x52ded002
	Token                : ffffb90e40df108d
	SectionObject        : ffffb90e37943450
	SectionBaseAddress   : 00007ff629410000
	ProcessQuotaUsage    : 0000016c7eeca658
	ProcessQuotaPeak     : 0000016c7eeca668
	CurrDirHandle        : 0000000000000048
	CommandLine          : C:\Windows\system32\svchost.exe -k netsvcs -p -s AppMgmt
	WindowTitle          : C:\Windows\system32\svchost.exe
	DesktopInfo          : 
	StartingX            : 0
	StartingY            : 0

	Process              : WindowsTermina
	PID                  : 6240
	EProceess            : ffffa607d89e2080
	Cookie               : 0xde945aa2
	Token                : ffffb90e2e53d292
	SectionObject        : ffffb90e2264e360
	SectionBaseAddress   : 00007ff773410000
	ProcessQuotaUsage    : 0000016c7eeca6f8
	ProcessQuotaPeak     : 0000016c7eeca708
	CurrDirHandle        : 0000000000000040
	CommandLine          : "C:\Program Files\WindowsApps\Microsoft.WindowsTerminal_1.22.11141.0_x64__8wekyb3d8bbwe\WindowsTerminal.exe" 
	WindowTitle          : C:\Program Files\WindowsApps\Microsoft.WindowsTerminal_1.22.11141.0_x64__8wekyb3d8bbwe\WindowsTerminal.exe
	DesktopInfo          : WinSta0\Default
	StartingX            : 0
	StartingY            : 0

	Process              : OpenConsole.ex
	PID                  : 5196
	EProceess            : ffffa607d8a4a2c0
	Cookie               : 0xbaca5d18
	Token                : ffffb90e2f7dc93a
	SectionObject        : ffffb90e3cd0bef0
	SectionBaseAddress   : 00007ff6f8d60000
	ProcessQuotaUsage    : 0000016c7eeca798
	ProcessQuotaPeak     : 0000016c7eeca7a8
	CurrDirHandle        : 0000000000000040
	CommandLine          : "C:\Program Files\WindowsApps\Microsoft.WindowsTerminal_1.22.11141.0_x64__8wekyb3d8bbwe\OpenConsole.exe" --headless --textMeasurement graphemes --width 120 --height 30 --signal 0x8fc --server 0x8f0
	WindowTitle          : C:\Program Files\WindowsApps\Microsoft.WindowsTerminal_1.22.11141.0_x64__8wekyb3d8bbwe\OpenConsole.exe
	DesktopInfo          : WinSta0\Default
	StartingX            : 0
	StartingY            : 0

	Process              : powershell.exe
	PID                  : 7636
	EProceess            : ffffa607da00a2c0
	Cookie               : 0x7338075f
	Token                : ffffb90e2639306d
	SectionObject        : ffffb90e3cd0bc70
	SectionBaseAddress   : 00007ff604f30000
	ProcessQuotaUsage    : 0000016c7eeca838
	ProcessQuotaPeak     : 0000016c7eeca848
	CurrDirHandle        : 0000000000000044
	CommandLine          : C:\Windows\System32\WindowsPowerShell\v1.0\powershell.exe
	WindowTitle          : Windows PowerShell
	DesktopInfo          : WinSta0\Default
	StartingX            : 0
	StartingY            : 0

	Process              : smartscreen.ex
	PID                  : 4788
	EProceess            : ffffa607d71ce080
	Cookie               : 0x331e313e
	Token                : ffffb90e248d606f
	SectionObject        : ffffb90e31a5a730
	SectionBaseAddress   : 00007ff6db170000
	ProcessQuotaUsage    : 0000016c7eeca8d8
	ProcessQuotaPeak     : 0000016c7eeca8e8
	CurrDirHandle        : 0000000000000040
	CommandLine          : C:\Windows\System32\smartscreen.exe -Embedding
	WindowTitle          : C:\Windows\System32\smartscreen.exe
	DesktopInfo          : 
	StartingX            : 0
	StartingY            : 0

	Process              : ShellExperienc
	PID                  : 8184
	EProceess            : ffffa607d9dc60c0
	Cookie               : 0xe09ade21
	Token                : ffffb90e3a6c85fb
	SectionObject        : ffffb90e3cd12a70
	SectionBaseAddress   : 00007ff7f1950000
	ProcessQuotaUsage    : 0000016c7eeca978
	ProcessQuotaPeak     : 0000016c7eeca988
	CurrDirHandle        : 0000000000000000
	CommandLine          : <NTSTATUS 0xC0000147>
	WindowTitle          : <NTSTATUS 0xC0000147>
	DesktopInfo          : <NTSTATUS 0xC0000147>
	StartingX            : 0
	StartingY            : 0

	Process              : audiodg.exe
	PID                  : 6768
	EProceess            : ffffa607d51e9080
	Cookie               : 0x5adabbd9
	Token                : ffffb90e392855fa
	SectionObject        : ffffb90e2adafc50
	SectionBaseAddress   : 00007ff6f5d00000
	ProcessQuotaUsage    : 0000016c7eecaa18
	ProcessQuotaPeak     : 0000016c7eecaa28
	CurrDirHandle        : 0000000000000040
	CommandLine          : C:\Windows\system32\AUDIODG.EXE 0x4f8
	WindowTitle          : C:\Windows\system32\AUDIODG.EXE
	DesktopInfo          : 
	StartingX            : 0
	StartingY            : 0

	Process              : RuntimeBroker.
	PID                  : 1628
	EProceess            : ffffa607df8d7080
	Cookie               : 0xeaba8661
	Token                : ffffb90e318d85fd
	SectionObject        : ffffb90e2adc0870
	SectionBaseAddress   : 00007ff7a3710000
	ProcessQuotaUsage    : 0000016c7eecaab8
	ProcessQuotaPeak     : 0000016c7eecaac8
	CurrDirHandle        : 0000000000000048
	CommandLine          : C:\Windows\System32\RuntimeBroker.exe -Embedding
	WindowTitle          : C:\Windows\System32\RuntimeBroker.exe
	DesktopInfo          : 
	StartingX            : 0
	StartingY            : 0

	Process              : notepad.exe
	PID                  : 1500
	EProceess            : ffffa607dec76080
	Cookie               : 0xd7e8ec41
	Token                : ffffb90e29173068
	SectionObject        : ffffb90e2ad8c610
	SectionBaseAddress   : 00007ff7f9e70000
	ProcessQuotaUsage    : 0000016c7eecab58
	ProcessQuotaPeak     : 0000016c7eecab68
	CurrDirHandle        : 0000000000000040
	CommandLine          : "C:\Windows\system32\notepad.exe" 
	WindowTitle          : C:\ProgramData\Microsoft\Windows\Start Menu\Programs\Accessories\Notepad.lnk
	DesktopInfo          : Winsta0\Default
	StartingX            : 0
	StartingY            : 0

	Process              : explorer.exe
	PID                  : 1488
	EProceess            : ffffa607d6adb080
	Cookie               : 0xe39e04e0
	Token                : ffffb90e2bb9c068
	SectionObject        : ffffb90e3d7b9d30
	SectionBaseAddress   : 00007ff7350f0000
	ProcessQuotaUsage    : 0000016c7eecabf8
	ProcessQuotaPeak     : 0000016c7eecac08
	CurrDirHandle        : 0000000000000040
	CommandLine          : C:\Windows\explorer.exe /factory,{75dff2b7-6936-4c06-a8bb-676a7b00b24b} -Embedding
	WindowTitle          : Microsoft.Windows.Explorer
	DesktopInfo          : WinSta0\Default
	StartingX            : 0
	StartingY            : 0

	Process              : brave.exe
	PID                  : 5164
	EProceess            : ffffa607d95ce080
	Cookie               : 0x5974b8d2
	Token                : ffffb90e2c18c92f
	SectionObject        : 0000000000000000
	SectionBaseAddress   : 00007ff7b4fe0000
	ProcessQuotaUsage    : 0000016c7eecac98
	ProcessQuotaPeak     : 0000016c7eecaca8
	CurrDirHandle        : 0000000000000000
	CommandLine          : <NTSTATUS 0xC0000147>
	WindowTitle          : <NTSTATUS 0xC0000147>
	DesktopInfo          : <NTSTATUS 0xC0000147>
	StartingX            : 0
	StartingY            : 0

	Process              : svchost.exe
	PID                  : 4736
	EProceess            : ffffa607dbdd1080
	Cookie               : 0x2e3eb3d4
	Token                : ffffb90e2c53a97d
	SectionObject        : ffffb90e2ad9ea90
	SectionBaseAddress   : 00007ff629410000
	ProcessQuotaUsage    : 0000016c7eecad38
	ProcessQuotaPeak     : 0000016c7eecad48
	CurrDirHandle        : 0000000000000000
	CommandLine          : <NTSTATUS 0xC0000147>
	WindowTitle          : <NTSTATUS 0xC0000147>
	DesktopInfo          : <NTSTATUS 0xC0000147>
	StartingX            : 0
	StartingY            : 0

	Process              : SearchProtocol
	PID                  : 7300
	EProceess            : ffffa607d8f890c0
	Cookie               : 0x48f375d
	Token                : ffffb90e2689599a
	SectionObject        : ffffb90e3cd10590
	SectionBaseAddress   : 00007ff70a380000
	ProcessQuotaUsage    : 0000016c7eecadd8
	ProcessQuotaPeak     : 0000016c7eecade8
	CurrDirHandle        : 0000000000000040
	CommandLine          : "C:\Windows\system32\SearchProtocolHost.exe" Global\UsGthrFltPipeMssGthrPipe9_ Global\UsGthrCtrlFltPipeMssGthrPipe9 1 -2147483646 "Software\Microsoft\Windows Search" "Mozilla/4.0 (compatible; MSIE 6.0; Windows NT; MS Search 4.0 Robot)" "C:\ProgramData\Microsoft\Search\Data\Temp\usgthrsvc" "DownLevelDaemon" 
	WindowTitle          : C:\Windows\system32\SearchProtocolHost.exe
	DesktopInfo          : 
	StartingX            : 0
	StartingY            : 0

	Process              : SearchFilterHo
	PID                  : 3956
	EProceess            : ffffa607de0a60c0
	Cookie               : 0x91f08780
	Token                : ffffb90e229b48bf
	SectionObject        : ffffb90e3cd1fb30
	SectionBaseAddress   : 00007ff7a5340000
	ProcessQuotaUsage    : 0000016c7eecae78
	ProcessQuotaPeak     : 0000016c7eecae88
	CurrDirHandle        : 0000000000000040
	CommandLine          : "C:\Windows\system32\SearchFilterHost.exe" 0 804 808 816 8192 812 788 
	WindowTitle          : C:\Windows\system32\SearchFilterHost.exe
	DesktopInfo          : mssrestricteddesk
	StartingX            : 0
	StartingY            : 0

	Process              : DumpIt.exe
	PID                  : 5012
	EProceess            : ffffa607d9344080
	Cookie               : 0x5fc1ad7d
	Token                : ffffb90e3d35693d
	SectionObject        : ffffb90e3cd025d0
	SectionBaseAddress   : 00007ff78a810000
	ProcessQuotaUsage    : 0000016c7eecaf18
	ProcessQuotaPeak     : 0000016c7eecaf28
	CurrDirHandle        : 0000000000000040
	CommandLine          : "C:\Users\sharkvm\Desktop\DumpIt.exe" 
	WindowTitle          : C:\Users\sharkvm\Desktop\DumpIt.exe
	DesktopInfo          : WinSta0\Default
	StartingX            : 0
	StartingY            : 0

	Process              : conhost.exe
	PID                  : 2636
	EProceess            : ffffa607d66d0080
	Cookie               : 0x3b4af0dc
	Token                : ffffb90e37013938
	SectionObject        : ffffb90e3cd115d0
	SectionBaseAddress   : 00007ff626ba0000
	ProcessQuotaUsage    : 0000016c7eecafb8
	ProcessQuotaPeak     : 0000016c7eecafc8
	CurrDirHandle        : 0000000000000044
	CommandLine          : \??\C:\Windows\system32\conhost.exe 0x4
	WindowTitle          : 
	DesktopInfo          : WinSta0\Default
	StartingX            : 0
	StartingY            : 0

 SessionId          ProcessName      SessionObject      SessionHandle              IoState         CreateTime
         0               System                  0                  0                 Null                    0
         0             Registry                  0                  0                 Null                    0
         0             smss.exe                  0                  0                 Null                    0
         0            csrss.exe   ffffa607d3d516d0   ffffffff80000530         Disconnected              58a5ebb
         0          wininit.exe   ffffa607d3d516d0   ffffffff80000530         Disconnected              58a5ebb
         1            csrss.exe   ffffa607d3f39d00   ffffffff800005f4            Connected              5b1e7a3
         0         services.exe   ffffa607d3d516d0   ffffffff80000530         Disconnected              58a5ebb
         1         winlogon.exe   ffffa607d3f39d00   ffffffff800005f4            Connected              5b1e7a3
         0            lsass.exe   ffffa607d3d516d0   ffffffff80000530         Disconnected              58a5ebb
         0          svchost.exe   ffffa607d3d516d0   ffffffff80000530         Disconnected              58a5ebb
         0       fontdrvhost.ex   ffffa607d3d516d0   ffffffff80000530         Disconnected              58a5ebb
         1       fontdrvhost.ex   ffffa607d3f39d00   ffffffff800005f4            Connected              5b1e7a3
         0          svchost.exe   ffffa607d3d516d0   ffffffff80000530         Disconnected              58a5ebb
         0          svchost.exe   ffffa607d3d516d0   ffffffff80000530         Disconnected              58a5ebb
         1          LogonUI.exe   ffffa607d3f39d00   ffffffff800005f4            Connected              5b1e7a3
         1              dwm.exe   ffffa607d3f39d00   ffffffff800005f4            Connected              5b1e7a3
         0          svchost.exe   ffffa607d3d516d0   ffffffff80000530         Disconnected              58a5ebb
         0          svchost.exe   ffffa607d3d516d0   ffffffff80000530         Disconnected              58a5ebb
         0          svchost.exe   ffffa607d3d516d0   ffffffff80000530         Disconnected              58a5ebb
         0          svchost.exe   ffffa607d3d516d0   ffffffff80000530         Disconnected              58a5ebb
         0          svchost.exe   ffffa607d3d516d0   ffffffff80000530         Disconnected              58a5ebb
         0          svchost.exe   ffffa607d3d516d0   ffffffff80000530         Disconnected              58a5ebb
         0          svchost.exe   ffffa607d3d516d0   ffffffff80000530         Disconnected              58a5ebb
         0          svchost.exe   ffffa607d3d516d0   ffffffff80000530         Disconnected              58a5ebb
         0          svchost.exe   ffffa607d3d516d0   ffffffff80000530         Disconnected              58a5ebb
         0          svchost.exe   ffffa607d3d516d0   ffffffff80000530         Disconnected              58a5ebb
         0          svchost.exe   ffffa607d3d516d0   ffffffff80000530         Disconnected              58a5ebb
         0          svchost.exe   ffffa607d3d516d0   ffffffff80000530         Disconnected              58a5ebb
         0          svchost.exe   ffffa607d3d516d0   ffffffff80000530         Disconnected              58a5ebb
         0          svchost.exe   ffffa607d3d516d0   ffffffff80000530         Disconnected              58a5ebb
         0          svchost.exe   ffffa607d3d516d0   ffffffff80000530         Disconnected              58a5ebb
         0          svchost.exe   ffffa607d3d516d0   ffffffff80000530         Disconnected              58a5ebb
         0          svchost.exe   ffffa607d3d516d0   ffffffff80000530         Disconnected              58a5ebb
         0       MemCompression   ffffa607d3d516d0   ffffffff80000530         Disconnected              58a5ebb
         0          svchost.exe   ffffa607d3d516d0   ffffffff80000530         Disconnected              58a5ebb
         0          svchost.exe   ffffa607d3d516d0   ffffffff80000530         Disconnected              58a5ebb
         0          svchost.exe   ffffa607d3d516d0   ffffffff80000530         Disconnected              58a5ebb
         0          svchost.exe   ffffa607d3d516d0   ffffffff80000530         Disconnected              58a5ebb
         0          svchost.exe   ffffa607d3d516d0   ffffffff80000530         Disconnected              58a5ebb
         0          svchost.exe   ffffa607d3d516d0   ffffffff80000530         Disconnected              58a5ebb
         0          svchost.exe   ffffa607d3d516d0   ffffffff80000530         Disconnected              58a5ebb
         0          svchost.exe   ffffa607d3d516d0   ffffffff80000530         Disconnected              58a5ebb
         0          svchost.exe   ffffa607d3d516d0   ffffffff80000530         Disconnected              58a5ebb
         0          svchost.exe   ffffa607d3d516d0   ffffffff80000530         Disconnected              58a5ebb
         0          svchost.exe   ffffa607d3d516d0   ffffffff80000530         Disconnected              58a5ebb
         0          svchost.exe   ffffa607d3d516d0   ffffffff80000530         Disconnected              58a5ebb
         0          svchost.exe   ffffa607d3d516d0   ffffffff80000530         Disconnected              58a5ebb
         0          svchost.exe   ffffa607d3d516d0   ffffffff80000530         Disconnected              58a5ebb
         0          svchost.exe   ffffa607d3d516d0   ffffffff80000530         Disconnected              58a5ebb
         0          spoolsv.exe   ffffa607d3d516d0   ffffffff80000530         Disconnected              58a5ebb
         0          svchost.exe   ffffa607d3d516d0   ffffffff80000530         Disconnected              58a5ebb
         0          svchost.exe   ffffa607d3d516d0   ffffffff80000530         Disconnected              58a5ebb
         0          svchost.exe   ffffa607d3d516d0   ffffffff80000530         Disconnected              58a5ebb
         0          svchost.exe   ffffa607d3d516d0   ffffffff80000530         Disconnected              58a5ebb
         0          svchost.exe   ffffa607d3d516d0   ffffffff80000530         Disconnected              58a5ebb
         0          svchost.exe   ffffa607d3d516d0   ffffffff80000530         Disconnected              58a5ebb
         0       Everything.exe   ffffa607d3d516d0   ffffffff80000530         Disconnected              58a5ebb
         0          svchost.exe   ffffa607d3d516d0   ffffffff80000530         Disconnected              58a5ebb
         0       IpOverUsbSvc.e   ffffa607d3d516d0   ffffffff80000530         Disconnected              58a5ebb
         0        sqlwriter.exe   ffffa607d3d516d0   ffffffff80000530         Disconnected              58a5ebb
         0          svchost.exe   ffffa607d3d516d0   ffffffff80000530         Disconnected              58a5ebb
         0       VGAuthService.   ffffa607d3d516d0   ffffffff80000530         Disconnected              58a5ebb
         0          svchost.exe   ffffa607d3d516d0   ffffffff80000530         Disconnected              58a5ebb
         0         vmtoolsd.exe   ffffa607d3d516d0   ffffffff80000530         Disconnected              58a5ebb
         0       vm3dservice.ex   ffffa607d3d516d0   ffffffff80000530         Disconnected              58a5ebb
         0          svchost.exe   ffffa607d3d516d0   ffffffff80000530         Disconnected              58a5ebb
         0          svchost.exe   ffffa607d3d516d0   ffffffff80000530         Disconnected              58a5ebb
         0          svchost.exe   ffffa607d3d516d0   ffffffff80000530         Disconnected              58a5ebb
         1       vm3dservice.ex   ffffa607d3f39d00   ffffffff800005f4            Connected              5b1e7a3
         0          svchost.exe   ffffa607d3d516d0   ffffffff80000530         Disconnected              58a5ebb
         0          dllhost.exe   ffffa607d3d516d0   ffffffff80000530         Disconnected              58a5ebb
         0          dllhost.exe   ffffa607d3d516d0   ffffffff80000530         Disconnected              58a5ebb
         0            msdtc.exe   ffffa607d3d516d0   ffffffff80000530         Disconnected              58a5ebb
         0         WmiPrvSE.exe   ffffa607d3d516d0   ffffffff80000530         Disconnected              58a5ebb
         2            csrss.exe   ffffa607d6b34c80   ffffffff80001af0             LoggedOn              dbd2e9f
         2         winlogon.exe   ffffa607d6b34c80   ffffffff80001af0             LoggedOn              dbd2e9f
         0          svchost.exe   ffffa607d3d516d0   ffffffff80000530         Disconnected              58a5ebb
         2              dwm.exe   ffffa607d6b34c80   ffffffff80001af0             LoggedOn              dbd2e9f
         2       fontdrvhost.ex   ffffa607d6b34c80   ffffffff80001af0             LoggedOn              dbd2e9f
         0          svchost.exe   ffffa607d3d516d0   ffffffff80000530         Disconnected              58a5ebb
         2          rdpclip.exe   ffffa607d6b34c80   ffffffff80001af0             LoggedOn              dbd2e9f
         2           sihost.exe   ffffa607d6b34c80   ffffffff80001af0             LoggedOn              dbd2e9f
         2          svchost.exe   ffffa607d6b34c80   ffffffff80001af0             LoggedOn              dbd2e9f
         2          svchost.exe   ffffa607d6b34c80   ffffffff80001af0             LoggedOn              dbd2e9f
         2        taskhostw.exe   ffffa607d6b34c80   ffffffff80001af0             LoggedOn              dbd2e9f
         0          svchost.exe   ffffa607d3d516d0   ffffffff80000530         Disconnected              58a5ebb
         0          svchost.exe   ffffa607d3d516d0   ffffffff80000530         Disconnected              58a5ebb
         2           ctfmon.exe   ffffa607d6b34c80   ffffffff80001af0             LoggedOn              dbd2e9f
         0          svchost.exe   ffffa607d3d516d0   ffffffff80000530         Disconnected              58a5ebb
         2         userinit.exe   ffffa607d6b34c80   ffffffff80001af0             LoggedOn              dbd2e9f
         2         explorer.exe   ffffa607d6b34c80   ffffffff80001af0             LoggedOn              dbd2e9f
         2          svchost.exe   ffffa607d6b34c80   ffffffff80001af0             LoggedOn              dbd2e9f
         2       StartMenuExper   ffffa607d6b34c80   ffffffff80001af0             LoggedOn              dbd2e9f
         2       RuntimeBroker.   ffffa607d6b34c80   ffffffff80001af0             LoggedOn              dbd2e9f
         2        SearchApp.exe   ffffa607d6b34c80   ffffffff80001af0             LoggedOn              dbd2e9f
         0       SearchIndexer.   ffffa607d3d516d0   ffffffff80000530         Disconnected              58a5ebb
         2       RuntimeBroker.   ffffa607d6b34c80   ffffffff80001af0             LoggedOn              dbd2e9f
         0          svchost.exe   ffffa607d3d516d0   ffffffff80000530         Disconnected              58a5ebb
         2       RuntimeBroker.   ffffa607d6b34c80   ffffffff80001af0             LoggedOn              dbd2e9f
         2       SecurityHealth   ffffa607d6b34c80   ffffffff80001af0             LoggedOn              dbd2e9f
         0       SecurityHealth   ffffa607d3d516d0   ffffffff80000530         Disconnected              58a5ebb
         2         vmtoolsd.exe   ffffa607d6b34c80   ffffffff80001af0             LoggedOn              dbd2e9f
         2         OneDrive.exe   ffffa607d6b34c80   ffffffff80001af0             LoggedOn              dbd2e9f
         2       Everything.exe   ffffa607d6b34c80   ffffffff80001af0             LoggedOn              dbd2e9f
         0          svchost.exe   ffffa607d3d516d0   ffffffff80000530         Disconnected              58a5ebb
         2         OneDrive.exe   ffffa607d6b34c80   ffffffff80001af0             LoggedOn              dbd2e9f
         2       Microsoft.Shar   ffffa607d6b34c80   ffffffff80001af0             LoggedOn              dbd2e9f
         0          svchost.exe   ffffa607d3d516d0   ffffffff80000530         Disconnected              58a5ebb
         0          svchost.exe   ffffa607d3d516d0   ffffffff80000530         Disconnected              58a5ebb
         2       TextInputHost.   ffffa607d6b34c80   ffffffff80001af0             LoggedOn              dbd2e9f
         0         sqlservr.exe   ffffa607d3d516d0   ffffffff80000530         Disconnected              58a5ebb
         0         sqlservr.exe   ffffa607d3d516d0   ffffffff80000530         Disconnected              58a5ebb
         0          svchost.exe   ffffa607d3d516d0   ffffffff80000530         Disconnected              58a5ebb
         0       SgrmBroker.exe   ffffa607d3d516d0   ffffffff80000530         Disconnected              58a5ebb
         0          sqlceip.exe   ffffa607d3d516d0   ffffffff80000530         Disconnected              58a5ebb
         0          sqlceip.exe   ffffa607d3d516d0   ffffffff80000530         Disconnected              58a5ebb
         0          svchost.exe   ffffa607d3d516d0   ffffffff80000530         Disconnected              58a5ebb
         0          svchost.exe   ffffa607d3d516d0   ffffffff80000530         Disconnected              58a5ebb
         2          svchost.exe   ffffa607d6b34c80   ffffffff80001af0             LoggedOn              dbd2e9f
         0          svchost.exe   ffffa607d3d516d0   ffffffff80000530         Disconnected              58a5ebb
         0          svchost.exe   ffffa607d3d516d0   ffffffff80000530         Disconnected              58a5ebb
         0       MicrosoftEdgeU   ffffa607d3d516d0   ffffffff80000530         Disconnected              58a5ebb
         2            brave.exe   ffffa607d6b34c80   ffffffff80001af0             LoggedOn              dbd2e9f
         0          svchost.exe   ffffa607d3d516d0   ffffffff80000530         Disconnected              58a5ebb
         2       UserOOBEBroker   ffffa607d6b34c80   ffffffff80001af0             LoggedOn              dbd2e9f
         2       MusNotifyIcon.   ffffa607d6b34c80   ffffffff80001af0             LoggedOn              dbd2e9f
         0       MpDefenderCore   ffffa607d3d516d0   ffffffff80000530         Disconnected              58a5ebb
         0          MsMpEng.exe   ffffa607d3d516d0   ffffffff80000530         Disconnected              58a5ebb
         0           NisSrv.exe   ffffa607d3d516d0   ffffffff80000530         Disconnected              58a5ebb
         2          dllhost.exe   ffffa607d6b34c80   ffffffff80001af0             LoggedOn              dbd2e9f
         0          svchost.exe   ffffa607d3d516d0   ffffffff80000530         Disconnected              58a5ebb
         0          svchost.exe   ffffa607d3d516d0   ffffffff80000530         Disconnected              58a5ebb
         2          dllhost.exe   ffffa607d6b34c80   ffffffff80001af0             LoggedOn              dbd2e9f
         2        taskhostw.exe   ffffa607d6b34c80   ffffffff80001af0             LoggedOn              dbd2e9f
         0         WUDFHost.exe   ffffa607d3d516d0   ffffffff80000530         Disconnected              58a5ebb
         2        Procmon64.exe   ffffa607d6b34c80   ffffffff80001af0             LoggedOn              dbd2e9f
         2        Procmon64.exe   ffffa607d6b34c80   ffffffff80001af0             LoggedOn              dbd2e9f
         0          svchost.exe   ffffa607d3d516d0   ffffffff80000530         Disconnected              58a5ebb
         2       WindowsTermina   ffffa607d6b34c80   ffffffff80001af0             LoggedOn              dbd2e9f
         2       OpenConsole.ex   ffffa607d6b34c80   ffffffff80001af0             LoggedOn              dbd2e9f
         2       powershell.exe   ffffa607d6b34c80   ffffffff80001af0             LoggedOn              dbd2e9f
         2       smartscreen.ex   ffffa607d6b34c80   ffffffff80001af0             LoggedOn              dbd2e9f
         2       ShellExperienc   ffffa607d6b34c80   ffffffff80001af0             LoggedOn              dbd2e9f
         0          audiodg.exe   ffffa607d3d516d0   ffffffff80000530         Disconnected              58a5ebb
         2       RuntimeBroker.   ffffa607d6b34c80   ffffffff80001af0             LoggedOn              dbd2e9f
         2          notepad.exe   ffffa607d6b34c80   ffffffff80001af0             LoggedOn              dbd2e9f
         2         explorer.exe   ffffa607d6b34c80   ffffffff80001af0             LoggedOn              dbd2e9f
         2            brave.exe   ffffa607d6b34c80   ffffffff80001af0             LoggedOn              dbd2e9f
         0          svchost.exe   ffffa607d3d516d0   ffffffff80000530         Disconnected              58a5ebb
         0       SearchProtocol   ffffa607d3d516d0   ffffffff80000530         Disconnected              58a5ebb
         0       SearchFilterHo   ffffa607d3d516d0   ffffffff80000530         Disconnected              58a5ebb
         2           DumpIt.exe   ffffa607d6b34c80   ffffffff80001af0             LoggedOn              dbd2e9f
         2          conhost.exe   ffffa607d6b34c80   ffffffff80001af0             LoggedOn              dbd2e9f
  Process=smss.exe
  PPID=0x6(6)
  PID=0x138(312)
  Peb=0x00000077fc1e8000
  Params=0x00000202b5a02880
  Environment=0x00000202b5a027f0
  EnvironmentSize=0x7e
	Path=C:\Windows\System32
	SystemDrive=C:

  Process=csrss.exe
  PPID=0x19e(414)
  PID=0x1a4(420)
  Peb=0x000000e78d0e0000
  Params=0x000002c31e6030b0
  Environment=0x000002c31e6027f0
  EnvironmentSize=0x8aa
	ComSpec=C:\Windows\system32\cmd.exe
	DriverData=C:\Windows\System32\Drivers\DriverData
	NUMBER_OF_PROCESSORS=2
	OS=Windows_NT
	Path=C:\Windows\system32;C:\Windows;C:\Windows\System32\Wbem;C:\Windows\System32\WindowsPowerShell\v1.0\;C:\Windows\System32\OpenSSH\;C:\Program Files (x86)\Windows Kits\10\Windows Performance Toolkit\;C:\SysinternalsSuite;C:\Program Files (x86)\Microsoft SQL Server\160\Tools\Binn\;C:\Program Files\Microsoft SQL Server\160\Tools\Binn\;C:\Program Files\Microsoft SQL Server\Client SDK\ODBC\170\Tools\Binn\;C:\Program Files\Microsoft SQL Server\160\DTS\Binn\;C:\Program Files\010 Editor;
	PATHEXT=.COM;.EXE;.BAT;.CMD;.VBS;.VBE;.JS;.JSE;.WSF;.WSH;.MSC
	PROCESSOR_ARCHITECTURE=AMD64
	PROCESSOR_IDENTIFIER=Intel64 Family 6 Model 140 Stepping 1, GenuineIntel
	PROCESSOR_LEVEL=6
	PROCESSOR_REVISION=8c01
	PSModulePath=%ProgramFiles%\WindowsPowerShell\Modules;C:\Windows\system32\WindowsPowerShell\v1.0\Modules;C:\Program Files (x86)\Microsoft SQL Server\160\Tools\PowerShell\Modules\
	SystemDrive=C:
	SystemRoot=C:\Windows
	TEMP=C:\Windows\TEMP
	TMP=C:\Windows\TEMP
	USERNAME=SYSTEM

  Process=wininit.exe
  PPID=0x19e(414)
  PID=0x1f8(504)
  Peb=0x000000e358f5e000
  Params=0x000001ec598818a0
  Environment=0x000001ec598a6f40
  EnvironmentSize=0xbf6

  Process=csrss.exe
  PPID=0x1f2(498)
  PID=0x200(512)
  Peb=0x0000007e93364000
  Params=0x000001eaa68030b0
  Environment=0x000001eaa68027f0
  EnvironmentSize=0x8aa

  Process=services.exe
  PPID=0x1f8(504)
  PID=0x244(580)
  Peb=0x0000002b02ab5000
  Params=0x0000017059003400
  Environment=0x00000170590027f0
  EnvironmentSize=0xbf6
	ALLUSERSPROFILE=C:\ProgramData
	CommonProgramFiles=C:\Program Files\Common Files
	CommonProgramFiles(x86)=C:\Program Files (x86)\Common Files
	CommonProgramW6432=C:\Program Files\Common Files
	COMPUTERNAME=DESKTOP-FPGOBQG
	ComSpec=C:\Windows\system32\cmd.exe
	DriverData=C:\Windows\System32\Drivers\DriverData
	NUMBER_OF_PROCESSORS=2
	OS=Windows_NT
	Path=C:\Windows\system32;C:\Windows;C:\Windows\System32\Wbem;C:\Windows\System32\WindowsPowerShell\v1.0\;C:\Windows\System32\OpenSSH\;C:\Program Files (x86)\Windows Kits\10\Windows Performance Toolkit\;C:\SysinternalsSuite;C:\Program Files (x86)\Microsoft SQL Server\160\Tools\Binn\;C:\Program Files\Microsoft SQL Server\160\Tools\Binn\;C:\Program Files\Microsoft SQL Server\Client SDK\ODBC\170\Tools\Binn\;C:\Program Files\Microsoft SQL Server\160\DTS\Binn\;C:\Program Files\010 Editor;
	PATHEXT=.COM;.EXE;.BAT;.CMD;.VBS;.VBE;.JS;.JSE;.WSF;.WSH;.MSC
	PROCESSOR_ARCHITECTURE=AMD64
	PROCESSOR_IDENTIFIER=Intel64 Family 6 Model 140 Stepping 1, GenuineIntel
	PROCESSOR_LEVEL=6
	PROCESSOR_REVISION=8c01
	ProgramData=C:\ProgramData
	ProgramFiles=C:\Program Files
	ProgramFiles(x86)=C:\Program Files (x86)
	ProgramW6432=C:\Program Files
	PSModulePath=%ProgramFiles%\WindowsPowerShell\Modules;C:\Windows\system32\WindowsPowerShell\v1.0\Modules;C:\Program Files (x86)\Microsoft SQL Server\160\Tools\PowerShell\Modules\
	PUBLIC=C:\Users\Public
	SystemDrive=C:
	SystemRoot=C:\Windows
	TEMP=C:\Windows\TEMP
	TMP=C:\Windows\TEMP
	USERNAME=SYSTEM
	USERPROFILE=C:\Windows\system32\config\systemprofile

  Process=winlogon.exe
  PPID=0x1f2(498)
  PID=0x260(608)
  Peb=0x0000001685783000
  Params=0x00000120704a18a0
  Environment=0x00000120704b6620
  EnvironmentSize=0xbf6

  Process=lsass.exe
  PPID=0x1f8(504)
  PID=0x274(628)
  Peb=0x000000885d4ea000
  Params=0x000001f90a003400
  Environment=0x000001f90a0027f0
  EnvironmentSize=0xbf6
	ALLUSERSPROFILE=C:\ProgramData
	CommonProgramFiles=C:\Program Files\Common Files
	CommonProgramFiles(x86)=C:\Program Files (x86)\Common Files
	CommonProgramW6432=C:\Program Files\Common Files
	COMPUTERNAME=DESKTOP-FPGOBQG
	ComSpec=C:\Windows\system32\cmd.exe
	DriverData=C:\Windows\System32\Drivers\DriverData
	NUMBER_OF_PROCESSORS=2
	OS=Windows_NT
	Path=C:\Windows\System32
	PATHEXT=.COM;.EXE;.BAT;.CMD;.VBS;.VBE;.JS;.JSE;.WSF;.WSH;.MSC
	PROCESSOR_ARCHITECTURE=AMD64
	PROCESSOR_IDENTIFIER=Intel64 Family 6 Model 140 Stepping 1, GenuineIntel
	PROCESSOR_LEVEL=6
	PROCESSOR_REVISION=8c01
	ProgramData=C:\ProgramData
	ProgramFiles=C:\Program Files
	ProgramFiles(x86)=C:\Program Files (x86)
	ProgramW6432=C:\Program Files
	PSModulePath=%ProgramFiles%\WindowsPowerShell\Modules;C:\Windows\system32\WindowsPowerShell\v1.0\Modules;C:\Program Files (x86)\Microsoft SQL Server\160\Tools\PowerShell\Modules\
	PUBLIC=C:\Users\Public
	SystemDrive=C:
	SystemRoot=C:\Windows
	TEMP=C:\Windows\TEMP
	TMP=C:\Windows\TEMP
	USERNAME=SYSTEM
	USERPROFILE=C:\Windows\system32\config\systemprofile

  Process=svchost.exe
  PPID=0x246(582)
  PID=0x300(768)
  Peb=0x0000001fa5fef000
  Params=0x000001c348c035e0
  Environment=0x000001c348c027f0
  EnvironmentSize=0xdd6
	ALLUSERSPROFILE=C:\ProgramData
	APPDATA=C:\Windows\system32\config\systemprofile\AppData\Roaming
	CommonProgramFiles=C:\Program Files\Common Files
	CommonProgramFiles(x86)=C:\Program Files (x86)\Common Files
	CommonProgramW6432=C:\Program Files\Common Files
	COMPUTERNAME=DESKTOP-FPGOBQG
	ComSpec=C:\Windows\system32\cmd.exe
	DriverData=C:\Windows\System32\Drivers\DriverData
	LOCALAPPDATA=C:\Windows\system32\config\systemprofile\AppData\Local
	NUMBER_OF_PROCESSORS=2
	OS=Windows_NT
	Path=C:\Windows\system32;C:\Windows;C:\Windows\System32\Wbem;C:\Windows\System32\WindowsPowerShell\v1.0\;C:\Windows\System32\OpenSSH\;C:\Program Files (x86)\Windows Kits\10\Windows Performance Toolkit\;C:\SysinternalsSuite;C:\Program Files (x86)\Microsoft SQL Server\160\Tools\Binn\;C:\Program Files\Microsoft SQL Server\160\Tools\Binn\;C:\Program Files\Microsoft SQL Server\Client SDK\ODBC\170\Tools\Binn\;C:\Program Files\Microsoft SQL Server\160\DTS\Binn\;C:\Program Files\010 Editor;C:\Windows\system32\config\systemprofile\AppData\Local\Microsoft\WindowsApps
	PATHEXT=.COM;.EXE;.BAT;.CMD;.VBS;.VBE;.JS;.JSE;.WSF;.WSH;.MSC
	PROCESSOR_ARCHITECTURE=AMD64
	PROCESSOR_IDENTIFIER=Intel64 Family 6 Model 140 Stepping 1, GenuineIntel
	PROCESSOR_LEVEL=6
	PROCESSOR_REVISION=8c01
	ProgramData=C:\ProgramData
	ProgramFiles=C:\Program Files
	ProgramFiles(x86)=C:\Program Files (x86)
	ProgramW6432=C:\Program Files
	PSModulePath=%ProgramFiles%\WindowsPowerShell\Modules;C:\Windows\system32\WindowsPowerShell\v1.0\Modules;C:\Program Files (x86)\Microsoft SQL Server\160\Tools\PowerShell\Modules\
	PUBLIC=C:\Users\Public
	SystemDrive=C:
	SystemRoot=C:\Windows
	TEMP=C:\Windows\TEMP
	TMP=C:\Windows\TEMP
	USERDOMAIN=WORKGROUP
	USERNAME=DESKTOP-FPGOBQG$
	USERPROFILE=C:\Windows\system32\config\systemprofile

  Process=fontdrvhost.ex
  PPID=0x1fa(506)
  PID=0x318(792)
  Peb=0x000000c1ba7ba000
  Params=0x0000020199ef1d00
  Environment=0x0000020199ef0fe0
  EnvironmentSize=0xd12

  Process=fontdrvhost.ex
  PPID=0x262(610)
  PID=0x31c(796)
  Peb=0x000000142d025000
  Params=0x0000017ed12b1d00
  Environment=0x0000017ed12b0fe0
  EnvironmentSize=0xd12

  Process=svchost.exe
  PPID=0x246(582)
  PID=0x37c(892)
  Peb=0x0000004fde26f000
  Params=0x0000020645003660
  Environment=0x00000206450027f0
  EnvironmentSize=0xe5e
	ALLUSERSPROFILE=C:\ProgramData
	APPDATA=C:\Windows\ServiceProfiles\NetworkService\AppData\Roaming
	CommonProgramFiles=C:\Program Files\Common Files
	CommonProgramFiles(x86)=C:\Program Files (x86)\Common Files
	CommonProgramW6432=C:\Program Files\Common Files
	COMPUTERNAME=DESKTOP-FPGOBQG
	ComSpec=C:\Windows\system32\cmd.exe
	DriverData=C:\Windows\System32\Drivers\DriverData
	LOCALAPPDATA=C:\Windows\ServiceProfiles\NetworkService\AppData\Local
	NUMBER_OF_PROCESSORS=2
	OS=Windows_NT
	Path=C:\Windows\system32;C:\Windows;C:\Windows\System32\Wbem;C:\Windows\System32\WindowsPowerShell\v1.0\;C:\Windows\System32\OpenSSH\;C:\Program Files (x86)\Windows Kits\10\Windows Performance Toolkit\;C:\SysinternalsSuite;C:\Program Files (x86)\Microsoft SQL Server\160\Tools\Binn\;C:\Program Files\Microsoft SQL Server\160\Tools\Binn\;C:\Program Files\Microsoft SQL Server\Client SDK\ODBC\170\Tools\Binn\;C:\Program Files\Microsoft SQL Server\160\DTS\Binn\;C:\Program Files\010 Editor;C:\Windows\ServiceProfiles\NetworkService\AppData\Local\Microsoft\WindowsApps
	PATHEXT=.COM;.EXE;.BAT;.CMD;.VBS;.VBE;.JS;.JSE;.WSF;.WSH;.MSC
	PROCESSOR_ARCHITECTURE=AMD64
	PROCESSOR_IDENTIFIER=Intel64 Family 6 Model 140 Stepping 1, GenuineIntel
	PROCESSOR_LEVEL=6
	PROCESSOR_REVISION=8c01
	ProgramData=C:\ProgramData
	ProgramFiles=C:\Program Files
	ProgramFiles(x86)=C:\Program Files (x86)
	ProgramW6432=C:\Program Files
	PSModulePath=%ProgramFiles%\WindowsPowerShell\Modules;C:\Windows\system32\WindowsPowerShell\v1.0\Modules;C:\Program Files (x86)\Microsoft SQL Server\160\Tools\PowerShell\Modules\
	PUBLIC=C:\Users\Public
	SystemDrive=C:
	SystemRoot=C:\Windows
	TEMP=C:\Windows\SERVIC~1\NETWOR~1\AppData\Local\Temp
	TMP=C:\Windows\SERVIC~1\NETWOR~1\AppData\Local\Temp
	USERDOMAIN=WORKGROUP
	USERNAME=DESKTOP-FPGOBQG$
	USERPROFILE=C:\Windows\ServiceProfiles\NetworkService

  Process=svchost.exe
  PPID=0x246(582)
  PID=0x3ac(940)
  Peb=0x0000007b38616000
  Params=0x000001ed804035e0
  Environment=0x000001ed804027f0
  EnvironmentSize=0xdd6
	ALLUSERSPROFILE=C:\ProgramData
	APPDATA=C:\Windows\system32\config\systemprofile\AppData\Roaming
	CommonProgramFiles=C:\Program Files\Common Files
	CommonProgramFiles(x86)=C:\Program Files (x86)\Common Files
	CommonProgramW6432=C:\Program Files\Common Files
	COMPUTERNAME=DESKTOP-FPGOBQG
	ComSpec=C:\Windows\system32\cmd.exe
	DriverData=C:\Windows\System32\Drivers\DriverData
	LOCALAPPDATA=C:\Windows\system32\config\systemprofile\AppData\Local
	NUMBER_OF_PROCESSORS=2
	OS=Windows_NT
	Path=C:\Windows\system32;C:\Windows;C:\Windows\System32\Wbem;C:\Windows\System32\WindowsPowerShell\v1.0\;C:\Windows\System32\OpenSSH\;C:\Program Files (x86)\Windows Kits\10\Windows Performance Toolkit\;C:\SysinternalsSuite;C:\Program Files (x86)\Microsoft SQL Server\160\Tools\Binn\;C:\Program Files\Microsoft SQL Server\160\Tools\Binn\;C:\Program Files\Microsoft SQL Server\Client SDK\ODBC\170\Tools\Binn\;C:\Program Files\Microsoft SQL Server\160\DTS\Binn\;C:\Program Files\010 Editor;C:\Windows\system32\config\systemprofile\AppData\Local\Microsoft\WindowsApps
	PATHEXT=.COM;.EXE;.BAT;.CMD;.VBS;.VBE;.JS;.JSE;.WSF;.WSH;.MSC
	PROCESSOR_ARCHITECTURE=AMD64
	PROCESSOR_IDENTIFIER=Intel64 Family 6 Model 140 Stepping 1, GenuineIntel
	PROCESSOR_LEVEL=6
	PROCESSOR_REVISION=8c01
	ProgramData=C:\ProgramData
	ProgramFiles=C:\Program Files
	ProgramFiles(x86)=C:\Program Files (x86)
	ProgramW6432=C:\Program Files
	PSModulePath=%ProgramFiles%\WindowsPowerShell\Modules;C:\Windows\system32\WindowsPowerShell\v1.0\Modules;C:\Program Files (x86)\Microsoft SQL Server\160\Tools\PowerShell\Modules\
	PUBLIC=C:\Users\Public
	SystemDrive=C:
	SystemRoot=C:\Windows
	TEMP=C:\Windows\TEMP
	TMP=C:\Windows\TEMP
	USERDOMAIN=WORKGROUP
	USERNAME=DESKTOP-FPGOBQG$
	USERPROFILE=C:\Windows\system32\config\systemprofile

  Process=LogonUI.exe
  PPID=0x260(608)
  PID=0x3f0(1008)
  Peb=0x0000003c54ff7000
  Params=0x000001bf90b41be0
  Environment=0x000001bf90b40fe0
  EnvironmentSize=0xbf6
	ALLUSERSPROFILE=C:\ProgramData
	CommonProgramFiles=C:\Program Files\Common Files
	CommonProgramFiles(x86)=C:\Program Files (x86)\Common Files
	CommonProgramW6432=C:\Program Files\Common Files
	COMPUTERNAME=DESKTOP-FPGOBQG
	ComSpec=C:\Windows\system32\cmd.exe
	DriverData=C:\Windows\System32\Drivers\DriverData
	NUMBER_OF_PROCESSORS=2
	OS=Windows_NT
	Path=C:\Windows\system32;C:\Windows;C:\Windows\System32\Wbem;C:\Windows\System32\WindowsPowerShell\v1.0\;C:\Windows\System32\OpenSSH\;C:\Program Files (x86)\Windows Kits\10\Windows Performance Toolkit\;C:\SysinternalsSuite;C:\Program Files (x86)\Microsoft SQL Server\160\Tools\Binn\;C:\Program Files\Microsoft SQL Server\160\Tools\Binn\;C:\Program Files\Microsoft SQL Server\Client SDK\ODBC\170\Tools\Binn\;C:\Program Files\Microsoft SQL Server\160\DTS\Binn\;C:\Program Files\010 Editor;
	PATHEXT=.COM;.EXE;.BAT;.CMD;.VBS;.VBE;.JS;.JSE;.WSF;.WSH;.MSC
	PROCESSOR_ARCHITECTURE=AMD64
	PROCESSOR_IDENTIFIER=Intel64 Family 6 Model 140 Stepping 1, GenuineIntel
	PROCESSOR_LEVEL=6
	PROCESSOR_REVISION=8c01
	ProgramData=C:\ProgramData
	ProgramFiles=C:\Program Files
	ProgramFiles(x86)=C:\Program Files (x86)
	ProgramW6432=C:\Program Files
	PSModulePath=%ProgramFiles%\WindowsPowerShell\Modules;C:\Windows\system32\WindowsPowerShell\v1.0\Modules;C:\Program Files (x86)\Microsoft SQL Server\160\Tools\PowerShell\Modules\
	PUBLIC=C:\Users\Public
	SystemDrive=C:
	SystemRoot=C:\Windows
	TEMP=C:\Windows\TEMP
	TMP=C:\Windows\TEMP
	USERNAME=SYSTEM
	USERPROFILE=C:\Windows\system32\config\systemprofile

  Process=dwm.exe
  PPID=0x260(608)
  PID=0x3f8(1016)
  Peb=0x0000002b1027c000
  Params=0x000001460db31be0
  Environment=0x000001460db30fe0
  EnvironmentSize=0xbf6
	ALLUSERSPROFILE=C:\ProgramData
	CommonProgramFiles=C:\Program Files\Common Files
	CommonProgramFiles(x86)=C:\Program Files (x86)\Common Files
	CommonProgramW6432=C:\Program Files\Common Files
	COMPUTERNAME=DESKTOP-FPGOBQG
	ComSpec=C:\Windows\system32\cmd.exe
	DriverData=C:\Windows\System32\Drivers\DriverData
	NUMBER_OF_PROCESSORS=2
	OS=Windows_NT
	Path=C:\Windows\system32;C:\Windows;C:\Windows\System32\Wbem;C:\Windows\System32\WindowsPowerShell\v1.0\;C:\Windows\System32\OpenSSH\;C:\Program Files (x86)\Windows Kits\10\Windows Performance Toolkit\;C:\SysinternalsSuite;C:\Program Files (x86)\Microsoft SQL Server\160\Tools\Binn\;C:\Program Files\Microsoft SQL Server\160\Tools\Binn\;C:\Program Files\Microsoft SQL Server\Client SDK\ODBC\170\Tools\Binn\;C:\Program Files\Microsoft SQL Server\160\DTS\Binn\;C:\Program Files\010 Editor;
	PATHEXT=.COM;.EXE;.BAT;.CMD;.VBS;.VBE;.JS;.JSE;.WSF;.WSH;.MSC
	PROCESSOR_ARCHITECTURE=AMD64
	PROCESSOR_IDENTIFIER=Intel64 Family 6 Model 140 Stepping 1, GenuineIntel
	PROCESSOR_LEVEL=6
	PROCESSOR_REVISION=8c01
	ProgramData=C:\ProgramData
	ProgramFiles=C:\Program Files
	ProgramFiles(x86)=C:\Program Files (x86)
	ProgramW6432=C:\Program Files
	PSModulePath=%ProgramFiles%\WindowsPowerShell\Modules;C:\Windows\system32\WindowsPowerShell\v1.0\Modules;C:\Program Files (x86)\Microsoft SQL Server\160\Tools\PowerShell\Modules\
	PUBLIC=C:\Users\Public
	SystemDrive=C:
	SystemRoot=C:\Windows
	TEMP=C:\Windows\TEMP
	TMP=C:\Windows\TEMP
	USERNAME=SYSTEM
	USERPROFILE=C:\Windows\system32\config\systemprofile

  Process=svchost.exe
  PPID=0x246(582)
  PID=0x204(516)
  Peb=0x0000004f95ac0000
  Params=0x00000210a7803660
  Environment=0x00000210a78027f0
  EnvironmentSize=0xe5e
	ALLUSERSPROFILE=C:\ProgramData
	APPDATA=C:\Windows\ServiceProfiles\NetworkService\AppData\Roaming
	CommonProgramFiles=C:\Program Files\Common Files
	CommonProgramFiles(x86)=C:\Program Files (x86)\Common Files
	CommonProgramW6432=C:\Program Files\Common Files
	COMPUTERNAME=DESKTOP-FPGOBQG
	ComSpec=C:\Windows\system32\cmd.exe
	DriverData=C:\Windows\System32\Drivers\DriverData
	LOCALAPPDATA=C:\Windows\ServiceProfiles\NetworkService\AppData\Local
	NUMBER_OF_PROCESSORS=2
	OS=Windows_NT
	Path=C:\Windows\system32;C:\Windows;C:\Windows\System32\Wbem;C:\Windows\System32\WindowsPowerShell\v1.0\;C:\Windows\System32\OpenSSH\;C:\Program Files (x86)\Windows Kits\10\Windows Performance Toolkit\;C:\SysinternalsSuite;C:\Program Files (x86)\Microsoft SQL Server\160\Tools\Binn\;C:\Program Files\Microsoft SQL Server\160\Tools\Binn\;C:\Program Files\Microsoft SQL Server\Client SDK\ODBC\170\Tools\Binn\;C:\Program Files\Microsoft SQL Server\160\DTS\Binn\;C:\Program Files\010 Editor;C:\Windows\ServiceProfiles\NetworkService\AppData\Local\Microsoft\WindowsApps
	PATHEXT=.COM;.EXE;.BAT;.CMD;.VBS;.VBE;.JS;.JSE;.WSF;.WSH;.MSC
	PROCESSOR_ARCHITECTURE=AMD64
	PROCESSOR_IDENTIFIER=Intel64 Family 6 Model 140 Stepping 1, GenuineIntel
	PROCESSOR_LEVEL=6
	PROCESSOR_REVISION=8c01
	ProgramData=C:\ProgramData
	ProgramFiles=C:\Program Files
	ProgramFiles(x86)=C:\Program Files (x86)
	ProgramW6432=C:\Program Files
	PSModulePath=%ProgramFiles%\WindowsPowerShell\Modules;C:\Windows\system32\WindowsPowerShell\v1.0\Modules;C:\Program Files (x86)\Microsoft SQL Server\160\Tools\PowerShell\Modules\
	PUBLIC=C:\Users\Public
	SystemDrive=C:
	SystemRoot=C:\Windows
	TEMP=C:\Windows\SERVIC~1\NETWOR~1\AppData\Local\Temp
	TMP=C:\Windows\SERVIC~1\NETWOR~1\AppData\Local\Temp
	USERDOMAIN=WORKGROUP
	USERNAME=DESKTOP-FPGOBQG$
	USERPROFILE=C:\Windows\ServiceProfiles\NetworkService

  Process=svchost.exe
  PPID=0x246(582)
  PID=0x38c(908)
  Peb=0x000000d9b18da000
  Params=0x00000233e4e035e0
  Environment=0x00000233e4e027f0
  EnvironmentSize=0xdd6
	ALLUSERSPROFILE=C:\ProgramData
	APPDATA=C:\Windows\system32\config\systemprofile\AppData\Roaming
	CommonProgramFiles=C:\Program Files\Common Files
	CommonProgramFiles(x86)=C:\Program Files (x86)\Common Files
	CommonProgramW6432=C:\Program Files\Common Files
	COMPUTERNAME=DESKTOP-FPGOBQG
	ComSpec=C:\Windows\system32\cmd.exe
	DriverData=C:\Windows\System32\Drivers\DriverData
	LOCALAPPDATA=C:\Windows\system32\config\systemprofile\AppData\Local
	NUMBER_OF_PROCESSORS=2
	OS=Windows_NT
	Path=C:\Windows\system32;C:\Windows;C:\Windows\System32\Wbem;C:\Windows\System32\WindowsPowerShell\v1.0\;C:\Windows\System32\OpenSSH\;C:\Program Files (x86)\Windows Kits\10\Windows Performance Toolkit\;C:\SysinternalsSuite;C:\Program Files (x86)\Microsoft SQL Server\160\Tools\Binn\;C:\Program Files\Microsoft SQL Server\160\Tools\Binn\;C:\Program Files\Microsoft SQL Server\Client SDK\ODBC\170\Tools\Binn\;C:\Program Files\Microsoft SQL Server\160\DTS\Binn\;C:\Program Files\010 Editor;C:\Windows\system32\config\systemprofile\AppData\Local\Microsoft\WindowsApps
	PATHEXT=.COM;.EXE;.BAT;.CMD;.VBS;.VBE;.JS;.JSE;.WSF;.WSH;.MSC
	PROCESSOR_ARCHITECTURE=AMD64
	PROCESSOR_IDENTIFIER=Intel64 Family 6 Model 140 Stepping 1, GenuineIntel
	PROCESSOR_LEVEL=6
	PROCESSOR_REVISION=8c01
	ProgramData=C:\ProgramData
	ProgramFiles=C:\Program Files
	ProgramFiles(x86)=C:\Program Files (x86)
	ProgramW6432=C:\Program Files
	PSModulePath=%ProgramFiles%\WindowsPowerShell\Modules;C:\Windows\system32\WindowsPowerShell\v1.0\Modules;C:\Program Files (x86)\Microsoft SQL Server\160\Tools\PowerShell\Modules\
	PUBLIC=C:\Users\Public
	SystemDrive=C:
	SystemRoot=C:\Windows
	TEMP=C:\Windows\TEMP
	TMP=C:\Windows\TEMP
	USERDOMAIN=WORKGROUP
	USERNAME=DESKTOP-FPGOBQG$
	USERPROFILE=C:\Windows\system32\config\systemprofile

  Process=svchost.exe
  PPID=0x246(582)
  PID=0x408(1032)
  Peb=0x0000007c4bd5d000
  Params=0x0000026b96203650
  Environment=0x0000026b962027f0
  EnvironmentSize=0xe4e
	ALLUSERSPROFILE=C:\ProgramData
	APPDATA=C:\Windows\ServiceProfiles\LocalService\AppData\Roaming
	CommonProgramFiles=C:\Program Files\Common Files
	CommonProgramFiles(x86)=C:\Program Files (x86)\Common Files
	CommonProgramW6432=C:\Program Files\Common Files
	COMPUTERNAME=DESKTOP-FPGOBQG
	ComSpec=C:\Windows\system32\cmd.exe
	DriverData=C:\Windows\System32\Drivers\DriverData
	LOCALAPPDATA=C:\Windows\ServiceProfiles\LocalService\AppData\Local
	NUMBER_OF_PROCESSORS=2
	OS=Windows_NT
	Path=C:\Windows\system32;C:\Windows;C:\Windows\System32\Wbem;C:\Windows\System32\WindowsPowerShell\v1.0\;C:\Windows\System32\OpenSSH\;C:\Program Files (x86)\Windows Kits\10\Windows Performance Toolkit\;C:\SysinternalsSuite;C:\Program Files (x86)\Microsoft SQL Server\160\Tools\Binn\;C:\Program Files\Microsoft SQL Server\160\Tools\Binn\;C:\Program Files\Microsoft SQL Server\Client SDK\ODBC\170\Tools\Binn\;C:\Program Files\Microsoft SQL Server\160\DTS\Binn\;C:\Program Files\010 Editor;C:\Windows\ServiceProfiles\LocalService\AppData\Local\Microsoft\WindowsApps
	PATHEXT=.COM;.EXE;.BAT;.CMD;.VBS;.VBE;.JS;.JSE;.WSF;.WSH;.MSC
	PROCESSOR_ARCHITECTURE=AMD64
	PROCESSOR_IDENTIFIER=Intel64 Family 6 Model 140 Stepping 1, GenuineIntel
	PROCESSOR_LEVEL=6
	PROCESSOR_REVISION=8c01
	ProgramData=C:\ProgramData
	ProgramFiles=C:\Program Files
	ProgramFiles(x86)=C:\Program Files (x86)
	ProgramW6432=C:\Program Files
	PSModulePath=%ProgramFiles%\WindowsPowerShell\Modules;C:\Windows\system32\WindowsPowerShell\v1.0\Modules;C:\Program Files (x86)\Microsoft SQL Server\160\Tools\PowerShell\Modules\
	PUBLIC=C:\Users\Public
	SystemDrive=C:
	SystemRoot=C:\Windows
	TEMP=C:\Windows\SERVIC~1\LOCALS~1\AppData\Local\Temp
	TMP=C:\Windows\SERVIC~1\LOCALS~1\AppData\Local\Temp
	USERDOMAIN=NT AUTHORITY
	USERNAME=LOCAL SERVICE
	USERPROFILE=C:\Windows\ServiceProfiles\LocalService

  Process=svchost.exe
  PPID=0x246(582)
  PID=0x410(1040)
  Peb=0x000000c4f4b2a000
  Params=0x000001fd0e203650
  Environment=0x000001fd0e2027f0
  EnvironmentSize=0xe4e
	ALLUSERSPROFILE=C:\ProgramData
	APPDATA=C:\Windows\ServiceProfiles\LocalService\AppData\Roaming
	CommonProgramFiles=C:\Program Files\Common Files
	CommonProgramFiles(x86)=C:\Program Files (x86)\Common Files
	CommonProgramW6432=C:\Program Files\Common Files
	COMPUTERNAME=DESKTOP-FPGOBQG
	ComSpec=C:\Windows\system32\cmd.exe
	DriverData=C:\Windows\System32\Drivers\DriverData
	LOCALAPPDATA=C:\Windows\ServiceProfiles\LocalService\AppData\Local
	NUMBER_OF_PROCESSORS=2
	OS=Windows_NT
	Path=C:\Windows\system32;C:\Windows;C:\Windows\System32\Wbem;C:\Windows\System32\WindowsPowerShell\v1.0\;C:\Windows\System32\OpenSSH\;C:\Program Files (x86)\Windows Kits\10\Windows Performance Toolkit\;C:\SysinternalsSuite;C:\Program Files (x86)\Microsoft SQL Server\160\Tools\Binn\;C:\Program Files\Microsoft SQL Server\160\Tools\Binn\;C:\Program Files\Microsoft SQL Server\Client SDK\ODBC\170\Tools\Binn\;C:\Program Files\Microsoft SQL Server\160\DTS\Binn\;C:\Program Files\010 Editor;C:\Windows\ServiceProfiles\LocalService\AppData\Local\Microsoft\WindowsApps
	PATHEXT=.COM;.EXE;.BAT;.CMD;.VBS;.VBE;.JS;.JSE;.WSF;.WSH;.MSC
	PROCESSOR_ARCHITECTURE=AMD64
	PROCESSOR_IDENTIFIER=Intel64 Family 6 Model 140 Stepping 1, GenuineIntel
	PROCESSOR_LEVEL=6
	PROCESSOR_REVISION=8c01
	ProgramData=C:\ProgramData
	ProgramFiles=C:\Program Files
	ProgramFiles(x86)=C:\Program Files (x86)
	ProgramW6432=C:\Program Files
	PSModulePath=%ProgramFiles%\WindowsPowerShell\Modules;C:\Windows\system32\WindowsPowerShell\v1.0\Modules;C:\Program Files (x86)\Microsoft SQL Server\160\Tools\PowerShell\Modules\
	PUBLIC=C:\Users\Public
	SystemDrive=C:
	SystemRoot=C:\Windows
	TEMP=C:\Windows\SERVIC~1\LOCALS~1\AppData\Local\Temp
	TMP=C:\Windows\SERVIC~1\LOCALS~1\AppData\Local\Temp
	USERDOMAIN=NT AUTHORITY
	USERNAME=LOCAL SERVICE
	USERPROFILE=C:\Windows\ServiceProfiles\LocalService

  Process=svchost.exe
  PPID=0x246(582)
  PID=0x45c(1116)
  Peb=0x00000003d8699000
  Params=0x000001e42c803650
  Environment=0x000001e42c8027f0
  EnvironmentSize=0xe4e
	ALLUSERSPROFILE=C:\ProgramData
	APPDATA=C:\Windows\ServiceProfiles\LocalService\AppData\Roaming
	CommonProgramFiles=C:\Program Files\Common Files
	CommonProgramFiles(x86)=C:\Program Files (x86)\Common Files
	CommonProgramW6432=C:\Program Files\Common Files
	COMPUTERNAME=DESKTOP-FPGOBQG
	ComSpec=C:\Windows\system32\cmd.exe
	DriverData=C:\Windows\System32\Drivers\DriverData
	LOCALAPPDATA=C:\Windows\ServiceProfiles\LocalService\AppData\Local
	NUMBER_OF_PROCESSORS=2
	OS=Windows_NT
	Path=C:\Windows\system32;C:\Windows;C:\Windows\System32\Wbem;C:\Windows\System32\WindowsPowerShell\v1.0\;C:\Windows\System32\OpenSSH\;C:\Program Files (x86)\Windows Kits\10\Windows Performance Toolkit\;C:\SysinternalsSuite;C:\Program Files (x86)\Microsoft SQL Server\160\Tools\Binn\;C:\Program Files\Microsoft SQL Server\160\Tools\Binn\;C:\Program Files\Microsoft SQL Server\Client SDK\ODBC\170\Tools\Binn\;C:\Program Files\Microsoft SQL Server\160\DTS\Binn\;C:\Program Files\010 Editor;C:\Windows\ServiceProfiles\LocalService\AppData\Local\Microsoft\WindowsApps
	PATHEXT=.COM;.EXE;.BAT;.CMD;.VBS;.VBE;.JS;.JSE;.WSF;.WSH;.MSC
	PROCESSOR_ARCHITECTURE=AMD64
	PROCESSOR_IDENTIFIER=Intel64 Family 6 Model 140 Stepping 1, GenuineIntel
	PROCESSOR_LEVEL=6
	PROCESSOR_REVISION=8c01
	ProgramData=C:\ProgramData
	ProgramFiles=C:\Program Files
	ProgramFiles(x86)=C:\Program Files (x86)
	ProgramW6432=C:\Program Files
	PSModulePath=%ProgramFiles%\WindowsPowerShell\Modules;C:\Windows\system32\WindowsPowerShell\v1.0\Modules;C:\Program Files (x86)\Microsoft SQL Server\160\Tools\PowerShell\Modules\
	PUBLIC=C:\Users\Public
	SystemDrive=C:
	SystemRoot=C:\Windows
	TEMP=C:\Windows\SERVIC~1\LOCALS~1\AppData\Local\Temp
	TMP=C:\Windows\SERVIC~1\LOCALS~1\AppData\Local\Temp
	USERDOMAIN=NT AUTHORITY
	USERNAME=LOCAL SERVICE
	USERPROFILE=C:\Windows\ServiceProfiles\LocalService

  Process=svchost.exe
  PPID=0x246(582)
  PID=0x4a0(1184)
  Peb=0x0000002c72c24000
  Params=0x000001c1cf0035e0
  Environment=0x000001c1cf0027f0
  EnvironmentSize=0xdd6
	ALLUSERSPROFILE=C:\ProgramData
	APPDATA=C:\Windows\system32\config\systemprofile\AppData\Roaming
	CommonProgramFiles=C:\Program Files\Common Files
	CommonProgramFiles(x86)=C:\Program Files (x86)\Common Files
	CommonProgramW6432=C:\Program Files\Common Files
	COMPUTERNAME=DESKTOP-FPGOBQG
	ComSpec=C:\Windows\system32\cmd.exe
	DriverData=C:\Windows\System32\Drivers\DriverData
	LOCALAPPDATA=C:\Windows\system32\config\systemprofile\AppData\Local
	NUMBER_OF_PROCESSORS=2
	OS=Windows_NT
	Path=C:\Windows\system32;C:\Windows;C:\Windows\System32\Wbem;C:\Windows\System32\WindowsPowerShell\v1.0\;C:\Windows\System32\OpenSSH\;C:\Program Files (x86)\Windows Kits\10\Windows Performance Toolkit\;C:\SysinternalsSuite;C:\Program Files (x86)\Microsoft SQL Server\160\Tools\Binn\;C:\Program Files\Microsoft SQL Server\160\Tools\Binn\;C:\Program Files\Microsoft SQL Server\Client SDK\ODBC\170\Tools\Binn\;C:\Program Files\Microsoft SQL Server\160\DTS\Binn\;C:\Program Files\010 Editor;C:\Windows\system32\config\systemprofile\AppData\Local\Microsoft\WindowsApps
	PATHEXT=.COM;.EXE;.BAT;.CMD;.VBS;.VBE;.JS;.JSE;.WSF;.WSH;.MSC
	PROCESSOR_ARCHITECTURE=AMD64
	PROCESSOR_IDENTIFIER=Intel64 Family 6 Model 140 Stepping 1, GenuineIntel
	PROCESSOR_LEVEL=6
	PROCESSOR_REVISION=8c01
	ProgramData=C:\ProgramData
	ProgramFiles=C:\Program Files
	ProgramFiles(x86)=C:\Program Files (x86)
	ProgramW6432=C:\Program Files
	PSModulePath=%ProgramFiles%\WindowsPowerShell\Modules;C:\Windows\system32\WindowsPowerShell\v1.0\Modules;C:\Program Files (x86)\Microsoft SQL Server\160\Tools\PowerShell\Modules\
	PUBLIC=C:\Users\Public
	SystemDrive=C:
	SystemRoot=C:\Windows
	TEMP=C:\Windows\TEMP
	TMP=C:\Windows\TEMP
	USERDOMAIN=WORKGROUP
	USERNAME=DESKTOP-FPGOBQG$
	USERPROFILE=C:\Windows\system32\config\systemprofile

  Process=svchost.exe
  PPID=0x246(582)
  PID=0x4d0(1232)
  Peb=0x000000e01d60e000
  Params=0x000002175f8035e0
  Environment=0x000002175f8027f0
  EnvironmentSize=0xdda
	ALLUSERSPROFILE=C:\ProgramData
	APPDATA=C:\Windows\system32\config\systemprofile\AppData\Roaming
	CommonProgramFiles=C:\Program Files\Common Files
	CommonProgramFiles(x86)=C:\Program Files (x86)\Common Files
	CommonProgramW6432=C:\Program Files\Common Files
	COMPUTERNAME=DESKTOP-FPGOBQG
	ComSpec=C:\Windows\system32\cmd.exe
	DriverData=C:\Windows\System32\Drivers\DriverData
	LOCALAPPDATA=C:\Windows\system32\config\systemprofile\AppData\Local
	NUMBER_OF_PROCESSORS=2
	OS=Windows_NT
	Path=C:\Windows\system32;C:\Windows;C:\Windows\System32\Wbem;C:\Windows\System32\WindowsPowerShell\v1.0\;C:\Windows\System32\OpenSSH\;C:\Program Files (x86)\Windows Kits\10\Windows Performance Toolkit\;C:\SysinternalsSuite;C:\Program Files (x86)\Microsoft SQL Server\160\Tools\Binn\;C:\Program Files\Microsoft SQL Server\160\Tools\Binn\;C:\Program Files\Microsoft SQL Server\Client SDK\ODBC\170\Tools\Binn\;C:\Program Files\Microsoft SQL Server\160\DTS\Binn\;C:\Program Files\010 Editor;C:\Windows\system32\config\systemprofile\AppData\Local\Microsoft\WindowsApps
	PATHEXT=.COM;.EXE;.BAT;.CMD;.VBS;.VBE;.JS;.JSE;.WSF;.WSH;.MSC
	PROCESSOR_ARCHITECTURE=AMD64
	PROCESSOR_IDENTIFIER=Intel64 Family 6 Model 140 Stepping 1, GenuineIntel
	PROCESSOR_LEVEL=6
	PROCESSOR_REVISION=8c01
	ProgramData=C:\ProgramData
	ProgramFiles=C:\Program Files
	ProgramFiles(x86)=C:\Program Files (x86)
	ProgramW6432=C:\Program Files
	PSModulePath=C:\Program Files\WindowsPowerShell\Modules;C:\Windows\system32\WindowsPowerShell\v1.0\Modules;C:\Program Files (x86)\Microsoft SQL Server\160\Tools\PowerShell\Modules\
	PUBLIC=C:\Users\Public
	SystemDrive=C:
	SystemRoot=C:\Windows
	TEMP=C:\Windows\TEMP
	TMP=C:\Windows\TEMP
	USERDOMAIN=WORKGROUP
	USERNAME=DESKTOP-FPGOBQG$
	USERPROFILE=C:\Windows\system32\config\systemprofile

  Process=svchost.exe
  PPID=0x246(582)
  PID=0x4ec(1260)
  Peb=0x000000746595b000
  Params=0x000001c23ee03650
  Environment=0x000001c23ee027f0
  EnvironmentSize=0xe4e
	ALLUSERSPROFILE=C:\ProgramData
	APPDATA=C:\Windows\ServiceProfiles\LocalService\AppData\Roaming
	CommonProgramFiles=C:\Program Files\Common Files
	CommonProgramFiles(x86)=C:\Program Files (x86)\Common Files
	CommonProgramW6432=C:\Program Files\Common Files
	COMPUTERNAME=DESKTOP-FPGOBQG
	ComSpec=C:\Windows\system32\cmd.exe
	DriverData=C:\Windows\System32\Drivers\DriverData
	LOCALAPPDATA=C:\Windows\ServiceProfiles\LocalService\AppData\Local
	NUMBER_OF_PROCESSORS=2
	OS=Windows_NT
	Path=C:\Windows\system32;C:\Windows;C:\Windows\System32\Wbem;C:\Windows\System32\WindowsPowerShell\v1.0\;C:\Windows\System32\OpenSSH\;C:\Program Files (x86)\Windows Kits\10\Windows Performance Toolkit\;C:\SysinternalsSuite;C:\Program Files (x86)\Microsoft SQL Server\160\Tools\Binn\;C:\Program Files\Microsoft SQL Server\160\Tools\Binn\;C:\Program Files\Microsoft SQL Server\Client SDK\ODBC\170\Tools\Binn\;C:\Program Files\Microsoft SQL Server\160\DTS\Binn\;C:\Program Files\010 Editor;C:\Windows\ServiceProfiles\LocalService\AppData\Local\Microsoft\WindowsApps
	PATHEXT=.COM;.EXE;.BAT;.CMD;.VBS;.VBE;.JS;.JSE;.WSF;.WSH;.MSC
	PROCESSOR_ARCHITECTURE=AMD64
	PROCESSOR_IDENTIFIER=Intel64 Family 6 Model 140 Stepping 1, GenuineIntel
	PROCESSOR_LEVEL=6
	PROCESSOR_REVISION=8c01
	ProgramData=C:\ProgramData
	ProgramFiles=C:\Program Files
	ProgramFiles(x86)=C:\Program Files (x86)
	ProgramW6432=C:\Program Files
	PSModulePath=%ProgramFiles%\WindowsPowerShell\Modules;C:\Windows\system32\WindowsPowerShell\v1.0\Modules;C:\Program Files (x86)\Microsoft SQL Server\160\Tools\PowerShell\Modules\
	PUBLIC=C:\Users\Public
	SystemDrive=C:
	SystemRoot=C:\Windows
	TEMP=C:\Windows\SERVIC~1\LOCALS~1\AppData\Local\Temp
	TMP=C:\Windows\SERVIC~1\LOCALS~1\AppData\Local\Temp
	USERDOMAIN=NT AUTHORITY
	USERNAME=LOCAL SERVICE
	USERPROFILE=C:\Windows\ServiceProfiles\LocalService

  Process=svchost.exe
  PPID=0x246(582)
  PID=0x528(1320)
  Peb=0x000000c52b140000
  Params=0x000002a3482035e0
  Environment=0x000002a3482027f0
  EnvironmentSize=0xdda
	ALLUSERSPROFILE=C:\ProgramData
	APPDATA=C:\Windows\system32\config\systemprofile\AppData\Roaming
	CommonProgramFiles=C:\Program Files\Common Files
	CommonProgramFiles(x86)=C:\Program Files (x86)\Common Files
	CommonProgramW6432=C:\Program Files\Common Files
	COMPUTERNAME=DESKTOP-FPGOBQG
	ComSpec=C:\Windows\system32\cmd.exe
	DriverData=C:\Windows\System32\Drivers\DriverData
	LOCALAPPDATA=C:\Windows\system32\config\systemprofile\AppData\Local
	NUMBER_OF_PROCESSORS=2
	OS=Windows_NT
	Path=C:\Windows\system32;C:\Windows;C:\Windows\System32\Wbem;C:\Windows\System32\WindowsPowerShell\v1.0\;C:\Windows\System32\OpenSSH\;C:\Program Files (x86)\Windows Kits\10\Windows Performance Toolkit\;C:\SysinternalsSuite;C:\Program Files (x86)\Microsoft SQL Server\160\Tools\Binn\;C:\Program Files\Microsoft SQL Server\160\Tools\Binn\;C:\Program Files\Microsoft SQL Server\Client SDK\ODBC\170\Tools\Binn\;C:\Program Files\Microsoft SQL Server\160\DTS\Binn\;C:\Program Files\010 Editor;C:\Windows\system32\config\systemprofile\AppData\Local\Microsoft\WindowsApps
	PATHEXT=.COM;.EXE;.BAT;.CMD;.VBS;.VBE;.JS;.JSE;.WSF;.WSH;.MSC
	PROCESSOR_ARCHITECTURE=AMD64
	PROCESSOR_IDENTIFIER=Intel64 Family 6 Model 140 Stepping 1, GenuineIntel
	PROCESSOR_LEVEL=6
	PROCESSOR_REVISION=8c01
	ProgramData=C:\ProgramData
	ProgramFiles=C:\Program Files
	ProgramFiles(x86)=C:\Program Files (x86)
	ProgramW6432=C:\Program Files
	PSModulePath=C:\Program Files\WindowsPowerShell\Modules;C:\Windows\system32\WindowsPowerShell\v1.0\Modules;C:\Program Files (x86)\Microsoft SQL Server\160\Tools\PowerShell\Modules\
	PUBLIC=C:\Users\Public
	SystemDrive=C:
	SystemRoot=C:\Windows
	TEMP=C:\Windows\TEMP
	TMP=C:\Windows\TEMP
	USERDOMAIN=WORKGROUP
	USERNAME=DESKTOP-FPGOBQG$
	USERPROFILE=C:\Windows\system32\config\systemprofile

  Process=svchost.exe
  PPID=0x246(582)
  PID=0x544(1348)
  Peb=0x000000ed77b0e000
  Params=0x00000201aae03650
  Environment=0x00000201aae027f0
  EnvironmentSize=0xe4e
	ALLUSERSPROFILE=C:\ProgramData
	APPDATA=C:\Windows\ServiceProfiles\LocalService\AppData\Roaming
	CommonProgramFiles=C:\Program Files\Common Files
	CommonProgramFiles(x86)=C:\Program Files (x86)\Common Files
	CommonProgramW6432=C:\Program Files\Common Files
	COMPUTERNAME=DESKTOP-FPGOBQG
	ComSpec=C:\Windows\system32\cmd.exe
	DriverData=C:\Windows\System32\Drivers\DriverData
	LOCALAPPDATA=C:\Windows\ServiceProfiles\LocalService\AppData\Local
	NUMBER_OF_PROCESSORS=2
	OS=Windows_NT
	Path=C:\Windows\system32;C:\Windows;C:\Windows\System32\Wbem;C:\Windows\System32\WindowsPowerShell\v1.0\;C:\Windows\System32\OpenSSH\;C:\Program Files (x86)\Windows Kits\10\Windows Performance Toolkit\;C:\SysinternalsSuite;C:\Program Files (x86)\Microsoft SQL Server\160\Tools\Binn\;C:\Program Files\Microsoft SQL Server\160\Tools\Binn\;C:\Program Files\Microsoft SQL Server\Client SDK\ODBC\170\Tools\Binn\;C:\Program Files\Microsoft SQL Server\160\DTS\Binn\;C:\Program Files\010 Editor;C:\Windows\ServiceProfiles\LocalService\AppData\Local\Microsoft\WindowsApps
	PATHEXT=.COM;.EXE;.BAT;.CMD;.VBS;.VBE;.JS;.JSE;.WSF;.WSH;.MSC
	PROCESSOR_ARCHITECTURE=AMD64
	PROCESSOR_IDENTIFIER=Intel64 Family 6 Model 140 Stepping 1, GenuineIntel
	PROCESSOR_LEVEL=6
	PROCESSOR_REVISION=8c01
	ProgramData=C:\ProgramData
	ProgramFiles=C:\Program Files
	ProgramFiles(x86)=C:\Program Files (x86)
	ProgramW6432=C:\Program Files
	PSModulePath=%ProgramFiles%\WindowsPowerShell\Modules;C:\Windows\system32\WindowsPowerShell\v1.0\Modules;C:\Program Files (x86)\Microsoft SQL Server\160\Tools\PowerShell\Modules\
	PUBLIC=C:\Users\Public
	SystemDrive=C:
	SystemRoot=C:\Windows
	TEMP=C:\Windows\SERVIC~1\LOCALS~1\AppData\Local\Temp
	TMP=C:\Windows\SERVIC~1\LOCALS~1\AppData\Local\Temp
	USERDOMAIN=NT AUTHORITY
	USERNAME=LOCAL SERVICE
	USERPROFILE=C:\Windows\ServiceProfiles\LocalService

  Process=svchost.exe
  PPID=0x246(582)
  PID=0x58c(1420)
  Peb=0x0000002a83a9b000
  Params=0x00000213a6e03650
  Environment=0x00000213a6e027f0
  EnvironmentSize=0xe4e
	ALLUSERSPROFILE=C:\ProgramData
	APPDATA=C:\Windows\ServiceProfiles\LocalService\AppData\Roaming
	CommonProgramFiles=C:\Program Files\Common Files
	CommonProgramFiles(x86)=C:\Program Files (x86)\Common Files
	CommonProgramW6432=C:\Program Files\Common Files
	COMPUTERNAME=DESKTOP-FPGOBQG
	ComSpec=C:\Windows\system32\cmd.exe
	DriverData=C:\Windows\System32\Drivers\DriverData
	LOCALAPPDATA=C:\Windows\ServiceProfiles\LocalService\AppData\Local
	NUMBER_OF_PROCESSORS=2
	OS=Windows_NT
	Path=C:\Windows\system32;C:\Windows;C:\Windows\System32\Wbem;C:\Windows\System32\WindowsPowerShell\v1.0\;C:\Windows\System32\OpenSSH\;C:\Program Files (x86)\Windows Kits\10\Windows Performance Toolkit\;C:\SysinternalsSuite;C:\Program Files (x86)\Microsoft SQL Server\160\Tools\Binn\;C:\Program Files\Microsoft SQL Server\160\Tools\Binn\;C:\Program Files\Microsoft SQL Server\Client SDK\ODBC\170\Tools\Binn\;C:\Program Files\Microsoft SQL Server\160\DTS\Binn\;C:\Program Files\010 Editor;C:\Windows\ServiceProfiles\LocalService\AppData\Local\Microsoft\WindowsApps
	PATHEXT=.COM;.EXE;.BAT;.CMD;.VBS;.VBE;.JS;.JSE;.WSF;.WSH;.MSC
	PROCESSOR_ARCHITECTURE=AMD64
	PROCESSOR_IDENTIFIER=Intel64 Family 6 Model 140 Stepping 1, GenuineIntel
	PROCESSOR_LEVEL=6
	PROCESSOR_REVISION=8c01
	ProgramData=C:\ProgramData
	ProgramFiles=C:\Program Files
	ProgramFiles(x86)=C:\Program Files (x86)
	ProgramW6432=C:\Program Files
	PSModulePath=%ProgramFiles%\WindowsPowerShell\Modules;C:\Windows\system32\WindowsPowerShell\v1.0\Modules;C:\Program Files (x86)\Microsoft SQL Server\160\Tools\PowerShell\Modules\
	PUBLIC=C:\Users\Public
	SystemDrive=C:
	SystemRoot=C:\Windows
	TEMP=C:\Windows\SERVIC~1\LOCALS~1\AppData\Local\Temp
	TMP=C:\Windows\SERVIC~1\LOCALS~1\AppData\Local\Temp
	USERDOMAIN=NT AUTHORITY
	USERNAME=LOCAL SERVICE
	USERPROFILE=C:\Windows\ServiceProfiles\LocalService

  Process=svchost.exe
  PPID=0x246(582)
  PID=0x5bc(1468)
  Peb=0x000000f70fc62000
  Params=0x00000268494035e0
  Environment=0x00000268494027f0
  EnvironmentSize=0xdd6
	ALLUSERSPROFILE=C:\ProgramData
	APPDATA=C:\Windows\system32\config\systemprofile\AppData\Roaming
	CommonProgramFiles=C:\Program Files\Common Files
	CommonProgramFiles(x86)=C:\Program Files (x86)\Common Files
	CommonProgramW6432=C:\Program Files\Common Files
	COMPUTERNAME=DESKTOP-FPGOBQG
	ComSpec=C:\Windows\system32\cmd.exe
	DriverData=C:\Windows\System32\Drivers\DriverData
	LOCALAPPDATA=C:\Windows\system32\config\systemprofile\AppData\Local
	NUMBER_OF_PROCESSORS=2
	OS=Windows_NT
	Path=C:\Windows\system32;C:\Windows;C:\Windows\System32\Wbem;C:\Windows\System32\WindowsPowerShell\v1.0\;C:\Windows\System32\OpenSSH\;C:\Program Files (x86)\Windows Kits\10\Windows Performance Toolkit\;C:\SysinternalsSuite;C:\Program Files (x86)\Microsoft SQL Server\160\Tools\Binn\;C:\Program Files\Microsoft SQL Server\160\Tools\Binn\;C:\Program Files\Microsoft SQL Server\Client SDK\ODBC\170\Tools\Binn\;C:\Program Files\Microsoft SQL Server\160\DTS\Binn\;C:\Program Files\010 Editor;C:\Windows\system32\config\systemprofile\AppData\Local\Microsoft\WindowsApps
	PATHEXT=.COM;.EXE;.BAT;.CMD;.VBS;.VBE;.JS;.JSE;.WSF;.WSH;.MSC
	PROCESSOR_ARCHITECTURE=AMD64
	PROCESSOR_IDENTIFIER=Intel64 Family 6 Model 140 Stepping 1, GenuineIntel
	PROCESSOR_LEVEL=6
	PROCESSOR_REVISION=8c01
	ProgramData=C:\ProgramData
	ProgramFiles=C:\Program Files
	ProgramFiles(x86)=C:\Program Files (x86)
	ProgramW6432=C:\Program Files
	PSModulePath=%ProgramFiles%\WindowsPowerShell\Modules;C:\Windows\system32\WindowsPowerShell\v1.0\Modules;C:\Program Files (x86)\Microsoft SQL Server\160\Tools\PowerShell\Modules\
	PUBLIC=C:\Users\Public
	SystemDrive=C:
	SystemRoot=C:\Windows
	TEMP=C:\Windows\TEMP
	TMP=C:\Windows\TEMP
	USERDOMAIN=WORKGROUP
	USERNAME=DESKTOP-FPGOBQG$
	USERPROFILE=C:\Windows\system32\config\systemprofile

  Process=svchost.exe
  PPID=0x246(582)
  PID=0x5e8(1512)
  Peb=0x000000884a25c000
  Params=0x0000025018e03650
  Environment=0x0000025018e027f0
  EnvironmentSize=0xe4e
	ALLUSERSPROFILE=C:\ProgramData
	APPDATA=C:\Windows\ServiceProfiles\LocalService\AppData\Roaming
	CommonProgramFiles=C:\Program Files\Common Files
	CommonProgramFiles(x86)=C:\Program Files (x86)\Common Files
	CommonProgramW6432=C:\Program Files\Common Files
	COMPUTERNAME=DESKTOP-FPGOBQG
	ComSpec=C:\Windows\system32\cmd.exe
	DriverData=C:\Windows\System32\Drivers\DriverData
	LOCALAPPDATA=C:\Windows\ServiceProfiles\LocalService\AppData\Local
	NUMBER_OF_PROCESSORS=2
	OS=Windows_NT
	Path=C:\Windows\system32;C:\Windows;C:\Windows\System32\Wbem;C:\Windows\System32\WindowsPowerShell\v1.0\;C:\Windows\System32\OpenSSH\;C:\Program Files (x86)\Windows Kits\10\Windows Performance Toolkit\;C:\SysinternalsSuite;C:\Program Files (x86)\Microsoft SQL Server\160\Tools\Binn\;C:\Program Files\Microsoft SQL Server\160\Tools\Binn\;C:\Program Files\Microsoft SQL Server\Client SDK\ODBC\170\Tools\Binn\;C:\Program Files\Microsoft SQL Server\160\DTS\Binn\;C:\Program Files\010 Editor;C:\Windows\ServiceProfiles\LocalService\AppData\Local\Microsoft\WindowsApps
	PATHEXT=.COM;.EXE;.BAT;.CMD;.VBS;.VBE;.JS;.JSE;.WSF;.WSH;.MSC
	PROCESSOR_ARCHITECTURE=AMD64
	PROCESSOR_IDENTIFIER=Intel64 Family 6 Model 140 Stepping 1, GenuineIntel
	PROCESSOR_LEVEL=6
	PROCESSOR_REVISION=8c01
	ProgramData=C:\ProgramData
	ProgramFiles=C:\Program Files
	ProgramFiles(x86)=C:\Program Files (x86)
	ProgramW6432=C:\Program Files
	PSModulePath=%ProgramFiles%\WindowsPowerShell\Modules;C:\Windows\system32\WindowsPowerShell\v1.0\Modules;C:\Program Files (x86)\Microsoft SQL Server\160\Tools\PowerShell\Modules\
	PUBLIC=C:\Users\Public
	SystemDrive=C:
	SystemRoot=C:\Windows
	TEMP=C:\Windows\SERVIC~1\LOCALS~1\AppData\Local\Temp
	TMP=C:\Windows\SERVIC~1\LOCALS~1\AppData\Local\Temp
	USERDOMAIN=NT AUTHORITY
	USERNAME=LOCAL SERVICE
	USERPROFILE=C:\Windows\ServiceProfiles\LocalService

  Process=svchost.exe
  PPID=0x246(582)
  PID=0x698(1688)
  Peb=0x0000000b6099d000
  Params=0x00000203e3003650
  Environment=0x00000203e30027f0
  EnvironmentSize=0xe4e
	ALLUSERSPROFILE=C:\ProgramData
	APPDATA=C:\Windows\ServiceProfiles\LocalService\AppData\Roaming
	CommonProgramFiles=C:\Program Files\Common Files
	CommonProgramFiles(x86)=C:\Program Files (x86)\Common Files
	CommonProgramW6432=C:\Program Files\Common Files
	COMPUTERNAME=DESKTOP-FPGOBQG
	ComSpec=C:\Windows\system32\cmd.exe
	DriverData=C:\Windows\System32\Drivers\DriverData
	LOCALAPPDATA=C:\Windows\ServiceProfiles\LocalService\AppData\Local
	NUMBER_OF_PROCESSORS=2
	OS=Windows_NT
	Path=C:\Windows\system32;C:\Windows;C:\Windows\System32\Wbem;C:\Windows\System32\WindowsPowerShell\v1.0\;C:\Windows\System32\OpenSSH\;C:\Program Files (x86)\Windows Kits\10\Windows Performance Toolkit\;C:\SysinternalsSuite;C:\Program Files (x86)\Microsoft SQL Server\160\Tools\Binn\;C:\Program Files\Microsoft SQL Server\160\Tools\Binn\;C:\Program Files\Microsoft SQL Server\Client SDK\ODBC\170\Tools\Binn\;C:\Program Files\Microsoft SQL Server\160\DTS\Binn\;C:\Program Files\010 Editor;C:\Windows\ServiceProfiles\LocalService\AppData\Local\Microsoft\WindowsApps
	PATHEXT=.COM;.EXE;.BAT;.CMD;.VBS;.VBE;.JS;.JSE;.WSF;.WSH;.MSC
	PROCESSOR_ARCHITECTURE=AMD64
	PROCESSOR_IDENTIFIER=Intel64 Family 6 Model 140 Stepping 1, GenuineIntel
	PROCESSOR_LEVEL=6
	PROCESSOR_REVISION=8c01
	ProgramData=C:\ProgramData
	ProgramFiles=C:\Program Files
	ProgramFiles(x86)=C:\Program Files (x86)
	ProgramW6432=C:\Program Files
	PSModulePath=%ProgramFiles%\WindowsPowerShell\Modules;C:\Windows\system32\WindowsPowerShell\v1.0\Modules;C:\Program Files (x86)\Microsoft SQL Server\160\Tools\PowerShell\Modules\
	PUBLIC=C:\Users\Public
	SystemDrive=C:
	SystemRoot=C:\Windows
	TEMP=C:\Windows\SERVIC~1\LOCALS~1\AppData\Local\Temp
	TMP=C:\Windows\SERVIC~1\LOCALS~1\AppData\Local\Temp
	USERDOMAIN=NT AUTHORITY
	USERNAME=LOCAL SERVICE
	USERPROFILE=C:\Windows\ServiceProfiles\LocalService

  Process=svchost.exe
  PPID=0x246(582)
  PID=0x6b4(1716)
  Peb=0x000000bbf27d5000
  Params=0x000001dba8c035e0
  Environment=0x000001dba8c027f0
  EnvironmentSize=0xdda
	ALLUSERSPROFILE=C:\ProgramData
	APPDATA=C:\Windows\system32\config\systemprofile\AppData\Roaming
	CommonProgramFiles=C:\Program Files\Common Files
	CommonProgramFiles(x86)=C:\Program Files (x86)\Common Files
	CommonProgramW6432=C:\Program Files\Common Files
	COMPUTERNAME=DESKTOP-FPGOBQG
	ComSpec=C:\Windows\system32\cmd.exe
	DriverData=C:\Windows\System32\Drivers\DriverData
	LOCALAPPDATA=C:\Windows\system32\config\systemprofile\AppData\Local
	NUMBER_OF_PROCESSORS=2
	OS=Windows_NT
	Path=C:\Windows\system32;C:\Windows;C:\Windows\System32\Wbem;C:\Windows\System32\WindowsPowerShell\v1.0\;C:\Windows\System32\OpenSSH\;C:\Program Files (x86)\Windows Kits\10\Windows Performance Toolkit\;C:\SysinternalsSuite;C:\Program Files (x86)\Microsoft SQL Server\160\Tools\Binn\;C:\Program Files\Microsoft SQL Server\160\Tools\Binn\;C:\Program Files\Microsoft SQL Server\Client SDK\ODBC\170\Tools\Binn\;C:\Program Files\Microsoft SQL Server\160\DTS\Binn\;C:\Program Files\010 Editor;C:\Windows\system32\config\systemprofile\AppData\Local\Microsoft\WindowsApps
	PATHEXT=.COM;.EXE;.BAT;.CMD;.VBS;.VBE;.JS;.JSE;.WSF;.WSH;.MSC
	PROCESSOR_ARCHITECTURE=AMD64
	PROCESSOR_IDENTIFIER=Intel64 Family 6 Model 140 Stepping 1, GenuineIntel
	PROCESSOR_LEVEL=6
	PROCESSOR_REVISION=8c01
	ProgramData=C:\ProgramData
	ProgramFiles=C:\Program Files
	ProgramFiles(x86)=C:\Program Files (x86)
	ProgramW6432=C:\Program Files
	PSModulePath=C:\Program Files\WindowsPowerShell\Modules;C:\Windows\system32\WindowsPowerShell\v1.0\Modules;C:\Program Files (x86)\Microsoft SQL Server\160\Tools\PowerShell\Modules\
	PUBLIC=C:\Users\Public
	SystemDrive=C:
	SystemRoot=C:\Windows
	TEMP=C:\Windows\TEMP
	TMP=C:\Windows\TEMP
	USERDOMAIN=WORKGROUP
	USERNAME=DESKTOP-FPGOBQG$
	USERPROFILE=C:\Windows\system32\config\systemprofile

  Process=svchost.exe
  PPID=0x246(582)
  PID=0x6dc(1756)
  Peb=0x000000c95db1c000
  Params=0x000002c4d28035e0
  Environment=0x000002c4d28027f0
  EnvironmentSize=0xdda
	ALLUSERSPROFILE=C:\ProgramData
	APPDATA=C:\Windows\system32\config\systemprofile\AppData\Roaming
	CommonProgramFiles=C:\Program Files\Common Files
	CommonProgramFiles(x86)=C:\Program Files (x86)\Common Files
	CommonProgramW6432=C:\Program Files\Common Files
	COMPUTERNAME=DESKTOP-FPGOBQG
	ComSpec=C:\Windows\system32\cmd.exe
	DriverData=C:\Windows\System32\Drivers\DriverData
	LOCALAPPDATA=C:\Windows\system32\config\systemprofile\AppData\Local
	NUMBER_OF_PROCESSORS=2
	OS=Windows_NT
	Path=C:\Windows\system32;C:\Windows;C:\Windows\System32\Wbem;C:\Windows\System32\WindowsPowerShell\v1.0\;C:\Windows\System32\OpenSSH\;C:\Program Files (x86)\Windows Kits\10\Windows Performance Toolkit\;C:\SysinternalsSuite;C:\Program Files (x86)\Microsoft SQL Server\160\Tools\Binn\;C:\Program Files\Microsoft SQL Server\160\Tools\Binn\;C:\Program Files\Microsoft SQL Server\Client SDK\ODBC\170\Tools\Binn\;C:\Program Files\Microsoft SQL Server\160\DTS\Binn\;C:\Program Files\010 Editor;C:\Windows\system32\config\systemprofile\AppData\Local\Microsoft\WindowsApps
	PATHEXT=.COM;.EXE;.BAT;.CMD;.VBS;.VBE;.JS;.JSE;.WSF;.WSH;.MSC
	PROCESSOR_ARCHITECTURE=AMD64
	PROCESSOR_IDENTIFIER=Intel64 Family 6 Model 140 Stepping 1, GenuineIntel
	PROCESSOR_LEVEL=6
	PROCESSOR_REVISION=8c01
	ProgramData=C:\ProgramData
	ProgramFiles=C:\Program Files
	ProgramFiles(x86)=C:\Program Files (x86)
	ProgramW6432=C:\Program Files
	PSModulePath=C:\Program Files\WindowsPowerShell\Modules;C:\Windows\system32\WindowsPowerShell\v1.0\Modules;C:\Program Files (x86)\Microsoft SQL Server\160\Tools\PowerShell\Modules\
	PUBLIC=C:\Users\Public
	SystemDrive=C:
	SystemRoot=C:\Windows
	TEMP=C:\Windows\TEMP
	TMP=C:\Windows\TEMP
	USERDOMAIN=WORKGROUP
	USERNAME=DESKTOP-FPGOBQG$
	USERPROFILE=C:\Windows\system32\config\systemprofile

  Process=svchost.exe
  PPID=0x246(582)
  PID=0x728(1832)
  Peb=0x00000003768cd000
  Params=0x0000014383a035e0
  Environment=0x0000014383a027f0
  EnvironmentSize=0xdd6
	ALLUSERSPROFILE=C:\ProgramData
	APPDATA=C:\Windows\system32\config\systemprofile\AppData\Roaming
	CommonProgramFiles=C:\Program Files\Common Files
	CommonProgramFiles(x86)=C:\Program Files (x86)\Common Files
	CommonProgramW6432=C:\Program Files\Common Files
	COMPUTERNAME=DESKTOP-FPGOBQG
	ComSpec=C:\Windows\system32\cmd.exe
	DriverData=C:\Windows\System32\Drivers\DriverData
	LOCALAPPDATA=C:\Windows\system32\config\systemprofile\AppData\Local
	NUMBER_OF_PROCESSORS=2
	OS=Windows_NT
	Path=C:\Windows\system32;C:\Windows;C:\Windows\System32\Wbem;C:\Windows\System32\WindowsPowerShell\v1.0\;C:\Windows\System32\OpenSSH\;C:\Program Files (x86)\Windows Kits\10\Windows Performance Toolkit\;C:\SysinternalsSuite;C:\Program Files (x86)\Microsoft SQL Server\160\Tools\Binn\;C:\Program Files\Microsoft SQL Server\160\Tools\Binn\;C:\Program Files\Microsoft SQL Server\Client SDK\ODBC\170\Tools\Binn\;C:\Program Files\Microsoft SQL Server\160\DTS\Binn\;C:\Program Files\010 Editor;C:\Windows\system32\config\systemprofile\AppData\Local\Microsoft\WindowsApps
	PATHEXT=.COM;.EXE;.BAT;.CMD;.VBS;.VBE;.JS;.JSE;.WSF;.WSH;.MSC
	PROCESSOR_ARCHITECTURE=AMD64
	PROCESSOR_IDENTIFIER=Intel64 Family 6 Model 140 Stepping 1, GenuineIntel
	PROCESSOR_LEVEL=6
	PROCESSOR_REVISION=8c01
	ProgramData=C:\ProgramData
	ProgramFiles=C:\Program Files
	ProgramFiles(x86)=C:\Program Files (x86)
	ProgramW6432=C:\Program Files
	PSModulePath=%ProgramFiles%\WindowsPowerShell\Modules;C:\Windows\system32\WindowsPowerShell\v1.0\Modules;C:\Program Files (x86)\Microsoft SQL Server\160\Tools\PowerShell\Modules\
	PUBLIC=C:\Users\Public
	SystemDrive=C:
	SystemRoot=C:\Windows
	TEMP=C:\Windows\TEMP
	TMP=C:\Windows\TEMP
	USERDOMAIN=WORKGROUP
	USERNAME=DESKTOP-FPGOBQG$
	USERPROFILE=C:\Windows\system32\config\systemprofile

  Process=svchost.exe
  PPID=0x246(582)
  PID=0x760(1888)
  Peb=0x0000006a32388000
  Params=0x000001ece1e035e0
  Environment=0x000001ece1e027f0
  EnvironmentSize=0xdd6
	ALLUSERSPROFILE=C:\ProgramData
	APPDATA=C:\Windows\system32\config\systemprofile\AppData\Roaming
	CommonProgramFiles=C:\Program Files\Common Files
	CommonProgramFiles(x86)=C:\Program Files (x86)\Common Files
	CommonProgramW6432=C:\Program Files\Common Files
	COMPUTERNAME=DESKTOP-FPGOBQG
	ComSpec=C:\Windows\system32\cmd.exe
	DriverData=C:\Windows\System32\Drivers\DriverData
	LOCALAPPDATA=C:\Windows\system32\config\systemprofile\AppData\Local
	NUMBER_OF_PROCESSORS=2
	OS=Windows_NT
	Path=C:\Windows\system32;C:\Windows;C:\Windows\System32\Wbem;C:\Windows\System32\WindowsPowerShell\v1.0\;C:\Windows\System32\OpenSSH\;C:\Program Files (x86)\Windows Kits\10\Windows Performance Toolkit\;C:\SysinternalsSuite;C:\Program Files (x86)\Microsoft SQL Server\160\Tools\Binn\;C:\Program Files\Microsoft SQL Server\160\Tools\Binn\;C:\Program Files\Microsoft SQL Server\Client SDK\ODBC\170\Tools\Binn\;C:\Program Files\Microsoft SQL Server\160\DTS\Binn\;C:\Program Files\010 Editor;C:\Windows\system32\config\systemprofile\AppData\Local\Microsoft\WindowsApps
	PATHEXT=.COM;.EXE;.BAT;.CMD;.VBS;.VBE;.JS;.JSE;.WSF;.WSH;.MSC
	PROCESSOR_ARCHITECTURE=AMD64
	PROCESSOR_IDENTIFIER=Intel64 Family 6 Model 140 Stepping 1, GenuineIntel
	PROCESSOR_LEVEL=6
	PROCESSOR_REVISION=8c01
	ProgramData=C:\ProgramData
	ProgramFiles=C:\Program Files
	ProgramFiles(x86)=C:\Program Files (x86)
	ProgramW6432=C:\Program Files
	PSModulePath=%ProgramFiles%\WindowsPowerShell\Modules;C:\Windows\system32\WindowsPowerShell\v1.0\Modules;C:\Program Files (x86)\Microsoft SQL Server\160\Tools\PowerShell\Modules\
	PUBLIC=C:\Users\Public
	SystemDrive=C:
	SystemRoot=C:\Windows
	TEMP=C:\Windows\TEMP
	TMP=C:\Windows\TEMP
	USERDOMAIN=WORKGROUP
	USERNAME=DESKTOP-FPGOBQG$
	USERPROFILE=C:\Windows\system32\config\systemprofile

  Process=svchost.exe
  PPID=0x246(582)
  PID=0x784(1924)
  Peb=0x000000146436f000
  Params=0x00000191b0403660
  Environment=0x00000191b04027f0
  EnvironmentSize=0xe5e
	ALLUSERSPROFILE=C:\ProgramData
	APPDATA=C:\Windows\ServiceProfiles\NetworkService\AppData\Roaming
	CommonProgramFiles=C:\Program Files\Common Files
	CommonProgramFiles(x86)=C:\Program Files (x86)\Common Files
	CommonProgramW6432=C:\Program Files\Common Files
	COMPUTERNAME=DESKTOP-FPGOBQG
	ComSpec=C:\Windows\system32\cmd.exe
	DriverData=C:\Windows\System32\Drivers\DriverData
	LOCALAPPDATA=C:\Windows\ServiceProfiles\NetworkService\AppData\Local
	NUMBER_OF_PROCESSORS=2
	OS=Windows_NT
	Path=C:\Windows\system32;C:\Windows;C:\Windows\System32\Wbem;C:\Windows\System32\WindowsPowerShell\v1.0\;C:\Windows\System32\OpenSSH\;C:\Program Files (x86)\Windows Kits\10\Windows Performance Toolkit\;C:\SysinternalsSuite;C:\Program Files (x86)\Microsoft SQL Server\160\Tools\Binn\;C:\Program Files\Microsoft SQL Server\160\Tools\Binn\;C:\Program Files\Microsoft SQL Server\Client SDK\ODBC\170\Tools\Binn\;C:\Program Files\Microsoft SQL Server\160\DTS\Binn\;C:\Program Files\010 Editor;C:\Windows\ServiceProfiles\NetworkService\AppData\Local\Microsoft\WindowsApps
	PATHEXT=.COM;.EXE;.BAT;.CMD;.VBS;.VBE;.JS;.JSE;.WSF;.WSH;.MSC
	PROCESSOR_ARCHITECTURE=AMD64
	PROCESSOR_IDENTIFIER=Intel64 Family 6 Model 140 Stepping 1, GenuineIntel
	PROCESSOR_LEVEL=6
	PROCESSOR_REVISION=8c01
	ProgramData=C:\ProgramData
	ProgramFiles=C:\Program Files
	ProgramFiles(x86)=C:\Program Files (x86)
	ProgramW6432=C:\Program Files
	PSModulePath=%ProgramFiles%\WindowsPowerShell\Modules;C:\Windows\system32\WindowsPowerShell\v1.0\Modules;C:\Program Files (x86)\Microsoft SQL Server\160\Tools\PowerShell\Modules\
	PUBLIC=C:\Users\Public
	SystemDrive=C:
	SystemRoot=C:\Windows
	TEMP=C:\Windows\SERVIC~1\NETWOR~1\AppData\Local\Temp
	TMP=C:\Windows\SERVIC~1\NETWOR~1\AppData\Local\Temp
	USERDOMAIN=WORKGROUP
	USERNAME=DESKTOP-FPGOBQG$
	USERPROFILE=C:\Windows\ServiceProfiles\NetworkService

  Process=svchost.exe
  PPID=0x246(582)
  PID=0x7a4(1956)
  Peb=0x0000004702894000
  Params=0x00000156d68035e0
  Environment=0x00000156d68027f0
  EnvironmentSize=0xdd6
	ALLUSERSPROFILE=C:\ProgramData
	APPDATA=C:\Windows\system32\config\systemprofile\AppData\Roaming
	CommonProgramFiles=C:\Program Files\Common Files
	CommonProgramFiles(x86)=C:\Program Files (x86)\Common Files
	CommonProgramW6432=C:\Program Files\Common Files
	COMPUTERNAME=DESKTOP-FPGOBQG
	ComSpec=C:\Windows\system32\cmd.exe
	DriverData=C:\Windows\System32\Drivers\DriverData
	LOCALAPPDATA=C:\Windows\system32\config\systemprofile\AppData\Local
	NUMBER_OF_PROCESSORS=2
	OS=Windows_NT
	Path=C:\Windows\system32;C:\Windows;C:\Windows\System32\Wbem;C:\Windows\System32\WindowsPowerShell\v1.0\;C:\Windows\System32\OpenSSH\;C:\Program Files (x86)\Windows Kits\10\Windows Performance Toolkit\;C:\SysinternalsSuite;C:\Program Files (x86)\Microsoft SQL Server\160\Tools\Binn\;C:\Program Files\Microsoft SQL Server\160\Tools\Binn\;C:\Program Files\Microsoft SQL Server\Client SDK\ODBC\170\Tools\Binn\;C:\Program Files\Microsoft SQL Server\160\DTS\Binn\;C:\Program Files\010 Editor;C:\Windows\system32\config\systemprofile\AppData\Local\Microsoft\WindowsApps
	PATHEXT=.COM;.EXE;.BAT;.CMD;.VBS;.VBE;.JS;.JSE;.WSF;.WSH;.MSC
	PROCESSOR_ARCHITECTURE=AMD64
	PROCESSOR_IDENTIFIER=Intel64 Family 6 Model 140 Stepping 1, GenuineIntel
	PROCESSOR_LEVEL=6
	PROCESSOR_REVISION=8c01
	ProgramData=C:\ProgramData
	ProgramFiles=C:\Program Files
	ProgramFiles(x86)=C:\Program Files (x86)
	ProgramW6432=C:\Program Files
	PSModulePath=%ProgramFiles%\WindowsPowerShell\Modules;C:\Windows\system32\WindowsPowerShell\v1.0\Modules;C:\Program Files (x86)\Microsoft SQL Server\160\Tools\PowerShell\Modules\
	PUBLIC=C:\Users\Public
	SystemDrive=C:
	SystemRoot=C:\Windows
	TEMP=C:\Windows\TEMP
	TMP=C:\Windows\TEMP
	USERDOMAIN=WORKGROUP
	USERNAME=DESKTOP-FPGOBQG$
	USERPROFILE=C:\Windows\system32\config\systemprofile

  Process=svchost.exe
  PPID=0x246(582)
  PID=0x7b0(1968)
  Peb=0x00000033043c8000
  Params=0x0000022846c03650
  Environment=0x0000022846c027f0
  EnvironmentSize=0xe4e
	ALLUSERSPROFILE=C:\ProgramData
	APPDATA=C:\Windows\ServiceProfiles\LocalService\AppData\Roaming
	CommonProgramFiles=C:\Program Files\Common Files
	CommonProgramFiles(x86)=C:\Program Files (x86)\Common Files
	CommonProgramW6432=C:\Program Files\Common Files
	COMPUTERNAME=DESKTOP-FPGOBQG
	ComSpec=C:\Windows\system32\cmd.exe
	DriverData=C:\Windows\System32\Drivers\DriverData
	LOCALAPPDATA=C:\Windows\ServiceProfiles\LocalService\AppData\Local
	NUMBER_OF_PROCESSORS=2
	OS=Windows_NT
	Path=C:\Windows\system32;C:\Windows;C:\Windows\System32\Wbem;C:\Windows\System32\WindowsPowerShell\v1.0\;C:\Windows\System32\OpenSSH\;C:\Program Files (x86)\Windows Kits\10\Windows Performance Toolkit\;C:\SysinternalsSuite;C:\Program Files (x86)\Microsoft SQL Server\160\Tools\Binn\;C:\Program Files\Microsoft SQL Server\160\Tools\Binn\;C:\Program Files\Microsoft SQL Server\Client SDK\ODBC\170\Tools\Binn\;C:\Program Files\Microsoft SQL Server\160\DTS\Binn\;C:\Program Files\010 Editor;C:\Windows\ServiceProfiles\LocalService\AppData\Local\Microsoft\WindowsApps
	PATHEXT=.COM;.EXE;.BAT;.CMD;.VBS;.VBE;.JS;.JSE;.WSF;.WSH;.MSC
	PROCESSOR_ARCHITECTURE=AMD64
	PROCESSOR_IDENTIFIER=Intel64 Family 6 Model 140 Stepping 1, GenuineIntel
	PROCESSOR_LEVEL=6
	PROCESSOR_REVISION=8c01
	ProgramData=C:\ProgramData
	ProgramFiles=C:\Program Files
	ProgramFiles(x86)=C:\Program Files (x86)
	ProgramW6432=C:\Program Files
	PSModulePath=%ProgramFiles%\WindowsPowerShell\Modules;C:\Windows\system32\WindowsPowerShell\v1.0\Modules;C:\Program Files (x86)\Microsoft SQL Server\160\Tools\PowerShell\Modules\
	PUBLIC=C:\Users\Public
	SystemDrive=C:
	SystemRoot=C:\Windows
	TEMP=C:\Windows\SERVIC~1\LOCALS~1\AppData\Local\Temp
	TMP=C:\Windows\SERVIC~1\LOCALS~1\AppData\Local\Temp
	USERDOMAIN=NT AUTHORITY
	USERNAME=LOCAL SERVICE
	USERPROFILE=C:\Windows\ServiceProfiles\LocalService

  Process=svchost.exe
  PPID=0x246(582)
  PID=0x7bc(1980)
  Peb=0x000000918d681000
  Params=0x0000026ff9c03660
  Environment=0x0000026ff9c027f0
  EnvironmentSize=0xe5e
	ALLUSERSPROFILE=C:\ProgramData
	APPDATA=C:\Windows\ServiceProfiles\NetworkService\AppData\Roaming
	CommonProgramFiles=C:\Program Files\Common Files
	CommonProgramFiles(x86)=C:\Program Files (x86)\Common Files
	CommonProgramW6432=C:\Program Files\Common Files
	COMPUTERNAME=DESKTOP-FPGOBQG
	ComSpec=C:\Windows\system32\cmd.exe
	DriverData=C:\Windows\System32\Drivers\DriverData
	LOCALAPPDATA=C:\Windows\ServiceProfiles\NetworkService\AppData\Local
	NUMBER_OF_PROCESSORS=2
	OS=Windows_NT
	Path=C:\Windows\system32;C:\Windows;C:\Windows\System32\Wbem;C:\Windows\System32\WindowsPowerShell\v1.0\;C:\Windows\System32\OpenSSH\;C:\Program Files (x86)\Windows Kits\10\Windows Performance Toolkit\;C:\SysinternalsSuite;C:\Program Files (x86)\Microsoft SQL Server\160\Tools\Binn\;C:\Program Files\Microsoft SQL Server\160\Tools\Binn\;C:\Program Files\Microsoft SQL Server\Client SDK\ODBC\170\Tools\Binn\;C:\Program Files\Microsoft SQL Server\160\DTS\Binn\;C:\Program Files\010 Editor;C:\Windows\ServiceProfiles\NetworkService\AppData\Local\Microsoft\WindowsApps
	PATHEXT=.COM;.EXE;.BAT;.CMD;.VBS;.VBE;.JS;.JSE;.WSF;.WSH;.MSC
	PROCESSOR_ARCHITECTURE=AMD64
	PROCESSOR_IDENTIFIER=Intel64 Family 6 Model 140 Stepping 1, GenuineIntel
	PROCESSOR_LEVEL=6
	PROCESSOR_REVISION=8c01
	ProgramData=C:\ProgramData
	ProgramFiles=C:\Program Files
	ProgramFiles(x86)=C:\Program Files (x86)
	ProgramW6432=C:\Program Files
	PSModulePath=%ProgramFiles%\WindowsPowerShell\Modules;C:\Windows\system32\WindowsPowerShell\v1.0\Modules;C:\Program Files (x86)\Microsoft SQL Server\160\Tools\PowerShell\Modules\
	PUBLIC=C:\Users\Public
	SystemDrive=C:
	SystemRoot=C:\Windows
	TEMP=C:\Windows\SERVIC~1\NETWOR~1\AppData\Local\Temp
	TMP=C:\Windows\SERVIC~1\NETWOR~1\AppData\Local\Temp
	USERDOMAIN=WORKGROUP
	USERNAME=DESKTOP-FPGOBQG$
	USERPROFILE=C:\Windows\ServiceProfiles\NetworkService

  Process=svchost.exe
  PPID=0x246(582)
  PID=0x78c(1932)
  Peb=0x00000062cfbed000
  Params=0x000001fa1a6035e0
  Environment=0x000001fa1a6027f0
  EnvironmentSize=0xdd6
	ALLUSERSPROFILE=C:\ProgramData
	APPDATA=C:\Windows\system32\config\systemprofile\AppData\Roaming
	CommonProgramFiles=C:\Program Files\Common Files
	CommonProgramFiles(x86)=C:\Program Files (x86)\Common Files
	CommonProgramW6432=C:\Program Files\Common Files
	COMPUTERNAME=DESKTOP-FPGOBQG
	ComSpec=C:\Windows\system32\cmd.exe
	DriverData=C:\Windows\System32\Drivers\DriverData
	LOCALAPPDATA=C:\Windows\system32\config\systemprofile\AppData\Local
	NUMBER_OF_PROCESSORS=2
	OS=Windows_NT
	Path=C:\Windows\system32;C:\Windows;C:\Windows\System32\Wbem;C:\Windows\System32\WindowsPowerShell\v1.0\;C:\Windows\System32\OpenSSH\;C:\Program Files (x86)\Windows Kits\10\Windows Performance Toolkit\;C:\SysinternalsSuite;C:\Program Files (x86)\Microsoft SQL Server\160\Tools\Binn\;C:\Program Files\Microsoft SQL Server\160\Tools\Binn\;C:\Program Files\Microsoft SQL Server\Client SDK\ODBC\170\Tools\Binn\;C:\Program Files\Microsoft SQL Server\160\DTS\Binn\;C:\Program Files\010 Editor;C:\Windows\system32\config\systemprofile\AppData\Local\Microsoft\WindowsApps
	PATHEXT=.COM;.EXE;.BAT;.CMD;.VBS;.VBE;.JS;.JSE;.WSF;.WSH;.MSC
	PROCESSOR_ARCHITECTURE=AMD64
	PROCESSOR_IDENTIFIER=Intel64 Family 6 Model 140 Stepping 1, GenuineIntel
	PROCESSOR_LEVEL=6
	PROCESSOR_REVISION=8c01
	ProgramData=C:\ProgramData
	ProgramFiles=C:\Program Files
	ProgramFiles(x86)=C:\Program Files (x86)
	ProgramW6432=C:\Program Files
	PSModulePath=%ProgramFiles%\WindowsPowerShell\Modules;C:\Windows\system32\WindowsPowerShell\v1.0\Modules;C:\Program Files (x86)\Microsoft SQL Server\160\Tools\PowerShell\Modules\
	PUBLIC=C:\Users\Public
	SystemDrive=C:
	SystemRoot=C:\Windows
	TEMP=C:\Windows\TEMP
	TMP=C:\Windows\TEMP
	USERDOMAIN=WORKGROUP
	USERNAME=DESKTOP-FPGOBQG$
	USERPROFILE=C:\Windows\system32\config\systemprofile

  Process=svchost.exe
  PPID=0x246(582)
  PID=0x794(1940)
  Peb=0x0000004349d48000
  Params=0x000001e744003650
  Environment=0x000001e7440027f0
  EnvironmentSize=0xe4e
	ALLUSERSPROFILE=C:\ProgramData
	APPDATA=C:\Windows\ServiceProfiles\LocalService\AppData\Roaming
	CommonProgramFiles=C:\Program Files\Common Files
	CommonProgramFiles(x86)=C:\Program Files (x86)\Common Files
	CommonProgramW6432=C:\Program Files\Common Files
	COMPUTERNAME=DESKTOP-FPGOBQG
	ComSpec=C:\Windows\system32\cmd.exe
	DriverData=C:\Windows\System32\Drivers\DriverData
	LOCALAPPDATA=C:\Windows\ServiceProfiles\LocalService\AppData\Local
	NUMBER_OF_PROCESSORS=2
	OS=Windows_NT
	Path=C:\Windows\system32;C:\Windows;C:\Windows\System32\Wbem;C:\Windows\System32\WindowsPowerShell\v1.0\;C:\Windows\System32\OpenSSH\;C:\Program Files (x86)\Windows Kits\10\Windows Performance Toolkit\;C:\SysinternalsSuite;C:\Program Files (x86)\Microsoft SQL Server\160\Tools\Binn\;C:\Program Files\Microsoft SQL Server\160\Tools\Binn\;C:\Program Files\Microsoft SQL Server\Client SDK\ODBC\170\Tools\Binn\;C:\Program Files\Microsoft SQL Server\160\DTS\Binn\;C:\Program Files\010 Editor;C:\Windows\ServiceProfiles\LocalService\AppData\Local\Microsoft\WindowsApps
	PATHEXT=.COM;.EXE;.BAT;.CMD;.VBS;.VBE;.JS;.JSE;.WSF;.WSH;.MSC
	PROCESSOR_ARCHITECTURE=AMD64
	PROCESSOR_IDENTIFIER=Intel64 Family 6 Model 140 Stepping 1, GenuineIntel
	PROCESSOR_LEVEL=6
	PROCESSOR_REVISION=8c01
	ProgramData=C:\ProgramData
	ProgramFiles=C:\Program Files
	ProgramFiles(x86)=C:\Program Files (x86)
	ProgramW6432=C:\Program Files
	PSModulePath=%ProgramFiles%\WindowsPowerShell\Modules;C:\Windows\system32\WindowsPowerShell\v1.0\Modules;C:\Program Files (x86)\Microsoft SQL Server\160\Tools\PowerShell\Modules\
	PUBLIC=C:\Users\Public
	SystemDrive=C:
	SystemRoot=C:\Windows
	TEMP=C:\Windows\SERVIC~1\LOCALS~1\AppData\Local\Temp
	TMP=C:\Windows\SERVIC~1\LOCALS~1\AppData\Local\Temp
	USERDOMAIN=NT AUTHORITY
	USERNAME=LOCAL SERVICE
	USERPROFILE=C:\Windows\ServiceProfiles\LocalService

  Process=svchost.exe
  PPID=0x246(582)
  PID=0x848(2120)
  Peb=0x0000006fe20c4000
  Params=0x00000174de003650
  Environment=0x00000174de0027f0
  EnvironmentSize=0xe4e
	ALLUSERSPROFILE=C:\ProgramData
	APPDATA=C:\Windows\ServiceProfiles\LocalService\AppData\Roaming
	CommonProgramFiles=C:\Program Files\Common Files
	CommonProgramFiles(x86)=C:\Program Files (x86)\Common Files
	CommonProgramW6432=C:\Program Files\Common Files
	COMPUTERNAME=DESKTOP-FPGOBQG
	ComSpec=C:\Windows\system32\cmd.exe
	DriverData=C:\Windows\System32\Drivers\DriverData
	LOCALAPPDATA=C:\Windows\ServiceProfiles\LocalService\AppData\Local
	NUMBER_OF_PROCESSORS=2
	OS=Windows_NT
	Path=C:\Windows\system32;C:\Windows;C:\Windows\System32\Wbem;C:\Windows\System32\WindowsPowerShell\v1.0\;C:\Windows\System32\OpenSSH\;C:\Program Files (x86)\Windows Kits\10\Windows Performance Toolkit\;C:\SysinternalsSuite;C:\Program Files (x86)\Microsoft SQL Server\160\Tools\Binn\;C:\Program Files\Microsoft SQL Server\160\Tools\Binn\;C:\Program Files\Microsoft SQL Server\Client SDK\ODBC\170\Tools\Binn\;C:\Program Files\Microsoft SQL Server\160\DTS\Binn\;C:\Program Files\010 Editor;C:\Windows\ServiceProfiles\LocalService\AppData\Local\Microsoft\WindowsApps
	PATHEXT=.COM;.EXE;.BAT;.CMD;.VBS;.VBE;.JS;.JSE;.WSF;.WSH;.MSC
	PROCESSOR_ARCHITECTURE=AMD64
	PROCESSOR_IDENTIFIER=Intel64 Family 6 Model 140 Stepping 1, GenuineIntel
	PROCESSOR_LEVEL=6
	PROCESSOR_REVISION=8c01
	ProgramData=C:\ProgramData
	ProgramFiles=C:\Program Files
	ProgramFiles(x86)=C:\Program Files (x86)
	ProgramW6432=C:\Program Files
	PSModulePath=%ProgramFiles%\WindowsPowerShell\Modules;C:\Windows\system32\WindowsPowerShell\v1.0\Modules;C:\Program Files (x86)\Microsoft SQL Server\160\Tools\PowerShell\Modules\
	PUBLIC=C:\Users\Public
	SystemDrive=C:
	SystemRoot=C:\Windows
	TEMP=C:\Windows\SERVIC~1\LOCALS~1\AppData\Local\Temp
	TMP=C:\Windows\SERVIC~1\LOCALS~1\AppData\Local\Temp
	USERDOMAIN=NT AUTHORITY
	USERNAME=LOCAL SERVICE
	USERPROFILE=C:\Windows\ServiceProfiles\LocalService

  Process=svchost.exe
  PPID=0x246(582)
  PID=0x890(2192)
  Peb=0x000000b8c5809000
  Params=0x0000029212403660
  Environment=0x00000292124027f0
  EnvironmentSize=0xe5e
	ALLUSERSPROFILE=C:\ProgramData
	APPDATA=C:\Windows\ServiceProfiles\NetworkService\AppData\Roaming
	CommonProgramFiles=C:\Program Files\Common Files
	CommonProgramFiles(x86)=C:\Program Files (x86)\Common Files
	CommonProgramW6432=C:\Program Files\Common Files
	COMPUTERNAME=DESKTOP-FPGOBQG
	ComSpec=C:\Windows\system32\cmd.exe
	DriverData=C:\Windows\System32\Drivers\DriverData
	LOCALAPPDATA=C:\Windows\ServiceProfiles\NetworkService\AppData\Local
	NUMBER_OF_PROCESSORS=2
	OS=Windows_NT
	Path=C:\Windows\system32;C:\Windows;C:\Windows\System32\Wbem;C:\Windows\System32\WindowsPowerShell\v1.0\;C:\Windows\System32\OpenSSH\;C:\Program Files (x86)\Windows Kits\10\Windows Performance Toolkit\;C:\SysinternalsSuite;C:\Program Files (x86)\Microsoft SQL Server\160\Tools\Binn\;C:\Program Files\Microsoft SQL Server\160\Tools\Binn\;C:\Program Files\Microsoft SQL Server\Client SDK\ODBC\170\Tools\Binn\;C:\Program Files\Microsoft SQL Server\160\DTS\Binn\;C:\Program Files\010 Editor;C:\Windows\ServiceProfiles\NetworkService\AppData\Local\Microsoft\WindowsApps
	PATHEXT=.COM;.EXE;.BAT;.CMD;.VBS;.VBE;.JS;.JSE;.WSF;.WSH;.MSC
	PROCESSOR_ARCHITECTURE=AMD64
	PROCESSOR_IDENTIFIER=Intel64 Family 6 Model 140 Stepping 1, GenuineIntel
	PROCESSOR_LEVEL=6
	PROCESSOR_REVISION=8c01
	ProgramData=C:\ProgramData
	ProgramFiles=C:\Program Files
	ProgramFiles(x86)=C:\Program Files (x86)
	ProgramW6432=C:\Program Files
	PSModulePath=%ProgramFiles%\WindowsPowerShell\Modules;C:\Windows\system32\WindowsPowerShell\v1.0\Modules;C:\Program Files (x86)\Microsoft SQL Server\160\Tools\PowerShell\Modules\
	PUBLIC=C:\Users\Public
	SystemDrive=C:
	SystemRoot=C:\Windows
	TEMP=C:\Windows\SERVIC~1\NETWOR~1\AppData\Local\Temp
	TMP=C:\Windows\SERVIC~1\NETWOR~1\AppData\Local\Temp
	USERDOMAIN=WORKGROUP
	USERNAME=DESKTOP-FPGOBQG$
	USERPROFILE=C:\Windows\ServiceProfiles\NetworkService

  Process=svchost.exe
  PPID=0x246(582)
  PID=0x89c(2204)
  Peb=0x00000011c0b5b000
  Params=0x0000016ccda03650
  Environment=0x0000016ccda027f0
  EnvironmentSize=0xe4e
	ALLUSERSPROFILE=C:\ProgramData
	APPDATA=C:\Windows\ServiceProfiles\LocalService\AppData\Roaming
	CommonProgramFiles=C:\Program Files\Common Files
	CommonProgramFiles(x86)=C:\Program Files (x86)\Common Files
	CommonProgramW6432=C:\Program Files\Common Files
	COMPUTERNAME=DESKTOP-FPGOBQG
	ComSpec=C:\Windows\system32\cmd.exe
	DriverData=C:\Windows\System32\Drivers\DriverData
	LOCALAPPDATA=C:\Windows\ServiceProfiles\LocalService\AppData\Local
	NUMBER_OF_PROCESSORS=2
	OS=Windows_NT
	Path=C:\Windows\system32;C:\Windows;C:\Windows\System32\Wbem;C:\Windows\System32\WindowsPowerShell\v1.0\;C:\Windows\System32\OpenSSH\;C:\Program Files (x86)\Windows Kits\10\Windows Performance Toolkit\;C:\SysinternalsSuite;C:\Program Files (x86)\Microsoft SQL Server\160\Tools\Binn\;C:\Program Files\Microsoft SQL Server\160\Tools\Binn\;C:\Program Files\Microsoft SQL Server\Client SDK\ODBC\170\Tools\Binn\;C:\Program Files\Microsoft SQL Server\160\DTS\Binn\;C:\Program Files\010 Editor;C:\Windows\ServiceProfiles\LocalService\AppData\Local\Microsoft\WindowsApps
	PATHEXT=.COM;.EXE;.BAT;.CMD;.VBS;.VBE;.JS;.JSE;.WSF;.WSH;.MSC
	PROCESSOR_ARCHITECTURE=AMD64
	PROCESSOR_IDENTIFIER=Intel64 Family 6 Model 140 Stepping 1, GenuineIntel
	PROCESSOR_LEVEL=6
	PROCESSOR_REVISION=8c01
	ProgramData=C:\ProgramData
	ProgramFiles=C:\Program Files
	ProgramFiles(x86)=C:\Program Files (x86)
	ProgramW6432=C:\Program Files
	PSModulePath=%ProgramFiles%\WindowsPowerShell\Modules;C:\Windows\system32\WindowsPowerShell\v1.0\Modules;C:\Program Files (x86)\Microsoft SQL Server\160\Tools\PowerShell\Modules\
	PUBLIC=C:\Users\Public
	SystemDrive=C:
	SystemRoot=C:\Windows
	TEMP=C:\Windows\SERVIC~1\LOCALS~1\AppData\Local\Temp
	TMP=C:\Windows\SERVIC~1\LOCALS~1\AppData\Local\Temp
	USERDOMAIN=NT AUTHORITY
	USERNAME=LOCAL SERVICE
	USERPROFILE=C:\Windows\ServiceProfiles\LocalService

  Process=svchost.exe
  PPID=0x246(582)
  PID=0x8a4(2212)
  Peb=0x000000e73c556000
  Params=0x0000024b2ea03650
  Environment=0x0000024b2ea027f0
  EnvironmentSize=0xe4e
	ALLUSERSPROFILE=C:\ProgramData
	APPDATA=C:\Windows\ServiceProfiles\LocalService\AppData\Roaming
	CommonProgramFiles=C:\Program Files\Common Files
	CommonProgramFiles(x86)=C:\Program Files (x86)\Common Files
	CommonProgramW6432=C:\Program Files\Common Files
	COMPUTERNAME=DESKTOP-FPGOBQG
	ComSpec=C:\Windows\system32\cmd.exe
	DriverData=C:\Windows\System32\Drivers\DriverData
	LOCALAPPDATA=C:\Windows\ServiceProfiles\LocalService\AppData\Local
	NUMBER_OF_PROCESSORS=2
	OS=Windows_NT
	Path=C:\Windows\system32;C:\Windows;C:\Windows\System32\Wbem;C:\Windows\System32\WindowsPowerShell\v1.0\;C:\Windows\System32\OpenSSH\;C:\Program Files (x86)\Windows Kits\10\Windows Performance Toolkit\;C:\SysinternalsSuite;C:\Program Files (x86)\Microsoft SQL Server\160\Tools\Binn\;C:\Program Files\Microsoft SQL Server\160\Tools\Binn\;C:\Program Files\Microsoft SQL Server\Client SDK\ODBC\170\Tools\Binn\;C:\Program Files\Microsoft SQL Server\160\DTS\Binn\;C:\Program Files\010 Editor;C:\Windows\ServiceProfiles\LocalService\AppData\Local\Microsoft\WindowsApps
	PATHEXT=.COM;.EXE;.BAT;.CMD;.VBS;.VBE;.JS;.JSE;.WSF;.WSH;.MSC
	PROCESSOR_ARCHITECTURE=AMD64
	PROCESSOR_IDENTIFIER=Intel64 Family 6 Model 140 Stepping 1, GenuineIntel
	PROCESSOR_LEVEL=6
	PROCESSOR_REVISION=8c01
	ProgramData=C:\ProgramData
	ProgramFiles=C:\Program Files
	ProgramFiles(x86)=C:\Program Files (x86)
	ProgramW6432=C:\Program Files
	PSModulePath=%ProgramFiles%\WindowsPowerShell\Modules;C:\Windows\system32\WindowsPowerShell\v1.0\Modules;C:\Program Files (x86)\Microsoft SQL Server\160\Tools\PowerShell\Modules\
	PUBLIC=C:\Users\Public
	SystemDrive=C:
	SystemRoot=C:\Windows
	TEMP=C:\Windows\SERVIC~1\LOCALS~1\AppData\Local\Temp
	TMP=C:\Windows\SERVIC~1\LOCALS~1\AppData\Local\Temp
	USERDOMAIN=NT AUTHORITY
	USERNAME=LOCAL SERVICE
	USERPROFILE=C:\Windows\ServiceProfiles\LocalService

  Process=svchost.exe
  PPID=0x246(582)
  PID=0x91c(2332)
  Peb=0x000000a45e05f000
  Params=0x00000275850035e0
  Environment=0x00000275850027f0
  EnvironmentSize=0xdd6
	ALLUSERSPROFILE=C:\ProgramData
	APPDATA=C:\Windows\system32\config\systemprofile\AppData\Roaming
	CommonProgramFiles=C:\Program Files\Common Files
	CommonProgramFiles(x86)=C:\Program Files (x86)\Common Files
	CommonProgramW6432=C:\Program Files\Common Files
	COMPUTERNAME=DESKTOP-FPGOBQG
	ComSpec=C:\Windows\system32\cmd.exe
	DriverData=C:\Windows\System32\Drivers\DriverData
	LOCALAPPDATA=C:\Windows\system32\config\systemprofile\AppData\Local
	NUMBER_OF_PROCESSORS=2
	OS=Windows_NT
	Path=C:\Windows\system32;C:\Windows;C:\Windows\System32\Wbem;C:\Windows\System32\WindowsPowerShell\v1.0\;C:\Windows\System32\OpenSSH\;C:\Program Files (x86)\Windows Kits\10\Windows Performance Toolkit\;C:\SysinternalsSuite;C:\Program Files (x86)\Microsoft SQL Server\160\Tools\Binn\;C:\Program Files\Microsoft SQL Server\160\Tools\Binn\;C:\Program Files\Microsoft SQL Server\Client SDK\ODBC\170\Tools\Binn\;C:\Program Files\Microsoft SQL Server\160\DTS\Binn\;C:\Program Files\010 Editor;C:\Windows\system32\config\systemprofile\AppData\Local\Microsoft\WindowsApps
	PATHEXT=.COM;.EXE;.BAT;.CMD;.VBS;.VBE;.JS;.JSE;.WSF;.WSH;.MSC
	PROCESSOR_ARCHITECTURE=AMD64
	PROCESSOR_IDENTIFIER=Intel64 Family 6 Model 140 Stepping 1, GenuineIntel
	PROCESSOR_LEVEL=6
	PROCESSOR_REVISION=8c01
	ProgramData=C:\ProgramData
	ProgramFiles=C:\Program Files
	ProgramFiles(x86)=C:\Program Files (x86)
	ProgramW6432=C:\Program Files
	PSModulePath=%ProgramFiles%\WindowsPowerShell\Modules;C:\Windows\system32\WindowsPowerShell\v1.0\Modules;C:\Program Files (x86)\Microsoft SQL Server\160\Tools\PowerShell\Modules\
	PUBLIC=C:\Users\Public
	SystemDrive=C:
	SystemRoot=C:\Windows
	TEMP=C:\Windows\TEMP
	TMP=C:\Windows\TEMP
	USERDOMAIN=WORKGROUP
	USERNAME=DESKTOP-FPGOBQG$
	USERPROFILE=C:\Windows\system32\config\systemprofile

  Process=svchost.exe
  PPID=0x246(582)
  PID=0x960(2400)
  Peb=0x0000008d8baaa000
  Params=0x000001984d803650
  Environment=0x000001984d8027f0
  EnvironmentSize=0xe4e
	ALLUSERSPROFILE=C:\ProgramData
	APPDATA=C:\Windows\ServiceProfiles\LocalService\AppData\Roaming
	CommonProgramFiles=C:\Program Files\Common Files
	CommonProgramFiles(x86)=C:\Program Files (x86)\Common Files
	CommonProgramW6432=C:\Program Files\Common Files
	COMPUTERNAME=DESKTOP-FPGOBQG
	ComSpec=C:\Windows\system32\cmd.exe
	DriverData=C:\Windows\System32\Drivers\DriverData
	LOCALAPPDATA=C:\Windows\ServiceProfiles\LocalService\AppData\Local
	NUMBER_OF_PROCESSORS=2
	OS=Windows_NT
	Path=C:\Windows\system32;C:\Windows;C:\Windows\System32\Wbem;C:\Windows\System32\WindowsPowerShell\v1.0\;C:\Windows\System32\OpenSSH\;C:\Program Files (x86)\Windows Kits\10\Windows Performance Toolkit\;C:\SysinternalsSuite;C:\Program Files (x86)\Microsoft SQL Server\160\Tools\Binn\;C:\Program Files\Microsoft SQL Server\160\Tools\Binn\;C:\Program Files\Microsoft SQL Server\Client SDK\ODBC\170\Tools\Binn\;C:\Program Files\Microsoft SQL Server\160\DTS\Binn\;C:\Program Files\010 Editor;C:\Windows\ServiceProfiles\LocalService\AppData\Local\Microsoft\WindowsApps
	PATHEXT=.COM;.EXE;.BAT;.CMD;.VBS;.VBE;.JS;.JSE;.WSF;.WSH;.MSC
	PROCESSOR_ARCHITECTURE=AMD64
	PROCESSOR_IDENTIFIER=Intel64 Family 6 Model 140 Stepping 1, GenuineIntel
	PROCESSOR_LEVEL=6
	PROCESSOR_REVISION=8c01
	ProgramData=C:\ProgramData
	ProgramFiles=C:\Program Files
	ProgramFiles(x86)=C:\Program Files (x86)
	ProgramW6432=C:\Program Files
	PSModulePath=%ProgramFiles%\WindowsPowerShell\Modules;C:\Windows\system32\WindowsPowerShell\v1.0\Modules;C:\Program Files (x86)\Microsoft SQL Server\160\Tools\PowerShell\Modules\
	PUBLIC=C:\Users\Public
	SystemDrive=C:
	SystemRoot=C:\Windows
	TEMP=C:\Windows\SERVIC~1\LOCALS~1\AppData\Local\Temp
	TMP=C:\Windows\SERVIC~1\LOCALS~1\AppData\Local\Temp
	USERDOMAIN=NT AUTHORITY
	USERNAME=LOCAL SERVICE
	USERPROFILE=C:\Windows\ServiceProfiles\LocalService

  Process=svchost.exe
  PPID=0x246(582)
  PID=0x970(2416)
  Peb=0x000000f62e47f000
  Params=0x000001f8c08035e0
  Environment=0x000001f8c08027f0
  EnvironmentSize=0xdd6
	ALLUSERSPROFILE=C:\ProgramData
	APPDATA=C:\Windows\system32\config\systemprofile\AppData\Roaming
	CommonProgramFiles=C:\Program Files\Common Files
	CommonProgramFiles(x86)=C:\Program Files (x86)\Common Files
	CommonProgramW6432=C:\Program Files\Common Files
	COMPUTERNAME=DESKTOP-FPGOBQG
	ComSpec=C:\Windows\system32\cmd.exe
	DriverData=C:\Windows\System32\Drivers\DriverData
	LOCALAPPDATA=C:\Windows\system32\config\systemprofile\AppData\Local
	NUMBER_OF_PROCESSORS=2
	OS=Windows_NT
	Path=C:\Windows\system32;C:\Windows;C:\Windows\System32\Wbem;C:\Windows\System32\WindowsPowerShell\v1.0\;C:\Windows\System32\OpenSSH\;C:\Program Files (x86)\Windows Kits\10\Windows Performance Toolkit\;C:\SysinternalsSuite;C:\Program Files (x86)\Microsoft SQL Server\160\Tools\Binn\;C:\Program Files\Microsoft SQL Server\160\Tools\Binn\;C:\Program Files\Microsoft SQL Server\Client SDK\ODBC\170\Tools\Binn\;C:\Program Files\Microsoft SQL Server\160\DTS\Binn\;C:\Program Files\010 Editor;C:\Windows\system32\config\systemprofile\AppData\Local\Microsoft\WindowsApps
	PATHEXT=.COM;.EXE;.BAT;.CMD;.VBS;.VBE;.JS;.JSE;.WSF;.WSH;.MSC
	PROCESSOR_ARCHITECTURE=AMD64
	PROCESSOR_IDENTIFIER=Intel64 Family 6 Model 140 Stepping 1, GenuineIntel
	PROCESSOR_LEVEL=6
	PROCESSOR_REVISION=8c01
	ProgramData=C:\ProgramData
	ProgramFiles=C:\Program Files
	ProgramFiles(x86)=C:\Program Files (x86)
	ProgramW6432=C:\Program Files
	PSModulePath=%ProgramFiles%\WindowsPowerShell\Modules;C:\Windows\system32\WindowsPowerShell\v1.0\Modules;C:\Program Files (x86)\Microsoft SQL Server\160\Tools\PowerShell\Modules\
	PUBLIC=C:\Users\Public
	SystemDrive=C:
	SystemRoot=C:\Windows
	TEMP=C:\Windows\TEMP
	TMP=C:\Windows\TEMP
	USERDOMAIN=WORKGROUP
	USERNAME=DESKTOP-FPGOBQG$
	USERPROFILE=C:\Windows\system32\config\systemprofile

  Process=svchost.exe
  PPID=0x246(582)
  PID=0x9d4(2516)
  Peb=0x000000d035b05000
  Params=0x0000025c4ea03650
  Environment=0x0000025c4ea027f0
  EnvironmentSize=0xe4e
	ALLUSERSPROFILE=C:\ProgramData
	APPDATA=C:\Windows\ServiceProfiles\LocalService\AppData\Roaming
	CommonProgramFiles=C:\Program Files\Common Files
	CommonProgramFiles(x86)=C:\Program Files (x86)\Common Files
	CommonProgramW6432=C:\Program Files\Common Files
	COMPUTERNAME=DESKTOP-FPGOBQG
	ComSpec=C:\Windows\system32\cmd.exe
	DriverData=C:\Windows\System32\Drivers\DriverData
	LOCALAPPDATA=C:\Windows\ServiceProfiles\LocalService\AppData\Local
	NUMBER_OF_PROCESSORS=2
	OS=Windows_NT
	Path=C:\Windows\system32;C:\Windows;C:\Windows\System32\Wbem;C:\Windows\System32\WindowsPowerShell\v1.0\;C:\Windows\System32\OpenSSH\;C:\Program Files (x86)\Windows Kits\10\Windows Performance Toolkit\;C:\SysinternalsSuite;C:\Program Files (x86)\Microsoft SQL Server\160\Tools\Binn\;C:\Program Files\Microsoft SQL Server\160\Tools\Binn\;C:\Program Files\Microsoft SQL Server\Client SDK\ODBC\170\Tools\Binn\;C:\Program Files\Microsoft SQL Server\160\DTS\Binn\;C:\Program Files\010 Editor;C:\Windows\ServiceProfiles\LocalService\AppData\Local\Microsoft\WindowsApps
	PATHEXT=.COM;.EXE;.BAT;.CMD;.VBS;.VBE;.JS;.JSE;.WSF;.WSH;.MSC
	PROCESSOR_ARCHITECTURE=AMD64
	PROCESSOR_IDENTIFIER=Intel64 Family 6 Model 140 Stepping 1, GenuineIntel
	PROCESSOR_LEVEL=6
	PROCESSOR_REVISION=8c01
	ProgramData=C:\ProgramData
	ProgramFiles=C:\Program Files
	ProgramFiles(x86)=C:\Program Files (x86)
	ProgramW6432=C:\Program Files
	PSModulePath=%ProgramFiles%\WindowsPowerShell\Modules;C:\Windows\system32\WindowsPowerShell\v1.0\Modules;C:\Program Files (x86)\Microsoft SQL Server\160\Tools\PowerShell\Modules\
	PUBLIC=C:\Users\Public
	SystemDrive=C:
	SystemRoot=C:\Windows
	TEMP=C:\Windows\SERVIC~1\LOCALS~1\AppData\Local\Temp
	TMP=C:\Windows\SERVIC~1\LOCALS~1\AppData\Local\Temp
	USERDOMAIN=NT AUTHORITY
	USERNAME=LOCAL SERVICE
	USERPROFILE=C:\Windows\ServiceProfiles\LocalService

  Process=spoolsv.exe
  PPID=0x246(582)
  PID=0x9dc(2524)
  Peb=0x00000000009ab000
  Params=0x0000000000c81dc0
  Environment=0x0000000000c80fe0
  EnvironmentSize=0xdd6

  Process=svchost.exe
  PPID=0x246(582)
  PID=0xa38(2616)
  Peb=0x000000bd75810000
  Params=0x0000026ce7403650
  Environment=0x0000026ce74027f0
  EnvironmentSize=0xe4e
	ALLUSERSPROFILE=C:\ProgramData
	APPDATA=C:\Windows\ServiceProfiles\LocalService\AppData\Roaming
	CommonProgramFiles=C:\Program Files\Common Files
	CommonProgramFiles(x86)=C:\Program Files (x86)\Common Files
	CommonProgramW6432=C:\Program Files\Common Files
	COMPUTERNAME=DESKTOP-FPGOBQG
	ComSpec=C:\Windows\system32\cmd.exe
	DriverData=C:\Windows\System32\Drivers\DriverData
	LOCALAPPDATA=C:\Windows\ServiceProfiles\LocalService\AppData\Local
	NUMBER_OF_PROCESSORS=2
	OS=Windows_NT
	Path=C:\Windows\system32;C:\Windows;C:\Windows\System32\Wbem;C:\Windows\System32\WindowsPowerShell\v1.0\;C:\Windows\System32\OpenSSH\;C:\Program Files (x86)\Windows Kits\10\Windows Performance Toolkit\;C:\SysinternalsSuite;C:\Program Files (x86)\Microsoft SQL Server\160\Tools\Binn\;C:\Program Files\Microsoft SQL Server\160\Tools\Binn\;C:\Program Files\Microsoft SQL Server\Client SDK\ODBC\170\Tools\Binn\;C:\Program Files\Microsoft SQL Server\160\DTS\Binn\;C:\Program Files\010 Editor;C:\Windows\ServiceProfiles\LocalService\AppData\Local\Microsoft\WindowsApps
	PATHEXT=.COM;.EXE;.BAT;.CMD;.VBS;.VBE;.JS;.JSE;.WSF;.WSH;.MSC
	PROCESSOR_ARCHITECTURE=AMD64
	PROCESSOR_IDENTIFIER=Intel64 Family 6 Model 140 Stepping 1, GenuineIntel
	PROCESSOR_LEVEL=6
	PROCESSOR_REVISION=8c01
	ProgramData=C:\ProgramData
	ProgramFiles=C:\Program Files
	ProgramFiles(x86)=C:\Program Files (x86)
	ProgramW6432=C:\Program Files
	PSModulePath=%ProgramFiles%\WindowsPowerShell\Modules;C:\Windows\system32\WindowsPowerShell\v1.0\Modules;C:\Program Files (x86)\Microsoft SQL Server\160\Tools\PowerShell\Modules\
	PUBLIC=C:\Users\Public
	SystemDrive=C:
	SystemRoot=C:\Windows
	TEMP=C:\Windows\SERVIC~1\LOCALS~1\AppData\Local\Temp
	TMP=C:\Windows\SERVIC~1\LOCALS~1\AppData\Local\Temp
	USERDOMAIN=NT AUTHORITY
	USERNAME=LOCAL SERVICE
	USERPROFILE=C:\Windows\ServiceProfiles\LocalService

  Process=svchost.exe
  PPID=0x246(582)
  PID=0xab8(2744)
  Peb=0x000000c44781c000
  Params=0x000001f105803650
  Environment=0x000001f1058027f0
  EnvironmentSize=0xe4e
	ALLUSERSPROFILE=C:\ProgramData
	APPDATA=C:\Windows\ServiceProfiles\LocalService\AppData\Roaming
	CommonProgramFiles=C:\Program Files\Common Files
	CommonProgramFiles(x86)=C:\Program Files (x86)\Common Files
	CommonProgramW6432=C:\Program Files\Common Files
	COMPUTERNAME=DESKTOP-FPGOBQG
	ComSpec=C:\Windows\system32\cmd.exe
	DriverData=C:\Windows\System32\Drivers\DriverData
	LOCALAPPDATA=C:\Windows\ServiceProfiles\LocalService\AppData\Local
	NUMBER_OF_PROCESSORS=2
	OS=Windows_NT
	Path=C:\Windows\system32;C:\Windows;C:\Windows\System32\Wbem;C:\Windows\System32\WindowsPowerShell\v1.0\;C:\Windows\System32\OpenSSH\;C:\Program Files (x86)\Windows Kits\10\Windows Performance Toolkit\;C:\SysinternalsSuite;C:\Program Files (x86)\Microsoft SQL Server\160\Tools\Binn\;C:\Program Files\Microsoft SQL Server\160\Tools\Binn\;C:\Program Files\Microsoft SQL Server\Client SDK\ODBC\170\Tools\Binn\;C:\Program Files\Microsoft SQL Server\160\DTS\Binn\;C:\Program Files\010 Editor;C:\Windows\ServiceProfiles\LocalService\AppData\Local\Microsoft\WindowsApps
	PATHEXT=.COM;.EXE;.BAT;.CMD;.VBS;.VBE;.JS;.JSE;.WSF;.WSH;.MSC
	PROCESSOR_ARCHITECTURE=AMD64
	PROCESSOR_IDENTIFIER=Intel64 Family 6 Model 140 Stepping 1, GenuineIntel
	PROCESSOR_LEVEL=6
	PROCESSOR_REVISION=8c01
	ProgramData=C:\ProgramData
	ProgramFiles=C:\Program Files
	ProgramFiles(x86)=C:\Program Files (x86)
	ProgramW6432=C:\Program Files
	PSModulePath=%ProgramFiles%\WindowsPowerShell\Modules;C:\Windows\system32\WindowsPowerShell\v1.0\Modules;C:\Program Files (x86)\Microsoft SQL Server\160\Tools\PowerShell\Modules\
	PUBLIC=C:\Users\Public
	SystemDrive=C:
	SystemRoot=C:\Windows
	TEMP=C:\Windows\SERVIC~1\LOCALS~1\AppData\Local\Temp
	TMP=C:\Windows\SERVIC~1\LOCALS~1\AppData\Local\Temp
	USERDOMAIN=NT AUTHORITY
	USERNAME=LOCAL SERVICE
	USERPROFILE=C:\Windows\ServiceProfiles\LocalService

  Process=svchost.exe
  PPID=0x246(582)
  PID=0xbb8(3000)
  Peb=0x000000f34ac0b000
  Params=0x0000021c8e0035e0
  Environment=0x0000021c8e0027f0
  EnvironmentSize=0xdda
	ALLUSERSPROFILE=C:\ProgramData
	APPDATA=C:\Windows\system32\config\systemprofile\AppData\Roaming
	CommonProgramFiles=C:\Program Files\Common Files
	CommonProgramFiles(x86)=C:\Program Files (x86)\Common Files
	CommonProgramW6432=C:\Program Files\Common Files
	COMPUTERNAME=DESKTOP-FPGOBQG
	ComSpec=C:\Windows\system32\cmd.exe
	DriverData=C:\Windows\System32\Drivers\DriverData
	LOCALAPPDATA=C:\Windows\system32\config\systemprofile\AppData\Local
	NUMBER_OF_PROCESSORS=2
	OS=Windows_NT
	Path=C:\Windows\system32;C:\Windows;C:\Windows\System32\Wbem;C:\Windows\System32\WindowsPowerShell\v1.0\;C:\Windows\System32\OpenSSH\;C:\Program Files (x86)\Windows Kits\10\Windows Performance Toolkit\;C:\SysinternalsSuite;C:\Program Files (x86)\Microsoft SQL Server\160\Tools\Binn\;C:\Program Files\Microsoft SQL Server\160\Tools\Binn\;C:\Program Files\Microsoft SQL Server\Client SDK\ODBC\170\Tools\Binn\;C:\Program Files\Microsoft SQL Server\160\DTS\Binn\;C:\Program Files\010 Editor;C:\Windows\system32\config\systemprofile\AppData\Local\Microsoft\WindowsApps
	PATHEXT=.COM;.EXE;.BAT;.CMD;.VBS;.VBE;.JS;.JSE;.WSF;.WSH;.MSC
	PROCESSOR_ARCHITECTURE=AMD64
	PROCESSOR_IDENTIFIER=Intel64 Family 6 Model 140 Stepping 1, GenuineIntel
	PROCESSOR_LEVEL=6
	PROCESSOR_REVISION=8c01
	ProgramData=C:\ProgramData
	ProgramFiles=C:\Program Files
	ProgramFiles(x86)=C:\Program Files (x86)
	ProgramW6432=C:\Program Files
	PSModulePath=C:\Program Files\WindowsPowerShell\Modules;C:\Windows\system32\WindowsPowerShell\v1.0\Modules;C:\Program Files (x86)\Microsoft SQL Server\160\Tools\PowerShell\Modules\
	PUBLIC=C:\Users\Public
	SystemDrive=C:
	SystemRoot=C:\Windows
	TEMP=C:\Windows\TEMP
	TMP=C:\Windows\TEMP
	USERDOMAIN=WORKGROUP
	USERNAME=DESKTOP-FPGOBQG$
	USERPROFILE=C:\Windows\system32\config\systemprofile

  Process=svchost.exe
  PPID=0x246(582)
  PID=0xbd0(3024)
  Peb=0x000000c1b9b43000
  Params=0x0000023cc0003660
  Environment=0x0000023cc00027f0
  EnvironmentSize=0xe5e
	ALLUSERSPROFILE=C:\ProgramData
	APPDATA=C:\Windows\ServiceProfiles\NetworkService\AppData\Roaming
	CommonProgramFiles=C:\Program Files\Common Files
	CommonProgramFiles(x86)=C:\Program Files (x86)\Common Files
	CommonProgramW6432=C:\Program Files\Common Files
	COMPUTERNAME=DESKTOP-FPGOBQG
	ComSpec=C:\Windows\system32\cmd.exe
	DriverData=C:\Windows\System32\Drivers\DriverData
	LOCALAPPDATA=C:\Windows\ServiceProfiles\NetworkService\AppData\Local
	NUMBER_OF_PROCESSORS=2
	OS=Windows_NT
	Path=C:\Windows\system32;C:\Windows;C:\Windows\System32\Wbem;C:\Windows\System32\WindowsPowerShell\v1.0\;C:\Windows\System32\OpenSSH\;C:\Program Files (x86)\Windows Kits\10\Windows Performance Toolkit\;C:\SysinternalsSuite;C:\Program Files (x86)\Microsoft SQL Server\160\Tools\Binn\;C:\Program Files\Microsoft SQL Server\160\Tools\Binn\;C:\Program Files\Microsoft SQL Server\Client SDK\ODBC\170\Tools\Binn\;C:\Program Files\Microsoft SQL Server\160\DTS\Binn\;C:\Program Files\010 Editor;C:\Windows\ServiceProfiles\NetworkService\AppData\Local\Microsoft\WindowsApps
	PATHEXT=.COM;.EXE;.BAT;.CMD;.VBS;.VBE;.JS;.JSE;.WSF;.WSH;.MSC
	PROCESSOR_ARCHITECTURE=AMD64
	PROCESSOR_IDENTIFIER=Intel64 Family 6 Model 140 Stepping 1, GenuineIntel
	PROCESSOR_LEVEL=6
	PROCESSOR_REVISION=8c01
	ProgramData=C:\ProgramData
	ProgramFiles=C:\Program Files
	ProgramFiles(x86)=C:\Program Files (x86)
	ProgramW6432=C:\Program Files
	PSModulePath=%ProgramFiles%\WindowsPowerShell\Modules;C:\Windows\system32\WindowsPowerShell\v1.0\Modules;C:\Program Files (x86)\Microsoft SQL Server\160\Tools\PowerShell\Modules\
	PUBLIC=C:\Users\Public
	SystemDrive=C:
	SystemRoot=C:\Windows
	TEMP=C:\Windows\SERVIC~1\NETWOR~1\AppData\Local\Temp
	TMP=C:\Windows\SERVIC~1\NETWOR~1\AppData\Local\Temp
	USERDOMAIN=WORKGROUP
	USERNAME=DESKTOP-FPGOBQG$
	USERPROFILE=C:\Windows\ServiceProfiles\NetworkService

  Process=svchost.exe
  PPID=0x246(582)
  PID=0xbe0(3040)
  Peb=0x0000001739040000
  Params=0x000001e68ce035e0
  Environment=0x000001e68d7f61a0
  EnvironmentSize=0xf7e
	ALLUSERSPROFILE=C:\ProgramData
	APPDATA=C:\Windows\system32\config\systemprofile\AppData\Roaming
	CommonProgramFiles=C:\Program Files\Common Files
	CommonProgramFiles(x86)=C:\Program Files (x86)\Common Files
	CommonProgramW6432=C:\Program Files\Common Files
	COMPUTERNAME=DESKTOP-FPGOBQG
	ComSpec=C:\Windows\system32\cmd.exe
	DiagtrackRegistryRoot=SOFTWARE\Microsoft\Windows\CurrentVersion\Diagnostics\DiagTrack
	DiagtrackStorageRoot=C:\ProgramData\Microsoft\Diagnosis
	DiagTrackSystemPartition=Volume{dd255012-727e-4076-a7ef-27499e669f8e}
	DriverData=C:\Windows\System32\Drivers\DriverData
	LOCALAPPDATA=C:\Windows\system32\config\systemprofile\AppData\Local
	NUMBER_OF_PROCESSORS=2
	OS=Windows_NT
	Path=C:\Windows\system32;C:\Windows;C:\Windows\System32\Wbem;C:\Windows\System32\WindowsPowerShell\v1.0\;C:\Windows\System32\OpenSSH\;C:\Program Files (x86)\Windows Kits\10\Windows Performance Toolkit\;C:\SysinternalsSuite;C:\Program Files (x86)\Microsoft SQL Server\160\Tools\Binn\;C:\Program Files\Microsoft SQL Server\160\Tools\Binn\;C:\Program Files\Microsoft SQL Server\Client SDK\ODBC\170\Tools\Binn\;C:\Program Files\Microsoft SQL Server\160\DTS\Binn\;C:\Program Files\010 Editor;C:\Windows\system32\config\systemprofile\AppData\Local\Microsoft\WindowsApps
	PATHEXT=.COM;.EXE;.BAT;.CMD;.VBS;.VBE;.JS;.JSE;.WSF;.WSH;.MSC
	PROCESSOR_ARCHITECTURE=AMD64
	PROCESSOR_IDENTIFIER=Intel64 Family 6 Model 140 Stepping 1, GenuineIntel
	PROCESSOR_LEVEL=6
	PROCESSOR_REVISION=8c01
	ProgramData=C:\ProgramData
	ProgramFiles=C:\Program Files
	ProgramFiles(x86)=C:\Program Files (x86)
	ProgramW6432=C:\Program Files
	PSModulePath=%ProgramFiles%\WindowsPowerShell\Modules;C:\Windows\system32\WindowsPowerShell\v1.0\Modules;C:\Program Files (x86)\Microsoft SQL Server\160\Tools\PowerShell\Modules\
	PUBLIC=C:\Users\Public
	SystemDrive=C:
	SystemRoot=C:\Windows
	TEMP=C:\Windows\TEMP
	TMP=C:\Windows\TEMP
	USERDOMAIN=WORKGROUP
	USERNAME=DESKTOP-FPGOBQG$
	USERPROFILE=C:\Windows\system32\config\systemprofile

  Process=svchost.exe
  PPID=0x246(582)
  PID=0xbf4(3060)
  Peb=0x0000006afec2e000
  Params=0x000001ca1ae03650
  Environment=0x000001ca1ae027f0
  EnvironmentSize=0xe4e
	ALLUSERSPROFILE=C:\ProgramData
	APPDATA=C:\Windows\ServiceProfiles\LocalService\AppData\Roaming
	CommonProgramFiles=C:\Program Files\Common Files
	CommonProgramFiles(x86)=C:\Program Files (x86)\Common Files
	CommonProgramW6432=C:\Program Files\Common Files
	COMPUTERNAME=DESKTOP-FPGOBQG
	ComSpec=C:\Windows\system32\cmd.exe
	DriverData=C:\Windows\System32\Drivers\DriverData
	LOCALAPPDATA=C:\Windows\ServiceProfiles\LocalService\AppData\Local
	NUMBER_OF_PROCESSORS=2
	OS=Windows_NT
	Path=C:\Windows\system32;C:\Windows;C:\Windows\System32\Wbem;C:\Windows\System32\WindowsPowerShell\v1.0\;C:\Windows\System32\OpenSSH\;C:\Program Files (x86)\Windows Kits\10\Windows Performance Toolkit\;C:\SysinternalsSuite;C:\Program Files (x86)\Microsoft SQL Server\160\Tools\Binn\;C:\Program Files\Microsoft SQL Server\160\Tools\Binn\;C:\Program Files\Microsoft SQL Server\Client SDK\ODBC\170\Tools\Binn\;C:\Program Files\Microsoft SQL Server\160\DTS\Binn\;C:\Program Files\010 Editor;C:\Windows\ServiceProfiles\LocalService\AppData\Local\Microsoft\WindowsApps
	PATHEXT=.COM;.EXE;.BAT;.CMD;.VBS;.VBE;.JS;.JSE;.WSF;.WSH;.MSC
	PROCESSOR_ARCHITECTURE=AMD64
	PROCESSOR_IDENTIFIER=Intel64 Family 6 Model 140 Stepping 1, GenuineIntel
	PROCESSOR_LEVEL=6
	PROCESSOR_REVISION=8c01
	ProgramData=C:\ProgramData
	ProgramFiles=C:\Program Files
	ProgramFiles(x86)=C:\Program Files (x86)
	ProgramW6432=C:\Program Files
	PSModulePath=%ProgramFiles%\WindowsPowerShell\Modules;C:\Windows\system32\WindowsPowerShell\v1.0\Modules;C:\Program Files (x86)\Microsoft SQL Server\160\Tools\PowerShell\Modules\
	PUBLIC=C:\Users\Public
	SystemDrive=C:
	SystemRoot=C:\Windows
	TEMP=C:\Windows\SERVIC~1\LOCALS~1\AppData\Local\Temp
	TMP=C:\Windows\SERVIC~1\LOCALS~1\AppData\Local\Temp
	USERDOMAIN=NT AUTHORITY
	USERNAME=LOCAL SERVICE
	USERPROFILE=C:\Windows\ServiceProfiles\LocalService

  Process=Everything.exe
  PPID=0x246(582)
  PID=0x984(2436)
  Peb=0x0000000000962000
  Params=0x0000000000bc1dd0
  Environment=0x0000000000bc0fe0
  EnvironmentSize=0xdda

  Process=svchost.exe
  PPID=0x246(582)
  PID=0xa50(2640)
  Peb=0x0000001034f93000
  Params=0x000001602cc035e0
  Environment=0x000001602cc027f0
  EnvironmentSize=0xdd6
	ALLUSERSPROFILE=C:\ProgramData
	APPDATA=C:\Windows\system32\config\systemprofile\AppData\Roaming
	CommonProgramFiles=C:\Program Files\Common Files
	CommonProgramFiles(x86)=C:\Program Files (x86)\Common Files
	CommonProgramW6432=C:\Program Files\Common Files
	COMPUTERNAME=DESKTOP-FPGOBQG
	ComSpec=C:\Windows\system32\cmd.exe
	DriverData=C:\Windows\System32\Drivers\DriverData
	LOCALAPPDATA=C:\Windows\system32\config\systemprofile\AppData\Local
	NUMBER_OF_PROCESSORS=2
	OS=Windows_NT
	Path=C:\Windows\system32;C:\Windows;C:\Windows\System32\Wbem;C:\Windows\System32\WindowsPowerShell\v1.0\;C:\Windows\System32\OpenSSH\;C:\Program Files (x86)\Windows Kits\10\Windows Performance Toolkit\;C:\SysinternalsSuite;C:\Program Files (x86)\Microsoft SQL Server\160\Tools\Binn\;C:\Program Files\Microsoft SQL Server\160\Tools\Binn\;C:\Program Files\Microsoft SQL Server\Client SDK\ODBC\170\Tools\Binn\;C:\Program Files\Microsoft SQL Server\160\DTS\Binn\;C:\Program Files\010 Editor;C:\Windows\system32\config\systemprofile\AppData\Local\Microsoft\WindowsApps
	PATHEXT=.COM;.EXE;.BAT;.CMD;.VBS;.VBE;.JS;.JSE;.WSF;.WSH;.MSC
	PROCESSOR_ARCHITECTURE=AMD64
	PROCESSOR_IDENTIFIER=Intel64 Family 6 Model 140 Stepping 1, GenuineIntel
	PROCESSOR_LEVEL=6
	PROCESSOR_REVISION=8c01
	ProgramData=C:\ProgramData
	ProgramFiles=C:\Program Files
	ProgramFiles(x86)=C:\Program Files (x86)
	ProgramW6432=C:\Program Files
	PSModulePath=%ProgramFiles%\WindowsPowerShell\Modules;C:\Windows\system32\WindowsPowerShell\v1.0\Modules;C:\Program Files (x86)\Microsoft SQL Server\160\Tools\PowerShell\Modules\
	PUBLIC=C:\Users\Public
	SystemDrive=C:
	SystemRoot=C:\Windows
	TEMP=C:\Windows\TEMP
	TMP=C:\Windows\TEMP
	USERDOMAIN=WORKGROUP
	USERNAME=DESKTOP-FPGOBQG$
	USERPROFILE=C:\Windows\system32\config\systemprofile

  Process=IpOverUsbSvc.e
  PPID=0x246(582)
  PID=0xc08(3080)
  Peb=0x0000000000c0a000
  Params=0x00000000010d1dd0
  Environment=0x00000000010d0fe0
  EnvironmentSize=0xdda

  Process=sqlwriter.exe
  PPID=0x1(1)
  PID=0xc60(3168)
  Peb=0x000000a7260f9000
  Params=0x0000029a94ba1dc0
  Environment=0x0000029a94ba0fe0
  EnvironmentSize=0xdd6

  Process=svchost.exe
  PPID=0x246(582)
  PID=0xc70(3184)
  Peb=0x000000df3cda4000
  Params=0x00000253aa6035e0
  Environment=0x00000253aa6027f0
  EnvironmentSize=0xdd6
	ALLUSERSPROFILE=C:\ProgramData
	APPDATA=C:\Windows\system32\config\systemprofile\AppData\Roaming
	CommonProgramFiles=C:\Program Files\Common Files
	CommonProgramFiles(x86)=C:\Program Files (x86)\Common Files
	CommonProgramW6432=C:\Program Files\Common Files
	COMPUTERNAME=DESKTOP-FPGOBQG
	ComSpec=C:\Windows\system32\cmd.exe
	DriverData=C:\Windows\System32\Drivers\DriverData
	LOCALAPPDATA=C:\Windows\system32\config\systemprofile\AppData\Local
	NUMBER_OF_PROCESSORS=2
	OS=Windows_NT
	Path=C:\Windows\system32;C:\Windows;C:\Windows\System32\Wbem;C:\Windows\System32\WindowsPowerShell\v1.0\;C:\Windows\System32\OpenSSH\;C:\Program Files (x86)\Windows Kits\10\Windows Performance Toolkit\;C:\SysinternalsSuite;C:\Program Files (x86)\Microsoft SQL Server\160\Tools\Binn\;C:\Program Files\Microsoft SQL Server\160\Tools\Binn\;C:\Program Files\Microsoft SQL Server\Client SDK\ODBC\170\Tools\Binn\;C:\Program Files\Microsoft SQL Server\160\DTS\Binn\;C:\Program Files\010 Editor;C:\Windows\system32\config\systemprofile\AppData\Local\Microsoft\WindowsApps
	PATHEXT=.COM;.EXE;.BAT;.CMD;.VBS;.VBE;.JS;.JSE;.WSF;.WSH;.MSC
	PROCESSOR_ARCHITECTURE=AMD64
	PROCESSOR_IDENTIFIER=Intel64 Family 6 Model 140 Stepping 1, GenuineIntel
	PROCESSOR_LEVEL=6
	PROCESSOR_REVISION=8c01
	ProgramData=C:\ProgramData
	ProgramFiles=C:\Program Files
	ProgramFiles(x86)=C:\Program Files (x86)
	ProgramW6432=C:\Program Files
	PSModulePath=%ProgramFiles%\WindowsPowerShell\Modules;C:\Windows\system32\WindowsPowerShell\v1.0\Modules;C:\Program Files (x86)\Microsoft SQL Server\160\Tools\PowerShell\Modules\
	PUBLIC=C:\Users\Public
	SystemDrive=C:
	SystemRoot=C:\Windows
	TEMP=C:\Windows\TEMP
	TMP=C:\Windows\TEMP
	USERDOMAIN=WORKGROUP
	USERNAME=DESKTOP-FPGOBQG$
	USERPROFILE=C:\Windows\system32\config\systemprofile

  Process=VGAuthService.
  PPID=0x1(1)
  PID=0xc80(3200)
  Peb=0x0000004394620000
  Params=0x0000016b06bd1dd0
  Environment=0x0000016b06bd0fe0
  EnvironmentSize=0xdda
	ALLUSERSPROFILE=C:\ProgramData
	APPDATA=C:\Windows\system32\config\systemprofile\AppData\Roaming
	CommonProgramFiles=C:\Program Files\Common Files
	CommonProgramFiles(x86)=C:\Program Files (x86)\Common Files
	CommonProgramW6432=C:\Program Files\Common Files
	COMPUTERNAME=DESKTOP-FPGOBQG
	ComSpec=C:\Windows\system32\cmd.exe
	DriverData=C:\Windows\System32\Drivers\DriverData
	LOCALAPPDATA=C:\Windows\system32\config\systemprofile\AppData\Local
	NUMBER_OF_PROCESSORS=2
	OS=Windows_NT
	PATHEXT=.COM;.EXE;.BAT;.CMD;.VBS;.VBE;.JS;.JSE;.WSF;.WSH;.MSC
	PROCESSOR_ARCHITECTURE=AMD64
	PROCESSOR_IDENTIFIER=Intel64 Family 6 Model 140 Stepping 1, GenuineIntel
	PROCESSOR_LEVEL=6
	PROCESSOR_REVISION=8c01
	ProgramData=C:\ProgramData
	ProgramFiles=C:\Program Files
	ProgramFiles(x86)=C:\Program Files (x86)
	ProgramW6432=C:\Program Files
	PSModulePath=C:\Program Files\WindowsPowerShell\Modules;C:\Windows\system32\WindowsPowerShell\v1.0\Modules;C:\Program Files (x86)\Microsoft SQL Server\160\Tools\PowerShell\Modules\
	PUBLIC=C:\Users\Public
	SystemDrive=C:
	SystemRoot=C:\Windows
	TEMP=C:\Windows\TEMP
	TMP=C:\Windows\TEMP
	USERDOMAIN=WORKGROUP
	USERNAME=DESKTOP-FPGOBQG$
	USERPROFILE=C:\Windows\system32\config\systemprofile

  Process=svchost.exe
  PPID=0x246(582)
  PID=0xc8c(3212)
  Peb=0x000000680a6d0000
  Params=0x000001c4d14035e0
  Environment=0x000001c4d14027f0
  EnvironmentSize=0xdd6
	ALLUSERSPROFILE=C:\ProgramData
	APPDATA=C:\Windows\system32\config\systemprofile\AppData\Roaming
	CommonProgramFiles=C:\Program Files\Common Files
	CommonProgramFiles(x86)=C:\Program Files (x86)\Common Files
	CommonProgramW6432=C:\Program Files\Common Files
	COMPUTERNAME=DESKTOP-FPGOBQG
	ComSpec=C:\Windows\system32\cmd.exe
	DriverData=C:\Windows\System32\Drivers\DriverData
	LOCALAPPDATA=C:\Windows\system32\config\systemprofile\AppData\Local
	NUMBER_OF_PROCESSORS=2
	OS=Windows_NT
	Path=C:\Windows\system32;C:\Windows;C:\Windows\System32\Wbem;C:\Windows\System32\WindowsPowerShell\v1.0\;C:\Windows\System32\OpenSSH\;C:\Program Files (x86)\Windows Kits\10\Windows Performance Toolkit\;C:\SysinternalsSuite;C:\Program Files (x86)\Microsoft SQL Server\160\Tools\Binn\;C:\Program Files\Microsoft SQL Server\160\Tools\Binn\;C:\Program Files\Microsoft SQL Server\Client SDK\ODBC\170\Tools\Binn\;C:\Program Files\Microsoft SQL Server\160\DTS\Binn\;C:\Program Files\010 Editor;C:\Windows\system32\config\systemprofile\AppData\Local\Microsoft\WindowsApps
	PATHEXT=.COM;.EXE;.BAT;.CMD;.VBS;.VBE;.JS;.JSE;.WSF;.WSH;.MSC
	PROCESSOR_ARCHITECTURE=AMD64
	PROCESSOR_IDENTIFIER=Intel64 Family 6 Model 140 Stepping 1, GenuineIntel
	PROCESSOR_LEVEL=6
	PROCESSOR_REVISION=8c01
	ProgramData=C:\ProgramData
	ProgramFiles=C:\Program Files
	ProgramFiles(x86)=C:\Program Files (x86)
	ProgramW6432=C:\Program Files
	PSModulePath=%ProgramFiles%\WindowsPowerShell\Modules;C:\Windows\system32\WindowsPowerShell\v1.0\Modules;C:\Program Files (x86)\Microsoft SQL Server\160\Tools\PowerShell\Modules\
	PUBLIC=C:\Users\Public
	SystemDrive=C:
	SystemRoot=C:\Windows
	TEMP=C:\Windows\TEMP
	TMP=C:\Windows\TEMP
	USERDOMAIN=WORKGROUP
	USERNAME=DESKTOP-FPGOBQG$
	USERPROFILE=C:\Windows\system32\config\systemprofile

  Process=vmtoolsd.exe
  PPID=0x246(582)
  PID=0xc98(3224)
  Peb=0x000000739d605000
  Params=0x000001db50a21dd0
  Environment=0x000001db50a20fe0
  EnvironmentSize=0xdda
	ALLUSERSPROFILE=C:\ProgramData
	APPDATA=C:\Windows\system32\config\systemprofile\AppData\Roaming
	CommonProgramFiles=C:\Program Files\Common Files
	CommonProgramFiles(x86)=C:\Program Files (x86)\Common Files
	CommonProgramW6432=C:\Program Files\Common Files
	COMPUTERNAME=DESKTOP-FPGOBQG
	ComSpec=C:\Windows\system32\cmd.exe
	DriverData=C:\Windows\System32\Drivers\DriverData
	LOCALAPPDATA=C:\Windows\system32\config\systemprofile\AppData\Local
	NUMBER_OF_PROCESSORS=2
	OS=Windows_NT
	Path=C:\Windows\system32;C:\Windows;C:\Windows\System32\Wbem;C:\Windows\System32\WindowsPowerShell\v1.0\;C:\Windows\System32\OpenSSH\;C:\Program Files (x86)\Windows Kits\10\Windows Performance Toolkit\;C:\SysinternalsSuite;C:\Program Files (x86)\Microsoft SQL Server\160\Tools\Binn\;C:\Program Files\Microsoft SQL Server\160\Tools\Binn\;C:\Program Files\Microsoft SQL Server\Client SDK\ODBC\170\Tools\Binn\;C:\Program Files\Microsoft SQL Server\160\DTS\Binn\;C:\Program Files\010 Editor;C:\Windows\system32\config\systemprofile\AppData\Local\Microsoft\WindowsApps
	PATHEXT=.COM;.EXE;.BAT;.CMD;.VBS;.VBE;.JS;.JSE;.WSF;.WSH;.MSC
	PROCESSOR_ARCHITECTURE=AMD64
	PROCESSOR_IDENTIFIER=Intel64 Family 6 Model 140 Stepping 1, GenuineIntel
	PROCESSOR_LEVEL=6
	PROCESSOR_REVISION=8c01
	ProgramData=C:\ProgramData
	ProgramFiles=C:\Program Files
	ProgramFiles(x86)=C:\Program Files (x86)
	ProgramW6432=C:\Program Files
	PSModulePath=C:\Program Files\WindowsPowerShell\Modules;C:\Windows\system32\WindowsPowerShell\v1.0\Modules;C:\Program Files (x86)\Microsoft SQL Server\160\Tools\PowerShell\Modules\
	PUBLIC=C:\Users\Public
	SystemDrive=C:
	SystemRoot=C:\Windows
	TEMP=C:\Windows\TEMP
	TMP=C:\Windows\TEMP
	USERDOMAIN=WORKGROUP
	USERNAME=DESKTOP-FPGOBQG$
	USERPROFILE=C:\Windows\system32\config\systemprofile

  Process=vm3dservice.ex
  PPID=0x246(582)
  PID=0xca4(3236)
  Peb=0x00000063fbc0e000
  Params=0x000001a3ac9b1dd0
  Environment=0x000001a3ac9b0fe0
  EnvironmentSize=0xdda

  Process=svchost.exe
  PPID=0x246(582)
  PID=0xcbc(3260)
  Peb=0x000000bfd2bec000
  Params=0x00000237b4c035e0
  Environment=0x00000237b4c027f0
  EnvironmentSize=0xdd6
	ALLUSERSPROFILE=C:\ProgramData
	APPDATA=C:\Windows\system32\config\systemprofile\AppData\Roaming
	CommonProgramFiles=C:\Program Files\Common Files
	CommonProgramFiles(x86)=C:\Program Files (x86)\Common Files
	CommonProgramW6432=C:\Program Files\Common Files
	COMPUTERNAME=DESKTOP-FPGOBQG
	ComSpec=C:\Windows\system32\cmd.exe
	DriverData=C:\Windows\System32\Drivers\DriverData
	LOCALAPPDATA=C:\Windows\system32\config\systemprofile\AppData\Local
	NUMBER_OF_PROCESSORS=2
	OS=Windows_NT
	Path=C:\Windows\system32;C:\Windows;C:\Windows\System32\Wbem;C:\Windows\System32\WindowsPowerShell\v1.0\;C:\Windows\System32\OpenSSH\;C:\Program Files (x86)\Windows Kits\10\Windows Performance Toolkit\;C:\SysinternalsSuite;C:\Program Files (x86)\Microsoft SQL Server\160\Tools\Binn\;C:\Program Files\Microsoft SQL Server\160\Tools\Binn\;C:\Program Files\Microsoft SQL Server\Client SDK\ODBC\170\Tools\Binn\;C:\Program Files\Microsoft SQL Server\160\DTS\Binn\;C:\Program Files\010 Editor;C:\Windows\system32\config\systemprofile\AppData\Local\Microsoft\WindowsApps
	PATHEXT=.COM;.EXE;.BAT;.CMD;.VBS;.VBE;.JS;.JSE;.WSF;.WSH;.MSC
	PROCESSOR_ARCHITECTURE=AMD64
	PROCESSOR_IDENTIFIER=Intel64 Family 6 Model 140 Stepping 1, GenuineIntel
	PROCESSOR_LEVEL=6
	PROCESSOR_REVISION=8c01
	ProgramData=C:\ProgramData
	ProgramFiles=C:\Program Files
	ProgramFiles(x86)=C:\Program Files (x86)
	ProgramW6432=C:\Program Files
	PSModulePath=%ProgramFiles%\WindowsPowerShell\Modules;C:\Windows\system32\WindowsPowerShell\v1.0\Modules;C:\Program Files (x86)\Microsoft SQL Server\160\Tools\PowerShell\Modules\
	PUBLIC=C:\Users\Public
	SystemDrive=C:
	SystemRoot=C:\Windows
	TEMP=C:\Windows\TEMP
	TMP=C:\Windows\TEMP
	USERDOMAIN=WORKGROUP
	USERNAME=DESKTOP-FPGOBQG$
	USERPROFILE=C:\Windows\system32\config\systemprofile

  Process=svchost.exe
  PPID=0x246(582)
  PID=0xce0(3296)
  Peb=0x00000072c3136000
  Params=0x0000025a606035e0
  Environment=0x0000025a606027f0
  EnvironmentSize=0xdd6
	ALLUSERSPROFILE=C:\ProgramData
	APPDATA=C:\Windows\system32\config\systemprofile\AppData\Roaming
	CommonProgramFiles=C:\Program Files\Common Files
	CommonProgramFiles(x86)=C:\Program Files (x86)\Common Files
	CommonProgramW6432=C:\Program Files\Common Files
	COMPUTERNAME=DESKTOP-FPGOBQG
	ComSpec=C:\Windows\system32\cmd.exe
	DriverData=C:\Windows\System32\Drivers\DriverData
	LOCALAPPDATA=C:\Windows\system32\config\systemprofile\AppData\Local
	NUMBER_OF_PROCESSORS=2
	OS=Windows_NT
	Path=C:\Windows\system32;C:\Windows;C:\Windows\System32\Wbem;C:\Windows\System32\WindowsPowerShell\v1.0\;C:\Windows\System32\OpenSSH\;C:\Program Files (x86)\Windows Kits\10\Windows Performance Toolkit\;C:\SysinternalsSuite;C:\Program Files (x86)\Microsoft SQL Server\160\Tools\Binn\;C:\Program Files\Microsoft SQL Server\160\Tools\Binn\;C:\Program Files\Microsoft SQL Server\Client SDK\ODBC\170\Tools\Binn\;C:\Program Files\Microsoft SQL Server\160\DTS\Binn\;C:\Program Files\010 Editor;C:\Windows\system32\config\systemprofile\AppData\Local\Microsoft\WindowsApps
	PATHEXT=.COM;.EXE;.BAT;.CMD;.VBS;.VBE;.JS;.JSE;.WSF;.WSH;.MSC
	PROCESSOR_ARCHITECTURE=AMD64
	PROCESSOR_IDENTIFIER=Intel64 Family 6 Model 140 Stepping 1, GenuineIntel
	PROCESSOR_LEVEL=6
	PROCESSOR_REVISION=8c01
	ProgramData=C:\ProgramData
	ProgramFiles=C:\Program Files
	ProgramFiles(x86)=C:\Program Files (x86)
	ProgramW6432=C:\Program Files
	PSModulePath=%ProgramFiles%\WindowsPowerShell\Modules;C:\Windows\system32\WindowsPowerShell\v1.0\Modules;C:\Program Files (x86)\Microsoft SQL Server\160\Tools\PowerShell\Modules\
	PUBLIC=C:\Users\Public
	SystemDrive=C:
	SystemRoot=C:\Windows
	TEMP=C:\Windows\TEMP
	TMP=C:\Windows\TEMP
	USERDOMAIN=WORKGROUP
	USERNAME=DESKTOP-FPGOBQG$
	USERPROFILE=C:\Windows\system32\config\systemprofile

  Process=svchost.exe
  PPID=0x246(582)
  PID=0xd10(3344)
  Peb=0x000000613d8dd000
  Params=0x000001882fc03650
  Environment=0x000001882fc027f0
  EnvironmentSize=0xe4e
	ALLUSERSPROFILE=C:\ProgramData
	APPDATA=C:\Windows\ServiceProfiles\LocalService\AppData\Roaming
	CommonProgramFiles=C:\Program Files\Common Files
	CommonProgramFiles(x86)=C:\Program Files (x86)\Common Files
	CommonProgramW6432=C:\Program Files\Common Files
	COMPUTERNAME=DESKTOP-FPGOBQG
	ComSpec=C:\Windows\system32\cmd.exe
	DriverData=C:\Windows\System32\Drivers\DriverData
	LOCALAPPDATA=C:\Windows\ServiceProfiles\LocalService\AppData\Local
	NUMBER_OF_PROCESSORS=2
	OS=Windows_NT
	Path=C:\Windows\system32;C:\Windows;C:\Windows\System32\Wbem;C:\Windows\System32\WindowsPowerShell\v1.0\;C:\Windows\System32\OpenSSH\;C:\Program Files (x86)\Windows Kits\10\Windows Performance Toolkit\;C:\SysinternalsSuite;C:\Program Files (x86)\Microsoft SQL Server\160\Tools\Binn\;C:\Program Files\Microsoft SQL Server\160\Tools\Binn\;C:\Program Files\Microsoft SQL Server\Client SDK\ODBC\170\Tools\Binn\;C:\Program Files\Microsoft SQL Server\160\DTS\Binn\;C:\Program Files\010 Editor;C:\Windows\ServiceProfiles\LocalService\AppData\Local\Microsoft\WindowsApps
	PATHEXT=.COM;.EXE;.BAT;.CMD;.VBS;.VBE;.JS;.JSE;.WSF;.WSH;.MSC
	PROCESSOR_ARCHITECTURE=AMD64
	PROCESSOR_IDENTIFIER=Intel64 Family 6 Model 140 Stepping 1, GenuineIntel
	PROCESSOR_LEVEL=6
	PROCESSOR_REVISION=8c01
	ProgramData=C:\ProgramData
	ProgramFiles=C:\Program Files
	ProgramFiles(x86)=C:\Program Files (x86)
	ProgramW6432=C:\Program Files
	PSModulePath=%ProgramFiles%\WindowsPowerShell\Modules;C:\Windows\system32\WindowsPowerShell\v1.0\Modules;C:\Program Files (x86)\Microsoft SQL Server\160\Tools\PowerShell\Modules\
	PUBLIC=C:\Users\Public
	SystemDrive=C:
	SystemRoot=C:\Windows
	TEMP=C:\Windows\SERVIC~1\LOCALS~1\AppData\Local\Temp
	TMP=C:\Windows\SERVIC~1\LOCALS~1\AppData\Local\Temp
	USERDOMAIN=NT AUTHORITY
	USERNAME=LOCAL SERVICE
	USERPROFILE=C:\Windows\ServiceProfiles\LocalService

  Process=vm3dservice.ex
  PPID=0xca6(3238)
  PID=0xd6c(3436)
  Peb=0x0000000918470000
  Params=0x0000015636db1dd0
  Environment=0x0000015636db0fe0
  EnvironmentSize=0xdda
	ALLUSERSPROFILE=C:\ProgramData
	APPDATA=C:\Windows\system32\config\systemprofile\AppData\Roaming
	CommonProgramFiles=C:\Program Files\Common Files
	CommonProgramFiles(x86)=C:\Program Files (x86)\Common Files
	CommonProgramW6432=C:\Program Files\Common Files
	COMPUTERNAME=DESKTOP-FPGOBQG
	ComSpec=C:\Windows\system32\cmd.exe
	DriverData=C:\Windows\System32\Drivers\DriverData
	LOCALAPPDATA=C:\Windows\system32\config\systemprofile\AppData\Local
	NUMBER_OF_PROCESSORS=2
	OS=Windows_NT
	Path=C:\Windows\system32;C:\Windows;C:\Windows\System32\Wbem;C:\Windows\System32\WindowsPowerShell\v1.0\;C:\Windows\System32\OpenSSH\;C:\Program Files (x86)\Windows Kits\10\Windows Performance Toolkit\;C:\SysinternalsSuite;C:\Program Files (x86)\Microsoft SQL Server\160\Tools\Binn\;C:\Program Files\Microsoft SQL Server\160\Tools\Binn\;C:\Program Files\Microsoft SQL Server\Client SDK\ODBC\170\Tools\Binn\;C:\Program Files\Microsoft SQL Server\160\DTS\Binn\;C:\Program Files\010 Editor;C:\Windows\system32\config\systemprofile\AppData\Local\Microsoft\WindowsApps
	PATHEXT=.COM;.EXE;.BAT;.CMD;.VBS;.VBE;.JS;.JSE;.WSF;.WSH;.MSC
	PROCESSOR_ARCHITECTURE=AMD64
	PROCESSOR_IDENTIFIER=Intel64 Family 6 Model 140 Stepping 1, GenuineIntel
	PROCESSOR_LEVEL=6
	PROCESSOR_REVISION=8c01
	ProgramData=C:\ProgramData
	ProgramFiles=C:\Program Files
	ProgramFiles(x86)=C:\Program Files (x86)
	ProgramW6432=C:\Program Files
	PSModulePath=C:\Program Files\WindowsPowerShell\Modules;C:\Windows\system32\WindowsPowerShell\v1.0\Modules;C:\Program Files (x86)\Microsoft SQL Server\160\Tools\PowerShell\Modules\
	PUBLIC=C:\Users\Public
	SystemDrive=C:
	SystemRoot=C:\Windows
	TEMP=C:\Windows\TEMP
	TMP=C:\Windows\TEMP
	USERDOMAIN=WORKGROUP
	USERNAME=DESKTOP-FPGOBQG$
	USERPROFILE=C:\Windows\system32\config\systemprofile

  Process=svchost.exe
  PPID=0x246(582)
  PID=0xf20(3872)
  Peb=0x00000058a9c58000
  Params=0x00000203e78035e0
  Environment=0x00000203e78027f0
  EnvironmentSize=0xdd6
	ALLUSERSPROFILE=C:\ProgramData
	APPDATA=C:\Windows\system32\config\systemprofile\AppData\Roaming
	CommonProgramFiles=C:\Program Files\Common Files
	CommonProgramFiles(x86)=C:\Program Files (x86)\Common Files
	CommonProgramW6432=C:\Program Files\Common Files
	COMPUTERNAME=DESKTOP-FPGOBQG
	ComSpec=C:\Windows\system32\cmd.exe
	DriverData=C:\Windows\System32\Drivers\DriverData
	LOCALAPPDATA=C:\Windows\system32\config\systemprofile\AppData\Local
	NUMBER_OF_PROCESSORS=2
	OS=Windows_NT
	Path=C:\Windows\system32;C:\Windows;C:\Windows\System32\Wbem;C:\Windows\System32\WindowsPowerShell\v1.0\;C:\Windows\System32\OpenSSH\;C:\Program Files (x86)\Windows Kits\10\Windows Performance Toolkit\;C:\SysinternalsSuite;C:\Program Files (x86)\Microsoft SQL Server\160\Tools\Binn\;C:\Program Files\Microsoft SQL Server\160\Tools\Binn\;C:\Program Files\Microsoft SQL Server\Client SDK\ODBC\170\Tools\Binn\;C:\Program Files\Microsoft SQL Server\160\DTS\Binn\;C:\Program Files\010 Editor;C:\Windows\system32\config\systemprofile\AppData\Local\Microsoft\WindowsApps
	PATHEXT=.COM;.EXE;.BAT;.CMD;.VBS;.VBE;.JS;.JSE;.WSF;.WSH;.MSC
	PROCESSOR_ARCHITECTURE=AMD64
	PROCESSOR_IDENTIFIER=Intel64 Family 6 Model 140 Stepping 1, GenuineIntel
	PROCESSOR_LEVEL=6
	PROCESSOR_REVISION=8c01
	ProgramData=C:\ProgramData
	ProgramFiles=C:\Program Files
	ProgramFiles(x86)=C:\Program Files (x86)
	ProgramW6432=C:\Program Files
	PSModulePath=%ProgramFiles%\WindowsPowerShell\Modules;C:\Windows\system32\WindowsPowerShell\v1.0\Modules;C:\Program Files (x86)\Microsoft SQL Server\160\Tools\PowerShell\Modules\
	PUBLIC=C:\Users\Public
	SystemDrive=C:
	SystemRoot=C:\Windows
	TEMP=C:\Windows\TEMP
	TMP=C:\Windows\TEMP
	USERDOMAIN=WORKGROUP
	USERNAME=DESKTOP-FPGOBQG$
	USERPROFILE=C:\Windows\system32\config\systemprofile

  Process=dllhost.exe
  PPID=0x246(582)
  PID=0xfb4(4020)
  Peb=0x000000536824e000
  Params=0x000001d37c9e1dc0
  Environment=0x000001d37c9e0fe0
  EnvironmentSize=0xdd6

  Process=dllhost.exe
  PPID=0x300(768)
  PID=0xc18(3096)
  Peb=0x00000017bc903000
  Params=0x00000120ea831dc0
  Environment=0x00000120ea8790f0
  EnvironmentSize=0xe88

  Process=msdtc.exe
  PPID=0x246(582)
  PID=0xcdc(3292)
  Peb=0x000000c04dade000
  Params=0x000001d122441e50
  Environment=0x000001d122440fe0
  EnvironmentSize=0xe5e
	ALLUSERSPROFILE=C:\ProgramData
	APPDATA=C:\Windows\ServiceProfiles\NetworkService\AppData\Roaming
	CommonProgramFiles=C:\Program Files\Common Files
	CommonProgramFiles(x86)=C:\Program Files (x86)\Common Files
	CommonProgramW6432=C:\Program Files\Common Files
	COMPUTERNAME=DESKTOP-FPGOBQG
	ComSpec=C:\Windows\system32\cmd.exe
	DriverData=C:\Windows\System32\Drivers\DriverData
	LOCALAPPDATA=C:\Windows\ServiceProfiles\NetworkService\AppData\Local
	NUMBER_OF_PROCESSORS=2
	OS=Windows_NT
	Path=C:\Windows\system32;C:\Windows;C:\Windows\System32\Wbem;C:\Windows\System32\WindowsPowerShell\v1.0\;C:\Windows\System32\OpenSSH\;C:\Program Files (x86)\Windows Kits\10\Windows Performance Toolkit\;C:\SysinternalsSuite;C:\Program Files (x86)\Microsoft SQL Server\160\Tools\Binn\;C:\Program Files\Microsoft SQL Server\160\Tools\Binn\;C:\Program Files\Microsoft SQL Server\Client SDK\ODBC\170\Tools\Binn\;C:\Program Files\Microsoft SQL Server\160\DTS\Binn\;C:\Program Files\010 Editor;C:\Windows\ServiceProfiles\NetworkService\AppData\Local\Microsoft\WindowsApps
	PATHEXT=.COM;.EXE;.BAT;.CMD;.VBS;.VBE;.JS;.JSE;.WSF;.WSH;.MSC
	PROCESSOR_ARCHITECTURE=AMD64
	PROCESSOR_IDENTIFIER=Intel64 Family 6 Model 140 Stepping 1, GenuineIntel
	PROCESSOR_LEVEL=6
	PROCESSOR_REVISION=8c01
	ProgramData=C:\ProgramData
	ProgramFiles=C:\Program Files
	ProgramFiles(x86)=C:\Program Files (x86)
	ProgramW6432=C:\Program Files
	PSModulePath=%ProgramFiles%\WindowsPowerShell\Modules;C:\Windows\system32\WindowsPowerShell\v1.0\Modules;C:\Program Files (x86)\Microsoft SQL Server\160\Tools\PowerShell\Modules\
	PUBLIC=C:\Users\Public
	SystemDrive=C:
	SystemRoot=C:\Windows
	TEMP=C:\Windows\SERVIC~1\NETWOR~1\AppData\Local\Temp
	TMP=C:\Windows\SERVIC~1\NETWOR~1\AppData\Local\Temp
	USERDOMAIN=WORKGROUP
	USERNAME=DESKTOP-FPGOBQG$
	USERPROFILE=C:\Windows\ServiceProfiles\NetworkService

  Process=WmiPrvSE.exe
  PPID=0x300(768)
  PID=0x11a0(4512)
  Peb=0x000000753ebd2000
  Params=0x000001a8ca6f1dc0
  Environment=0x000001a8ca6f0fe0
  EnvironmentSize=0xdd6
	ALLUSERSPROFILE=C:\ProgramData
	APPDATA=C:\Windows\system32\config\systemprofile\AppData\Roaming
	CommonProgramFiles=C:\Program Files\Common Files
	CommonProgramFiles(x86)=C:\Program Files (x86)\Common Files
	CommonProgramW6432=C:\Program Files\Common Files
	COMPUTERNAME=DESKTOP-FPGOBQG
	ComSpec=C:\Windows\system32\cmd.exe
	DriverData=C:\Windows\System32\Drivers\DriverData
	LOCALAPPDATA=C:\Windows\system32\config\systemprofile\AppData\Local
	NUMBER_OF_PROCESSORS=2
	OS=Windows_NT
	Path=C:\Windows\system32;C:\Windows;C:\Windows\System32\Wbem;C:\Windows\System32\WindowsPowerShell\v1.0\;C:\Windows\System32\OpenSSH\;C:\Program Files (x86)\Windows Kits\10\Windows Performance Toolkit\;C:\SysinternalsSuite;C:\Program Files (x86)\Microsoft SQL Server\160\Tools\Binn\;C:\Program Files\Microsoft SQL Server\160\Tools\Binn\;C:\Program Files\Microsoft SQL Server\Client SDK\ODBC\170\Tools\Binn\;C:\Program Files\Microsoft SQL Server\160\DTS\Binn\;C:\Program Files\010 Editor;C:\Windows\system32\config\systemprofile\AppData\Local\Microsoft\WindowsApps
	PATHEXT=.COM;.EXE;.BAT;.CMD;.VBS;.VBE;.JS;.JSE;.WSF;.WSH;.MSC
	PROCESSOR_ARCHITECTURE=AMD64
	PROCESSOR_IDENTIFIER=Intel64 Family 6 Model 140 Stepping 1, GenuineIntel
	PROCESSOR_LEVEL=6
	PROCESSOR_REVISION=8c01
	ProgramData=C:\ProgramData
	ProgramFiles=C:\Program Files
	ProgramFiles(x86)=C:\Program Files (x86)
	ProgramW6432=C:\Program Files
	PSModulePath=%ProgramFiles%\WindowsPowerShell\Modules;C:\Windows\system32\WindowsPowerShell\v1.0\Modules;C:\Program Files (x86)\Microsoft SQL Server\160\Tools\PowerShell\Modules\
	PUBLIC=C:\Users\Public
	SystemDrive=C:
	SystemRoot=C:\Windows
	TEMP=C:\Windows\TEMP
	TMP=C:\Windows\TEMP
	USERDOMAIN=WORKGROUP
	USERNAME=DESKTOP-FPGOBQG$
	USERPROFILE=C:\Windows\system32\config\systemprofile

  Process=csrss.exe
  PPID=0x1252(4690)
  PID=0x1228(4648)
  Peb=0x0000005b9cbcc000
  Params=0x0000017dcd2030b0
  Environment=0x0000017dcd2027f0
  EnvironmentSize=0x8aa
	ComSpec=C:\Windows\system32\cmd.exe
	DriverData=C:\Windows\System32\Drivers\DriverData
	NUMBER_OF_PROCESSORS=2
	OS=Windows_NT
	Path=C:\Windows\system32;C:\Windows;C:\Windows\System32\Wbem;C:\Windows\System32\WindowsPowerShell\v1.0\;C:\Windows\System32\OpenSSH\;C:\Program Files (x86)\Windows Kits\10\Windows Performance Toolkit\;C:\SysinternalsSuite;C:\Program Files (x86)\Microsoft SQL Server\160\Tools\Binn\;C:\Program Files\Microsoft SQL Server\160\Tools\Binn\;C:\Program Files\Microsoft SQL Server\Client SDK\ODBC\170\Tools\Binn\;C:\Program Files\Microsoft SQL Server\160\DTS\Binn\;C:\Program Files\010 Editor;
	PATHEXT=.COM;.EXE;.BAT;.CMD;.VBS;.VBE;.JS;.JSE;.WSF;.WSH;.MSC
	PROCESSOR_ARCHITECTURE=AMD64
	PROCESSOR_IDENTIFIER=Intel64 Family 6 Model 140 Stepping 1, GenuineIntel
	PROCESSOR_LEVEL=6
	PROCESSOR_REVISION=8c01
	PSModulePath=%ProgramFiles%\WindowsPowerShell\Modules;C:\Windows\system32\WindowsPowerShell\v1.0\Modules;C:\Program Files (x86)\Microsoft SQL Server\160\Tools\PowerShell\Modules\
	SystemDrive=C:
	SystemRoot=C:\Windows
	TEMP=C:\Windows\TEMP
	TMP=C:\Windows\TEMP
	USERNAME=SYSTEM

  Process=winlogon.exe
  PPID=0x1252(4690)
  PID=0x128c(4748)
  Peb=0x00000077d97ae000
  Params=0x000001c4c49118a0
  Environment=0x000001c4c4926a40
  EnvironmentSize=0xbf6
	ALLUSERSPROFILE=C:\ProgramData
	CommonProgramFiles=C:\Program Files\Common Files
	CommonProgramFiles(x86)=C:\Program Files (x86)\Common Files
	CommonProgramW6432=C:\Program Files\Common Files
	COMPUTERNAME=DESKTOP-FPGOBQG
	ComSpec=C:\Windows\system32\cmd.exe
	DriverData=C:\Windows\System32\Drivers\DriverData
	NUMBER_OF_PROCESSORS=2
	OS=Windows_NT

  Process=svchost.exe
  PPID=0x246(582)
  PID=0x12c0(4800)
  Peb=0x00000030330ec000
  Params=0x000001d3890035e0
  Environment=0x000001d3890027f0
  EnvironmentSize=0xdd6
	ALLUSERSPROFILE=C:\ProgramData
	APPDATA=C:\Windows\system32\config\systemprofile\AppData\Roaming
	CommonProgramFiles=C:\Program Files\Common Files
	CommonProgramFiles(x86)=C:\Program Files (x86)\Common Files
	CommonProgramW6432=C:\Program Files\Common Files
	COMPUTERNAME=DESKTOP-FPGOBQG
	ComSpec=C:\Windows\system32\cmd.exe
	DriverData=C:\Windows\System32\Drivers\DriverData
	LOCALAPPDATA=C:\Windows\system32\config\systemprofile\AppData\Local
	NUMBER_OF_PROCESSORS=2
	OS=Windows_NT
	Path=C:\Windows\system32;C:\Windows;C:\Windows\System32\Wbem;C:\Windows\System32\WindowsPowerShell\v1.0\;C:\Windows\System32\OpenSSH\;C:\Program Files (x86)\Windows Kits\10\Windows Performance Toolkit\;C:\SysinternalsSuite;C:\Program Files (x86)\Microsoft SQL Server\160\Tools\Binn\;C:\Program Files\Microsoft SQL Server\160\Tools\Binn\;C:\Program Files\Microsoft SQL Server\Client SDK\ODBC\170\Tools\Binn\;C:\Program Files\Microsoft SQL Server\160\DTS\Binn\;C:\Program Files\010 Editor;C:\Windows\system32\config\systemprofile\AppData\Local\Microsoft\WindowsApps
	PATHEXT=.COM;.EXE;.BAT;.CMD;.VBS;.VBE;.JS;.JSE;.WSF;.WSH;.MSC
	PROCESSOR_ARCHITECTURE=AMD64
	PROCESSOR_IDENTIFIER=Intel64 Family 6 Model 140 Stepping 1, GenuineIntel
	PROCESSOR_LEVEL=6
	PROCESSOR_REVISION=8c01
	ProgramData=C:\ProgramData
	ProgramFiles=C:\Program Files
	ProgramFiles(x86)=C:\Program Files (x86)
	ProgramW6432=C:\Program Files
	PSModulePath=%ProgramFiles%\WindowsPowerShell\Modules;C:\Windows\system32\WindowsPowerShell\v1.0\Modules;C:\Program Files (x86)\Microsoft SQL Server\160\Tools\PowerShell\Modules\
	PUBLIC=C:\Users\Public
	SystemDrive=C:
	SystemRoot=C:\Windows
	TEMP=C:\Windows\TEMP
	TMP=C:\Windows\TEMP
	USERDOMAIN=WORKGROUP
	USERNAME=DESKTOP-FPGOBQG$
	USERPROFILE=C:\Windows\system32\config\systemprofile

  Process=dwm.exe
  PPID=0x128c(4748)
  PID=0x1330(4912)
  Peb=0x00000042f689c000
  Params=0x0000017dd8491be0
  Environment=0x0000017dd8490fe0
  EnvironmentSize=0xbf6
	ALLUSERSPROFILE=C:\ProgramData
	CommonProgramFiles=C:\Program Files\Common Files
	CommonProgramFiles(x86)=C:\Program Files (x86)\Common Files
	CommonProgramW6432=C:\Program Files\Common Files
	COMPUTERNAME=DESKTOP-FPGOBQG
	ComSpec=C:\Windows\system32\cmd.exe
	DriverData=C:\Windows\System32\Drivers\DriverData
	NUMBER_OF_PROCESSORS=2
	OS=Windows_NT
	Path=C:\Windows\system32;C:\Windows;C:\Windows\System32\Wbem;C:\Windows\System32\WindowsPowerShell\v1.0\;C:\Windows\System32\OpenSSH\;C:\Program Files (x86)\Windows Kits\10\Windows Performance Toolkit\;C:\SysinternalsSuite;C:\Program Files (x86)\Microsoft SQL Server\160\Tools\Binn\;C:\Program Files\Microsoft SQL Server\160\Tools\Binn\;C:\Program Files\Microsoft SQL Server\Client SDK\ODBC\170\Tools\Binn\;C:\Program Files\Microsoft SQL Server\160\DTS\Binn\;C:\Program Files\010 Editor;
	PATHEXT=.COM;.EXE;.BAT;.CMD;.VBS;.VBE;.JS;.JSE;.WSF;.WSH;.MSC
	PROCESSOR_ARCHITECTURE=AMD64
	PROCESSOR_IDENTIFIER=Intel64 Family 6 Model 140 Stepping 1, GenuineIntel
	PROCESSOR_LEVEL=6
	PROCESSOR_REVISION=8c01
	ProgramData=C:\ProgramData
	ProgramFiles=C:\Program Files
	ProgramFiles(x86)=C:\Program Files (x86)
	ProgramW6432=C:\Program Files
	PSModulePath=%ProgramFiles%\WindowsPowerShell\Modules;C:\Windows\system32\WindowsPowerShell\v1.0\Modules;C:\Program Files (x86)\Microsoft SQL Server\160\Tools\PowerShell\Modules\
	PUBLIC=C:\Users\Public
	SystemDrive=C:
	SystemRoot=C:\Windows
	TEMP=C:\Windows\TEMP
	TMP=C:\Windows\TEMP
	USERNAME=SYSTEM
	USERPROFILE=C:\Windows\system32\config\systemprofile

  Process=fontdrvhost.ex
  PPID=0x128e(4750)
  PID=0x1344(4932)
  Peb=0x0000002c70391000
  Params=0x000001905e3f1d00
  Environment=0x000001905e3f0fe0
  EnvironmentSize=0xd12
	ALLUSERSPROFILE=C:\ProgramData
	CommonProgramFiles=C:\Program Files\Common Files
	CommonProgramFiles(x86)=C:\Program Files (x86)\Common Files
	CommonProgramW6432=C:\Program Files\Common Files
	COMPUTERNAME=DESKTOP-FPGOBQG
	ComSpec=C:\Windows\system32\cmd.exe
	DriverData=C:\Windows\System32\Drivers\DriverData
	LOCALAPPDATA=%TEMP%\Packages\microsoft.windows.fontdrvhost\AC
	NUMBER_OF_PROCESSORS=2
	OS=Windows_NT
	Path=C:\Windows\system32;C:\Windows;C:\Windows\System32\Wbem;C:\Windows\System32\WindowsPowerShell\v1.0\;C:\Windows\System32\OpenSSH\;C:\Program Files (x86)\Windows Kits\10\Windows Performance Toolkit\;C:\SysinternalsSuite;C:\Program Files (x86)\Microsoft SQL Server\160\Tools\Binn\;C:\Program Files\Microsoft SQL Server\160\Tools\Binn\;C:\Program Files\Microsoft SQL Server\Client SDK\ODBC\170\Tools\Binn\;C:\Program Files\Microsoft SQL Server\160\DTS\Binn\;C:\Program Files\010 Editor;
	PATHEXT=.COM;.EXE;.BAT;.CMD;.VBS;.VBE;.JS;.JSE;.WSF;.WSH;.MSC
	PROCESSOR_ARCHITECTURE=AMD64
	PROCESSOR_IDENTIFIER=Intel64 Family 6 Model 140 Stepping 1, GenuineIntel
	PROCESSOR_LEVEL=6
	PROCESSOR_REVISION=8c01
	ProgramData=C:\ProgramData
	ProgramFiles=C:\Program Files
	ProgramFiles(x86)=C:\Program Files (x86)
	ProgramW6432=C:\Program Files
	PSModulePath=%ProgramFiles%\WindowsPowerShell\Modules;C:\Windows\system32\WindowsPowerShell\v1.0\Modules;C:\Program Files (x86)\Microsoft SQL Server\160\Tools\PowerShell\Modules\
	PUBLIC=C:\Users\Public
	SystemDrive=C:
	SystemRoot=C:\Windows
	TEMP=%TEMP%\Packages\microsoft.windows.fontdrvhost\AC\Temp
	TMP=%TEMP%\Packages\microsoft.windows.fontdrvhost\AC\Temp
	USERDOMAIN=Font Driver Host
	USERNAME=UMFD-2
	USERPROFILE=C:\Users\Default

  Process=svchost.exe
  PPID=0x246(582)
  PID=0x1140(4416)
  Peb=0x0000009412850000
  Params=0x00000202236035e0
  Environment=0x00000202236027f0
  EnvironmentSize=0xdd6
	ALLUSERSPROFILE=C:\ProgramData
	APPDATA=C:\Windows\system32\config\systemprofile\AppData\Roaming
	CommonProgramFiles=C:\Program Files\Common Files
	CommonProgramFiles(x86)=C:\Program Files (x86)\Common Files
	CommonProgramW6432=C:\Program Files\Common Files
	COMPUTERNAME=DESKTOP-FPGOBQG
	ComSpec=C:\Windows\system32\cmd.exe
	DriverData=C:\Windows\System32\Drivers\DriverData
	LOCALAPPDATA=C:\Windows\system32\config\systemprofile\AppData\Local
	NUMBER_OF_PROCESSORS=2
	OS=Windows_NT
	Path=C:\Windows\system32;C:\Windows;C:\Windows\System32\Wbem;C:\Windows\System32\WindowsPowerShell\v1.0\;C:\Windows\System32\OpenSSH\;C:\Program Files (x86)\Windows Kits\10\Windows Performance Toolkit\;C:\SysinternalsSuite;C:\Program Files (x86)\Microsoft SQL Server\160\Tools\Binn\;C:\Program Files\Microsoft SQL Server\160\Tools\Binn\;C:\Program Files\Microsoft SQL Server\Client SDK\ODBC\170\Tools\Binn\;C:\Program Files\Microsoft SQL Server\160\DTS\Binn\;C:\Program Files\010 Editor;C:\Windows\system32\config\systemprofile\AppData\Local\Microsoft\WindowsApps
	PATHEXT=.COM;.EXE;.BAT;.CMD;.VBS;.VBE;.JS;.JSE;.WSF;.WSH;.MSC
	PROCESSOR_ARCHITECTURE=AMD64
	PROCESSOR_IDENTIFIER=Intel64 Family 6 Model 140 Stepping 1, GenuineIntel
	PROCESSOR_LEVEL=6
	PROCESSOR_REVISION=8c01
	ProgramData=C:\ProgramData
	ProgramFiles=C:\Program Files
	ProgramFiles(x86)=C:\Program Files (x86)
	ProgramW6432=C:\Program Files
	PSModulePath=%ProgramFiles%\WindowsPowerShell\Modules;C:\Windows\system32\WindowsPowerShell\v1.0\Modules;C:\Program Files (x86)\Microsoft SQL Server\160\Tools\PowerShell\Modules\
	PUBLIC=C:\Users\Public
	SystemDrive=C:
	SystemRoot=C:\Windows
	TEMP=C:\Windows\TEMP
	TMP=C:\Windows\TEMP
	USERDOMAIN=WORKGROUP
	USERNAME=DESKTOP-FPGOBQG$
	USERPROFILE=C:\Windows\system32\config\systemprofile

  Process=rdpclip.exe
  PPID=0x204(516)
  PID=0x1520(5408)
  Peb=0x0000005c9c228000
  Params=0x000001ab2bf42050
  Environment=0x000001ab2bf40fe0
  EnvironmentSize=0x1066
	ALLUSERSPROFILE=C:\ProgramData
	APPDATA=C:\Users\sharkvm\AppData\Roaming
	CommonProgramFiles=C:\Program Files\Common Files
	CommonProgramFiles(x86)=C:\Program Files (x86)\Common Files
	CommonProgramW6432=C:\Program Files\Common Files
	COMPUTERNAME=DESKTOP-FPGOBQG
	ComSpec=C:\Windows\system32\cmd.exe
	DriverData=C:\Windows\System32\Drivers\DriverData
	HOMEDRIVE=C:
	HOMEPATH=\Users\sharkvm
	LOCALAPPDATA=C:\Users\sharkvm\AppData\Local
	LOGONSERVER=\\DESKTOP-FPGOBQG
	NUMBER_OF_PROCESSORS=2
	OneDrive=C:\Users\sharkvm\OneDrive
	OS=Windows_NT
	Path=C:\Windows\system32;C:\Windows;C:\Windows\System32\Wbem;C:\Windows\System32\WindowsPowerShell\v1.0\;C:\Windows\System32\OpenSSH\;C:\Program Files (x86)\Windows Kits\10\Windows Performance Toolkit\;C:\SysinternalsSuite;C:\Program Files (x86)\Microsoft SQL Server\160\Tools\Binn\;C:\Program Files\Microsoft SQL Server\160\Tools\Binn\;C:\Program Files\Microsoft SQL Server\Client SDK\ODBC\170\Tools\Binn\;C:\Program Files\Microsoft SQL Server\160\DTS\Binn\;C:\Program Files\010 Editor;C:\Users\sharkvm\AppData\Local\Programs\Python\Python313\Scripts\;C:\Users\sharkvm\AppData\Local\Programs\Python\Python313\;C:\Users\sharkvm\AppData\Local\Programs\Python\Launcher\;C:\Users\sharkvm\AppData\Local\Microsoft\WindowsApps;C:\Users\sharkvm\AppData\Local\Programs\Microsoft VS Code\bin
	PATHEXT=.COM;.EXE;.BAT;.CMD;.VBS;.VBE;.JS;.JSE;.WSF;.WSH;.MSC
	PROCESSOR_ARCHITECTURE=AMD64
	PROCESSOR_IDENTIFIER=Intel64 Family 6 Model 140 Stepping 1, GenuineIntel
	PROCESSOR_LEVEL=6
	PROCESSOR_REVISION=8c01
	ProgramData=C:\ProgramData
	ProgramFiles=C:\Program Files
	ProgramFiles(x86)=C:\Program Files (x86)
	ProgramW6432=C:\Program Files
	PSModulePath=%ProgramFiles%\WindowsPowerShell\Modules;C:\Windows\system32\WindowsPowerShell\v1.0\Modules;C:\Program Files (x86)\Microsoft SQL Server\160\Tools\PowerShell\Modules\
	PUBLIC=C:\Users\Public
	SystemDrive=C:
	SystemRoot=C:\Windows
	TEMP=C:\Users\sharkvm\AppData\Local\Temp
	TMP=C:\Users\sharkvm\AppData\Local\Temp
	USERDOMAIN=DESKTOP-FPGOBQG
	USERDOMAIN_ROAMINGPROFILE=DESKTOP-FPGOBQG
	USERNAME=sharkvm
	USERPROFILE=C:\Users\sharkvm

  Process=sihost.exe
  PPID=0x528(1320)
  PID=0x154c(5452)
  Peb=0x000000a3ac95d000
  Params=0x0000024289da2050
  Environment=0x0000024289da0fe0
  EnvironmentSize=0x1066
	ALLUSERSPROFILE=C:\ProgramData
	APPDATA=C:\Users\sharkvm\AppData\Roaming
	CommonProgramFiles=C:\Program Files\Common Files
	CommonProgramFiles(x86)=C:\Program Files (x86)\Common Files
	CommonProgramW6432=C:\Program Files\Common Files
	COMPUTERNAME=DESKTOP-FPGOBQG
	ComSpec=C:\Windows\system32\cmd.exe
	DriverData=C:\Windows\System32\Drivers\DriverData
	HOMEDRIVE=C:
	HOMEPATH=\Users\sharkvm
	LOCALAPPDATA=C:\Users\sharkvm\AppData\Local
	LOGONSERVER=\\DESKTOP-FPGOBQG
	NUMBER_OF_PROCESSORS=2
	OneDrive=C:\Users\sharkvm\OneDrive
	OS=Windows_NT
	Path=C:\Windows\system32;C:\Windows;C:\Windows\System32\Wbem;C:\Windows\System32\WindowsPowerShell\v1.0\;C:\Windows\System32\OpenSSH\;C:\Program Files (x86)\Windows Kits\10\Windows Performance Toolkit\;C:\SysinternalsSuite;C:\Program Files (x86)\Microsoft SQL Server\160\Tools\Binn\;C:\Program Files\Microsoft SQL Server\160\Tools\Binn\;C:\Program Files\Microsoft SQL Server\Client SDK\ODBC\170\Tools\Binn\;C:\Program Files\Microsoft SQL Server\160\DTS\Binn\;C:\Program Files\010 Editor;C:\Users\sharkvm\AppData\Local\Programs\Python\Python313\Scripts\;C:\Users\sharkvm\AppData\Local\Programs\Python\Python313\;C:\Users\sharkvm\AppData\Local\Programs\Python\Launcher\;C:\Users\sharkvm\AppData\Local\Microsoft\WindowsApps;C:\Users\sharkvm\AppData\Local\Programs\Microsoft VS Code\bin
	PATHEXT=.COM;.EXE;.BAT;.CMD;.VBS;.VBE;.JS;.JSE;.WSF;.WSH;.MSC
	PROCESSOR_ARCHITECTURE=AMD64
	PROCESSOR_IDENTIFIER=Intel64 Family 6 Model 140 Stepping 1, GenuineIntel
	PROCESSOR_LEVEL=6
	PROCESSOR_REVISION=8c01
	ProgramData=C:\ProgramData
	ProgramFiles=C:\Program Files
	ProgramFiles(x86)=C:\Program Files (x86)
	ProgramW6432=C:\Program Files
	PSModulePath=%ProgramFiles%\WindowsPowerShell\Modules;C:\Windows\system32\WindowsPowerShell\v1.0\Modules;C:\Program Files (x86)\Microsoft SQL Server\160\Tools\PowerShell\Modules\
	PUBLIC=C:\Users\Public
	SystemDrive=C:
	SystemRoot=C:\Windows
	TEMP=C:\Users\sharkvm\AppData\Local\Temp
	TMP=C:\Users\sharkvm\AppData\Local\Temp
	USERDOMAIN=DESKTOP-FPGOBQG
	USERDOMAIN_ROAMINGPROFILE=DESKTOP-FPGOBQG
	USERNAME=sharkvm
	USERPROFILE=C:\Users\sharkvm

  Process=svchost.exe
  PPID=0x246(582)
  PID=0x1570(5488)
  Peb=0x000000912d025000
  Params=0x0000026281203870
  Environment=0x00000262812027f0
  EnvironmentSize=0x1066
	ALLUSERSPROFILE=C:\ProgramData
	APPDATA=C:\Users\sharkvm\AppData\Roaming
	CommonProgramFiles=C:\Program Files\Common Files
	CommonProgramFiles(x86)=C:\Program Files (x86)\Common Files
	CommonProgramW6432=C:\Program Files\Common Files
	COMPUTERNAME=DESKTOP-FPGOBQG
	ComSpec=C:\Windows\system32\cmd.exe
	DriverData=C:\Windows\System32\Drivers\DriverData
	HOMEDRIVE=C:
	HOMEPATH=\Users\sharkvm
	LOCALAPPDATA=C:\Users\sharkvm\AppData\Local
	LOGONSERVER=\\DESKTOP-FPGOBQG
	NUMBER_OF_PROCESSORS=2
	OneDrive=C:\Users\sharkvm\OneDrive
	OS=Windows_NT
	Path=C:\Windows\system32;C:\Windows;C:\Windows\System32\Wbem;C:\Windows\System32\WindowsPowerShell\v1.0\;C:\Windows\System32\OpenSSH\;C:\Program Files (x86)\Windows Kits\10\Windows Performance Toolkit\;C:\SysinternalsSuite;C:\Program Files (x86)\Microsoft SQL Server\160\Tools\Binn\;C:\Program Files\Microsoft SQL Server\160\Tools\Binn\;C:\Program Files\Microsoft SQL Server\Client SDK\ODBC\170\Tools\Binn\;C:\Program Files\Microsoft SQL Server\160\DTS\Binn\;C:\Program Files\010 Editor;C:\Users\sharkvm\AppData\Local\Programs\Python\Python313\Scripts\;C:\Users\sharkvm\AppData\Local\Programs\Python\Python313\;C:\Users\sharkvm\AppData\Local\Programs\Python\Launcher\;C:\Users\sharkvm\AppData\Local\Microsoft\WindowsApps;C:\Users\sharkvm\AppData\Local\Programs\Microsoft VS Code\bin
	PATHEXT=.COM;.EXE;.BAT;.CMD;.VBS;.VBE;.JS;.JSE;.WSF;.WSH;.MSC
	PROCESSOR_ARCHITECTURE=AMD64
	PROCESSOR_IDENTIFIER=Intel64 Family 6 Model 140 Stepping 1, GenuineIntel
	PROCESSOR_LEVEL=6
	PROCESSOR_REVISION=8c01
	ProgramData=C:\ProgramData
	ProgramFiles=C:\Program Files
	ProgramFiles(x86)=C:\Program Files (x86)
	ProgramW6432=C:\Program Files
	PSModulePath=%ProgramFiles%\WindowsPowerShell\Modules;C:\Windows\system32\WindowsPowerShell\v1.0\Modules;C:\Program Files (x86)\Microsoft SQL Server\160\Tools\PowerShell\Modules\
	PUBLIC=C:\Users\Public
	SystemDrive=C:
	SystemRoot=C:\Windows
	TEMP=C:\Users\sharkvm\AppData\Local\Temp
	TMP=C:\Users\sharkvm\AppData\Local\Temp
	USERDOMAIN=DESKTOP-FPGOBQG
	USERDOMAIN_ROAMINGPROFILE=DESKTOP-FPGOBQG
	USERNAME=sharkvm
	USERPROFILE=C:\Users\sharkvm

  Process=svchost.exe
  PPID=0x246(582)
  PID=0x15a0(5536)
  Peb=0x00000029424eb000
  Params=0x0000019795003870
  Environment=0x00000197950027f0
  EnvironmentSize=0x1066
	ALLUSERSPROFILE=C:\ProgramData
	APPDATA=C:\Users\sharkvm\AppData\Roaming
	CommonProgramFiles=C:\Program Files\Common Files
	CommonProgramFiles(x86)=C:\Program Files (x86)\Common Files
	CommonProgramW6432=C:\Program Files\Common Files
	COMPUTERNAME=DESKTOP-FPGOBQG
	ComSpec=C:\Windows\system32\cmd.exe
	DriverData=C:\Windows\System32\Drivers\DriverData
	HOMEDRIVE=C:
	HOMEPATH=\Users\sharkvm
	LOCALAPPDATA=C:\Users\sharkvm\AppData\Local
	LOGONSERVER=\\DESKTOP-FPGOBQG
	NUMBER_OF_PROCESSORS=2
	OneDrive=C:\Users\sharkvm\OneDrive
	OS=Windows_NT
	Path=C:\Windows\system32;C:\Windows;C:\Windows\System32\Wbem;C:\Windows\System32\WindowsPowerShell\v1.0\;C:\Windows\System32\OpenSSH\;C:\Program Files (x86)\Windows Kits\10\Windows Performance Toolkit\;C:\SysinternalsSuite;C:\Program Files (x86)\Microsoft SQL Server\160\Tools\Binn\;C:\Program Files\Microsoft SQL Server\160\Tools\Binn\;C:\Program Files\Microsoft SQL Server\Client SDK\ODBC\170\Tools\Binn\;C:\Program Files\Microsoft SQL Server\160\DTS\Binn\;C:\Program Files\010 Editor;C:\Users\sharkvm\AppData\Local\Programs\Python\Python313\Scripts\;C:\Users\sharkvm\AppData\Local\Programs\Python\Python313\;C:\Users\sharkvm\AppData\Local\Programs\Python\Launcher\;C:\Users\sharkvm\AppData\Local\Microsoft\WindowsApps;C:\Users\sharkvm\AppData\Local\Programs\Microsoft VS Code\bin
	PATHEXT=.COM;.EXE;.BAT;.CMD;.VBS;.VBE;.JS;.JSE;.WSF;.WSH;.MSC
	PROCESSOR_ARCHITECTURE=AMD64
	PROCESSOR_IDENTIFIER=Intel64 Family 6 Model 140 Stepping 1, GenuineIntel
	PROCESSOR_LEVEL=6
	PROCESSOR_REVISION=8c01
	ProgramData=C:\ProgramData
	ProgramFiles=C:\Program Files
	ProgramFiles(x86)=C:\Program Files (x86)
	ProgramW6432=C:\Program Files
	PSModulePath=%ProgramFiles%\WindowsPowerShell\Modules;C:\Windows\system32\WindowsPowerShell\v1.0\Modules;C:\Program Files (x86)\Microsoft SQL Server\160\Tools\PowerShell\Modules\
	PUBLIC=C:\Users\Public
	SystemDrive=C:
	SystemRoot=C:\Windows
	TEMP=C:\Users\sharkvm\AppData\Local\Temp
	TMP=C:\Users\sharkvm\AppData\Local\Temp
	USERDOMAIN=DESKTOP-FPGOBQG
	USERDOMAIN_ROAMINGPROFILE=DESKTOP-FPGOBQG
	USERNAME=sharkvm
	USERPROFILE=C:\Users\sharkvm

  Process=taskhostw.exe
  PPID=0x4a2(1186)
  PID=0x15e4(5604)
  Peb=0x0000005ce036e000
  Params=0x000001deeb5c2050
  Environment=0x000001deeb6036f0
  EnvironmentSize=0x1118
	ALLUSERSPROFILE=C:\ProgramData
	APPDATA=C:\Users\sharkvm\AppData\Roaming
	CommonProgramFiles=C:\Program Files\Common Files
	CommonProgramFiles(x86)=C:\Program Files (x86)\Common Files
	CommonProgramW6432=C:\Program Files\Common Files
	COMPUTERNAME=DESKTOP-FPGOBQG
	ComSpec=C:\Windows\system32\cmd.exe
	DriverData=C:\Windows\System32\Drivers\DriverData
	FPS_BROWSER_APP_PROFILE_STRING=Internet Explorer
	FPS_BROWSER_USER_PROFILE_STRING=Default
	HOMEDRIVE=C:
	HOMEPATH=\Users\sharkvm
	LOCALAPPDATA=C:\Users\sharkvm\AppData\Local
	LOGONSERVER=\\DESKTOP-FPGOBQG
	NUMBER_OF_PROCESSORS=2
	OneDrive=C:\Users\sharkvm\OneDrive
	OS=Windows_NT
	Path=C:\Windows\system32;C:\Windows;C:\Windows\System32\Wbem;C:\Windows\System32\WindowsPowerShell\v1.0\;C:\Windows\System32\OpenSSH\;C:\Program Files (x86)\Windows Kits\10\Windows Performance Toolkit\;C:\SysinternalsSuite;C:\Program Files (x86)\Microsoft SQL Server\160\Tools\Binn\;C:\Program Files\Microsoft SQL Server\160\Tools\Binn\;C:\Program Files\Microsoft SQL Server\Client SDK\ODBC\170\Tools\Binn\;C:\Program Files\Microsoft SQL Server\160\DTS\Binn\;C:\Program Files\010 Editor;C:\Users\sharkvm\AppData\Local\Programs\Python\Python313\Scripts\;C:\Users\sharkvm\AppData\Local\Programs\Python\Python313\;C:\Users\sharkvm\AppData\Local\Programs\Python\Launcher\;C:\Users\sharkvm\AppData\Local\Microsoft\WindowsApps;C:\Users\sharkvm\AppData\Local\Programs\Microsoft VS Code\bin
	PATHEXT=.COM;.EXE;.BAT;.CMD;.VBS;.VBE;.JS;.JSE;.WSF;.WSH;.MSC
	PROCESSOR_ARCHITECTURE=AMD64
	PROCESSOR_IDENTIFIER=Intel64 Family 6 Model 140 Stepping 1, GenuineIntel
	PROCESSOR_LEVEL=6
	PROCESSOR_REVISION=8c01
	ProgramData=C:\ProgramData
	ProgramFiles=C:\Program Files
	ProgramFiles(x86)=C:\Program Files (x86)
	ProgramW6432=C:\Program Files
	PSModulePath=%ProgramFiles%\WindowsPowerShell\Modules;C:\Windows\system32\WindowsPowerShell\v1.0\Modules;C:\Program Files (x86)\Microsoft SQL Server\160\Tools\PowerShell\Modules\
	PUBLIC=C:\Users\Public
	SystemDrive=C:
	SystemRoot=C:\Windows
	TEMP=C:\Users\sharkvm\AppData\Local\Temp
	TMP=C:\Users\sharkvm\AppData\Local\Temp
	USERDOMAIN=DESKTOP-FPGOBQG
	USERDOMAIN_ROAMINGPROFILE=DESKTOP-FPGOBQG
	USERNAME=sharkvm
	USERPROFILE=C:\Users\sharkvm

  Process=svchost.exe
  PPID=0x246(582)
  PID=0x165c(5724)
  Peb=0x00000042b10b5000
  Params=0x000001515a6035e0
  Environment=0x000001515a6027f0
  EnvironmentSize=0xdda
	ALLUSERSPROFILE=C:\ProgramData
	APPDATA=C:\Windows\system32\config\systemprofile\AppData\Roaming
	CommonProgramFiles=C:\Program Files\Common Files
	CommonProgramFiles(x86)=C:\Program Files (x86)\Common Files
	CommonProgramW6432=C:\Program Files\Common Files
	COMPUTERNAME=DESKTOP-FPGOBQG
	ComSpec=C:\Windows\system32\cmd.exe
	DriverData=C:\Windows\System32\Drivers\DriverData
	LOCALAPPDATA=C:\Windows\system32\config\systemprofile\AppData\Local
	NUMBER_OF_PROCESSORS=2
	OS=Windows_NT
	Path=C:\Windows\system32;C:\Windows;C:\Windows\System32\Wbem;C:\Windows\System32\WindowsPowerShell\v1.0\;C:\Windows\System32\OpenSSH\;C:\Program Files (x86)\Windows Kits\10\Windows Performance Toolkit\;C:\SysinternalsSuite;C:\Program Files (x86)\Microsoft SQL Server\160\Tools\Binn\;C:\Program Files\Microsoft SQL Server\160\Tools\Binn\;C:\Program Files\Microsoft SQL Server\Client SDK\ODBC\170\Tools\Binn\;C:\Program Files\Microsoft SQL Server\160\DTS\Binn\;C:\Program Files\010 Editor;C:\Windows\system32\config\systemprofile\AppData\Local\Microsoft\WindowsApps
	PATHEXT=.COM;.EXE;.BAT;.CMD;.VBS;.VBE;.JS;.JSE;.WSF;.WSH;.MSC
	PROCESSOR_ARCHITECTURE=AMD64
	PROCESSOR_IDENTIFIER=Intel64 Family 6 Model 140 Stepping 1, GenuineIntel
	PROCESSOR_LEVEL=6
	PROCESSOR_REVISION=8c01
	ProgramData=C:\ProgramData
	ProgramFiles=C:\Program Files
	ProgramFiles(x86)=C:\Program Files (x86)
	ProgramW6432=C:\Program Files
	PSModulePath=C:\Program Files\WindowsPowerShell\Modules;C:\Windows\system32\WindowsPowerShell\v1.0\Modules;C:\Program Files (x86)\Microsoft SQL Server\160\Tools\PowerShell\Modules\
	PUBLIC=C:\Users\Public
	SystemDrive=C:
	SystemRoot=C:\Windows
	TEMP=C:\Windows\TEMP
	TMP=C:\Windows\TEMP
	USERDOMAIN=WORKGROUP
	USERNAME=DESKTOP-FPGOBQG$
	USERPROFILE=C:\Windows\system32\config\systemprofile

  Process=svchost.exe
  PPID=0x246(582)
  PID=0x16b8(5816)
  Peb=0x00000083f228b000
  Params=0x000001a6e96035e0
  Environment=0x000001a6e96027f0
  EnvironmentSize=0xdd6
	ALLUSERSPROFILE=C:\ProgramData
	APPDATA=C:\Windows\system32\config\systemprofile\AppData\Roaming
	CommonProgramFiles=C:\Program Files\Common Files
	CommonProgramFiles(x86)=C:\Program Files (x86)\Common Files
	CommonProgramW6432=C:\Program Files\Common Files
	COMPUTERNAME=DESKTOP-FPGOBQG
	ComSpec=C:\Windows\system32\cmd.exe
	DriverData=C:\Windows\System32\Drivers\DriverData
	LOCALAPPDATA=C:\Windows\system32\config\systemprofile\AppData\Local
	NUMBER_OF_PROCESSORS=2
	OS=Windows_NT
	Path=C:\Windows\system32;C:\Windows;C:\Windows\System32\Wbem;C:\Windows\System32\WindowsPowerShell\v1.0\;C:\Windows\System32\OpenSSH\;C:\Program Files (x86)\Windows Kits\10\Windows Performance Toolkit\;C:\SysinternalsSuite;C:\Program Files (x86)\Microsoft SQL Server\160\Tools\Binn\;C:\Program Files\Microsoft SQL Server\160\Tools\Binn\;C:\Program Files\Microsoft SQL Server\Client SDK\ODBC\170\Tools\Binn\;C:\Program Files\Microsoft SQL Server\160\DTS\Binn\;C:\Program Files\010 Editor;C:\Windows\system32\config\systemprofile\AppData\Local\Microsoft\WindowsApps
	PATHEXT=.COM;.EXE;.BAT;.CMD;.VBS;.VBE;.JS;.JSE;.WSF;.WSH;.MSC
	PROCESSOR_ARCHITECTURE=AMD64
	PROCESSOR_IDENTIFIER=Intel64 Family 6 Model 140 Stepping 1, GenuineIntel
	PROCESSOR_LEVEL=6
	PROCESSOR_REVISION=8c01
	ProgramData=C:\ProgramData
	ProgramFiles=C:\Program Files
	ProgramFiles(x86)=C:\Program Files (x86)
	ProgramW6432=C:\Program Files
	PSModulePath=%ProgramFiles%\WindowsPowerShell\Modules;C:\Windows\system32\WindowsPowerShell\v1.0\Modules;C:\Program Files (x86)\Microsoft SQL Server\160\Tools\PowerShell\Modules\
	PUBLIC=C:\Users\Public
	SystemDrive=C:
	SystemRoot=C:\Windows
	TEMP=C:\Windows\TEMP
	TMP=C:\Windows\TEMP
	USERDOMAIN=WORKGROUP
	USERNAME=DESKTOP-FPGOBQG$
	USERPROFILE=C:\Windows\system32\config\systemprofile

  Process=ctfmon.exe
  PPID=0x16b8(5816)
  PID=0x1704(5892)
  Peb=0x000000010ab37000
  Params=0x0000012e051c2050
  Environment=0x0000012e051c0fe0
  EnvironmentSize=0x1066
	ALLUSERSPROFILE=C:\ProgramData
	APPDATA=C:\Users\sharkvm\AppData\Roaming
	CommonProgramFiles=C:\Program Files\Common Files
	CommonProgramFiles(x86)=C:\Program Files (x86)\Common Files
	CommonProgramW6432=C:\Program Files\Common Files
	COMPUTERNAME=DESKTOP-FPGOBQG
	ComSpec=C:\Windows\system32\cmd.exe
	DriverData=C:\Windows\System32\Drivers\DriverData
	HOMEDRIVE=C:
	HOMEPATH=\Users\sharkvm
	LOCALAPPDATA=C:\Users\sharkvm\AppData\Local
	LOGONSERVER=\\DESKTOP-FPGOBQG
	NUMBER_OF_PROCESSORS=2
	OneDrive=C:\Users\sharkvm\OneDrive
	OS=Windows_NT
	Path=C:\Windows\system32;C:\Windows;C:\Windows\System32\Wbem;C:\Windows\System32\WindowsPowerShell\v1.0\;C:\Windows\System32\OpenSSH\;C:\Program Files (x86)\Windows Kits\10\Windows Performance Toolkit\;C:\SysinternalsSuite;C:\Program Files (x86)\Microsoft SQL Server\160\Tools\Binn\;C:\Program Files\Microsoft SQL Server\160\Tools\Binn\;C:\Program Files\Microsoft SQL Server\Client SDK\ODBC\170\Tools\Binn\;C:\Program Files\Microsoft SQL Server\160\DTS\Binn\;C:\Program Files\010 Editor;C:\Users\sharkvm\AppData\Local\Programs\Python\Python313\Scripts\;C:\Users\sharkvm\AppData\Local\Programs\Python\Python313\;C:\Users\sharkvm\AppData\Local\Programs\Python\Launcher\;C:\Users\sharkvm\AppData\Local\Microsoft\WindowsApps;C:\Users\sharkvm\AppData\Local\Programs\Microsoft VS Code\bin
	PATHEXT=.COM;.EXE;.BAT;.CMD;.VBS;.VBE;.JS;.JSE;.WSF;.WSH;.MSC
	PROCESSOR_ARCHITECTURE=AMD64
	PROCESSOR_IDENTIFIER=Intel64 Family 6 Model 140 Stepping 1, GenuineIntel
	PROCESSOR_LEVEL=6
	PROCESSOR_REVISION=8c01
	ProgramData=C:\ProgramData
	ProgramFiles=C:\Program Files
	ProgramFiles(x86)=C:\Program Files (x86)
	ProgramW6432=C:\Program Files
	PSModulePath=%ProgramFiles%\WindowsPowerShell\Modules;C:\Windows\system32\WindowsPowerShell\v1.0\Modules;C:\Program Files (x86)\Microsoft SQL Server\160\Tools\PowerShell\Modules\
	PUBLIC=C:\Users\Public
	SystemDrive=C:
	SystemRoot=C:\Windows
	TEMP=C:\Users\sharkvm\AppData\Local\Temp
	TMP=C:\Users\sharkvm\AppData\Local\Temp
	USERDOMAIN=DESKTOP-FPGOBQG
	USERDOMAIN_ROAMINGPROFILE=DESKTOP-FPGOBQG
	USERNAME=sharkvm
	USERPROFILE=C:\Users\sharkvm

  Process=svchost.exe
  PPID=0x246(582)
  PID=0x1748(5960)
  Peb=0x0000001cb3247000
  Params=0x000001b989a03650
  Environment=0x000001b989a027f0
  EnvironmentSize=0xe4e
	ALLUSERSPROFILE=C:\ProgramData
	APPDATA=C:\Windows\ServiceProfiles\LocalService\AppData\Roaming
	CommonProgramFiles=C:\Program Files\Common Files
	CommonProgramFiles(x86)=C:\Program Files (x86)\Common Files
	CommonProgramW6432=C:\Program Files\Common Files
	COMPUTERNAME=DESKTOP-FPGOBQG
	ComSpec=C:\Windows\system32\cmd.exe
	DriverData=C:\Windows\System32\Drivers\DriverData
	LOCALAPPDATA=C:\Windows\ServiceProfiles\LocalService\AppData\Local
	NUMBER_OF_PROCESSORS=2
	OS=Windows_NT
	Path=C:\Windows\system32;C:\Windows;C:\Windows\System32\Wbem;C:\Windows\System32\WindowsPowerShell\v1.0\;C:\Windows\System32\OpenSSH\;C:\Program Files (x86)\Windows Kits\10\Windows Performance Toolkit\;C:\SysinternalsSuite;C:\Program Files (x86)\Microsoft SQL Server\160\Tools\Binn\;C:\Program Files\Microsoft SQL Server\160\Tools\Binn\;C:\Program Files\Microsoft SQL Server\Client SDK\ODBC\170\Tools\Binn\;C:\Program Files\Microsoft SQL Server\160\DTS\Binn\;C:\Program Files\010 Editor;C:\Windows\ServiceProfiles\LocalService\AppData\Local\Microsoft\WindowsApps
	PATHEXT=.COM;.EXE;.BAT;.CMD;.VBS;.VBE;.JS;.JSE;.WSF;.WSH;.MSC
	PROCESSOR_ARCHITECTURE=AMD64
	PROCESSOR_IDENTIFIER=Intel64 Family 6 Model 140 Stepping 1, GenuineIntel
	PROCESSOR_LEVEL=6
	PROCESSOR_REVISION=8c01
	ProgramData=C:\ProgramData
	ProgramFiles=C:\Program Files
	ProgramFiles(x86)=C:\Program Files (x86)
	ProgramW6432=C:\Program Files
	PSModulePath=%ProgramFiles%\WindowsPowerShell\Modules;C:\Windows\system32\WindowsPowerShell\v1.0\Modules;C:\Program Files (x86)\Microsoft SQL Server\160\Tools\PowerShell\Modules\
	PUBLIC=C:\Users\Public
	SystemDrive=C:
	SystemRoot=C:\Windows
	TEMP=C:\Windows\SERVIC~1\LOCALS~1\AppData\Local\Temp
	TMP=C:\Windows\SERVIC~1\LOCALS~1\AppData\Local\Temp
	USERDOMAIN=NT AUTHORITY
	USERNAME=LOCAL SERVICE
	USERPROFILE=C:\Windows\ServiceProfiles\LocalService

  Process=userinit.exe
  PPID=0x128e(4750)
  PID=0x17c4(6084)
  Peb=0x0000000a9337f000
  Params=0x000001b989a03650
  Environment=0x000001b989a027f0
  EnvironmentSize=0xe4e

  Process=explorer.exe
  PPID=0x17c4(6084)
  PID=0x17dc(6108)
  Peb=0x0000000000600000
  Params=0x0000000000a920d0
  Environment=0x000000000a855d80
  EnvironmentSize=0x114a
	=::=::\
	ALLUSERSPROFILE=C:\ProgramData
	APPDATA=C:\Users\sharkvm\AppData\Roaming
	CLIENTNAME=SH4RK
	CommonProgramFiles=C:\Program Files\Common Files
	CommonProgramFiles(x86)=C:\Program Files (x86)\Common Files
	CommonProgramW6432=C:\Program Files\Common Files
	COMPUTERNAME=DESKTOP-FPGOBQG
	ComSpec=C:\Windows\system32\cmd.exe
	DriverData=C:\Windows\System32\Drivers\DriverData
	HOMEDRIVE=C:
	HOMEPATH=\Users\sharkvm
	LOCALAPPDATA=C:\Users\sharkvm\AppData\Local
	LOGONSERVER=\\DESKTOP-FPGOBQG
	NUMBER_OF_PROCESSORS=2
	OneDrive=C:\Users\sharkvm\OneDrive
	OneDriveConsumer=C:\Users\sharkvm\OneDrive
	OS=Windows_NT
	Path=C:\Windows\system32;C:\Windows;C:\Windows\System32\Wbem;C:\Windows\System32\WindowsPowerShell\v1.0\;C:\Windows\System32\OpenSSH\;C:\Program Files (x86)\Windows Kits\10\Windows Performance Toolkit\;C:\SysinternalsSuite;C:\Program Files (x86)\Microsoft SQL Server\160\Tools\Binn\;C:\Program Files\Microsoft SQL Server\160\Tools\Binn\;C:\Program Files\Microsoft SQL Server\Client SDK\ODBC\170\Tools\Binn\;C:\Program Files\Microsoft SQL Server\160\DTS\Binn\;C:\Program Files\010 Editor;C:\Users\sharkvm\AppData\Local\Programs\Python\Python313\Scripts\;C:\Users\sharkvm\AppData\Local\Programs\Python\Python313\;C:\Users\sharkvm\AppData\Local\Programs\Python\Launcher\;C:\Users\sharkvm\AppData\Local\Microsoft\WindowsApps;C:\Users\sharkvm\AppData\Local\Programs\Microsoft VS Code\bin;C:\SysinternalsSuite;
	PATHEXT=.COM;.EXE;.BAT;.CMD;.VBS;.VBE;.JS;.JSE;.WSF;.WSH;.MSC
	PROCESSOR_ARCHITECTURE=AMD64
	PROCESSOR_IDENTIFIER=Intel64 Family 6 Model 140 Stepping 1, GenuineIntel
	PROCESSOR_LEVEL=6
	PROCESSOR_REVISION=8c01
	ProgramData=C:\ProgramData
	ProgramFiles=C:\Program Files
	ProgramFiles(x86)=C:\Program Files (x86)
	ProgramW6432=C:\Program Files
	PSModulePath=C:\Program Files\WindowsPowerShell\Modules;C:\Windows\system32\WindowsPowerShell\v1.0\Modules;C:\Program Files (x86)\Microsoft SQL Server\160\Tools\PowerShell\Modules\
	PUBLIC=C:\Users\Public
	SESSIONNAME=RDP-Tcp#1
	SystemDrive=C:
	SystemRoot=C:\Windows
	TEMP=C:\Users\sharkvm\AppData\Local\Temp
	TMP=C:\Users\sharkvm\AppData\Local\Temp
	USERDOMAIN=DESKTOP-FPGOBQG
	USERDOMAIN_ROAMINGPROFILE=DESKTOP-FPGOBQG
	USERNAME=sharkvm
	USERPROFILE=C:\Users\sharkvm

  Process=svchost.exe
  PPID=0x246(582)
  PID=0x1868(6248)
  Peb=0x0000001a7cd22000
  Params=0x00000180d4403870
  Environment=0x00000180d44027f0
  EnvironmentSize=0x1066
	ALLUSERSPROFILE=C:\ProgramData
	APPDATA=C:\Users\sharkvm\AppData\Roaming
	CommonProgramFiles=C:\Program Files\Common Files
	CommonProgramFiles(x86)=C:\Program Files (x86)\Common Files
	CommonProgramW6432=C:\Program Files\Common Files
	COMPUTERNAME=DESKTOP-FPGOBQG
	ComSpec=C:\Windows\system32\cmd.exe
	DriverData=C:\Windows\System32\Drivers\DriverData
	HOMEDRIVE=C:
	HOMEPATH=\Users\sharkvm
	LOCALAPPDATA=C:\Users\sharkvm\AppData\Local
	LOGONSERVER=\\DESKTOP-FPGOBQG
	NUMBER_OF_PROCESSORS=2
	OneDrive=C:\Users\sharkvm\OneDrive
	OS=Windows_NT
	Path=C:\Windows\system32;C:\Windows;C:\Windows\System32\Wbem;C:\Windows\System32\WindowsPowerShell\v1.0\;C:\Windows\System32\OpenSSH\;C:\Program Files (x86)\Windows Kits\10\Windows Performance Toolkit\;C:\SysinternalsSuite;C:\Program Files (x86)\Microsoft SQL Server\160\Tools\Binn\;C:\Program Files\Microsoft SQL Server\160\Tools\Binn\;C:\Program Files\Microsoft SQL Server\Client SDK\ODBC\170\Tools\Binn\;C:\Program Files\Microsoft SQL Server\160\DTS\Binn\;C:\Program Files\010 Editor;C:\Users\sharkvm\AppData\Local\Programs\Python\Python313\Scripts\;C:\Users\sharkvm\AppData\Local\Programs\Python\Python313\;C:\Users\sharkvm\AppData\Local\Programs\Python\Launcher\;C:\Users\sharkvm\AppData\Local\Microsoft\WindowsApps;C:\Users\sharkvm\AppData\Local\Programs\Microsoft VS Code\bin
	PATHEXT=.COM;.EXE;.BAT;.CMD;.VBS;.VBE;.JS;.JSE;.WSF;.WSH;.MSC
	PROCESSOR_ARCHITECTURE=AMD64
	PROCESSOR_IDENTIFIER=Intel64 Family 6 Model 140 Stepping 1, GenuineIntel
	PROCESSOR_LEVEL=6
	PROCESSOR_REVISION=8c01
	ProgramData=C:\ProgramData
	ProgramFiles=C:\Program Files
	ProgramFiles(x86)=C:\Program Files (x86)
	ProgramW6432=C:\Program Files
	PSModulePath=%ProgramFiles%\WindowsPowerShell\Modules;C:\Windows\system32\WindowsPowerShell\v1.0\Modules;C:\Program Files (x86)\Microsoft SQL Server\160\Tools\PowerShell\Modules\
	PUBLIC=C:\Users\Public
	SystemDrive=C:
	SystemRoot=C:\Windows
	TEMP=C:\Users\sharkvm\AppData\Local\Temp
	TMP=C:\Users\sharkvm\AppData\Local\Temp
	USERDOMAIN=DESKTOP-FPGOBQG
	USERDOMAIN_ROAMINGPROFILE=DESKTOP-FPGOBQG
	USERNAME=sharkvm
	USERPROFILE=C:\Users\sharkvm

  Process=StartMenuExper
  PPID=0x302(770)
  PID=0x19a8(6568)
  Peb=0x000000e9d86a8000
  Params=0x000002a00d803a00
  Environment=0x000002a00d8027f0
  EnvironmentSize=0x11fe
	ALLUSERSPROFILE=C:\ProgramData
	APPDATA=C:\Users\sharkvm\AppData\Roaming
	CommonProgramFiles=C:\Program Files\Common Files
	CommonProgramFiles(x86)=C:\Program Files (x86)\Common Files
	CommonProgramW6432=C:\Program Files\Common Files
	COMPUTERNAME=DESKTOP-FPGOBQG
	ComSpec=C:\Windows\system32\cmd.exe
	DriverData=C:\Windows\System32\Drivers\DriverData
	HOMEDRIVE=C:
	HOMEPATH=\Users\sharkvm
	LOCALAPPDATA=C:\Users\sharkvm\AppData\Local\Packages\microsoft.windows.startmenuexperiencehost_cw5n1h2txyewy\AC
	LOGONSERVER=\\DESKTOP-FPGOBQG
	NUMBER_OF_PROCESSORS=2
	OneDrive=C:\Users\sharkvm\OneDrive
	OS=Windows_NT
	Path=C:\Windows\system32;C:\Windows;C:\Windows\System32\Wbem;C:\Windows\System32\WindowsPowerShell\v1.0\;C:\Windows\System32\OpenSSH\;C:\Program Files (x86)\Windows Kits\10\Windows Performance Toolkit\;C:\SysinternalsSuite;C:\Program Files (x86)\Microsoft SQL Server\160\Tools\Binn\;C:\Program Files\Microsoft SQL Server\160\Tools\Binn\;C:\Program Files\Microsoft SQL Server\Client SDK\ODBC\170\Tools\Binn\;C:\Program Files\Microsoft SQL Server\160\DTS\Binn\;C:\Program Files\010 Editor;C:\Users\sharkvm\AppData\Local\Programs\Python\Python313\Scripts\;C:\Users\sharkvm\AppData\Local\Programs\Python\Python313\;C:\Users\sharkvm\AppData\Local\Programs\Python\Launcher\;C:\Users\sharkvm\AppData\Local\Microsoft\WindowsApps;C:\Users\sharkvm\AppData\Local\Programs\Microsoft VS Code\bin
	PATHEXT=.COM;.EXE;.BAT;.CMD;.VBS;.VBE;.JS;.JSE;.WSF;.WSH;.MSC
	PROCESSOR_ARCHITECTURE=AMD64
	PROCESSOR_IDENTIFIER=Intel64 Family 6 Model 140 Stepping 1, GenuineIntel
	PROCESSOR_LEVEL=6
	PROCESSOR_REVISION=8c01
	ProgramData=C:\ProgramData
	ProgramFiles=C:\Program Files
	ProgramFiles(x86)=C:\Program Files (x86)
	ProgramW6432=C:\Program Files
	PSModulePath=%ProgramFiles%\WindowsPowerShell\Modules;C:\Windows\system32\WindowsPowerShell\v1.0\Modules;C:\Program Files (x86)\Microsoft SQL Server\160\Tools\PowerShell\Modules\
	PUBLIC=C:\Users\Public
	SystemDrive=C:
	SystemRoot=C:\Windows
	TEMP=C:\Users\sharkvm\AppData\Local\Packages\microsoft.windows.startmenuexperiencehost_cw5n1h2txyewy\AC\Temp
	TMP=C:\Users\sharkvm\AppData\Local\Packages\microsoft.windows.startmenuexperiencehost_cw5n1h2txyewy\AC\Temp
	USERDOMAIN=DESKTOP-FPGOBQG
	USERDOMAIN_ROAMINGPROFILE=DESKTOP-FPGOBQG
	USERNAME=sharkvm
	USERPROFILE=C:\Users\sharkvm

  Process=RuntimeBroker.
  PPID=0x302(770)
  PID=0x19f8(6648)
  Peb=0x000000e8d6916000
  Params=0x0000028d7b003870
  Environment=0x0000028d7b0027f0
  EnvironmentSize=0x1066
	ALLUSERSPROFILE=C:\ProgramData
	APPDATA=C:\Users\sharkvm\AppData\Roaming
	CommonProgramFiles=C:\Program Files\Common Files
	CommonProgramFiles(x86)=C:\Program Files (x86)\Common Files
	CommonProgramW6432=C:\Program Files\Common Files
	COMPUTERNAME=DESKTOP-FPGOBQG
	ComSpec=C:\Windows\system32\cmd.exe
	DriverData=C:\Windows\System32\Drivers\DriverData
	HOMEDRIVE=C:
	HOMEPATH=\Users\sharkvm
	LOCALAPPDATA=C:\Users\sharkvm\AppData\Local
	LOGONSERVER=\\DESKTOP-FPGOBQG
	NUMBER_OF_PROCESSORS=2
	OneDrive=C:\Users\sharkvm\OneDrive
	OS=Windows_NT
	Path=C:\Windows\system32;C:\Windows;C:\Windows\System32\Wbem;C:\Windows\System32\WindowsPowerShell\v1.0\;C:\Windows\System32\OpenSSH\;C:\Program Files (x86)\Windows Kits\10\Windows Performance Toolkit\;C:\SysinternalsSuite;C:\Program Files (x86)\Microsoft SQL Server\160\Tools\Binn\;C:\Program Files\Microsoft SQL Server\160\Tools\Binn\;C:\Program Files\Microsoft SQL Server\Client SDK\ODBC\170\Tools\Binn\;C:\Program Files\Microsoft SQL Server\160\DTS\Binn\;C:\Program Files\010 Editor;C:\Users\sharkvm\AppData\Local\Programs\Python\Python313\Scripts\;C:\Users\sharkvm\AppData\Local\Programs\Python\Python313\;C:\Users\sharkvm\AppData\Local\Programs\Python\Launcher\;C:\Users\sharkvm\AppData\Local\Microsoft\WindowsApps;C:\Users\sharkvm\AppData\Local\Programs\Microsoft VS Code\bin
	PATHEXT=.COM;.EXE;.BAT;.CMD;.VBS;.VBE;.JS;.JSE;.WSF;.WSH;.MSC
	PROCESSOR_ARCHITECTURE=AMD64
	PROCESSOR_IDENTIFIER=Intel64 Family 6 Model 140 Stepping 1, GenuineIntel
	PROCESSOR_LEVEL=6
	PROCESSOR_REVISION=8c01
	ProgramData=C:\ProgramData
	ProgramFiles=C:\Program Files
	ProgramFiles(x86)=C:\Program Files (x86)
	ProgramW6432=C:\Program Files
	PSModulePath=%ProgramFiles%\WindowsPowerShell\Modules;C:\Windows\system32\WindowsPowerShell\v1.0\Modules;C:\Program Files (x86)\Microsoft SQL Server\160\Tools\PowerShell\Modules\
	PUBLIC=C:\Users\Public
	SystemDrive=C:
	SystemRoot=C:\Windows
	TEMP=C:\Users\sharkvm\AppData\Local\Temp
	TMP=C:\Users\sharkvm\AppData\Local\Temp
	USERDOMAIN=DESKTOP-FPGOBQG
	USERDOMAIN_ROAMINGPROFILE=DESKTOP-FPGOBQG
	USERNAME=sharkvm
	USERPROFILE=C:\Users\sharkvm

  Process=SearchApp.exe
  PPID=0x302(770)
  PID=0x1a68(6760)
  Peb=0x0000005bf721e000
  Params=0x0000028d7b003870
  Environment=0x0000028d7b0027f0
  EnvironmentSize=0x1066

  Process=SearchIndexer.
  PPID=0x246(582)
  PID=0x1b10(6928)
  Peb=0x00000010d011b000
  Params=0x0000018c8d981dc0
  Environment=0x0000018c8d9c64c0
  EnvironmentSize=0xe8e
	ALLUSERSPROFILE=C:\ProgramData
	APPDATA=C:\Windows\system32\config\systemprofile\AppData\Roaming
	CommonProgramFiles=C:\Program Files\Common Files
	CommonProgramFiles(x86)=C:\Program Files (x86)\Common Files
	CommonProgramW6432=C:\Program Files\Common Files
	COMPUTERNAME=DESKTOP-FPGOBQG
	ComSpec=C:\Windows\system32\cmd.exe
	DriverData=C:\Windows\System32\Drivers\DriverData
	LOCALAPPDATA=C:\Windows\system32\config\systemprofile\AppData\Local
	NUMBER_OF_PROCESSORS=2
	OS=Windows_NT
	Path=C:\Windows\system32;C:\Windows;C:\Windows\System32\Wbem;C:\Windows\System32\WindowsPowerShell\v1.0\;C:\Windows\System32\OpenSSH\;C:\Program Files (x86)\Windows Kits\10\Windows Performance Toolkit\;C:\SysinternalsSuite;C:\Program Files (x86)\Microsoft SQL Server\160\Tools\Binn\;C:\Program Files\Microsoft SQL Server\160\Tools\Binn\;C:\Program Files\Microsoft SQL Server\Client SDK\ODBC\170\Tools\Binn\;C:\Program Files\Microsoft SQL Server\160\DTS\Binn\;C:\Program Files\010 Editor;C:\Windows\system32\config\systemprofile\AppData\Local\Microsoft\WindowsApps;C:\Windows\system32
	PATHEXT=.COM;.EXE;.BAT;.CMD;.VBS;.VBE;.JS;.JSE;.WSF;.WSH;.MSC
	PROCESSOR_ARCHITECTURE=AMD64
	PROCESSOR_IDENTIFIER=Intel64 Family 6 Model 140 Stepping 1, GenuineIntel
	PROCESSOR_LEVEL=6
	PROCESSOR_REVISION=8c01
	ProgramData=C:\ProgramData
	ProgramFiles=C:\Program Files
	ProgramFiles(x86)=C:\Program Files (x86)
	ProgramW6432=C:\Program Files
	PSModulePath=%ProgramFiles%\WindowsPowerShell\Modules;C:\Windows\system32\WindowsPowerShell\v1.0\Modules;C:\Program Files (x86)\Microsoft SQL Server\160\Tools\PowerShell\Modules\
	PUBLIC=C:\Users\Public
	SystemDrive=C:
	SystemRoot=C:\Windows
	TEMP=C:\ProgramData\Microsoft\Search\Data\Temp\usgthrsvc
	TMP=C:\ProgramData\Microsoft\Search\Data\Temp\usgthrsvc
	USERDOMAIN=WORKGROUP
	USERNAME=DESKTOP-FPGOBQG$
	USERPROFILE=C:\Windows\system32\config\systemprofile

  Process=RuntimeBroker.
  PPID=0x302(770)
  PID=0x1b4c(6988)
  Peb=0x000000fe74728000
  Params=0x0000026b37203870
  Environment=0x0000026b3985b250
  EnvironmentSize=0x10e4
	ALLUSERSPROFILE=C:\ProgramData
	APPDATA=C:\Users\sharkvm\AppData\Roaming
	CLIENTNAME=SH4RK
	CommonProgramFiles=C:\Program Files\Common Files
	CommonProgramFiles(x86)=C:\Program Files (x86)\Common Files
	CommonProgramW6432=C:\Program Files\Common Files
	COMPUTERNAME=DESKTOP-FPGOBQG
	ComSpec=C:\Windows\system32\cmd.exe
	DriverData=C:\Windows\System32\Drivers\DriverData
	HOMEDRIVE=C:
	HOMEPATH=\Users\sharkvm
	LOCALAPPDATA=C:\Users\sharkvm\AppData\Local
	LOGONSERVER=\\DESKTOP-FPGOBQG
	NUMBER_OF_PROCESSORS=2
	OneDrive=C:\Users\sharkvm\OneDrive
	OS=Windows_NT
	Path=C:\Windows\system32;C:\Windows;C:\Windows\System32\Wbem;C:\Windows\System32\WindowsPowerShell\v1.0\;C:\Windows\System32\OpenSSH\;C:\Program Files (x86)\Windows Kits\10\Windows Performance Toolkit\;C:\SysinternalsSuite;C:\Program Files (x86)\Microsoft SQL Server\160\Tools\Binn\;C:\Program Files\Microsoft SQL Server\160\Tools\Binn\;C:\Program Files\Microsoft SQL Server\Client SDK\ODBC\170\Tools\Binn\;C:\Program Files\Microsoft SQL Server\160\DTS\Binn\;C:\Program Files\010 Editor;C:\Users\sharkvm\AppData\Local\Programs\Python\Python313\Scripts\;C:\Users\sharkvm\AppData\Local\Programs\Python\Python313\;C:\Users\sharkvm\AppData\Local\Programs\Python\Launcher\;C:\Users\sharkvm\AppData\Local\Microsoft\WindowsApps;C:\Users\sharkvm\AppData\Local\Programs\Microsoft VS Code\bin;C:\SysinternalsSuite;
	PATHEXT=.COM;.EXE;.BAT;.CMD;.VBS;.VBE;.JS;.JSE;.WSF;.WSH;.MSC
	PROCESSOR_ARCHITECTURE=AMD64
	PROCESSOR_IDENTIFIER=Intel64 Family 6 Model 140 Stepping 1, GenuineIntel
	PROCESSOR_LEVEL=6
	PROCESSOR_REVISION=8c01
	ProgramData=C:\ProgramData
	ProgramFiles=C:\Program Files
	ProgramFiles(x86)=C:\Program Files (x86)
	ProgramW6432=C:\Program Files
	PSModulePath=C:\Program Files\WindowsPowerShell\Modules;C:\Windows\system32\WindowsPowerShell\v1.0\Modules;C:\Program Files (x86)\Microsoft SQL Server\160\Tools\PowerShell\Modules\
	PUBLIC=C:\Users\Public
	SESSIONNAME=RDP-Tcp#2
	SystemDrive=C:
	SystemRoot=C:\Windows
	TEMP=C:\Users\sharkvm\AppData\Local\Temp
	TMP=C:\Users\sharkvm\AppData\Local\Temp
	USERDOMAIN=DESKTOP-FPGOBQG
	USERDOMAIN_ROAMINGPROFILE=DESKTOP-FPGOBQG
	USERNAME=sharkvm
	USERPROFILE=C:\Users\sharkvm

  Process=svchost.exe
  PPID=0x246(582)
  PID=0x1c04(7172)
  Peb=0x000000aa32303000
  Params=0x00000252e6603650
  Environment=0x00000252e66027f0
  EnvironmentSize=0xe4e
	ALLUSERSPROFILE=C:\ProgramData
	APPDATA=C:\Windows\ServiceProfiles\LocalService\AppData\Roaming
	CommonProgramFiles=C:\Program Files\Common Files
	CommonProgramFiles(x86)=C:\Program Files (x86)\Common Files
	CommonProgramW6432=C:\Program Files\Common Files
	COMPUTERNAME=DESKTOP-FPGOBQG
	ComSpec=C:\Windows\system32\cmd.exe
	DriverData=C:\Windows\System32\Drivers\DriverData
	LOCALAPPDATA=C:\Windows\ServiceProfiles\LocalService\AppData\Local
	NUMBER_OF_PROCESSORS=2
	OS=Windows_NT
	Path=C:\Windows\system32;C:\Windows;C:\Windows\System32\Wbem;C:\Windows\System32\WindowsPowerShell\v1.0\;C:\Windows\System32\OpenSSH\;C:\Program Files (x86)\Windows Kits\10\Windows Performance Toolkit\;C:\SysinternalsSuite;C:\Program Files (x86)\Microsoft SQL Server\160\Tools\Binn\;C:\Program Files\Microsoft SQL Server\160\Tools\Binn\;C:\Program Files\Microsoft SQL Server\Client SDK\ODBC\170\Tools\Binn\;C:\Program Files\Microsoft SQL Server\160\DTS\Binn\;C:\Program Files\010 Editor;C:\Windows\ServiceProfiles\LocalService\AppData\Local\Microsoft\WindowsApps
	PATHEXT=.COM;.EXE;.BAT;.CMD;.VBS;.VBE;.JS;.JSE;.WSF;.WSH;.MSC
	PROCESSOR_ARCHITECTURE=AMD64
	PROCESSOR_IDENTIFIER=Intel64 Family 6 Model 140 Stepping 1, GenuineIntel
	PROCESSOR_LEVEL=6
	PROCESSOR_REVISION=8c01
	ProgramData=C:\ProgramData
	ProgramFiles=C:\Program Files
	ProgramFiles(x86)=C:\Program Files (x86)
	ProgramW6432=C:\Program Files
	PSModulePath=%ProgramFiles%\WindowsPowerShell\Modules;C:\Windows\system32\WindowsPowerShell\v1.0\Modules;C:\Program Files (x86)\Microsoft SQL Server\160\Tools\PowerShell\Modules\
	PUBLIC=C:\Users\Public
	SystemDrive=C:
	SystemRoot=C:\Windows
	TEMP=C:\Windows\SERVIC~1\LOCALS~1\AppData\Local\Temp
	TMP=C:\Windows\SERVIC~1\LOCALS~1\AppData\Local\Temp
	USERDOMAIN=NT AUTHORITY
	USERNAME=LOCAL SERVICE
	USERPROFILE=C:\Windows\ServiceProfiles\LocalService

  Process=RuntimeBroker.
  PPID=0x300(768)
  PID=0x1cf4(7412)
  Peb=0x000000b801834000
  Params=0x000001e5af003870
  Environment=0x000001e5af0d6140
  EnvironmentSize=0x1118
	ALLUSERSPROFILE=C:\ProgramData
	APPDATA=C:\Users\sharkvm\AppData\Roaming
	CommonProgramFiles=C:\Program Files\Common Files
	CommonProgramFiles(x86)=C:\Program Files (x86)\Common Files
	CommonProgramW6432=C:\Program Files\Common Files
	COMPUTERNAME=DESKTOP-FPGOBQG
	ComSpec=C:\Windows\system32\cmd.exe
	DriverData=C:\Windows\System32\Drivers\DriverData
	FPS_BROWSER_APP_PROFILE_STRING=Internet Explorer
	FPS_BROWSER_USER_PROFILE_STRING=Default
	HOMEDRIVE=C:
	HOMEPATH=\Users\sharkvm
	LOCALAPPDATA=C:\Users\sharkvm\AppData\Local
	LOGONSERVER=\\DESKTOP-FPGOBQG
	NUMBER_OF_PROCESSORS=2
	OneDrive=C:\Users\sharkvm\OneDrive
	OS=Windows_NT
	Path=C:\Windows\system32;C:\Windows;C:\Windows\System32\Wbem;C:\Windows\System32\WindowsPowerShell\v1.0\;C:\Windows\System32\OpenSSH\;C:\Program Files (x86)\Windows Kits\10\Windows Performance Toolkit\;C:\SysinternalsSuite;C:\Program Files (x86)\Microsoft SQL Server\160\Tools\Binn\;C:\Program Files\Microsoft SQL Server\160\Tools\Binn\;C:\Program Files\Microsoft SQL Server\Client SDK\ODBC\170\Tools\Binn\;C:\Program Files\Microsoft SQL Server\160\DTS\Binn\;C:\Program Files\010 Editor;C:\Users\sharkvm\AppData\Local\Programs\Python\Python313\Scripts\;C:\Users\sharkvm\AppData\Local\Programs\Python\Python313\;C:\Users\sharkvm\AppData\Local\Programs\Python\Launcher\;C:\Users\sharkvm\AppData\Local\Microsoft\WindowsApps;C:\Users\sharkvm\AppData\Local\Programs\Microsoft VS Code\bin
	PATHEXT=.COM;.EXE;.BAT;.CMD;.VBS;.VBE;.JS;.JSE;.WSF;.WSH;.MSC
	PROCESSOR_ARCHITECTURE=AMD64
	PROCESSOR_IDENTIFIER=Intel64 Family 6 Model 140 Stepping 1, GenuineIntel
	PROCESSOR_LEVEL=6
	PROCESSOR_REVISION=8c01
	ProgramData=C:\ProgramData
	ProgramFiles=C:\Program Files
	ProgramFiles(x86)=C:\Program Files (x86)
	ProgramW6432=C:\Program Files
	PSModulePath=%ProgramFiles%\WindowsPowerShell\Modules;C:\Windows\system32\WindowsPowerShell\v1.0\Modules;C:\Program Files (x86)\Microsoft SQL Server\160\Tools\PowerShell\Modules\
	PUBLIC=C:\Users\Public
	SystemDrive=C:
	SystemRoot=C:\Windows
	TEMP=C:\Users\sharkvm\AppData\Local\Temp
	TMP=C:\Users\sharkvm\AppData\Local\Temp
	USERDOMAIN=DESKTOP-FPGOBQG
	USERDOMAIN_ROAMINGPROFILE=DESKTOP-FPGOBQG
	USERNAME=sharkvm
	USERPROFILE=C:\Users\sharkvm

  Process=SecurityHealth
  PPID=0x17de(6110)
  PID=0x2e8(744)
  Peb=0x00000045dcf3e000
  Params=0x00000162d3182190
  Environment=0x00000162d3180fe0
  EnvironmentSize=0x11a6
	=::=::\

  Process=SecurityHealth
  PPID=0x1(1)
  PID=0x13e8(5096)
  Peb=0x0000007c5dfb2000
  Params=0x000001f83c1f1dc0
  Environment=0x000001f83c28d8d0
  EnvironmentSize=0x10fe

  Process=vmtoolsd.exe
  PPID=0x17de(6110)
  PID=0x514(1300)
  Peb=0x000000f1ed2f6000
  Params=0x0000021a5f972190
  Environment=0x0000021a5f970fe0
  EnvironmentSize=0x11a6
	=::=::\

  Process=OneDrive.exe
  PPID=0x17de(6110)
  PID=0x1f30(7984)
  Peb=0x0000000c310f2000
  Params=0x0000021a5f972190
  Environment=0x0000021a5f970fe0
  EnvironmentSize=0x11a6

  Process=Everything.exe
  PPID=0x1efa(7930)
  PID=0x1918(6424)
  Peb=0x000000000022f000
  Params=0x00000000004521e0
  Environment=0x0000000000450fe0
  EnvironmentSize=0x11a6
	=::=::\

  Process=svchost.exe
  PPID=0x246(582)
  PID=0x10d8(4312)
  Peb=0x00000039a6db9000
  Params=0x000001e72b4035e0
  Environment=0x000001e72b4027f0
  EnvironmentSize=0xdd6
	ALLUSERSPROFILE=C:\ProgramData
	APPDATA=C:\Windows\system32\config\systemprofile\AppData\Roaming
	CommonProgramFiles=C:\Program Files\Common Files
	CommonProgramFiles(x86)=C:\Program Files (x86)\Common Files
	CommonProgramW6432=C:\Program Files\Common Files
	COMPUTERNAME=DESKTOP-FPGOBQG
	ComSpec=C:\Windows\system32\cmd.exe
	DriverData=C:\Windows\System32\Drivers\DriverData
	LOCALAPPDATA=C:\Windows\system32\config\systemprofile\AppData\Local
	NUMBER_OF_PROCESSORS=2
	OS=Windows_NT
	Path=C:\Windows\system32;C:\Windows;C:\Windows\System32\Wbem;C:\Windows\System32\WindowsPowerShell\v1.0\;C:\Windows\System32\OpenSSH\;C:\Program Files (x86)\Windows Kits\10\Windows Performance Toolkit\;C:\SysinternalsSuite;C:\Program Files (x86)\Microsoft SQL Server\160\Tools\Binn\;C:\Program Files\Microsoft SQL Server\160\Tools\Binn\;C:\Program Files\Microsoft SQL Server\Client SDK\ODBC\170\Tools\Binn\;C:\Program Files\Microsoft SQL Server\160\DTS\Binn\;C:\Program Files\010 Editor;C:\Windows\system32\config\systemprofile\AppData\Local\Microsoft\WindowsApps
	PATHEXT=.COM;.EXE;.BAT;.CMD;.VBS;.VBE;.JS;.JSE;.WSF;.WSH;.MSC
	PROCESSOR_ARCHITECTURE=AMD64
	PROCESSOR_IDENTIFIER=Intel64 Family 6 Model 140 Stepping 1, GenuineIntel
	PROCESSOR_LEVEL=6
	PROCESSOR_REVISION=8c01
	ProgramData=C:\ProgramData
	ProgramFiles=C:\Program Files
	ProgramFiles(x86)=C:\Program Files (x86)
	ProgramW6432=C:\Program Files
	PSModulePath=%ProgramFiles%\WindowsPowerShell\Modules;C:\Windows\system32\WindowsPowerShell\v1.0\Modules;C:\Program Files (x86)\Microsoft SQL Server\160\Tools\PowerShell\Modules\
	PUBLIC=C:\Users\Public
	SystemDrive=C:
	SystemRoot=C:\Windows
	TEMP=C:\Windows\TEMP
	TMP=C:\Windows\TEMP
	USERDOMAIN=WORKGROUP
	USERNAME=DESKTOP-FPGOBQG$
	USERPROFILE=C:\Windows\system32\config\systemprofile

  Process=OneDrive.exe
  PPID=0x174(372)
  PID=0x3b4(948)
  Peb=0x000000384083a000
  Params=0x000001d8b38b22f0
  Environment=0x000001d8b38b0fe0
  EnvironmentSize=0x1306
	=::=::\
	ALLUSERSPROFILE=C:\ProgramData
	APPDATA=C:\Users\sharkvm\AppData\Roaming
	CLIENTNAME=SH4RK
	CommonProgramFiles=C:\Program Files\Common Files
	CommonProgramFiles(x86)=C:\Program Files (x86)\Common Files
	CommonProgramW6432=C:\Program Files\Common Files
	COMPUTERNAME=DESKTOP-FPGOBQG
	ComSpec=C:\Windows\system32\cmd.exe
	DriverData=C:\Windows\System32\Drivers\DriverData
	FPS_BROWSER_APP_PROFILE_STRING=Internet Explorer
	FPS_BROWSER_USER_PROFILE_STRING=Default
	HOMEDRIVE=C:
	HOMEPATH=\Users\sharkvm
	LOCALAPPDATA=C:\Users\sharkvm\AppData\Local
	LOGONSERVER=\\DESKTOP-FPGOBQG
	NUMBER_OF_PROCESSORS=2
	OneDrive=C:\Users\sharkvm\OneDrive
	OS=Windows_NT
	Path=C:\Windows\system32;C:\Windows;C:\Windows\System32\Wbem;C:\Windows\System32\WindowsPowerShell\v1.0\;C:\Windows\System32\OpenSSH\;C:\Program Files (x86)\Windows Kits\10\Windows Performance Toolkit\;C:\SysinternalsSuite;C:\Program Files (x86)\Microsoft SQL Server\160\Tools\Binn\;C:\Program Files\Microsoft SQL Server\160\Tools\Binn\;C:\Program Files\Microsoft SQL Server\Client SDK\ODBC\170\Tools\Binn\;C:\Program Files\Microsoft SQL Server\160\DTS\Binn\;C:\Program Files\010 Editor;C:\Users\sharkvm\AppData\Local\Programs\Python\Python313\Scripts\;C:\Users\sharkvm\AppData\Local\Programs\Python\Python313\;C:\Users\sharkvm\AppData\Local\Programs\Python\Launcher\;C:\Users\sharkvm\AppData\Local\Microsoft\WindowsApps;C:\Users\sharkvm\AppData\Local\Programs\Microsoft VS Code\bin;C:\SysinternalsSuite;
	PATHEXT=.COM;.EXE;.BAT;.CMD;.VBS;.VBE;.JS;.JSE;.WSF;.WSH;.MSC
	PROCESSOR_ARCHITECTURE=AMD64
	PROCESSOR_IDENTIFIER=Intel64 Family 6 Model 140 Stepping 1, GenuineIntel
	PROCESSOR_LEVEL=6
	PROCESSOR_REVISION=8c01
	ProgramData=C:\ProgramData
	ProgramFiles=C:\Program Files
	ProgramFiles(x86)=C:\Program Files (x86)
	ProgramW6432=C:\Program Files
	PSModulePath=C:\Program Files\WindowsPowerShell\Modules;C:\Windows\system32\WindowsPowerShell\v1.0\Modules;C:\Program Files (x86)\Microsoft SQL Server\160\Tools\PowerShell\Modules\
	PUBLIC=C:\Users\Public
	QSG_RENDER_LOOP=basic
	QT_ACCESSIBLE_SORT_TREE_CHILDREN=1
	QT_ACCESSIBLE_TREEVIEW=1
	QT_QUICK_BACKEND=softwarecontext
	QT_SCALE_FACTOR=1
	SESSIONNAME=RDP-Tcp#1
	SystemDrive=C:
	SystemRoot=C:\Windows
	TEMP=C:\Users\sharkvm\AppData\Local\Temp
	TMP=C:\Users\sharkvm\AppData\Local\Temp
	USERDOMAIN=DESKTOP-FPGOBQG
	USERDOMAIN_ROAMINGPROFILE=DESKTOP-FPGOBQG
	USERNAME=sharkvm
	USERPROFILE=C:\Users\sharkvm
	windir=C:\Windows

  Process=Microsoft.Shar
  PPID=0x174(372)
  PID=0x1e04(7684)
  Peb=0x000000d1a3933000
  Params=0x000002acaf2622f0
  Environment=0x000002acaf260fe0
  EnvironmentSize=0x1306
	=::=::\

  Process=svchost.exe
  PPID=0x246(582)
  PID=0x508(1288)
  Peb=0x000000c88ea8a000
  Params=0x000001f0e2a03660
  Environment=0x000001f0e2a027f0
  EnvironmentSize=0xe5e
	ALLUSERSPROFILE=C:\ProgramData
	APPDATA=C:\Windows\ServiceProfiles\NetworkService\AppData\Roaming
	CommonProgramFiles=C:\Program Files\Common Files
	CommonProgramFiles(x86)=C:\Program Files (x86)\Common Files
	CommonProgramW6432=C:\Program Files\Common Files
	COMPUTERNAME=DESKTOP-FPGOBQG
	ComSpec=C:\Windows\system32\cmd.exe
	DriverData=C:\Windows\System32\Drivers\DriverData
	LOCALAPPDATA=C:\Windows\ServiceProfiles\NetworkService\AppData\Local
	NUMBER_OF_PROCESSORS=2
	OS=Windows_NT
	Path=C:\Windows\system32;C:\Windows;C:\Windows\System32\Wbem;C:\Windows\System32\WindowsPowerShell\v1.0\;C:\Windows\System32\OpenSSH\;C:\Program Files (x86)\Windows Kits\10\Windows Performance Toolkit\;C:\SysinternalsSuite;C:\Program Files (x86)\Microsoft SQL Server\160\Tools\Binn\;C:\Program Files\Microsoft SQL Server\160\Tools\Binn\;C:\Program Files\Microsoft SQL Server\Client SDK\ODBC\170\Tools\Binn\;C:\Program Files\Microsoft SQL Server\160\DTS\Binn\;C:\Program Files\010 Editor;C:\Windows\ServiceProfiles\NetworkService\AppData\Local\Microsoft\WindowsApps
	PATHEXT=.COM;.EXE;.BAT;.CMD;.VBS;.VBE;.JS;.JSE;.WSF;.WSH;.MSC
	PROCESSOR_ARCHITECTURE=AMD64
	PROCESSOR_IDENTIFIER=Intel64 Family 6 Model 140 Stepping 1, GenuineIntel
	PROCESSOR_LEVEL=6
	PROCESSOR_REVISION=8c01
	ProgramData=C:\ProgramData
	ProgramFiles=C:\Program Files
	ProgramFiles(x86)=C:\Program Files (x86)
	ProgramW6432=C:\Program Files
	PSModulePath=%ProgramFiles%\WindowsPowerShell\Modules;C:\Windows\system32\WindowsPowerShell\v1.0\Modules;C:\Program Files (x86)\Microsoft SQL Server\160\Tools\PowerShell\Modules\
	PUBLIC=C:\Users\Public
	SystemDrive=C:
	SystemRoot=C:\Windows
	TEMP=C:\Windows\SERVIC~1\NETWOR~1\AppData\Local\Temp
	TMP=C:\Windows\SERVIC~1\NETWOR~1\AppData\Local\Temp
	USERDOMAIN=WORKGROUP
	USERNAME=DESKTOP-FPGOBQG$
	USERPROFILE=C:\Windows\ServiceProfiles\NetworkService

  Process=svchost.exe
  PPID=0x246(582)
  PID=0x1988(6536)
  Peb=0x0000002bea060000
  Params=0x0000013e852035e0
  Environment=0x0000013e852027f0
  EnvironmentSize=0xdd6
	ALLUSERSPROFILE=C:\ProgramData
	APPDATA=C:\Windows\system32\config\systemprofile\AppData\Roaming
	CommonProgramFiles=C:\Program Files\Common Files
	CommonProgramFiles(x86)=C:\Program Files (x86)\Common Files
	CommonProgramW6432=C:\Program Files\Common Files
	COMPUTERNAME=DESKTOP-FPGOBQG
	ComSpec=C:\Windows\system32\cmd.exe
	DriverData=C:\Windows\System32\Drivers\DriverData
	LOCALAPPDATA=C:\Windows\system32\config\systemprofile\AppData\Local
	NUMBER_OF_PROCESSORS=2
	OS=Windows_NT
	Path=C:\Windows\system32;C:\Windows;C:\Windows\System32\Wbem;C:\Windows\System32\WindowsPowerShell\v1.0\;C:\Windows\System32\OpenSSH\;C:\Program Files (x86)\Windows Kits\10\Windows Performance Toolkit\;C:\SysinternalsSuite;C:\Program Files (x86)\Microsoft SQL Server\160\Tools\Binn\;C:\Program Files\Microsoft SQL Server\160\Tools\Binn\;C:\Program Files\Microsoft SQL Server\Client SDK\ODBC\170\Tools\Binn\;C:\Program Files\Microsoft SQL Server\160\DTS\Binn\;C:\Program Files\010 Editor;C:\Windows\system32\config\systemprofile\AppData\Local\Microsoft\WindowsApps
	PATHEXT=.COM;.EXE;.BAT;.CMD;.VBS;.VBE;.JS;.JSE;.WSF;.WSH;.MSC
	PROCESSOR_ARCHITECTURE=AMD64
	PROCESSOR_IDENTIFIER=Intel64 Family 6 Model 140 Stepping 1, GenuineIntel
	PROCESSOR_LEVEL=6
	PROCESSOR_REVISION=8c01
	ProgramData=C:\ProgramData
	ProgramFiles=C:\Program Files
	ProgramFiles(x86)=C:\Program Files (x86)
	ProgramW6432=C:\Program Files
	PSModulePath=%ProgramFiles%\WindowsPowerShell\Modules;C:\Windows\system32\WindowsPowerShell\v1.0\Modules;C:\Program Files (x86)\Microsoft SQL Server\160\Tools\PowerShell\Modules\
	PUBLIC=C:\Users\Public
	SystemDrive=C:
	SystemRoot=C:\Windows
	TEMP=C:\Windows\TEMP
	TMP=C:\Windows\TEMP
	USERDOMAIN=WORKGROUP
	USERNAME=DESKTOP-FPGOBQG$
	USERPROFILE=C:\Windows\system32\config\systemprofile

  Process=TextInputHost.
  PPID=0x302(770)
  PID=0x1504(5380)
  Peb=0x00000091e73a8000
  Params=0x000001b2d52039b0
  Environment=0x000001b2d52027f0
  EnvironmentSize=0x11aa
	ALLUSERSPROFILE=C:\ProgramData
	APPDATA=C:\Users\sharkvm\AppData\Roaming
	CommonProgramFiles=C:\Program Files\Common Files
	CommonProgramFiles(x86)=C:\Program Files (x86)\Common Files
	CommonProgramW6432=C:\Program Files\Common Files
	COMPUTERNAME=DESKTOP-FPGOBQG
	ComSpec=C:\Windows\system32\cmd.exe
	DriverData=C:\Windows\System32\Drivers\DriverData
	HOMEDRIVE=C:
	HOMEPATH=\Users\sharkvm
	LOCALAPPDATA=C:\Users\sharkvm\AppData\Local\Packages\microsoftwindows.client.cbs_cw5n1h2txyewy\AC
	LOGONSERVER=\\DESKTOP-FPGOBQG
	NUMBER_OF_PROCESSORS=2
	OneDrive=C:\Users\sharkvm\OneDrive
	OS=Windows_NT
	Path=C:\Windows\system32;C:\Windows;C:\Windows\System32\Wbem;C:\Windows\System32\WindowsPowerShell\v1.0\;C:\Windows\System32\OpenSSH\;C:\Program Files (x86)\Windows Kits\10\Windows Performance Toolkit\;C:\SysinternalsSuite;C:\Program Files (x86)\Microsoft SQL Server\160\Tools\Binn\;C:\Program Files\Microsoft SQL Server\160\Tools\Binn\;C:\Program Files\Microsoft SQL Server\Client SDK\ODBC\170\Tools\Binn\;C:\Program Files\Microsoft SQL Server\160\DTS\Binn\;C:\Program Files\010 Editor;C:\Users\sharkvm\AppData\Local\Programs\Python\Python313\Scripts\;C:\Users\sharkvm\AppData\Local\Programs\Python\Python313\;C:\Users\sharkvm\AppData\Local\Programs\Python\Launcher\;C:\Users\sharkvm\AppData\Local\Microsoft\WindowsApps;C:\Users\sharkvm\AppData\Local\Programs\Microsoft VS Code\bin
	PATHEXT=.COM;.EXE;.BAT;.CMD;.VBS;.VBE;.JS;.JSE;.WSF;.WSH;.MSC
	PROCESSOR_ARCHITECTURE=AMD64
	PROCESSOR_IDENTIFIER=Intel64 Family 6 Model 140 Stepping 1, GenuineIntel
	PROCESSOR_LEVEL=6
	PROCESSOR_REVISION=8c01
	ProgramData=C:\ProgramData
	ProgramFiles=C:\Program Files
	ProgramFiles(x86)=C:\Program Files (x86)
	ProgramW6432=C:\Program Files
	PSModulePath=%ProgramFiles%\WindowsPowerShell\Modules;C:\Windows\system32\WindowsPowerShell\v1.0\Modules;C:\Program Files (x86)\Microsoft SQL Server\160\Tools\PowerShell\Modules\
	PUBLIC=C:\Users\Public
	SystemDrive=C:
	SystemRoot=C:\Windows
	TEMP=C:\Users\sharkvm\AppData\Local\Packages\microsoftwindows.client.cbs_cw5n1h2txyewy\AC\Temp
	TMP=C:\Users\sharkvm\AppData\Local\Packages\microsoftwindows.client.cbs_cw5n1h2txyewy\AC\Temp
	USERDOMAIN=DESKTOP-FPGOBQG
	USERDOMAIN_ROAMINGPROFILE=DESKTOP-FPGOBQG
	USERNAME=sharkvm
	USERPROFILE=C:\Users\sharkvm

  Process=sqlservr.exe
  PPID=0x1(1)
  PID=0xd7c(3452)
  Peb=0x00000069c4c9e000
  Params=0x0000020a4b9e1e30
  Environment=0x0000020a4bac5ef0
  EnvironmentSize=0xff0
	ALLUSERSPROFILE=C:\ProgramData
	APPDATA=C:\Windows\ServiceProfiles\MSSQL$C_MSQL\AppData\Roaming
	CommonProgramFiles=C:\Program Files\Common Files
	CommonProgramFiles(x86)=C:\Program Files (x86)\Common Files
	CommonProgramW6432=C:\Program Files\Common Files
	COMPLUS_MDA=InvalidVariant;RaceOnRCWCleanup;InvalidFunctionPointerInDelegate;InvalidMemberDeclaration;ReleaseHandleFailed;MarshalCleanupError;ReportAvOnComRelease;DangerousThreadingAPI;invalidOverlappedToPinvoke
	COMPUTERNAME=DESKTOP-FPGOBQG
	ComSpec=C:\Windows\system32\cmd.exe
	DriverData=C:\Windows\System32\Drivers\DriverData
	LOCALAPPDATA=C:\Windows\ServiceProfiles\MSSQL$C_MSQL\AppData\Local
	NUMBER_OF_PROCESSORS=2
	OS=Windows_NT
	Path=C:\Windows\system32;C:\Windows;C:\Windows\System32\Wbem;C:\Windows\System32\WindowsPowerShell\v1.0\;C:\Windows\System32\OpenSSH\;C:\Program Files (x86)\Windows Kits\10\Windows Performance Toolkit\;C:\SysinternalsSuite;C:\Program Files (x86)\Microsoft SQL Server\160\Tools\Binn\;C:\Program Files\Microsoft SQL Server\160\Tools\Binn\;C:\Program Files\Microsoft SQL Server\Client SDK\ODBC\170\Tools\Binn\;C:\Program Files\Microsoft SQL Server\160\DTS\Binn\;C:\Program Files\010 Editor;C:\Windows\ServiceProfiles\MSSQL$C_MSQL\AppData\Local\Microsoft\WindowsApps
	PATHEXT=.COM;.EXE;.BAT;.CMD;.VBS;.VBE;.JS;.JSE;.WSF;.WSH;.MSC
	PROCESSOR_ARCHITECTURE=AMD64
	PROCESSOR_IDENTIFIER=Intel64 Family 6 Model 140 Stepping 1, GenuineIntel
	PROCESSOR_LEVEL=6
	PROCESSOR_REVISION=8c01
	ProgramData=C:\ProgramData
	ProgramFiles=C:\Program Files
	ProgramFiles(x86)=C:\Program Files (x86)
	ProgramW6432=C:\Program Files
	PSModulePath=%ProgramFiles%\WindowsPowerShell\Modules;C:\Windows\system32\WindowsPowerShell\v1.0\Modules;C:\Program Files (x86)\Microsoft SQL Server\160\Tools\PowerShell\Modules\
	PUBLIC=C:\Users\Public
	SystemDrive=C:
	SystemRoot=C:\Windows
	TEMP=C:\Windows\SERVIC~1\MSSQL$~1\AppData\Local\Temp
	TMP=C:\Windows\SERVIC~1\MSSQL$~1\AppData\Local\Temp
	USERDOMAIN=NT Service
	USERNAME=MSSQL$C_MSQL
	USERPROFILE=C:\Windows\ServiceProfiles\MSSQL$C_MSQL

  Process=sqlservr.exe
  PPID=0x1(1)
  PID=0x1534(5428)
  Peb=0x000000831e7ed000
  Params=0x00000235b07a1e30
  Environment=0x00000235b0882950
  EnvironmentSize=0xfe6

  Process=svchost.exe
  PPID=0x246(582)
  PID=0x530(1328)
  Peb=0x000000ca911c3000
  Params=0x000002649d4035e0
  Environment=0x000002649d4027f0
  EnvironmentSize=0xdd6
	ALLUSERSPROFILE=C:\ProgramData
	APPDATA=C:\Windows\system32\config\systemprofile\AppData\Roaming
	CommonProgramFiles=C:\Program Files\Common Files
	CommonProgramFiles(x86)=C:\Program Files (x86)\Common Files
	CommonProgramW6432=C:\Program Files\Common Files
	COMPUTERNAME=DESKTOP-FPGOBQG
	ComSpec=C:\Windows\system32\cmd.exe
	DriverData=C:\Windows\System32\Drivers\DriverData
	LOCALAPPDATA=C:\Windows\system32\config\systemprofile\AppData\Local
	NUMBER_OF_PROCESSORS=2
	OS=Windows_NT
	Path=C:\Windows\system32;C:\Windows;C:\Windows\System32\Wbem;C:\Windows\System32\WindowsPowerShell\v1.0\;C:\Windows\System32\OpenSSH\;C:\Program Files (x86)\Windows Kits\10\Windows Performance Toolkit\;C:\SysinternalsSuite;C:\Program Files (x86)\Microsoft SQL Server\160\Tools\Binn\;C:\Program Files\Microsoft SQL Server\160\Tools\Binn\;C:\Program Files\Microsoft SQL Server\Client SDK\ODBC\170\Tools\Binn\;C:\Program Files\Microsoft SQL Server\160\DTS\Binn\;C:\Program Files\010 Editor;C:\Windows\system32\config\systemprofile\AppData\Local\Microsoft\WindowsApps
	PATHEXT=.COM;.EXE;.BAT;.CMD;.VBS;.VBE;.JS;.JSE;.WSF;.WSH;.MSC
	PROCESSOR_ARCHITECTURE=AMD64
	PROCESSOR_IDENTIFIER=Intel64 Family 6 Model 140 Stepping 1, GenuineIntel
	PROCESSOR_LEVEL=6
	PROCESSOR_REVISION=8c01
	ProgramData=C:\ProgramData
	ProgramFiles=C:\Program Files
	ProgramFiles(x86)=C:\Program Files (x86)
	ProgramW6432=C:\Program Files
	PSModulePath=%ProgramFiles%\WindowsPowerShell\Modules;C:\Windows\system32\WindowsPowerShell\v1.0\Modules;C:\Program Files (x86)\Microsoft SQL Server\160\Tools\PowerShell\Modules\
	PUBLIC=C:\Users\Public
	SystemDrive=C:
	SystemRoot=C:\Windows
	TEMP=C:\Windows\TEMP
	TMP=C:\Windows\TEMP
	USERDOMAIN=WORKGROUP
	USERNAME=DESKTOP-FPGOBQG$
	USERPROFILE=C:\Windows\system32\config\systemprofile

  Process=SgrmBroker.exe
  PPID=0x246(582)
  PID=0x5d4(1492)
  Peb=0x0000002255297000
  Params=0x000001a3a18c1070
  Environment=0x000001a3a18c0fe0
  EnvironmentSize=0x7e
	Path=C:\Windows\System32
	SystemDrive=C:

  Process=sqlceip.exe
  PPID=0x1(1)
  PID=0x308(776)
  Peb=0x000000ae45a97000
  Params=0x000002a606a11e30
  Environment=0x000002a606a10fe0
  EnvironmentSize=0xe48
	ALLUSERSPROFILE=C:\ProgramData
	APPDATA=C:\Windows\ServiceProfiles\SQLTELEMETRY\AppData\Roaming
	CommonProgramFiles=C:\Program Files\Common Files
	CommonProgramFiles(x86)=C:\Program Files (x86)\Common Files
	CommonProgramW6432=C:\Program Files\Common Files
	COMPUTERNAME=DESKTOP-FPGOBQG
	ComSpec=C:\Windows\system32\cmd.exe
	DriverData=C:\Windows\System32\Drivers\DriverData
	LOCALAPPDATA=C:\Windows\ServiceProfiles\SQLTELEMETRY\AppData\Local
	NUMBER_OF_PROCESSORS=2
	OS=Windows_NT
	Path=C:\Windows\system32;C:\Windows;C:\Windows\System32\Wbem;C:\Windows\System32\WindowsPowerShell\v1.0\;C:\Windows\System32\OpenSSH\;C:\Program Files (x86)\Windows Kits\10\Windows Performance Toolkit\;C:\SysinternalsSuite;C:\Program Files (x86)\Microsoft SQL Server\160\Tools\Binn\;C:\Program Files\Microsoft SQL Server\160\Tools\Binn\;C:\Program Files\Microsoft SQL Server\Client SDK\ODBC\170\Tools\Binn\;C:\Program Files\Microsoft SQL Server\160\DTS\Binn\;C:\Program Files\010 Editor;C:\Windows\ServiceProfiles\SQLTELEMETRY\AppData\Local\Microsoft\WindowsApps
	PATHEXT=.COM;.EXE;.BAT;.CMD;.VBS;.VBE;.JS;.JSE;.WSF;.WSH;.MSC
	PROCESSOR_ARCHITECTURE=AMD64
	PROCESSOR_IDENTIFIER=Intel64 Family 6 Model 140 Stepping 1, GenuineIntel
	PROCESSOR_LEVEL=6
	PROCESSOR_REVISION=8c01
	ProgramData=C:\ProgramData
	ProgramFiles=C:\Program Files
	ProgramFiles(x86)=C:\Program Files (x86)
	ProgramW6432=C:\Program Files
	PSModulePath=%ProgramFiles%\WindowsPowerShell\Modules;C:\Windows\system32\WindowsPowerShell\v1.0\Modules;C:\Program Files (x86)\Microsoft SQL Server\160\Tools\PowerShell\Modules\
	PUBLIC=C:\Users\Public
	SystemDrive=C:
	SystemRoot=C:\Windows
	TEMP=C:\Windows\SERVIC~1\SQLTEL~1\AppData\Local\Temp
	TMP=C:\Windows\SERVIC~1\SQLTEL~1\AppData\Local\Temp
	USERDOMAIN=NT Service
	USERNAME=SQLTELEMETRY
	USERPROFILE=C:\Windows\ServiceProfiles\SQLTELEMETRY

  Process=sqlceip.exe
  PPID=0x1(1)
  PID=0x2024(8228)
  Peb=0x00000035efd86000
  Params=0x000001fe94c21e80
  Environment=0x000001fe94c20fe0
  EnvironmentSize=0xe8e
	ALLUSERSPROFILE=C:\ProgramData
	APPDATA=C:\Windows\ServiceProfiles\SQLTELEMETRY$C_MSQL\AppData\Roaming
	CommonProgramFiles=C:\Program Files\Common Files
	CommonProgramFiles(x86)=C:\Program Files (x86)\Common Files
	CommonProgramW6432=C:\Program Files\Common Files
	COMPUTERNAME=DESKTOP-FPGOBQG
	ComSpec=C:\Windows\system32\cmd.exe
	DriverData=C:\Windows\System32\Drivers\DriverData
	LOCALAPPDATA=C:\Windows\ServiceProfiles\SQLTELEMETRY$C_MSQL\AppData\Local
	NUMBER_OF_PROCESSORS=2
	OS=Windows_NT
	Path=C:\Windows\system32;C:\Windows;C:\Windows\System32\Wbem;C:\Windows\System32\WindowsPowerShell\v1.0\;C:\Windows\System32\OpenSSH\;C:\Program Files (x86)\Windows Kits\10\Windows Performance Toolkit\;C:\SysinternalsSuite;C:\Program Files (x86)\Microsoft SQL Server\160\Tools\Binn\;C:\Program Files\Microsoft SQL Server\160\Tools\Binn\;C:\Program Files\Microsoft SQL Server\Client SDK\ODBC\170\Tools\Binn\;C:\Program Files\Microsoft SQL Server\160\DTS\Binn\;C:\Program Files\010 Editor;C:\Windows\ServiceProfiles\SQLTELEMETRY$C_MSQL\AppData\Local\Microsoft\WindowsApps
	PATHEXT=.COM;.EXE;.BAT;.CMD;.VBS;.VBE;.JS;.JSE;.WSF;.WSH;.MSC
	PROCESSOR_ARCHITECTURE=AMD64
	PROCESSOR_IDENTIFIER=Intel64 Family 6 Model 140 Stepping 1, GenuineIntel
	PROCESSOR_LEVEL=6
	PROCESSOR_REVISION=8c01
	ProgramData=C:\ProgramData
	ProgramFiles=C:\Program Files
	ProgramFiles(x86)=C:\Program Files (x86)
	ProgramW6432=C:\Program Files
	PSModulePath=%ProgramFiles%\WindowsPowerShell\Modules;C:\Windows\system32\WindowsPowerShell\v1.0\Modules;C:\Program Files (x86)\Microsoft SQL Server\160\Tools\PowerShell\Modules\
	PUBLIC=C:\Users\Public
	SystemDrive=C:
	SystemRoot=C:\Windows
	TEMP=C:\Windows\SERVIC~1\SQLTEL~2\AppData\Local\Temp
	TMP=C:\Windows\SERVIC~1\SQLTEL~2\AppData\Local\Temp
	USERDOMAIN=NT Service
	USERNAME=SQLTELEMETRY$C_MSQL
	USERPROFILE=C:\Windows\ServiceProfiles\SQLTELEMETRY$C_MSQL

  Process=svchost.exe
  PPID=0x246(582)
  PID=0x2050(8272)
  Peb=0x00000037e1d5c000
  Params=0x000001e7088035e0
  Environment=0x000001e7088027f0
  EnvironmentSize=0xdd6
	ALLUSERSPROFILE=C:\ProgramData
	APPDATA=C:\Windows\system32\config\systemprofile\AppData\Roaming
	CommonProgramFiles=C:\Program Files\Common Files
	CommonProgramFiles(x86)=C:\Program Files (x86)\Common Files
	CommonProgramW6432=C:\Program Files\Common Files
	COMPUTERNAME=DESKTOP-FPGOBQG
	ComSpec=C:\Windows\system32\cmd.exe
	DriverData=C:\Windows\System32\Drivers\DriverData
	LOCALAPPDATA=C:\Windows\system32\config\systemprofile\AppData\Local
	NUMBER_OF_PROCESSORS=2
	OS=Windows_NT
	Path=C:\Windows\system32;C:\Windows;C:\Windows\System32\Wbem;C:\Windows\System32\WindowsPowerShell\v1.0\;C:\Windows\System32\OpenSSH\;C:\Program Files (x86)\Windows Kits\10\Windows Performance Toolkit\;C:\SysinternalsSuite;C:\Program Files (x86)\Microsoft SQL Server\160\Tools\Binn\;C:\Program Files\Microsoft SQL Server\160\Tools\Binn\;C:\Program Files\Microsoft SQL Server\Client SDK\ODBC\170\Tools\Binn\;C:\Program Files\Microsoft SQL Server\160\DTS\Binn\;C:\Program Files\010 Editor;C:\Windows\system32\config\systemprofile\AppData\Local\Microsoft\WindowsApps
	PATHEXT=.COM;.EXE;.BAT;.CMD;.VBS;.VBE;.JS;.JSE;.WSF;.WSH;.MSC
	PROCESSOR_ARCHITECTURE=AMD64
	PROCESSOR_IDENTIFIER=Intel64 Family 6 Model 140 Stepping 1, GenuineIntel
	PROCESSOR_LEVEL=6
	PROCESSOR_REVISION=8c01
	ProgramData=C:\ProgramData
	ProgramFiles=C:\Program Files
	ProgramFiles(x86)=C:\Program Files (x86)
	ProgramW6432=C:\Program Files
	PSModulePath=%ProgramFiles%\WindowsPowerShell\Modules;C:\Windows\system32\WindowsPowerShell\v1.0\Modules;C:\Program Files (x86)\Microsoft SQL Server\160\Tools\PowerShell\Modules\
	PUBLIC=C:\Users\Public
	SystemDrive=C:
	SystemRoot=C:\Windows
	TEMP=C:\Windows\TEMP
	TMP=C:\Windows\TEMP
	USERDOMAIN=WORKGROUP
	USERNAME=DESKTOP-FPGOBQG$
	USERPROFILE=C:\Windows\system32\config\systemprofile

  Process=svchost.exe
  PPID=0x246(582)
  PID=0x2094(8340)
  Peb=0x000000ea65198000
  Params=0x0000022c19203650
  Environment=0x0000022c192027f0
  EnvironmentSize=0xe4e
	ALLUSERSPROFILE=C:\ProgramData
	APPDATA=C:\Windows\ServiceProfiles\LocalService\AppData\Roaming
	CommonProgramFiles=C:\Program Files\Common Files
	CommonProgramFiles(x86)=C:\Program Files (x86)\Common Files
	CommonProgramW6432=C:\Program Files\Common Files
	COMPUTERNAME=DESKTOP-FPGOBQG
	ComSpec=C:\Windows\system32\cmd.exe
	DriverData=C:\Windows\System32\Drivers\DriverData
	LOCALAPPDATA=C:\Windows\ServiceProfiles\LocalService\AppData\Local
	NUMBER_OF_PROCESSORS=2
	OS=Windows_NT
	Path=C:\Windows\system32;C:\Windows;C:\Windows\System32\Wbem;C:\Windows\System32\WindowsPowerShell\v1.0\;C:\Windows\System32\OpenSSH\;C:\Program Files (x86)\Windows Kits\10\Windows Performance Toolkit\;C:\SysinternalsSuite;C:\Program Files (x86)\Microsoft SQL Server\160\Tools\Binn\;C:\Program Files\Microsoft SQL Server\160\Tools\Binn\;C:\Program Files\Microsoft SQL Server\Client SDK\ODBC\170\Tools\Binn\;C:\Program Files\Microsoft SQL Server\160\DTS\Binn\;C:\Program Files\010 Editor;C:\Windows\ServiceProfiles\LocalService\AppData\Local\Microsoft\WindowsApps
	PATHEXT=.COM;.EXE;.BAT;.CMD;.VBS;.VBE;.JS;.JSE;.WSF;.WSH;.MSC
	PROCESSOR_ARCHITECTURE=AMD64
	PROCESSOR_IDENTIFIER=Intel64 Family 6 Model 140 Stepping 1, GenuineIntel
	PROCESSOR_LEVEL=6
	PROCESSOR_REVISION=8c01
	ProgramData=C:\ProgramData
	ProgramFiles=C:\Program Files
	ProgramFiles(x86)=C:\Program Files (x86)
	ProgramW6432=C:\Program Files
	PSModulePath=%ProgramFiles%\WindowsPowerShell\Modules;C:\Windows\system32\WindowsPowerShell\v1.0\Modules;C:\Program Files (x86)\Microsoft SQL Server\160\Tools\PowerShell\Modules\
	PUBLIC=C:\Users\Public
	SystemDrive=C:
	SystemRoot=C:\Windows
	TEMP=C:\Windows\SERVIC~1\LOCALS~1\AppData\Local\Temp
	TMP=C:\Windows\SERVIC~1\LOCALS~1\AppData\Local\Temp
	USERDOMAIN=NT AUTHORITY
	USERNAME=LOCAL SERVICE
	USERPROFILE=C:\Windows\ServiceProfiles\LocalService

  Process=svchost.exe
  PPID=0x246(582)
  PID=0x20e0(8416)
  Peb=0x0000005689c53000
  Params=0x000001b6ad203870
  Environment=0x000001b6ad2027f0
  EnvironmentSize=0x1066
	ALLUSERSPROFILE=C:\ProgramData
	APPDATA=C:\Users\sharkvm\AppData\Roaming
	CommonProgramFiles=C:\Program Files\Common Files
	CommonProgramFiles(x86)=C:\Program Files (x86)\Common Files
	CommonProgramW6432=C:\Program Files\Common Files
	COMPUTERNAME=DESKTOP-FPGOBQG
	ComSpec=C:\Windows\system32\cmd.exe
	DriverData=C:\Windows\System32\Drivers\DriverData
	HOMEDRIVE=C:
	HOMEPATH=\Users\sharkvm
	LOCALAPPDATA=C:\Users\sharkvm\AppData\Local
	LOGONSERVER=\\DESKTOP-FPGOBQG
	NUMBER_OF_PROCESSORS=2
	OneDrive=C:\Users\sharkvm\OneDrive
	OS=Windows_NT
	Path=C:\Windows\system32;C:\Windows;C:\Windows\System32\Wbem;C:\Windows\System32\WindowsPowerShell\v1.0\;C:\Windows\System32\OpenSSH\;C:\Program Files (x86)\Windows Kits\10\Windows Performance Toolkit\;C:\SysinternalsSuite;C:\Program Files (x86)\Microsoft SQL Server\160\Tools\Binn\;C:\Program Files\Microsoft SQL Server\160\Tools\Binn\;C:\Program Files\Microsoft SQL Server\Client SDK\ODBC\170\Tools\Binn\;C:\Program Files\Microsoft SQL Server\160\DTS\Binn\;C:\Program Files\010 Editor;C:\Users\sharkvm\AppData\Local\Programs\Python\Python313\Scripts\;C:\Users\sharkvm\AppData\Local\Programs\Python\Python313\;C:\Users\sharkvm\AppData\Local\Programs\Python\Launcher\;C:\Users\sharkvm\AppData\Local\Microsoft\WindowsApps;C:\Users\sharkvm\AppData\Local\Programs\Microsoft VS Code\bin
	PATHEXT=.COM;.EXE;.BAT;.CMD;.VBS;.VBE;.JS;.JSE;.WSF;.WSH;.MSC
	PROCESSOR_ARCHITECTURE=AMD64
	PROCESSOR_IDENTIFIER=Intel64 Family 6 Model 140 Stepping 1, GenuineIntel
	PROCESSOR_LEVEL=6
	PROCESSOR_REVISION=8c01
	ProgramData=C:\ProgramData
	ProgramFiles=C:\Program Files
	ProgramFiles(x86)=C:\Program Files (x86)
	ProgramW6432=C:\Program Files
	PSModulePath=%ProgramFiles%\WindowsPowerShell\Modules;C:\Windows\system32\WindowsPowerShell\v1.0\Modules;C:\Program Files (x86)\Microsoft SQL Server\160\Tools\PowerShell\Modules\
	PUBLIC=C:\Users\Public
	SystemDrive=C:
	SystemRoot=C:\Windows
	TEMP=C:\Users\sharkvm\AppData\Local\Temp
	TMP=C:\Users\sharkvm\AppData\Local\Temp
	USERDOMAIN=DESKTOP-FPGOBQG
	USERDOMAIN_ROAMINGPROFILE=DESKTOP-FPGOBQG
	USERNAME=sharkvm
	USERPROFILE=C:\Users\sharkvm

  Process=svchost.exe
  PPID=0x246(582)
  PID=0x21f0(8688)
  Peb=0x000000ef22d30000
  Params=0x000002730a2035e0
  Environment=0x000002730a2027f0
  EnvironmentSize=0xdd6
	ALLUSERSPROFILE=C:\ProgramData
	APPDATA=C:\Windows\system32\config\systemprofile\AppData\Roaming
	CommonProgramFiles=C:\Program Files\Common Files
	CommonProgramFiles(x86)=C:\Program Files (x86)\Common Files
	CommonProgramW6432=C:\Program Files\Common Files
	COMPUTERNAME=DESKTOP-FPGOBQG
	ComSpec=C:\Windows\system32\cmd.exe
	DriverData=C:\Windows\System32\Drivers\DriverData
	LOCALAPPDATA=C:\Windows\system32\config\systemprofile\AppData\Local
	NUMBER_OF_PROCESSORS=2
	OS=Windows_NT
	Path=C:\Windows\system32;C:\Windows;C:\Windows\System32\Wbem;C:\Windows\System32\WindowsPowerShell\v1.0\;C:\Windows\System32\OpenSSH\;C:\Program Files (x86)\Windows Kits\10\Windows Performance Toolkit\;C:\SysinternalsSuite;C:\Program Files (x86)\Microsoft SQL Server\160\Tools\Binn\;C:\Program Files\Microsoft SQL Server\160\Tools\Binn\;C:\Program Files\Microsoft SQL Server\Client SDK\ODBC\170\Tools\Binn\;C:\Program Files\Microsoft SQL Server\160\DTS\Binn\;C:\Program Files\010 Editor;C:\Windows\system32\config\systemprofile\AppData\Local\Microsoft\WindowsApps
	PATHEXT=.COM;.EXE;.BAT;.CMD;.VBS;.VBE;.JS;.JSE;.WSF;.WSH;.MSC
	PROCESSOR_ARCHITECTURE=AMD64
	PROCESSOR_IDENTIFIER=Intel64 Family 6 Model 140 Stepping 1, GenuineIntel
	PROCESSOR_LEVEL=6
	PROCESSOR_REVISION=8c01
	ProgramData=C:\ProgramData
	ProgramFiles=C:\Program Files
	ProgramFiles(x86)=C:\Program Files (x86)
	ProgramW6432=C:\Program Files
	PSModulePath=%ProgramFiles%\WindowsPowerShell\Modules;C:\Windows\system32\WindowsPowerShell\v1.0\Modules;C:\Program Files (x86)\Microsoft SQL Server\160\Tools\PowerShell\Modules\
	PUBLIC=C:\Users\Public
	SystemDrive=C:
	SystemRoot=C:\Windows
	TEMP=C:\Windows\TEMP
	TMP=C:\Windows\TEMP
	USERDOMAIN=WORKGROUP
	USERNAME=DESKTOP-FPGOBQG$
	USERPROFILE=C:\Windows\system32\config\systemprofile

  Process=svchost.exe
  PPID=0x246(582)
  PID=0xb70(2928)
  Peb=0x00000092a1d8f000
  Params=0x000001f653003650
  Environment=0x000001f6530027f0
  EnvironmentSize=0xe4e
	ALLUSERSPROFILE=C:\ProgramData
	APPDATA=C:\Windows\ServiceProfiles\LocalService\AppData\Roaming
	CommonProgramFiles=C:\Program Files\Common Files
	CommonProgramFiles(x86)=C:\Program Files (x86)\Common Files
	CommonProgramW6432=C:\Program Files\Common Files
	COMPUTERNAME=DESKTOP-FPGOBQG
	ComSpec=C:\Windows\system32\cmd.exe
	DriverData=C:\Windows\System32\Drivers\DriverData
	LOCALAPPDATA=C:\Windows\ServiceProfiles\LocalService\AppData\Local
	NUMBER_OF_PROCESSORS=2
	OS=Windows_NT
	Path=C:\Windows\system32;C:\Windows;C:\Windows\System32\Wbem;C:\Windows\System32\WindowsPowerShell\v1.0\;C:\Windows\System32\OpenSSH\;C:\Program Files (x86)\Windows Kits\10\Windows Performance Toolkit\;C:\SysinternalsSuite;C:\Program Files (x86)\Microsoft SQL Server\160\Tools\Binn\;C:\Program Files\Microsoft SQL Server\160\Tools\Binn\;C:\Program Files\Microsoft SQL Server\Client SDK\ODBC\170\Tools\Binn\;C:\Program Files\Microsoft SQL Server\160\DTS\Binn\;C:\Program Files\010 Editor;C:\Windows\ServiceProfiles\LocalService\AppData\Local\Microsoft\WindowsApps
	PATHEXT=.COM;.EXE;.BAT;.CMD;.VBS;.VBE;.JS;.JSE;.WSF;.WSH;.MSC
	PROCESSOR_ARCHITECTURE=AMD64
	PROCESSOR_IDENTIFIER=Intel64 Family 6 Model 140 Stepping 1, GenuineIntel
	PROCESSOR_LEVEL=6
	PROCESSOR_REVISION=8c01
	ProgramData=C:\ProgramData
	ProgramFiles=C:\Program Files
	ProgramFiles(x86)=C:\Program Files (x86)
	ProgramW6432=C:\Program Files
	PSModulePath=%ProgramFiles%\WindowsPowerShell\Modules;C:\Windows\system32\WindowsPowerShell\v1.0\Modules;C:\Program Files (x86)\Microsoft SQL Server\160\Tools\PowerShell\Modules\
	PUBLIC=C:\Users\Public
	SystemDrive=C:
	SystemRoot=C:\Windows
	TEMP=C:\Windows\SERVIC~1\LOCALS~1\AppData\Local\Temp
	TMP=C:\Windows\SERVIC~1\LOCALS~1\AppData\Local\Temp
	USERDOMAIN=NT AUTHORITY
	USERNAME=LOCAL SERVICE
	USERPROFILE=C:\Windows\ServiceProfiles\LocalService

  Process=MicrosoftEdgeU
  PPID=0x1eac(7852)
  PID=0xe48(3656)
  Peb=0x000000000111b000
  Params=0x0000000001381e10
  Environment=0x0000000001380fe0
  EnvironmentSize=0xdda

  Process=brave.exe
  PPID=0x17de(6110)
  PID=0x2298(8856)
  Peb=0x0000003eb0e1d000
  Params=0x0000000001381e10
  Environment=0x0000000001380fe0
  EnvironmentSize=0xdda

  Process=svchost.exe
  PPID=0x246(582)
  PID=0x1d2c(7468)
  Peb=0x0000003fa612c000
  Params=0x0000000001381e10
  Environment=0x0000000001380fe0
  EnvironmentSize=0xdda

  Process=UserOOBEBroker
  PPID=0x300(768)
  PID=0x2258(8792)
  Peb=0x000000b96e8cb000
  Params=0x000002321e902050
  Environment=0x000002321e900fe0
  EnvironmentSize=0x1066
	ALLUSERSPROFILE=C:\ProgramData
	APPDATA=C:\Users\sharkvm\AppData\Roaming
	CommonProgramFiles=C:\Program Files\Common Files
	CommonProgramFiles(x86)=C:\Program Files (x86)\Common Files
	CommonProgramW6432=C:\Program Files\Common Files
	COMPUTERNAME=DESKTOP-FPGOBQG
	ComSpec=C:\Windows\system32\cmd.exe
	DriverData=C:\Windows\System32\Drivers\DriverData
	HOMEDRIVE=C:
	HOMEPATH=\Users\sharkvm
	LOCALAPPDATA=C:\Users\sharkvm\AppData\Local
	LOGONSERVER=\\DESKTOP-FPGOBQG
	NUMBER_OF_PROCESSORS=2
	OneDrive=C:\Users\sharkvm\OneDrive
	OS=Windows_NT
	Path=C:\Windows\system32;C:\Windows;C:\Windows\System32\Wbem;C:\Windows\System32\WindowsPowerShell\v1.0\;C:\Windows\System32\OpenSSH\;C:\Program Files (x86)\Windows Kits\10\Windows Performance Toolkit\;C:\SysinternalsSuite;C:\Program Files (x86)\Microsoft SQL Server\160\Tools\Binn\;C:\Program Files\Microsoft SQL Server\160\Tools\Binn\;C:\Program Files\Microsoft SQL Server\Client SDK\ODBC\170\Tools\Binn\;C:\Program Files\Microsoft SQL Server\160\DTS\Binn\;C:\Program Files\010 Editor;C:\Users\sharkvm\AppData\Local\Programs\Python\Python313\Scripts\;C:\Users\sharkvm\AppData\Local\Programs\Python\Python313\;C:\Users\sharkvm\AppData\Local\Programs\Python\Launcher\;C:\Users\sharkvm\AppData\Local\Microsoft\WindowsApps;C:\Users\sharkvm\AppData\Local\Programs\Microsoft VS Code\bin
	PATHEXT=.COM;.EXE;.BAT;.CMD;.VBS;.VBE;.JS;.JSE;.WSF;.WSH;.MSC
	PROCESSOR_ARCHITECTURE=AMD64
	PROCESSOR_IDENTIFIER=Intel64 Family 6 Model 140 Stepping 1, GenuineIntel
	PROCESSOR_LEVEL=6
	PROCESSOR_REVISION=8c01
	ProgramData=C:\ProgramData
	ProgramFiles=C:\Program Files
	ProgramFiles(x86)=C:\Program Files (x86)
	ProgramW6432=C:\Program Files
	PSModulePath=%ProgramFiles%\WindowsPowerShell\Modules;C:\Windows\system32\WindowsPowerShell\v1.0\Modules;C:\Program Files (x86)\Microsoft SQL Server\160\Tools\PowerShell\Modules\
	PUBLIC=C:\Users\Public
	SystemDrive=C:
	SystemRoot=C:\Windows
	TEMP=C:\Users\sharkvm\AppData\Local\Temp
	TMP=C:\Users\sharkvm\AppData\Local\Temp
	USERDOMAIN=DESKTOP-FPGOBQG
	USERDOMAIN_ROAMINGPROFILE=DESKTOP-FPGOBQG
	USERNAME=sharkvm
	USERPROFILE=C:\Users\sharkvm

  Process=MusNotifyIcon.
  PPID=0x3e0(992)
  PID=0x268(616)
  Peb=0x0000007ccbf81000
  Params=0x0000022a8f0e2050
  Environment=0x0000022a8f0e0fe0
  EnvironmentSize=0x1066

  Process=MpDefenderCore
  PPID=0x246(582)
  PID=0xb0c(2828)
  Peb=0x000000ef910ca000
  Params=0x000002a601e11dc0
  Environment=0x000002a6025cae40
  EnvironmentSize=0xe88
	ALLUSERSPROFILE=C:\ProgramData
	APPDATA=C:\Windows\system32\config\systemprofile\AppData\Roaming
	CommonProgramFiles=C:\Program Files\Common Files
	CommonProgramFiles(x86)=C:\Program Files (x86)\Common Files
	CommonProgramW6432=C:\Program Files\Common Files
	COMPUTERNAME=DESKTOP-FPGOBQG
	ComSpec=C:\Windows\system32\cmd.exe
	DriverData=C:\Windows\System32\Drivers\DriverData
	FPS_BROWSER_APP_PROFILE_STRING=Internet Explorer
	FPS_BROWSER_USER_PROFILE_STRING=Default
	LOCALAPPDATA=C:\Windows\system32\config\systemprofile\AppData\Local
	NUMBER_OF_PROCESSORS=2
	OS=Windows_NT
	Path=C:\Windows\system32;C:\Windows;C:\Windows\System32\Wbem;C:\Windows\System32\WindowsPowerShell\v1.0\;C:\Windows\System32\OpenSSH\;C:\Program Files (x86)\Windows Kits\10\Windows Performance Toolkit\;C:\SysinternalsSuite;C:\Program Files (x86)\Microsoft SQL Server\160\Tools\Binn\;C:\Program Files\Microsoft SQL Server\160\Tools\Binn\;C:\Program Files\Microsoft SQL Server\Client SDK\ODBC\170\Tools\Binn\;C:\Program Files\Microsoft SQL Server\160\DTS\Binn\;C:\Program Files\010 Editor;C:\Windows\system32\config\systemprofile\AppData\Local\Microsoft\WindowsApps
	PATHEXT=.COM;.EXE;.BAT;.CMD;.VBS;.VBE;.JS;.JSE;.WSF;.WSH;.MSC
	PROCESSOR_ARCHITECTURE=AMD64
	PROCESSOR_IDENTIFIER=Intel64 Family 6 Model 140 Stepping 1, GenuineIntel
	PROCESSOR_LEVEL=6
	PROCESSOR_REVISION=8c01
	ProgramData=C:\ProgramData
	ProgramFiles=C:\Program Files
	ProgramFiles(x86)=C:\Program Files (x86)
	ProgramW6432=C:\Program Files
	PSModulePath=%ProgramFiles%\WindowsPowerShell\Modules;C:\Windows\system32\WindowsPowerShell\v1.0\Modules;C:\Program Files (x86)\Microsoft SQL Server\160\Tools\PowerShell\Modules\
	PUBLIC=C:\Users\Public
	SystemDrive=C:
	SystemRoot=C:\Windows
	TEMP=C:\Windows\TEMP
	TMP=C:\Windows\TEMP
	USERDOMAIN=WORKGROUP
	USERNAME=DESKTOP-FPGOBQG$
	USERPROFILE=C:\Windows\system32\config\systemprofile

  Process=MsMpEng.exe
  PPID=0x246(582)
  PID=0x1428(5160)
  Peb=0x000000a342bbe000
  Params=0x00000214454d1dc0
  Environment=0x0000021445582180
  EnvironmentSize=0x10fe
	ALLUSERSPROFILE=C:\ProgramData
	APPDATA=C:\Windows\system32\config\systemprofile\AppData\Roaming
	CommonProgramFiles=C:\Program Files\Common Files
	CommonProgramFiles(x86)=C:\Program Files (x86)\Common Files
	CommonProgramW6432=C:\Program Files\Common Files
	COMPUTERNAME=DESKTOP-FPGOBQG
	ComSpec=C:\Windows\system32\cmd.exe
	DriverData=C:\Windows\System32\Drivers\DriverData
	LOCALAPPDATA=C:\Windows\system32\config\systemprofile\AppData\Local
	NUMBER_OF_PROCESSORS=2
	OS=Windows_NT
	Path=C:\Windows\system32;C:\Windows;C:\Windows\System32\Wbem;C:\Windows\System32\WindowsPowerShell\v1.0\;C:\Windows\System32\OpenSSH\;C:\Program Files (x86)\Windows Kits\10\Windows Performance Toolkit\;C:\SysinternalsSuite;C:\Program Files (x86)\Microsoft SQL Server\160\Tools\Binn\;C:\Program Files\Microsoft SQL Server\160\Tools\Binn\;C:\Program Files\Microsoft SQL Server\Client SDK\ODBC\170\Tools\Binn\;C:\Program Files\Microsoft SQL Server\160\DTS\Binn\;C:\Program Files\010 Editor;C:\Windows\system32\config\systemprofile\AppData\Local\Microsoft\WindowsApps
	PATHEXT=.COM;.EXE;.BAT;.CMD;.VBS;.VBE;.JS;.JSE;.WSF;.WSH;.MSC
	PROCESSOR_ARCHITECTURE=AMD64
	PROCESSOR_IDENTIFIER=Intel64 Family 6 Model 140 Stepping 1, GenuineIntel
	PROCESSOR_LEVEL=6
	PROCESSOR_REVISION=8c01
	ProgramData=C:\ProgramData
	ProgramFiles=C:\Program Files
	ProgramFiles(x86)=C:\Program Files (x86)
	ProgramW6432=C:\Program Files
	PSModulePath=%ProgramFiles%\WindowsPowerShell\Modules;C:\Windows\system32\WindowsPowerShell\v1.0\Modules;C:\Program Files (x86)\Microsoft SQL Server\160\Tools\PowerShell\Modules\
	PUBLIC=C:\Users\Public
	SystemDrive=C:
	SystemRoot=C:\Windows
	TEMP=C:\Windows\TEMP
	TMP=C:\Windows\TEMP
	USERDOMAIN=WORKGROUP
	USERNAME=DESKTOP-FPGOBQG$
	USERPROFILE=C:\Windows\system32\config\systemprofile

  Process=NisSrv.exe
  PPID=0x1(1)
  PID=0x2134(8500)
  Peb=0x0000006a8942b000
  Params=0x00000198a8a31e40
  Environment=0x00000198a8aad770
  EnvironmentSize=0x1174

  Process=dllhost.exe
  PPID=0x300(768)
  PID=0x20dc(8412)
  Peb=0x00000095d6ed1000
  Params=0x0000023c77222050
  Environment=0x0000023c77266b60
  EnvironmentSize=0x1118
	ALLUSERSPROFILE=C:\ProgramData
	APPDATA=C:\Users\sharkvm\AppData\Roaming
	CommonProgramFiles=C:\Program Files\Common Files
	CommonProgramFiles(x86)=C:\Program Files (x86)\Common Files
	CommonProgramW6432=C:\Program Files\Common Files
	COMPUTERNAME=DESKTOP-FPGOBQG
	ComSpec=C:\Windows\system32\cmd.exe
	DriverData=C:\Windows\System32\Drivers\DriverData
	FPS_BROWSER_APP_PROFILE_STRING=Internet Explorer
	FPS_BROWSER_USER_PROFILE_STRING=Default
	HOMEDRIVE=C:
	HOMEPATH=\Users\sharkvm
	LOCALAPPDATA=C:\Users\sharkvm\AppData\Local
	LOGONSERVER=\\DESKTOP-FPGOBQG
	NUMBER_OF_PROCESSORS=2

  Process=svchost.exe
  PPID=0x246(582)
  PID=0x368(872)
  Peb=0x000000520c51a000
  Params=0x000001e9064035e0
  Environment=0x000001e9064027f0
  EnvironmentSize=0xdd6
	ALLUSERSPROFILE=C:\ProgramData
	APPDATA=C:\Windows\system32\config\systemprofile\AppData\Roaming
	CommonProgramFiles=C:\Program Files\Common Files
	CommonProgramFiles(x86)=C:\Program Files (x86)\Common Files
	CommonProgramW6432=C:\Program Files\Common Files
	COMPUTERNAME=DESKTOP-FPGOBQG
	ComSpec=C:\Windows\system32\cmd.exe
	DriverData=C:\Windows\System32\Drivers\DriverData
	LOCALAPPDATA=C:\Windows\system32\config\systemprofile\AppData\Local
	NUMBER_OF_PROCESSORS=2
	OS=Windows_NT
	Path=C:\Windows\system32;C:\Windows;C:\Windows\System32\Wbem;C:\Windows\System32\WindowsPowerShell\v1.0\;C:\Windows\System32\OpenSSH\;C:\Program Files (x86)\Windows Kits\10\Windows Performance Toolkit\;C:\SysinternalsSuite;C:\Program Files (x86)\Microsoft SQL Server\160\Tools\Binn\;C:\Program Files\Microsoft SQL Server\160\Tools\Binn\;C:\Program Files\Microsoft SQL Server\Client SDK\ODBC\170\Tools\Binn\;C:\Program Files\Microsoft SQL Server\160\DTS\Binn\;C:\Program Files\010 Editor;C:\Windows\system32\config\systemprofile\AppData\Local\Microsoft\WindowsApps
	PATHEXT=.COM;.EXE;.BAT;.CMD;.VBS;.VBE;.JS;.JSE;.WSF;.WSH;.MSC
	PROCESSOR_ARCHITECTURE=AMD64
	PROCESSOR_IDENTIFIER=Intel64 Family 6 Model 140 Stepping 1, GenuineIntel
	PROCESSOR_LEVEL=6
	PROCESSOR_REVISION=8c01
	ProgramData=C:\ProgramData
	ProgramFiles=C:\Program Files
	ProgramFiles(x86)=C:\Program Files (x86)
	ProgramW6432=C:\Program Files
	PSModulePath=%ProgramFiles%\WindowsPowerShell\Modules;C:\Windows\system32\WindowsPowerShell\v1.0\Modules;C:\Program Files (x86)\Microsoft SQL Server\160\Tools\PowerShell\Modules\
	PUBLIC=C:\Users\Public
	SystemDrive=C:
	SystemRoot=C:\Windows
	TEMP=C:\Windows\TEMP
	TMP=C:\Windows\TEMP
	USERDOMAIN=WORKGROUP
	USERNAME=DESKTOP-FPGOBQG$
	USERPROFILE=C:\Windows\system32\config\systemprofile

  Process=svchost.exe
  PPID=0x246(582)
  PID=0xac0(2752)
  Peb=0x000000d9ea4fa000
  Params=0x000002af282035e0
  Environment=0x000002af282027f0
  EnvironmentSize=0xdda
	ALLUSERSPROFILE=C:\ProgramData
	APPDATA=C:\Windows\system32\config\systemprofile\AppData\Roaming
	CommonProgramFiles=C:\Program Files\Common Files
	CommonProgramFiles(x86)=C:\Program Files (x86)\Common Files
	CommonProgramW6432=C:\Program Files\Common Files
	COMPUTERNAME=DESKTOP-FPGOBQG
	ComSpec=C:\Windows\system32\cmd.exe
	DriverData=C:\Windows\System32\Drivers\DriverData
	LOCALAPPDATA=C:\Windows\system32\config\systemprofile\AppData\Local
	NUMBER_OF_PROCESSORS=2
	OS=Windows_NT
	Path=C:\Windows\system32;C:\Windows;C:\Windows\System32\Wbem;C:\Windows\System32\WindowsPowerShell\v1.0\;C:\Windows\System32\OpenSSH\;C:\Program Files (x86)\Windows Kits\10\Windows Performance Toolkit\;C:\SysinternalsSuite;C:\Program Files (x86)\Microsoft SQL Server\160\Tools\Binn\;C:\Program Files\Microsoft SQL Server\160\Tools\Binn\;C:\Program Files\Microsoft SQL Server\Client SDK\ODBC\170\Tools\Binn\;C:\Program Files\Microsoft SQL Server\160\DTS\Binn\;C:\Program Files\010 Editor;C:\Windows\system32\config\systemprofile\AppData\Local\Microsoft\WindowsApps
	PATHEXT=.COM;.EXE;.BAT;.CMD;.VBS;.VBE;.JS;.JSE;.WSF;.WSH;.MSC
	PROCESSOR_ARCHITECTURE=AMD64
	PROCESSOR_IDENTIFIER=Intel64 Family 6 Model 140 Stepping 1, GenuineIntel
	PROCESSOR_LEVEL=6
	PROCESSOR_REVISION=8c01
	ProgramData=C:\ProgramData
	ProgramFiles=C:\Program Files
	ProgramFiles(x86)=C:\Program Files (x86)
	ProgramW6432=C:\Program Files
	PSModulePath=C:\Program Files\WindowsPowerShell\Modules;C:\Windows\system32\WindowsPowerShell\v1.0\Modules;C:\Program Files (x86)\Microsoft SQL Server\160\Tools\PowerShell\Modules\
	PUBLIC=C:\Users\Public
	SystemDrive=C:
	SystemRoot=C:\Windows
	TEMP=C:\Windows\TEMP
	TMP=C:\Windows\TEMP
	USERDOMAIN=WORKGROUP
	USERNAME=DESKTOP-FPGOBQG$
	USERPROFILE=C:\Windows\system32\config\systemprofile

  Process=dllhost.exe
  PPID=0x300(768)
  PID=0x1e1c(7708)
  Peb=0x000000d052ddd000
  Params=0x000002b7d7d32140
  Environment=0x000002b7d7d30fe0
  EnvironmentSize=0x114a
	=::=::\
	ALLUSERSPROFILE=C:\ProgramData
	APPDATA=C:\Users\sharkvm\AppData\Roaming
	CLIENTNAME=SH4RK
	CommonProgramFiles=C:\Program Files\Common Files
	CommonProgramFiles(x86)=C:\Program Files (x86)\Common Files
	CommonProgramW6432=C:\Program Files\Common Files
	COMPUTERNAME=DESKTOP-FPGOBQG
	ComSpec=C:\Windows\system32\cmd.exe
	DriverData=C:\Windows\System32\Drivers\DriverData
	HOMEDRIVE=C:
	HOMEPATH=\Users\sharkvm
	LOCALAPPDATA=C:\Users\sharkvm\AppData\Local
	LOGONSERVER=\\DESKTOP-FPGOBQG
	NUMBER_OF_PROCESSORS=2
	OneDrive=C:\Users\sharkvm\OneDrive
	OneDriveConsumer=C:\Users\sharkvm\OneDrive
	OS=Windows_NT
	Path=C:\Windows\system32;C:\Windows;C:\Windows\System32\Wbem;C:\Windows\System32\WindowsPowerShell\v1.0\;C:\Windows\System32\OpenSSH\;C:\Program Files (x86)\Windows Kits\10\Windows Performance Toolkit\;C:\SysinternalsSuite;C:\Program Files (x86)\Microsoft SQL Server\160\Tools\Binn\;C:\Program Files\Microsoft SQL Server\160\Tools\Binn\;C:\Program Files\Microsoft SQL Server\Client SDK\ODBC\170\Tools\Binn\;C:\Program Files\Microsoft SQL Server\160\DTS\Binn\;C:\Program Files\010 Editor;C:\Users\sharkvm\AppData\Local\Programs\Python\Python313\Scripts\;C:\Users\sharkvm\AppData\Local\Programs\Python\Python313\;C:\Users\sharkvm\AppData\Local\Programs\Python\Launcher\;C:\Users\sharkvm\AppData\Local\Microsoft\WindowsApps;C:\Users\sharkvm\AppData\Local\Programs\Microsoft VS Code\bin;C:\SysinternalsSuite;
	PATHEXT=.COM;.EXE;.BAT;.CMD;.VBS;.VBE;.JS;.JSE;.WSF;.WSH;.MSC
	PROCESSOR_ARCHITECTURE=AMD64
	PROCESSOR_IDENTIFIER=Intel64 Family 6 Model 140 Stepping 1, GenuineIntel
	PROCESSOR_LEVEL=6
	PROCESSOR_REVISION=8c01
	ProgramData=C:\ProgramData
	ProgramFiles=C:\Program Files
	ProgramFiles(x86)=C:\Program Files (x86)
	ProgramW6432=C:\Program Files
	PSModulePath=C:\Program Files\WindowsPowerShell\Modules;C:\Windows\system32\WindowsPowerShell\v1.0\Modules;C:\Program Files (x86)\Microsoft SQL Server\160\Tools\PowerShell\Modules\
	PUBLIC=C:\Users\Public
	SESSIONNAME=RDP-Tcp#1
	SystemDrive=C:
	SystemRoot=C:\Windows
	TEMP=C:\Users\sharkvm\AppData\Local\Temp
	TMP=C:\Users\sharkvm\AppData\Local\Temp
	USERDOMAIN=DESKTOP-FPGOBQG
	USERDOMAIN_ROAMINGPROFILE=DESKTOP-FPGOBQG
	USERNAME=sharkvm
	USERPROFILE=C:\Users\sharkvm

  Process=taskhostw.exe
  PPID=0x4a2(1186)
  PID=0xa48(2632)
  Peb=0x00000086c937d000
  Params=0x000001eed8e22050
  Environment=0x000001eed8e20fe0
  EnvironmentSize=0x1066

  Process=WUDFHost.exe
  PPID=0x246(582)
  PID=0x213c(8508)
  Peb=0x0000000bbd409000
  Params=0x0000012a19821be0
  Environment=0x0000012a1986f830
  EnvironmentSize=0xc8e
	ACTIVE_DEVICES=SWD\REMOTEDISPLAYENUM\RDPIDD_INDIRECTDISPLAY&SESSIONID_0002;
	ALLUSERSPROFILE=C:\ProgramData
	CommonProgramFiles=C:\Program Files\Common Files
	CommonProgramFiles(x86)=C:\Program Files (x86)\Common Files
	CommonProgramW6432=C:\Program Files\Common Files
	COMPUTERNAME=DESKTOP-FPGOBQG
	ComSpec=C:\Windows\system32\cmd.exe
	DriverData=C:\Windows\System32\Drivers\DriverData
	NUMBER_OF_PROCESSORS=2
	OS=Windows_NT
	Path=C:\Windows\system32;C:\Windows;C:\Windows\System32\Wbem;C:\Windows\System32\WindowsPowerShell\v1.0\;C:\Windows\System32\OpenSSH\;C:\Program Files (x86)\Windows Kits\10\Windows Performance Toolkit\;C:\SysinternalsSuite;C:\Program Files (x86)\Microsoft SQL Server\160\Tools\Binn\;C:\Program Files\Microsoft SQL Server\160\Tools\Binn\;C:\Program Files\Microsoft SQL Server\Client SDK\ODBC\170\Tools\Binn\;C:\Program Files\Microsoft SQL Server\160\DTS\Binn\;C:\Program Files\010 Editor;
	PATHEXT=.COM;.EXE;.BAT;.CMD;.VBS;.VBE;.JS;.JSE;.WSF;.WSH;.MSC
	PROCESSOR_ARCHITECTURE=AMD64

  Process=Procmon64.exe
  PPID=0x17de(6110)
  PID=0x1d20(7456)
  Peb=0x000000a9075c6000
  Params=0x000001b96f312140
  Environment=0x000001b96f3184f0
  EnvironmentSize=0x118e

  Process=Procmon64.exe
  PPID=0xac2(2754)
  PID=0xaf4(2804)
  Peb=0x000000ffb8a93000
  Params=0x000002c711ac20a0
  Environment=0x000002c711b0ac40
  EnvironmentSize=0x1144
	ALLUSERSPROFILE=C:\ProgramData
	APPDATA=C:\Users\sharkvm\AppData\Roaming
	CommonProgramFiles=C:\Program Files\Common Files
	CommonProgramFiles(x86)=C:\Program Files (x86)\Common Files
	CommonProgramW6432=C:\Program Files\Common Files
	COMPUTERNAME=DESKTOP-FPGOBQG
	ComSpec=C:\Windows\system32\cmd.exe
	DriverData=C:\Windows\System32\Drivers\DriverData
	HOMEDRIVE=C:
	HOMEPATH=\Users\sharkvm
	LOCALAPPDATA=C:\Users\sharkvm\AppData\Local
	LOGONSERVER=\\DESKTOP-FPGOBQG
	NUMBER_OF_PROCESSORS=2
	OneDrive=C:\Users\sharkvm\OneDrive
	OS=Windows_NT
	Path=C:\Windows\system32;C:\Windows;C:\Windows\System32\Wbem;C:\Windows\System32\WindowsPowerShell\v1.0\;C:\Windows\System32\OpenSSH\;C:\Program Files (x86)\Windows Kits\10\Windows Performance Toolkit\;C:\SysinternalsSuite;C:\Program Files (x86)\Microsoft SQL Server\160\Tools\Binn\;C:\Program Files\Microsoft SQL Server\160\Tools\Binn\;C:\Program Files\Microsoft SQL Server\Client SDK\ODBC\170\Tools\Binn\;C:\Program Files\Microsoft SQL Server\160\DTS\Binn\;C:\Program Files\010 Editor;C:\Users\sharkvm\AppData\Local\Programs\Python\Python313\Scripts\;C:\Users\sharkvm\AppData\Local\Programs\Python\Python313\;C:\Users\sharkvm\AppData\Local\Programs\Python\Launcher\;C:\Users\sharkvm\AppData\Local\Microsoft\WindowsApps;C:\Users\sharkvm\AppData\Local\Programs\Microsoft VS Code\bin;
	PATHEXT=.COM;.EXE;.BAT;.CMD;.VBS;.VBE;.JS;.JSE;.WSF;.WSH;.MSC
	PROCESSOR_ARCHITECTURE=AMD64
	PROCESSOR_IDENTIFIER=Intel64 Family 6 Model 140 Stepping 1, GenuineIntel
	PROCESSOR_LEVEL=6
	PROCESSOR_REVISION=8c01
	ProgramData=C:\ProgramData
	ProgramFiles=C:\Program Files
	ProgramFiles(x86)=C:\Program Files (x86)
	ProgramW6432=C:\Program Files
	PSModulePath=C:\Program Files\WindowsPowerShell\Modules;C:\Windows\system32\WindowsPowerShell\v1.0\Modules;C:\Program Files (x86)\Microsoft SQL Server\160\Tools\PowerShell\Modules\
	PUBLIC=C:\Users\Public
	SystemDrive=C:
	SystemRoot=C:\Windows
	TEMP=C:\Users\sharkvm\AppData\Local\Temp
	TMP=C:\Users\sharkvm\AppData\Local\Temp
	USERDOMAIN=DESKTOP-FPGOBQG
	USERDOMAIN_ROAMINGPROFILE=DESKTOP-FPGOBQG
	USERNAME=sharkvm
	USERPROFILE=C:\Users\sharkvm
	windir=C:\Windows
	_NT_SYMBOL_PATH=srv*https://msdl.microsoft.com/download/symbols

  Process=svchost.exe
  PPID=0x246(582)
  PID=0x16ac(5804)
  Peb=0x0000007f70927000
  Params=0x000001bec5c035e0
  Environment=0x000001bec5c027f0
  EnvironmentSize=0xdda
	ALLUSERSPROFILE=C:\ProgramData
	APPDATA=C:\Windows\system32\config\systemprofile\AppData\Roaming
	CommonProgramFiles=C:\Program Files\Common Files
	CommonProgramFiles(x86)=C:\Program Files (x86)\Common Files
	CommonProgramW6432=C:\Program Files\Common Files
	COMPUTERNAME=DESKTOP-FPGOBQG
	ComSpec=C:\Windows\system32\cmd.exe
	DriverData=C:\Windows\System32\Drivers\DriverData
	LOCALAPPDATA=C:\Windows\system32\config\systemprofile\AppData\Local
	NUMBER_OF_PROCESSORS=2
	OS=Windows_NT
	Path=C:\Windows\system32;C:\Windows;C:\Windows\System32\Wbem;C:\Windows\System32\WindowsPowerShell\v1.0\;C:\Windows\System32\OpenSSH\;C:\Program Files (x86)\Windows Kits\10\Windows Performance Toolkit\;C:\SysinternalsSuite;C:\Program Files (x86)\Microsoft SQL Server\160\Tools\Binn\;C:\Program Files\Microsoft SQL Server\160\Tools\Binn\;C:\Program Files\Microsoft SQL Server\Client SDK\ODBC\170\Tools\Binn\;C:\Program Files\Microsoft SQL Server\160\DTS\Binn\;C:\Program Files\010 Editor;C:\Windows\system32\config\systemprofile\AppData\Local\Microsoft\WindowsApps
	PATHEXT=.COM;.EXE;.BAT;.CMD;.VBS;.VBE;.JS;.JSE;.WSF;.WSH;.MSC
	PROCESSOR_ARCHITECTURE=AMD64
	PROCESSOR_IDENTIFIER=Intel64 Family 6 Model 140 Stepping 1, GenuineIntel
	PROCESSOR_LEVEL=6
	PROCESSOR_REVISION=8c01
	ProgramData=C:\ProgramData
	ProgramFiles=C:\Program Files
	ProgramFiles(x86)=C:\Program Files (x86)
	ProgramW6432=C:\Program Files
	PSModulePath=C:\Program Files\WindowsPowerShell\Modules;C:\Windows\system32\WindowsPowerShell\v1.0\Modules;C:\Program Files (x86)\Microsoft SQL Server\160\Tools\PowerShell\Modules\
	PUBLIC=C:\Users\Public
	SystemDrive=C:
	SystemRoot=C:\Windows
	TEMP=C:\Windows\TEMP
	TMP=C:\Windows\TEMP
	USERDOMAIN=WORKGROUP
	USERNAME=DESKTOP-FPGOBQG$
	USERPROFILE=C:\Windows\system32\config\systemprofile

  Process=WindowsTermina
  PPID=0xac2(2754)
  PID=0x1860(6240)
  Peb=0x000000c79c264000
  Params=0x0000025155c03870
  Environment=0x00000251577cf720
  EnvironmentSize=0x1140
	ALLUSERSPROFILE=C:\ProgramData
	APPDATA=C:\Users\sharkvm\AppData\Roaming
	CommonProgramFiles=C:\Program Files\Common Files
	CommonProgramFiles(x86)=C:\Program Files (x86)\Common Files
	CommonProgramW6432=C:\Program Files\Common Files
	COMPUTERNAME=DESKTOP-FPGOBQG
	ComSpec=C:\Windows\system32\cmd.exe
	DriverData=C:\Windows\System32\Drivers\DriverData
	HOMEDRIVE=C:
	HOMEPATH=\Users\sharkvm
	LOCALAPPDATA=C:\Users\sharkvm\AppData\Local
	LOGONSERVER=\\DESKTOP-FPGOBQG
	NUMBER_OF_PROCESSORS=2
	OneDrive=C:\Users\sharkvm\OneDrive
	OS=Windows_NT
	Path=C:\Windows\system32;C:\Windows;C:\Windows\System32\Wbem;C:\Windows\System32\WindowsPowerShell\v1.0\;C:\Windows\System32\OpenSSH\;C:\Program Files (x86)\Windows Kits\10\Windows Performance Toolkit\;C:\SysinternalsSuite;C:\Program Files (x86)\Microsoft SQL Server\160\Tools\Binn\;C:\Program Files\Microsoft SQL Server\160\Tools\Binn\;C:\Program Files\Microsoft SQL Server\Client SDK\ODBC\170\Tools\Binn\;C:\Program Files\Microsoft SQL Server\160\DTS\Binn\;C:\Program Files\010 Editor;C:\Users\sharkvm\AppData\Local\Programs\Python\Python313\Scripts\;C:\Users\sharkvm\AppData\Local\Programs\Python\Python313\;C:\Users\sharkvm\AppData\Local\Programs\Python\Launcher\;C:\Users\sharkvm\AppData\Local\Microsoft\WindowsApps;C:\Users\sharkvm\AppData\Local\Programs\Microsoft VS Code\bin
	PATHEXT=.COM;.EXE;.BAT;.CMD;.VBS;.VBE;.JS;.JSE;.WSF;.WSH;.MSC
	PROCESSOR_ARCHITECTURE=AMD64
	PROCESSOR_IDENTIFIER=Intel64 Family 6 Model 140 Stepping 1, GenuineIntel
	PROCESSOR_LEVEL=6
	PROCESSOR_REVISION=8c01
	ProgramData=C:\ProgramData
	ProgramFiles=C:\Program Files
	ProgramFiles(x86)=C:\Program Files (x86)
	ProgramW6432=C:\Program Files
	PSModulePath=C:\Program Files\WindowsPowerShell\Modules;C:\Windows\system32\WindowsPowerShell\v1.0\Modules;C:\Program Files (x86)\Microsoft SQL Server\160\Tools\PowerShell\Modules\
	PUBLIC=C:\Users\Public
	SystemDrive=C:
	SystemRoot=C:\Windows
	TEMP=C:\Users\sharkvm\AppData\Local\Temp
	TMP=C:\Users\sharkvm\AppData\Local\Temp
	USERDOMAIN=DESKTOP-FPGOBQG
	USERDOMAIN_ROAMINGPROFILE=DESKTOP-FPGOBQG
	USERNAME=sharkvm
	USERPROFILE=C:\Users\sharkvm
	windir=C:\Windows

  Process=OpenConsole.ex
  PPID=0x1860(6240)
  PID=0x144c(5196)
  Peb=0x0000004e13ec8000
  Params=0x000001cb2da03940
  Environment=0x000001cb2da027f0
  EnvironmentSize=0x1140
	ALLUSERSPROFILE=C:\ProgramData
	APPDATA=C:\Users\sharkvm\AppData\Roaming
	CommonProgramFiles=C:\Program Files\Common Files
	CommonProgramFiles(x86)=C:\Program Files (x86)\Common Files
	CommonProgramW6432=C:\Program Files\Common Files
	COMPUTERNAME=DESKTOP-FPGOBQG
	ComSpec=C:\Windows\system32\cmd.exe
	DriverData=C:\Windows\System32\Drivers\DriverData
	HOMEDRIVE=C:
	HOMEPATH=\Users\sharkvm
	LOCALAPPDATA=C:\Users\sharkvm\AppData\Local
	LOGONSERVER=\\DESKTOP-FPGOBQG
	NUMBER_OF_PROCESSORS=2
	OneDrive=C:\Users\sharkvm\OneDrive
	OS=Windows_NT
	Path=C:\Windows\system32;C:\Windows;C:\Windows\System32\Wbem;C:\Windows\System32\WindowsPowerShell\v1.0\;C:\Windows\System32\OpenSSH\;C:\Program Files (x86)\Windows Kits\10\Windows Performance Toolkit\;C:\SysinternalsSuite;C:\Program Files (x86)\Microsoft SQL Server\160\Tools\Binn\;C:\Program Files\Microsoft SQL Server\160\Tools\Binn\;C:\Program Files\Microsoft SQL Server\Client SDK\ODBC\170\Tools\Binn\;C:\Program Files\Microsoft SQL Server\160\DTS\Binn\;C:\Program Files\010 Editor;C:\Users\sharkvm\AppData\Local\Programs\Python\Python313\Scripts\;C:\Users\sharkvm\AppData\Local\Programs\Python\Python313\;C:\Users\sharkvm\AppData\Local\Programs\Python\Launcher\;C:\Users\sharkvm\AppData\Local\Microsoft\WindowsApps;C:\Users\sharkvm\AppData\Local\Programs\Microsoft VS Code\bin
	PATHEXT=.COM;.EXE;.BAT;.CMD;.VBS;.VBE;.JS;.JSE;.WSF;.WSH;.MSC
	PROCESSOR_ARCHITECTURE=AMD64
	PROCESSOR_IDENTIFIER=Intel64 Family 6 Model 140 Stepping 1, GenuineIntel
	PROCESSOR_LEVEL=6
	PROCESSOR_REVISION=8c01
	ProgramData=C:\ProgramData
	ProgramFiles=C:\Program Files
	ProgramFiles(x86)=C:\Program Files (x86)
	ProgramW6432=C:\Program Files
	PSModulePath=C:\Program Files\WindowsPowerShell\Modules;C:\Windows\system32\WindowsPowerShell\v1.0\Modules;C:\Program Files (x86)\Microsoft SQL Server\160\Tools\PowerShell\Modules\
	PUBLIC=C:\Users\Public
	SystemDrive=C:
	SystemRoot=C:\Windows
	TEMP=C:\Users\sharkvm\AppData\Local\Temp
	TMP=C:\Users\sharkvm\AppData\Local\Temp
	USERDOMAIN=DESKTOP-FPGOBQG
	USERDOMAIN_ROAMINGPROFILE=DESKTOP-FPGOBQG
	USERNAME=sharkvm
	USERPROFILE=C:\Users\sharkvm
	windir=C:\Windows

  Process=powershell.exe
  PPID=0x144d(5197)
  PID=0x1dd4(7636)
  Peb=0x0000005d6ce78000
  Params=0x0000022f869e21e0
  Environment=0x0000022fa0c0b330
  EnvironmentSize=0x155c
	ALLUSERSPROFILE=C:\ProgramData
	APPDATA=C:\Users\sharkvm\AppData\Roaming
	CLIENTNAME=SH4RK
	CommonProgramFiles=C:\Program Files\Common Files
	CommonProgramFiles(x86)=C:\Program Files (x86)\Common Files
	CommonProgramW6432=C:\Program Files\Common Files
	COMPUTERNAME=DESKTOP-FPGOBQG
	ComSpec=C:\Windows\system32\cmd.exe
	DriverData=C:\Windows\System32\Drivers\DriverData
	HOMEDRIVE=C:
	HOMEPATH=\Users\sharkvm
	LOCALAPPDATA=C:\Users\sharkvm\AppData\Local
	LOGONSERVER=\\DESKTOP-FPGOBQG
	NUMBER_OF_PROCESSORS=2
	OneDrive=C:\Users\sharkvm\OneDrive
	OS=Windows_NT
	Path=C:\Windows\system32;C:\Windows;C:\Windows\System32\Wbem;C:\Windows\System32\WindowsPowerShell\v1.0\;C:\Windows\System32\OpenSSH\;C:\Program Files (x86)\Windows Kits\10\Windows Performance Toolkit\;C:\SysinternalsSuite;C:\Program Files (x86)\Microsoft SQL Server\160\Tools\Binn\;C:\Program Files\Microsoft SQL Server\160\Tools\Binn\;C:\Program Files\Microsoft SQL Server\Client SDK\ODBC\170\Tools\Binn\;C:\Program Files\Microsoft SQL Server\160\DTS\Binn\;C:\Program Files\010 Editor;C:\Users\sharkvm\AppData\Local\Programs\Python\Python313\Scripts\;C:\Users\sharkvm\AppData\Local\Programs\Python\Python313\;C:\Users\sharkvm\AppData\Local\Programs\Python\Launcher\;C:\Users\sharkvm\AppData\Local\Microsoft\WindowsApps;C:\Users\sharkvm\AppData\Local\Programs\Microsoft VS Code\bin;C:\SysinternalsSuite;
	PATHEXT=.COM;.EXE;.BAT;.CMD;.VBS;.VBE;.JS;.JSE;.WSF;.WSH;.MSC;.CPL
	PROCESSOR_ARCHITECTURE=AMD64
	PROCESSOR_IDENTIFIER=Intel64 Family 6 Model 140 Stepping 1, GenuineIntel
	PROCESSOR_LEVEL=6
	PROCESSOR_REVISION=8c01
	ProgramData=C:\ProgramData
	ProgramFiles=C:\Program Files
	ProgramFiles(x86)=C:\Program Files (x86)
	ProgramW6432=C:\Program Files
	PSModulePath=C:\Users\sharkvm\Documents\WindowsPowerShell\Modules;C:\Program Files\WindowsPowerShell\Modules;C:\Windows\system32\WindowsPowerShell\v1.0\Modules;C:\Program Files (x86)\Microsoft SQL Server\160\Tools\PowerShell\Modules\
	PUBLIC=C:\Users\Public
	SESSIONNAME=RDP-Tcp#2
	SystemDrive=C:
	SystemRoot=C:\Windows
	TEMP=C:\Users\sharkvm\AppData\Local\Temp
	TMP=C:\Users\sharkvm\AppData\Local\Temp
	USERDOMAIN=DESKTOP-FPGOBQG
	USERDOMAIN_ROAMINGPROFILE=DESKTOP-FPGOBQG
	USERNAME=sharkvm
	USERPROFILE=C:\Users\sharkvm
	windir=C:\Windows
	WSLENV=WT_SESSION:WT_PROFILE_ID:
	WT_PROFILE_ID={61c54bbd-c2c6-5271-96e7-009a87ff44bf}

  Process=smartscreen.ex
  PPID=0x300(768)
  PID=0x12b4(4788)
  Peb=0x0000001416c59000
  Params=0x00000196d9462050
  Environment=0x00000196d9513150
  EnvironmentSize=0x1118
	ALLUSERSPROFILE=C:\ProgramData
	APPDATA=C:\Users\sharkvm\AppData\Roaming
	CommonProgramFiles=C:\Program Files\Common Files
	CommonProgramFiles(x86)=C:\Program Files (x86)\Common Files
	CommonProgramW6432=C:\Program Files\Common Files
	COMPUTERNAME=DESKTOP-FPGOBQG
	ComSpec=C:\Windows\system32\cmd.exe
	DriverData=C:\Windows\System32\Drivers\DriverData
	FPS_BROWSER_APP_PROFILE_STRING=Internet Explorer
	FPS_BROWSER_USER_PROFILE_STRING=Default
	HOMEDRIVE=C:
	HOMEPATH=\Users\sharkvm
	LOCALAPPDATA=C:\Users\sharkvm\AppData\Local
	LOGONSERVER=\\DESKTOP-FPGOBQG
	NUMBER_OF_PROCESSORS=2
	OneDrive=C:\Users\sharkvm\OneDrive
	OS=Windows_NT
	Path=C:\Windows\system32;C:\Windows;C:\Windows\System32\Wbem;C:\Windows\System32\WindowsPowerShell\v1.0\;C:\Windows\System32\OpenSSH\;C:\Program Files (x86)\Windows Kits\10\Windows Performance Toolkit\;C:\SysinternalsSuite;C:\Program Files (x86)\Microsoft SQL Server\160\Tools\Binn\;C:\Program Files\Microsoft SQL Server\160\Tools\Binn\;C:\Program Files\Microsoft SQL Server\Client SDK\ODBC\170\Tools\Binn\;C:\Program Files\Microsoft SQL Server\160\DTS\Binn\;C:\Program Files\010 Editor;C:\Users\sharkvm\AppData\Local\Programs\Python\Python313\Scripts\;C:\Users\sharkvm\AppData\Local\Programs\Python\Python313\;C:\Users\sharkvm\AppData\Local\Programs\Python\Launcher\;C:\Users\sharkvm\AppData\Local\Microsoft\WindowsApps;C:\Users\sharkvm\AppData\Local\Programs\Microsoft VS Code\bin
	PATHEXT=.COM;.EXE;.BAT;.CMD;.VBS;.VBE;.JS;.JSE;.WSF;.WSH;.MSC
	PROCESSOR_ARCHITECTURE=AMD64
	PROCESSOR_IDENTIFIER=Intel64 Family 6 Model 140 Stepping 1, GenuineIntel
	PROCESSOR_LEVEL=6
	PROCESSOR_REVISION=8c01
	ProgramData=C:\ProgramData
	ProgramFiles=C:\Program Files
	ProgramFiles(x86)=C:\Program Files (x86)
	ProgramW6432=C:\Program Files
	PSModulePath=%ProgramFiles%\WindowsPowerShell\Modules;C:\Windows\system32\WindowsPowerShell\v1.0\Modules;C:\Program Files (x86)\Microsoft SQL Server\160\Tools\PowerShell\Modules\
	PUBLIC=C:\Users\Public
	SystemDrive=C:
	SystemRoot=C:\Windows
	TEMP=C:\Users\sharkvm\AppData\Local\Temp
	TMP=C:\Users\sharkvm\AppData\Local\Temp
	USERDOMAIN=DESKTOP-FPGOBQG
	USERDOMAIN_ROAMINGPROFILE=DESKTOP-FPGOBQG
	USERNAME=sharkvm
	USERPROFILE=C:\Users\sharkvm

  Process=ShellExperienc
  PPID=0x302(770)
  PID=0x1ff8(8184)
  Peb=0x0000004b66dad000
  Params=0x0000015f986039f0
  Environment=0x00000196d9513150
  EnvironmentSize=0x1118

  Process=audiodg.exe
  PPID=0x848(2120)
  PID=0x1a70(6768)
  Peb=0x00000001003d7000
  Params=0x000001184d4b1e40
  Environment=0x000001184d4b0fe0
  EnvironmentSize=0xe4e
	ALLUSERSPROFILE=C:\ProgramData
	APPDATA=C:\Windows\ServiceProfiles\LocalService\AppData\Roaming
	CommonProgramFiles=C:\Program Files\Common Files
	CommonProgramFiles(x86)=C:\Program Files (x86)\Common Files
	CommonProgramW6432=C:\Program Files\Common Files
	COMPUTERNAME=DESKTOP-FPGOBQG
	ComSpec=C:\Windows\system32\cmd.exe
	DriverData=C:\Windows\System32\Drivers\DriverData
	LOCALAPPDATA=C:\Windows\ServiceProfiles\LocalService\AppData\Local
	NUMBER_OF_PROCESSORS=2
	OS=Windows_NT
	Path=C:\Windows\system32;C:\Windows;C:\Windows\System32\Wbem;C:\Windows\System32\WindowsPowerShell\v1.0\;C:\Windows\System32\OpenSSH\;C:\Program Files (x86)\Windows Kits\10\Windows Performance Toolkit\;C:\SysinternalsSuite;C:\Program Files (x86)\Microsoft SQL Server\160\Tools\Binn\;C:\Program Files\Microsoft SQL Server\160\Tools\Binn\;C:\Program Files\Microsoft SQL Server\Client SDK\ODBC\170\Tools\Binn\;C:\Program Files\Microsoft SQL Server\160\DTS\Binn\;C:\Program Files\010 Editor;C:\Windows\ServiceProfiles\LocalService\AppData\Local\Microsoft\WindowsApps
	PATHEXT=.COM;.EXE;.BAT;.CMD;.VBS;.VBE;.JS;.JSE;.WSF;.WSH;.MSC
	PROCESSOR_ARCHITECTURE=AMD64
	PROCESSOR_IDENTIFIER=Intel64 Family 6 Model 140 Stepping 1, GenuineIntel
	PROCESSOR_LEVEL=6
	PROCESSOR_REVISION=8c01
	ProgramData=C:\ProgramData
	ProgramFiles=C:\Program Files
	ProgramFiles(x86)=C:\Program Files (x86)
	ProgramW6432=C:\Program Files
	PSModulePath=%ProgramFiles%\WindowsPowerShell\Modules;C:\Windows\system32\WindowsPowerShell\v1.0\Modules;C:\Program Files (x86)\Microsoft SQL Server\160\Tools\PowerShell\Modules\
	PUBLIC=C:\Users\Public
	SystemDrive=C:
	SystemRoot=C:\Windows
	TEMP=C:\Windows\SERVIC~1\LOCALS~1\AppData\Local\Temp
	TMP=C:\Windows\SERVIC~1\LOCALS~1\AppData\Local\Temp
	USERDOMAIN=NT AUTHORITY
	USERNAME=LOCAL SERVICE
	USERPROFILE=C:\Windows\ServiceProfiles\LocalService

  Process=RuntimeBroker.
  PPID=0x302(770)
  PID=0x65c(1628)
  Peb=0x000000efbd541000
  Params=0x000002ba2a803870
  Environment=0x000002ba2a8027f0
  EnvironmentSize=0x1066
	ALLUSERSPROFILE=C:\ProgramData
	APPDATA=C:\Users\sharkvm\AppData\Roaming
	CommonProgramFiles=C:\Program Files\Common Files
	CommonProgramFiles(x86)=C:\Program Files (x86)\Common Files
	CommonProgramW6432=C:\Program Files\Common Files
	COMPUTERNAME=DESKTOP-FPGOBQG
	ComSpec=C:\Windows\system32\cmd.exe
	DriverData=C:\Windows\System32\Drivers\DriverData
	HOMEDRIVE=C:
	HOMEPATH=\Users\sharkvm
	LOCALAPPDATA=C:\Users\sharkvm\AppData\Local
	LOGONSERVER=\\DESKTOP-FPGOBQG
	NUMBER_OF_PROCESSORS=2
	OneDrive=C:\Users\sharkvm\OneDrive
	OS=Windows_NT
	Path=C:\Windows\system32;C:\Windows;C:\Windows\System32\Wbem;C:\Windows\System32\WindowsPowerShell\v1.0\;C:\Windows\System32\OpenSSH\;C:\Program Files (x86)\Windows Kits\10\Windows Performance Toolkit\;C:\SysinternalsSuite;C:\Program Files (x86)\Microsoft SQL Server\160\Tools\Binn\;C:\Program Files\Microsoft SQL Server\160\Tools\Binn\;C:\Program Files\Microsoft SQL Server\Client SDK\ODBC\170\Tools\Binn\;C:\Program Files\Microsoft SQL Server\160\DTS\Binn\;C:\Program Files\010 Editor;C:\Users\sharkvm\AppData\Local\Programs\Python\Python313\Scripts\;C:\Users\sharkvm\AppData\Local\Programs\Python\Python313\;C:\Users\sharkvm\AppData\Local\Programs\Python\Launcher\;C:\Users\sharkvm\AppData\Local\Microsoft\WindowsApps;C:\Users\sharkvm\AppData\Local\Programs\Microsoft VS Code\bin
	PATHEXT=.COM;.EXE;.BAT;.CMD;.VBS;.VBE;.JS;.JSE;.WSF;.WSH;.MSC
	PROCESSOR_ARCHITECTURE=AMD64
	PROCESSOR_IDENTIFIER=Intel64 Family 6 Model 140 Stepping 1, GenuineIntel
	PROCESSOR_LEVEL=6
	PROCESSOR_REVISION=8c01
	ProgramData=C:\ProgramData
	ProgramFiles=C:\Program Files
	ProgramFiles(x86)=C:\Program Files (x86)
	ProgramW6432=C:\Program Files
	PSModulePath=%ProgramFiles%\WindowsPowerShell\Modules;C:\Windows\system32\WindowsPowerShell\v1.0\Modules;C:\Program Files (x86)\Microsoft SQL Server\160\Tools\PowerShell\Modules\
	PUBLIC=C:\Users\Public
	SystemDrive=C:
	SystemRoot=C:\Windows
	TEMP=C:\Users\sharkvm\AppData\Local\Temp
	TMP=C:\Users\sharkvm\AppData\Local\Temp
	USERDOMAIN=DESKTOP-FPGOBQG
	USERDOMAIN_ROAMINGPROFILE=DESKTOP-FPGOBQG
	USERNAME=sharkvm
	USERPROFILE=C:\Users\sharkvm

  Process=notepad.exe
  PPID=0x17de(6110)
  PID=0x5dc(1500)
  Peb=0x000000dc387e3000
  Params=0x00000214056e2140
  Environment=0x00000214056e0fe0
  EnvironmentSize=0x114a
	=::=::\
	ALLUSERSPROFILE=C:\ProgramData
	APPDATA=C:\Users\sharkvm\AppData\Roaming
	CLIENTNAME=SH4RK
	CommonProgramFiles=C:\Program Files\Common Files
	CommonProgramFiles(x86)=C:\Program Files (x86)\Common Files
	CommonProgramW6432=C:\Program Files\Common Files
	COMPUTERNAME=DESKTOP-FPGOBQG
	ComSpec=C:\Windows\system32\cmd.exe
	DriverData=C:\Windows\System32\Drivers\DriverData
	HOMEDRIVE=C:
	HOMEPATH=\Users\sharkvm
	LOCALAPPDATA=C:\Users\sharkvm\AppData\Local
	LOGONSERVER=\\DESKTOP-FPGOBQG
	NUMBER_OF_PROCESSORS=2
	OneDrive=C:\Users\sharkvm\OneDrive
	OneDriveConsumer=C:\Users\sharkvm\OneDrive
	OS=Windows_NT
	Path=C:\Windows\system32;C:\Windows;C:\Windows\System32\Wbem;C:\Windows\System32\WindowsPowerShell\v1.0\;C:\Windows\System32\OpenSSH\;C:\Program Files (x86)\Windows Kits\10\Windows Performance Toolkit\;C:\SysinternalsSuite;C:\Program Files (x86)\Microsoft SQL Server\160\Tools\Binn\;C:\Program Files\Microsoft SQL Server\160\Tools\Binn\;C:\Program Files\Microsoft SQL Server\Client SDK\ODBC\170\Tools\Binn\;C:\Program Files\Microsoft SQL Server\160\DTS\Binn\;C:\Program Files\010 Editor;C:\Users\sharkvm\AppData\Local\Programs\Python\Python313\Scripts\;C:\Users\sharkvm\AppData\Local\Programs\Python\Python313\;C:\Users\sharkvm\AppData\Local\Programs\Python\Launcher\;C:\Users\sharkvm\AppData\Local\Microsoft\WindowsApps;C:\Users\sharkvm\AppData\Local\Programs\Microsoft VS Code\bin;C:\SysinternalsSuite;
	PATHEXT=.COM;.EXE;.BAT;.CMD;.VBS;.VBE;.JS;.JSE;.WSF;.WSH;.MSC
	PROCESSOR_ARCHITECTURE=AMD64
	PROCESSOR_IDENTIFIER=Intel64 Family 6 Model 140 Stepping 1, GenuineIntel
	PROCESSOR_LEVEL=6
	PROCESSOR_REVISION=8c01
	ProgramData=C:\ProgramData
	ProgramFiles=C:\Program Files
	ProgramFiles(x86)=C:\Program Files (x86)
	ProgramW6432=C:\Program Files
	PSModulePath=C:\Program Files\WindowsPowerShell\Modules;C:\Windows\system32\WindowsPowerShell\v1.0\Modules;C:\Program Files (x86)\Microsoft SQL Server\160\Tools\PowerShell\Modules\
	PUBLIC=C:\Users\Public
	SESSIONNAME=RDP-Tcp#1
	SystemDrive=C:
	SystemRoot=C:\Windows
	TEMP=C:\Users\sharkvm\AppData\Local\Temp
	TMP=C:\Users\sharkvm\AppData\Local\Temp
	USERDOMAIN=DESKTOP-FPGOBQG
	USERDOMAIN_ROAMINGPROFILE=DESKTOP-FPGOBQG
	USERNAME=sharkvm
	USERPROFILE=C:\Users\sharkvm

  Process=explorer.exe
  PPID=0x300(768)
  PID=0x5d0(1488)
  Peb=0x00000000004c3000
  Params=0x0000000000742050
  Environment=0x00000000079a7d10
  EnvironmentSize=0x1076
	=::=::\
	ALLUSERSPROFILE=C:\ProgramData
	APPDATA=C:\Users\sharkvm\AppData\Roaming
	CommonProgramFiles=C:\Program Files\Common Files
	CommonProgramFiles(x86)=C:\Program Files (x86)\Common Files
	CommonProgramW6432=C:\Program Files\Common Files
	COMPUTERNAME=DESKTOP-FPGOBQG
	ComSpec=C:\Windows\system32\cmd.exe
	DriverData=C:\Windows\System32\Drivers\DriverData
	HOMEDRIVE=C:
	HOMEPATH=\Users\sharkvm
	LOCALAPPDATA=C:\Users\sharkvm\AppData\Local
	LOGONSERVER=\\DESKTOP-FPGOBQG
	NUMBER_OF_PROCESSORS=2
	OneDrive=C:\Users\sharkvm\OneDrive
	OS=Windows_NT
	Path=C:\Windows\system32;C:\Windows;C:\Windows\System32\Wbem;C:\Windows\System32\WindowsPowerShell\v1.0\;C:\Windows\System32\OpenSSH\;C:\Program Files (x86)\Windows Kits\10\Windows Performance Toolkit\;C:\SysinternalsSuite;C:\Program Files (x86)\Microsoft SQL Server\160\Tools\Binn\;C:\Program Files\Microsoft SQL Server\160\Tools\Binn\;C:\Program Files\Microsoft SQL Server\Client SDK\ODBC\170\Tools\Binn\;C:\Program Files\Microsoft SQL Server\160\DTS\Binn\;C:\Program Files\010 Editor;C:\Users\sharkvm\AppData\Local\Programs\Python\Python313\Scripts\;C:\Users\sharkvm\AppData\Local\Programs\Python\Python313\;C:\Users\sharkvm\AppData\Local\Programs\Python\Launcher\;C:\Users\sharkvm\AppData\Local\Microsoft\WindowsApps;C:\Users\sharkvm\AppData\Local\Programs\Microsoft VS Code\bin
	PATHEXT=.COM;.EXE;.BAT;.CMD;.VBS;.VBE;.JS;.JSE;.WSF;.WSH;.MSC
	PROCESSOR_ARCHITECTURE=AMD64
	PROCESSOR_IDENTIFIER=Intel64 Family 6 Model 140 Stepping 1, GenuineIntel
	PROCESSOR_LEVEL=6
	PROCESSOR_REVISION=8c01
	ProgramData=C:\ProgramData
	ProgramFiles=C:\Program Files
	ProgramFiles(x86)=C:\Program Files (x86)
	ProgramW6432=C:\Program Files
	PSModulePath=%ProgramFiles%\WindowsPowerShell\Modules;C:\Windows\system32\WindowsPowerShell\v1.0\Modules;C:\Program Files (x86)\Microsoft SQL Server\160\Tools\PowerShell\Modules\
	PUBLIC=C:\Users\Public
	SystemDrive=C:
	SystemRoot=C:\Windows
	TEMP=C:\Users\sharkvm\AppData\Local\Temp
	TMP=C:\Users\sharkvm\AppData\Local\Temp
	USERDOMAIN=DESKTOP-FPGOBQG
	USERDOMAIN_ROAMINGPROFILE=DESKTOP-FPGOBQG
	USERNAME=sharkvm
	USERPROFILE=C:\Users\sharkvm

  Process=brave.exe
  PPID=0x17de(6110)
  PID=0x142c(5164)
  Peb=0x0000001de80e8000
  Params=0x0000000000742050
  Environment=0x00000000079a7d10
  EnvironmentSize=0x1076

  Process=svchost.exe
  PPID=0x246(582)
  PID=0x1280(4736)
  Peb=0x000000c27eaab000
  Params=0x0000000000742050
  Environment=0x00000000079a7d10
  EnvironmentSize=0x1076

  Process=SearchProtocol
  PPID=0x1(1)
  PID=0x1c84(7300)
  Peb=0x000000aa3ca80000
  Params=0x00000209aeaa1e80
  Environment=0x00000209aeaa0fe0
  EnvironmentSize=0xe8e
	ALLUSERSPROFILE=C:\ProgramData
	APPDATA=C:\Windows\system32\config\systemprofile\AppData\Roaming
	CommonProgramFiles=C:\Program Files\Common Files
	CommonProgramFiles(x86)=C:\Program Files (x86)\Common Files
	CommonProgramW6432=C:\Program Files\Common Files
	COMPUTERNAME=DESKTOP-FPGOBQG
	ComSpec=C:\Windows\system32\cmd.exe
	DriverData=C:\Windows\System32\Drivers\DriverData
	LOCALAPPDATA=C:\Windows\system32\config\systemprofile\AppData\Local
	NUMBER_OF_PROCESSORS=2
	OS=Windows_NT
	Path=C:\Windows\system32;C:\Windows;C:\Windows\System32\Wbem;C:\Windows\System32\WindowsPowerShell\v1.0\;C:\Windows\System32\OpenSSH\;C:\Program Files (x86)\Windows Kits\10\Windows Performance Toolkit\;C:\SysinternalsSuite;C:\Program Files (x86)\Microsoft SQL Server\160\Tools\Binn\;C:\Program Files\Microsoft SQL Server\160\Tools\Binn\;C:\Program Files\Microsoft SQL Server\Client SDK\ODBC\170\Tools\Binn\;C:\Program Files\Microsoft SQL Server\160\DTS\Binn\;C:\Program Files\010 Editor;C:\Windows\system32\config\systemprofile\AppData\Local\Microsoft\WindowsApps;C:\Windows\system32
	PATHEXT=.COM;.EXE;.BAT;.CMD;.VBS;.VBE;.JS;.JSE;.WSF;.WSH;.MSC
	PROCESSOR_ARCHITECTURE=AMD64
	PROCESSOR_IDENTIFIER=Intel64 Family 6 Model 140 Stepping 1, GenuineIntel
	PROCESSOR_LEVEL=6
	PROCESSOR_REVISION=8c01
	ProgramData=C:\ProgramData
	ProgramFiles=C:\Program Files
	ProgramFiles(x86)=C:\Program Files (x86)
	ProgramW6432=C:\Program Files
	PSModulePath=%ProgramFiles%\WindowsPowerShell\Modules;C:\Windows\system32\WindowsPowerShell\v1.0\Modules;C:\Program Files (x86)\Microsoft SQL Server\160\Tools\PowerShell\Modules\
	PUBLIC=C:\Users\Public
	SystemDrive=C:
	SystemRoot=C:\Windows
	TEMP=C:\ProgramData\Microsoft\Search\Data\Temp\usgthrsvc
	TMP=C:\ProgramData\Microsoft\Search\Data\Temp\usgthrsvc
	USERDOMAIN=WORKGROUP
	USERNAME=DESKTOP-FPGOBQG$
	USERPROFILE=C:\Windows\system32\config\systemprofile

  Process=SearchFilterHo
  PPID=0x1(1)
  PID=0xf74(3956)
  Peb=0x0000006af61d3000
  Params=0x000001a49c021e80
  Environment=0x000001a49c020fe0
  EnvironmentSize=0xe8e
	ALLUSERSPROFILE=C:\ProgramData
	APPDATA=C:\Windows\system32\config\systemprofile\AppData\Roaming
	CommonProgramFiles=C:\Program Files\Common Files
	CommonProgramFiles(x86)=C:\Program Files (x86)\Common Files
	CommonProgramW6432=C:\Program Files\Common Files
	COMPUTERNAME=DESKTOP-FPGOBQG
	ComSpec=C:\Windows\system32\cmd.exe
	DriverData=C:\Windows\System32\Drivers\DriverData
	LOCALAPPDATA=C:\Windows\system32\config\systemprofile\AppData\Local
	NUMBER_OF_PROCESSORS=2
	OS=Windows_NT
	Path=C:\Windows\system32;C:\Windows;C:\Windows\System32\Wbem;C:\Windows\System32\WindowsPowerShell\v1.0\;C:\Windows\System32\OpenSSH\;C:\Program Files (x86)\Windows Kits\10\Windows Performance Toolkit\;C:\SysinternalsSuite;C:\Program Files (x86)\Microsoft SQL Server\160\Tools\Binn\;C:\Program Files\Microsoft SQL Server\160\Tools\Binn\;C:\Program Files\Microsoft SQL Server\Client SDK\ODBC\170\Tools\Binn\;C:\Program Files\Microsoft SQL Server\160\DTS\Binn\;C:\Program Files\010 Editor;C:\Windows\system32\config\systemprofile\AppData\Local\Microsoft\WindowsApps;C:\Windows\system32
	PATHEXT=.COM;.EXE;.BAT;.CMD;.VBS;.VBE;.JS;.JSE;.WSF;.WSH;.MSC
	PROCESSOR_ARCHITECTURE=AMD64
	PROCESSOR_IDENTIFIER=Intel64 Family 6 Model 140 Stepping 1, GenuineIntel
	PROCESSOR_LEVEL=6
	PROCESSOR_REVISION=8c01
	ProgramData=C:\ProgramData
	ProgramFiles=C:\Program Files
	ProgramFiles(x86)=C:\Program Files (x86)
	ProgramW6432=C:\Program Files
	PSModulePath=%ProgramFiles%\WindowsPowerShell\Modules;C:\Windows\system32\WindowsPowerShell\v1.0\Modules;C:\Program Files (x86)\Microsoft SQL Server\160\Tools\PowerShell\Modules\
	PUBLIC=C:\Users\Public
	SystemDrive=C:
	SystemRoot=C:\Windows
	TEMP=C:\ProgramData\Microsoft\Search\Data\Temp\usgthrsvc
	TMP=C:\ProgramData\Microsoft\Search\Data\Temp\usgthrsvc
	USERDOMAIN=WORKGROUP
	USERNAME=DESKTOP-FPGOBQG$
	USERPROFILE=C:\Windows\system32\config\systemprofile

  Process=DumpIt.exe
  PPID=0xa4d(2637)
  PID=0x1394(5012)
  Peb=0x00000053447be000
  Params=0x000001b428152060
  Environment=0x000001b428158400
  EnvironmentSize=0x10c2
	ALLUSERSPROFILE=C:\ProgramData
	APPDATA=C:\Users\sharkvm\AppData\Roaming
	CommonProgramFiles=C:\Program Files\Common Files
	CommonProgramFiles(x86)=C:\Program Files (x86)\Common Files
	CommonProgramW6432=C:\Program Files\Common Files
	COMPUTERNAME=DESKTOP-FPGOBQG
	ComSpec=C:\Windows\system32\cmd.exe
	DriverData=C:\Windows\System32\Drivers\DriverData
	HOMEDRIVE=C:
	HOMEPATH=\Users\sharkvm
	LOCALAPPDATA=C:\Users\sharkvm\AppData\Local
	LOGONSERVER=\\DESKTOP-FPGOBQG
	NUMBER_OF_PROCESSORS=2
	OneDrive=C:\Users\sharkvm\OneDrive
	OS=Windows_NT
	Path=C:\Windows\system32;C:\Windows;C:\Windows\System32\Wbem;C:\Windows\System32\WindowsPowerShell\v1.0\;C:\Windows\System32\OpenSSH\;C:\Program Files (x86)\Windows Kits\10\Windows Performance Toolkit\;C:\SysinternalsSuite;C:\Program Files (x86)\Microsoft SQL Server\160\Tools\Binn\;C:\Program Files\Microsoft SQL Server\160\Tools\Binn\;C:\Program Files\Microsoft SQL Server\Client SDK\ODBC\170\Tools\Binn\;C:\Program Files\Microsoft SQL Server\160\DTS\Binn\;C:\Program Files\010 Editor;C:\Users\sharkvm\AppData\Local\Programs\Python\Python313\Scripts\;C:\Users\sharkvm\AppData\Local\Programs\Python\Python313\;C:\Users\sharkvm\AppData\Local\Programs\Python\Launcher\;C:\Users\sharkvm\AppData\Local\Microsoft\WindowsApps;C:\Users\sharkvm\AppData\Local\Programs\Microsoft VS Code\bin
	PATHEXT=.COM;.EXE;.BAT;.CMD;.VBS;.VBE;.JS;.JSE;.WSF;.WSH;.MSC
	PROCESSOR_ARCHITECTURE=AMD64
	PROCESSOR_IDENTIFIER=Intel64 Family 6 Model 140 Stepping 1, GenuineIntel
	PROCESSOR_LEVEL=6
	PROCESSOR_REVISION=8c01
	ProgramData=C:\ProgramData
	ProgramFiles=C:\Program Files
	ProgramFiles(x86)=C:\Program Files (x86)
	ProgramW6432=C:\Program Files
	PSModulePath=C:\Program Files\WindowsPowerShell\Modules;C:\Windows\system32\WindowsPowerShell\v1.0\Modules;C:\Program Files (x86)\Microsoft SQL Server\160\Tools\PowerShell\Modules\
	PUBLIC=C:\Users\Public
	SystemDrive=C:
	SystemRoot=C:\Windows
	TEMP=C:\Users\sharkvm\AppData\Local\Temp
	TMP=C:\Users\sharkvm\AppData\Local\Temp
	USERDOMAIN=DESKTOP-FPGOBQG
	USERDOMAIN_ROAMINGPROFILE=DESKTOP-FPGOBQG
	USERNAME=sharkvm
	USERPROFILE=C:\Users\sharkvm
	windir=C:\Windows

  Process=conhost.exe
  PPID=0x1396(5014)
  PID=0xa4c(2636)
  Peb=0x000000747294d000
  Params=0x0000020eab532060
  Environment=0x0000020eab530fe0
  EnvironmentSize=0x106a
	ALLUSERSPROFILE=C:\ProgramData
	APPDATA=C:\Users\sharkvm\AppData\Roaming
	CommonProgramFiles=C:\Program Files\Common Files
	CommonProgramFiles(x86)=C:\Program Files (x86)\Common Files
	CommonProgramW6432=C:\Program Files\Common Files
	COMPUTERNAME=DESKTOP-FPGOBQG
	ComSpec=C:\Windows\system32\cmd.exe
	DriverData=C:\Windows\System32\Drivers\DriverData
	HOMEDRIVE=C:
	HOMEPATH=\Users\sharkvm
	LOCALAPPDATA=C:\Users\sharkvm\AppData\Local
	LOGONSERVER=\\DESKTOP-FPGOBQG
	NUMBER_OF_PROCESSORS=2
	OneDrive=C:\Users\sharkvm\OneDrive
	OS=Windows_NT
	Path=C:\Windows\system32;C:\Windows;C:\Windows\System32\Wbem;C:\Windows\System32\WindowsPowerShell\v1.0\;C:\Windows\System32\OpenSSH\;C:\Program Files (x86)\Windows Kits\10\Windows Performance Toolkit\;C:\SysinternalsSuite;C:\Program Files (x86)\Microsoft SQL Server\160\Tools\Binn\;C:\Program Files\Microsoft SQL Server\160\Tools\Binn\;C:\Program Files\Microsoft SQL Server\Client SDK\ODBC\170\Tools\Binn\;C:\Program Files\Microsoft SQL Server\160\DTS\Binn\;C:\Program Files\010 Editor;C:\Users\sharkvm\AppData\Local\Programs\Python\Python313\Scripts\;C:\Users\sharkvm\AppData\Local\Programs\Python\Python313\;C:\Users\sharkvm\AppData\Local\Programs\Python\Launcher\;C:\Users\sharkvm\AppData\Local\Microsoft\WindowsApps;C:\Users\sharkvm\AppData\Local\Programs\Microsoft VS Code\bin
	PATHEXT=.COM;.EXE;.BAT;.CMD;.VBS;.VBE;.JS;.JSE;.WSF;.WSH;.MSC
	PROCESSOR_ARCHITECTURE=AMD64
	PROCESSOR_IDENTIFIER=Intel64 Family 6 Model 140 Stepping 1, GenuineIntel
	PROCESSOR_LEVEL=6
	PROCESSOR_REVISION=8c01
	ProgramData=C:\ProgramData
	ProgramFiles=C:\Program Files
	ProgramFiles(x86)=C:\Program Files (x86)
	ProgramW6432=C:\Program Files
	PSModulePath=C:\Program Files\WindowsPowerShell\Modules;C:\Windows\system32\WindowsPowerShell\v1.0\Modules;C:\Program Files (x86)\Microsoft SQL Server\160\Tools\PowerShell\Modules\
	PUBLIC=C:\Users\Public
	SystemDrive=C:
	SystemRoot=C:\Windows
	TEMP=C:\Users\sharkvm\AppData\Local\Temp
	TMP=C:\Users\sharkvm\AppData\Local\Temp
	USERDOMAIN=DESKTOP-FPGOBQG
	USERDOMAIN_ROAMINGPROFILE=DESKTOP-FPGOBQG
	USERNAME=sharkvm
	USERPROFILE=C:\Users\sharkvm

PID       	ProcessName         	DllName                                                               	ImageSize       	DLLPath                                                                                                                         	ImageBase             	RefCnt  	LoadReason          
608       	winlogon.exe        	ntdll.dll                                                             	0x1f8000        	C:\Windows\SYSTEM32\ntdll.dll                                                                                                   	0x7ffd157f0000        	2       	StaticDependency    
608       	winlogon.exe        	KERNEL32.DLL                                                          	0xbf000         	C:\Windows\System32\KERNEL32.DLL                                                                                                	0x7ffd155b0000        	2       	DynamicLoad         
608       	winlogon.exe        	KERNELBASE.dll                                                        	0x2f6000        	C:\Windows\System32\KERNELBASE.dll                                                                                              	0x7ffd133b0000        	1       	StaticDependency    
608       	winlogon.exe        	msvcrt.dll                                                            	0x9e000         	C:\Windows\System32\msvcrt.dll                                                                                                  	0x7ffd13af0000        	2       	StaticDependency    
608       	winlogon.exe        	sechost.dll                                                           	0x9c000         	C:\Windows\System32\sechost.dll                                                                                                 	0x7ffd15450000        	2       	StaticDependency    
608       	winlogon.exe        	RPCRT4.dll                                                            	0x126000        	C:\Windows\System32\RPCRT4.dll                                                                                                  	0x7ffd13c20000        	2       	StaticDependency    
608       	winlogon.exe        	combase.dll                                                           	0x354000        	C:\Windows\System32\combase.dll                                                                                                 	0x7ffd150f0000        	2       	StaticDependency    
608       	winlogon.exe        	ucrtbase.dll                                                          	0x100000        	C:\Windows\System32\ucrtbase.dll                                                                                                	0x7ffd13180000        	2       	StaticDependency    
608       	winlogon.exe        	advapi32.dll                                                          	0xaf000         	C:\Windows\System32\advapi32.dll                                                                                                	0x7ffd15040000        	2       	StaticDependency    
608       	winlogon.exe        	powrprof.dll                                                          	0x4b000         	C:\Windows\SYSTEM32\powrprof.dll                                                                                                	0x7ffd12c90000        	2       	StaticDependency    
608       	winlogon.exe        	UMPDC.dll                                                             	0x12000         	C:\Windows\system32\UMPDC.dll                                                                                                   	0x7ffd12a70000        	1       	DelayloadDependency 
608       	winlogon.exe        	profapi.dll                                                           	0x1f000         	C:\Windows\system32\profapi.dll                                                                                                 	0x7ffd12e10000        	1       	DelayloadDependency 
608       	winlogon.exe        	user32.dll                                                            	0x19d000        	C:\Windows\System32\user32.dll                                                                                                  	0x7ffd14e90000        	1       	DelayloadDependency 
608       	winlogon.exe        	win32u.dll                                                            	0x22000         	C:\Windows\System32\win32u.dll                                                                                                  	0x7ffd13820000        	1       	StaticDependency    
608       	winlogon.exe        	GDI32.dll                                                             	0x2c000         	C:\Windows\System32\GDI32.dll                                                                                                   	0x7ffd13bf0000        	2       	StaticDependency    
608       	winlogon.exe        	gdi32full.dll                                                         	0x115000        	C:\Windows\System32\gdi32full.dll                                                                                               	0x7ffd136b0000        	1       	StaticDependency    
608       	winlogon.exe        	msvcp_win.dll                                                         	0x9d000         	C:\Windows\System32\msvcp_win.dll                                                                                               	0x7ffd130e0000        	1       	StaticDependency    
608       	winlogon.exe        	IMM32.DLL                                                             	0x30000         	C:\Windows\System32\IMM32.DLL                                                                                                   	0x7ffd15780000        	1       	DynamicLoad         
608       	winlogon.exe        	winsta.dll                                                            	0x64000         	C:\Windows\SYSTEM32\winsta.dll                                                                                                  	0x7ffd12880000        	1       	DelayloadDependency 
608       	winlogon.exe        	SspiCli.dll                                                           	0x32000         	C:\Windows\system32\SspiCli.dll                                                                                                 	0x7ffd12dc0000        	1       	DelayloadDependency 
608       	winlogon.exe        	USERENV.dll                                                           	0x2e000         	C:\Windows\system32\USERENV.dll                                                                                                 	0x7ffd12d90000        	1       	DelayloadDependency 
608       	winlogon.exe        	profext.dll                                                           	0x29000         	C:\Windows\SYSTEM32\profext.dll                                                                                                 	0x7ffd11ba0000        	1       	DelayloadDependency 
608       	winlogon.exe        	ntmarta.dll                                                           	0x33000         	C:\Windows\SYSTEM32\ntmarta.dll                                                                                                 	0x7ffd11f60000        	1       	StaticDependency    
608       	winlogon.exe        	Bcrypt.dll                                                            	0x27000         	C:\Windows\System32\Bcrypt.dll                                                                                                  	0x7ffd13280000        	3       	DynamicLoad         
608       	winlogon.exe        	bcryptprimitives.dll                                                  	0x82000         	C:\Windows\System32\bcryptprimitives.dll                                                                                        	0x7ffd132b0000        	3       	DynamicLoad         
608       	winlogon.exe        	firewallapi.dll                                                       	0xa1000         	C:\Windows\SYSTEM32\firewallapi.dll                                                                                             	0x7ffd11af0000        	1       	DelayloadDependency 
608       	winlogon.exe        	DNSAPI.dll                                                            	0xcb000         	C:\Windows\system32\DNSAPI.dll                                                                                                  	0x7ffd122e0000        	1       	StaticDependency    
608       	winlogon.exe        	IPHLPAPI.DLL                                                          	0x3c000         	C:\Windows\SYSTEM32\IPHLPAPI.DLL                                                                                                	0x7ffd122a0000        	1       	DelayloadDependency 
608       	winlogon.exe        	NSI.dll                                                               	0x8000          	C:\Windows\System32\NSI.dll                                                                                                     	0x7ffd13870000        	1       	DelayloadDependency 
608       	winlogon.exe        	fwbase.dll                                                            	0x3a000         	C:\Windows\system32\fwbase.dll                                                                                                  	0x7ffd11ab0000        	1       	DelayloadDependency 
608       	winlogon.exe        	uxinit.dll                                                            	0x1e000         	C:\Windows\SYSTEM32\uxinit.dll                                                                                                  	0x7ffd10980000        	1       	DelayloadDependency 
608       	winlogon.exe        	shcore.dll                                                            	0xad000         	C:\Windows\System32\shcore.dll                                                                                                  	0x7ffd13880000        	1       	StaticDependency    
608       	winlogon.exe        	dwmapi.dll                                                            	0x2f000         	C:\Windows\system32\dwmapi.dll                                                                                                  	0x7ffd10bd0000        	1       	StaticDependency    
608       	winlogon.exe        	UxTheme.dll                                                           	0x9e000         	C:\Windows\system32\UxTheme.dll                                                                                                 	0x7ffd108e0000        	1       	DelayloadDependency 
608       	winlogon.exe        	CRYPT32.dll                                                           	0x15e000        	C:\Windows\System32\CRYPT32.dll                                                                                                 	0x7ffd12f80000        	1       	DelayloadDependency 
608       	winlogon.exe        	DPAPI.dll                                                             	0xa000          	C:\Windows\system32\DPAPI.dll                                                                                                   	0x7ffd12c80000        	1       	DelayloadDependency 
608       	winlogon.exe        	CRYPTBASE.dll                                                         	0xc000          	C:\Windows\system32\CRYPTBASE.dll                                                                                               	0x7ffd127c0000        	1       	DelayloadDependency 
608       	winlogon.exe        	dwminit.dll                                                           	0x14000         	C:\Windows\SYSTEM32\dwminit.dll                                                                                                 	0x7ffd107d0000        	1       	DelayloadDependency 
608       	winlogon.exe        	apphelp.dll                                                           	0x91000         	C:\Windows\system32\apphelp.dll                                                                                                 	0x7ffd10730000        	2       	DynamicLoad         
608       	winlogon.exe        	dsreg.dll                                                             	0x14d000        	C:\Windows\system32\dsreg.dll                                                                                                   	0x7ffd0fbb0000        	1       	DelayloadDependency 
608       	winlogon.exe        	OLEAUT32.dll                                                          	0xcd000         	C:\Windows\System32\OLEAUT32.dll                                                                                                	0x7ffd13e00000        	1       	StaticDependency    
608       	winlogon.exe        	msvcp110_win.dll                                                      	0x8a000         	C:\Windows\system32\msvcp110_win.dll                                                                                            	0x7ffd11fa0000        	1       	StaticDependency    
608       	winlogon.exe        	cryptsp.dll                                                           	0x18000         	C:\Windows\SYSTEM32\cryptsp.dll                                                                                                 	0x7ffd127a0000        	1       	StaticDependency    
628       	lsass.exe           	ntdll.dll                                                             	0x1f8000        	C:\Windows\SYSTEM32\ntdll.dll                                                                                                   	0x7ffd157f0000        	2       	StaticDependency    
628       	lsass.exe           	KERNEL32.DLL                                                          	0xbf000         	C:\Windows\System32\KERNEL32.DLL                                                                                                	0x7ffd155b0000        	2       	DynamicLoad         
628       	lsass.exe           	KERNELBASE.dll                                                        	0x2f6000        	C:\Windows\System32\KERNELBASE.dll                                                                                              	0x7ffd133b0000        	1       	StaticDependency    
628       	lsass.exe           	RPCRT4.dll                                                            	0x126000        	C:\Windows\System32\RPCRT4.dll                                                                                                  	0x7ffd13c20000        	2       	StaticDependency    
628       	lsass.exe           	lsasrv.dll                                                            	0x19f000        	C:\Windows\system32\lsasrv.dll                                                                                                  	0x7ffd12a90000        	1       	DynamicLoad         
628       	lsass.exe           	ucrtbase.dll                                                          	0x100000        	C:\Windows\System32\ucrtbase.dll                                                                                                	0x7ffd13180000        	1       	StaticDependency    
628       	lsass.exe           	WS2_32.dll                                                            	0x6b000         	C:\Windows\System32\WS2_32.dll                                                                                                  	0x7ffd14dc0000        	1       	StaticDependency    
628       	lsass.exe           	SspiCli.dll                                                           	0x32000         	C:\Windows\system32\SspiCli.dll                                                                                                 	0x7ffd12dc0000        	1       	StaticDependency    
628       	lsass.exe           	sechost.dll                                                           	0x9c000         	C:\Windows\System32\sechost.dll                                                                                                 	0x7ffd15450000        	1       	StaticDependency    
628       	lsass.exe           	WLDAP32.dll                                                           	0x56000         	C:\Windows\System32\WLDAP32.dll                                                                                                 	0x7ffd14e30000        	1       	StaticDependency    
628       	lsass.exe           	MSASN1.dll                                                            	0x12000         	C:\Windows\system32\MSASN1.dll                                                                                                  	0x7ffd12a50000        	1       	StaticDependency    
628       	lsass.exe           	samsrv.dll                                                            	0xee000         	C:\Windows\SYSTEM32\samsrv.dll                                                                                                  	0x7ffd12960000        	1       	DelayloadDependency 
628       	lsass.exe           	bcrypt.dll                                                            	0x27000         	C:\Windows\System32\bcrypt.dll                                                                                                  	0x7ffd13280000        	2       	StaticDependency    
628       	lsass.exe           	CRYPT32.dll                                                           	0x15e000        	C:\Windows\System32\CRYPT32.dll                                                                                                 	0x7ffd12f80000        	1       	StaticDependency    
628       	lsass.exe           	ncrypt.dll                                                            	0x28000         	C:\Windows\system32\ncrypt.dll                                                                                                  	0x7ffd12930000        	1       	DelayloadDependency 
628       	lsass.exe           	NTASN1.dll                                                            	0x3b000         	C:\Windows\system32\NTASN1.dll                                                                                                  	0x7ffd128f0000        	1       	DelayloadDependency 
628       	lsass.exe           	Wldp.dll                                                              	0x2e000         	C:\Windows\system32\Wldp.dll                                                                                                    	0x7ffd12850000        	1       	DelayloadDependency 
628       	lsass.exe           	msvcrt.dll                                                            	0x9e000         	C:\Windows\System32\msvcrt.dll                                                                                                  	0x7ffd13af0000        	1       	StaticDependency    
628       	lsass.exe           	advapi32.dll                                                          	0xaf000         	C:\Windows\System32\advapi32.dll                                                                                                	0x7ffd15040000        	1       	StaticDependency    
628       	lsass.exe           	bcryptprimitives.dll                                                  	0x82000         	C:\Windows\System32\bcryptprimitives.dll                                                                                        	0x7ffd132b0000        	3       	DynamicLoad         
628       	lsass.exe           	msprivs.DLL                                                           	0x3000          	C:\Windows\system32\msprivs.DLL                                                                                                 	0x1f909fc0000         	1       	DynamicLoad         
628       	lsass.exe           	netprovfw.dll                                                         	0x18000         	C:\Windows\SYSTEM32\netprovfw.dll                                                                                               	0x7ffd12830000        	1       	DelayloadDependency 
628       	lsass.exe           	JOINUTIL.DLL                                                          	0x2b000         	C:\Windows\system32\JOINUTIL.DLL                                                                                                	0x7ffd12800000        	1       	DynamicForwarderDependency
628       	lsass.exe           	negoexts.DLL                                                          	0x26000         	C:\Windows\system32\negoexts.DLL                                                                                                	0x7ffd127d0000        	1       	DynamicLoad         
628       	lsass.exe           	CRYPTBASE.dll                                                         	0xc000          	C:\Windows\system32\CRYPTBASE.dll                                                                                               	0x7ffd127c0000        	1       	StaticDependency    
628       	lsass.exe           	CRYPTSP.dll                                                           	0x18000         	C:\Windows\system32\CRYPTSP.dll                                                                                                 	0x7ffd127a0000        	1       	StaticDependency    
628       	lsass.exe           	kerberos.DLL                                                          	0x118000        	C:\Windows\system32\kerberos.DLL                                                                                                	0x7ffd12680000        	1       	DynamicLoad         
628       	lsass.exe           	msvcp_win.dll                                                         	0x9d000         	C:\Windows\System32\msvcp_win.dll                                                                                               	0x7ffd130e0000        	1       	StaticDependency    
628       	lsass.exe           	KerbClientShared.dll                                                  	0x34000         	C:\Windows\system32\KerbClientShared.dll                                                                                        	0x7ffd12640000        	1       	DynamicLoad         
628       	lsass.exe           	cryptdll.dll                                                          	0x15000         	C:\Windows\system32\cryptdll.dll                                                                                                	0x7ffd12620000        	1       	DynamicLoad         
628       	lsass.exe           	mswsock.dll                                                           	0x6a000         	C:\Windows\system32\mswsock.dll                                                                                                 	0x7ffd125b0000        	1       	DynamicLoad         
628       	lsass.exe           	msv1_0.DLL                                                            	0x8b000         	C:\Windows\system32\msv1_0.DLL                                                                                                  	0x7ffd12520000        	1       	DynamicLoad         
628       	lsass.exe           	NtlmShared.dll                                                        	0x14000         	C:\Windows\system32\NtlmShared.dll                                                                                              	0x7ffd12500000        	1       	StaticDependency    
628       	lsass.exe           	netlogon.DLL                                                          	0xde000         	C:\Windows\system32\netlogon.DLL                                                                                                	0x7ffd12420000        	1       	DynamicLoad         
628       	lsass.exe           	powrprof.dll                                                          	0x4b000         	C:\Windows\SYSTEM32\powrprof.dll                                                                                                	0x7ffd12c90000        	1       	StaticDependency    
628       	lsass.exe           	USERENV.dll                                                           	0x2e000         	C:\Windows\system32\USERENV.dll                                                                                                 	0x7ffd12d90000        	1       	StaticDependency    
628       	lsass.exe           	gmsaclient.dll                                                        	0xe000          	C:\Windows\system32\gmsaclient.dll                                                                                              	0x7ffd12410000        	1       	StaticDependency    
628       	lsass.exe           	logoncli.dll                                                          	0x43000         	C:\Windows\system32\logoncli.dll                                                                                                	0x7ffd123c0000        	1       	StaticDependency    
628       	lsass.exe           	netutils.dll                                                          	0xc000          	C:\Windows\system32\netutils.dll                                                                                                	0x7ffd123b0000        	1       	StaticDependency    
628       	lsass.exe           	DNSAPI.dll                                                            	0xcb000         	C:\Windows\system32\DNSAPI.dll                                                                                                  	0x7ffd122e0000        	1       	StaticDependency    
628       	lsass.exe           	IPHLPAPI.DLL                                                          	0x3c000         	C:\Windows\SYSTEM32\IPHLPAPI.DLL                                                                                                	0x7ffd122a0000        	1       	DelayloadDependency 
628       	lsass.exe           	NSI.dll                                                               	0x8000          	C:\Windows\System32\NSI.dll                                                                                                     	0x7ffd13870000        	1       	DelayloadDependency 
628       	lsass.exe           	UMPDC.dll                                                             	0x12000         	C:\Windows\system32\UMPDC.dll                                                                                                   	0x7ffd12a70000        	1       	DelayloadDependency 
628       	lsass.exe           	tspkg.DLL                                                             	0x2c000         	C:\Windows\system32\tspkg.DLL                                                                                                   	0x7ffd12270000        	1       	DynamicLoad         
628       	lsass.exe           	pku2u.DLL                                                             	0x53000         	C:\Windows\system32\pku2u.DLL                                                                                                   	0x7ffd12210000        	1       	DynamicLoad         
628       	lsass.exe           	cloudAP.DLL                                                           	0x9f000         	C:\Windows\system32\cloudAP.DLL                                                                                                 	0x7ffd12170000        	1       	DynamicLoad         
628       	lsass.exe           	profapi.dll                                                           	0x1f000         	C:\Windows\system32\profapi.dll                                                                                                 	0x7ffd12e10000        	1       	DelayloadDependency 
628       	lsass.exe           	aadcloudap.dll                                                        	0x114000        	C:\Windows\SYSTEM32\aadcloudap.dll                                                                                              	0x7ffd12050000        	1       	DynamicLoad         
628       	lsass.exe           	combase.dll                                                           	0x354000        	C:\Windows\System32\combase.dll                                                                                                 	0x7ffd150f0000        	1       	StaticDependency    
628       	lsass.exe           	wkscli.dll                                                            	0x19000         	C:\Windows\SYSTEM32\wkscli.dll                                                                                                  	0x7ffd12030000        	1       	StaticDependency    
628       	lsass.exe           	ntmarta.dll                                                           	0x33000         	C:\Windows\SYSTEM32\ntmarta.dll                                                                                                 	0x7ffd11f60000        	1       	StaticDependency    
628       	lsass.exe           	msvcp110_win.dll                                                      	0x8a000         	C:\Windows\SYSTEM32\msvcp110_win.dll                                                                                            	0x7ffd11fa0000        	1       	StaticDependency    
628       	lsass.exe           	MicrosoftAccountCloudAP.dll                                           	0x4a000         	C:\Windows\SYSTEM32\MicrosoftAccountCloudAP.dll                                                                                 	0x7ffd11f10000        	1       	DynamicLoad         
628       	lsass.exe           	DPAPI.DLL                                                             	0xa000          	C:\Windows\SYSTEM32\DPAPI.DLL                                                                                                   	0x7ffd12c80000        	1       	StaticForwarderDependency
628       	lsass.exe           	rsaenh.dll                                                            	0x34000         	C:\Windows\system32\rsaenh.dll                                                                                                  	0x7ffd11ed0000        	1       	DynamicLoad         
628       	lsass.exe           	wdigest.DLL                                                           	0x3f000         	C:\Windows\system32\wdigest.DLL                                                                                                 	0x7ffd11e90000        	1       	DynamicLoad         
628       	lsass.exe           	schannel.DLL                                                          	0x99000         	C:\Windows\system32\schannel.DLL                                                                                                	0x7ffd11df0000        	1       	DynamicLoad         
628       	lsass.exe           	efslsaext.dll                                                         	0x1a000         	C:\Windows\system32\efslsaext.dll                                                                                               	0x7ffd11dd0000        	1       	DynamicLoad         
628       	lsass.exe           	shcore.dll                                                            	0xad000         	C:\Windows\System32\shcore.dll                                                                                                  	0x7ffd13880000        	1       	StaticDependency    
628       	lsass.exe           	dpapisrv.dll                                                          	0x49000         	C:\Windows\system32\dpapisrv.dll                                                                                                	0x7ffd11d80000        	1       	DynamicLoad         
628       	lsass.exe           	SspiSrv.dll                                                           	0xc000          	C:\Windows\SYSTEM32\SspiSrv.dll                                                                                                 	0x7ffd11d70000        	1       	DelayloadDependency 
628       	lsass.exe           	KDCPW.DLL                                                             	0xc000          	C:\Windows\system32\KDCPW.DLL                                                                                                   	0x7ffd11cc0000        	1       	DynamicLoad         
628       	lsass.exe           	scecli.DLL                                                            	0x5b000         	C:\Windows\system32\scecli.DLL                                                                                                  	0x7ffd11c60000        	1       	DynamicLoad         
628       	lsass.exe           	winsta.dll                                                            	0x64000         	C:\Windows\SYSTEM32\winsta.dll                                                                                                  	0x7ffd12880000        	1       	DelayloadDependency 
628       	lsass.exe           	wevtapi.dll                                                           	0x65000         	C:\Windows\SYSTEM32\wevtapi.dll                                                                                                 	0x7ffd0c760000        	1       	DelayloadDependency 
628       	lsass.exe           	ncryptsslp.dll                                                        	0x26000         	C:\Windows\system32\ncryptsslp.dll                                                                                              	0x7ffd00db0000        	1       	DynamicLoad         
628       	lsass.exe           	ncryptprov.dll                                                        	0x5a000         	C:\Windows\system32\ncryptprov.dll                                                                                              	0x7ffd00d50000        	1       	DynamicLoad         
628       	lsass.exe           	dssenh.dll                                                            	0x28000         	C:\Windows\system32\dssenh.dll                                                                                                  	0x7ffd00d20000        	1       	DynamicLoad         
628       	lsass.exe           	gpapi.dll                                                             	0x23000         	C:\Windows\SYSTEM32\gpapi.dll                                                                                                   	0x7ffd11760000        	1       	DelayloadDependency 
628       	lsass.exe           	mskeyprotect.dll                                                      	0x16000         	C:\Windows\SYSTEM32\mskeyprotect.dll                                                                                            	0x7ffd00d00000        	1       	DynamicLoad         
628       	lsass.exe           	SecureTimeAggregator.dll                                              	0x2d000         	C:\Windows\System32\SecureTimeAggregator.dll                                                                                    	0x7ffd00cd0000        	1       	DynamicLoad         
628       	lsass.exe           	DSROLE.dll                                                            	0xa000          	C:\Windows\system32\DSROLE.dll                                                                                                  	0x7ffd0e670000        	1       	StaticDependency    
628       	lsass.exe           	cryptnet.dll                                                          	0x31000         	C:\Windows\System32\cryptnet.dll                                                                                                	0x7ffd00c90000        	1       	DynamicLoad         
628       	lsass.exe           	kernel.appcore.dll                                                    	0x12000         	C:\Windows\SYSTEM32\kernel.appcore.dll                                                                                          	0x7ffd10db0000        	1       	DynamicLoad         
628       	lsass.exe           	wtsapi32.dll                                                          	0x14000         	C:\Windows\SYSTEM32\wtsapi32.dll                                                                                                	0x7ffd0ebb0000        	1       	DelayloadDependency 
628       	lsass.exe           	keyiso.dll                                                            	0x1b000         	C:\Windows\system32\keyiso.dll                                                                                                  	0x7ffcfc520000        	1       	DynamicLoad         
628       	lsass.exe           	ngcpopkeysrv.dll                                                      	0x42000         	C:\Windows\System32\ngcpopkeysrv.dll                                                                                            	0x7ffcfc4d0000        	1       	DynamicLoad         
628       	lsass.exe           	OLEAUT32.dll                                                          	0xcd000         	C:\Windows\System32\OLEAUT32.dll                                                                                                	0x7ffd13e00000        	1       	StaticDependency    
628       	lsass.exe           	DEVOBJ.dll                                                            	0x2c000         	C:\Windows\system32\DEVOBJ.dll                                                                                                  	0x7ffd12c30000        	1       	StaticDependency    
628       	lsass.exe           	cfgmgr32.dll                                                          	0x4e000         	C:\Windows\System32\cfgmgr32.dll                                                                                                	0x7ffd137d0000        	1       	StaticDependency    
628       	lsass.exe           	PCPKsp.dll                                                            	0x118000        	C:\Windows\system32\PCPKsp.dll                                                                                                  	0x7ffd06e00000        	1       	DynamicLoad         
628       	lsass.exe           	tbs.dll                                                               	0x1a000         	C:\Windows\system32\tbs.dll                                                                                                     	0x7ffd06d80000        	1       	DelayloadDependency 
628       	lsass.exe           	imagehlp.dll                                                          	0x1d000         	C:\Windows\System32\imagehlp.dll                                                                                                	0x7ffd13850000        	1       	StaticDependency    
628       	lsass.exe           	AUTHZ.dll                                                             	0x4e000         	C:\Windows\system32\AUTHZ.dll                                                                                                   	0x7ffd11c10000        	1       	DelayloadDependency 
628       	lsass.exe           	MPR.dll                                                               	0x1d000         	C:\Windows\system32\MPR.dll                                                                                                     	0x7ffd02ca0000        	1       	DelayloadDependency 
628       	lsass.exe           	secur32.dll                                                           	0xc000          	C:\Windows\SYSTEM32\secur32.dll                                                                                                 	0x7ffd05e80000        	1       	DelayloadDependency 
628       	lsass.exe           	vaultsvc.dll                                                          	0x60000         	C:\Windows\System32\vaultsvc.dll                                                                                                	0x7ffccd220000        	1       	DynamicLoad         
628       	lsass.exe           	certpoleng.dll                                                        	0x30000         	C:\Windows\SYSTEM32\certpoleng.dll                                                                                              	0x7ffccbf80000        	1       	DelayloadDependency 
768       	svchost.exe         	ntdll.dll                                                             	0x1f8000        	C:\Windows\SYSTEM32\ntdll.dll                                                                                                   	0x7ffd157f0000        	2       	StaticDependency    
768       	svchost.exe         	KERNEL32.DLL                                                          	0xbf000         	C:\Windows\System32\KERNEL32.DLL                                                                                                	0x7ffd155b0000        	2       	DynamicLoad         
768       	svchost.exe         	KERNELBASE.dll                                                        	0x2f6000        	C:\Windows\System32\KERNELBASE.dll                                                                                              	0x7ffd133b0000        	1       	StaticDependency    
768       	svchost.exe         	sechost.dll                                                           	0x9c000         	C:\Windows\System32\sechost.dll                                                                                                 	0x7ffd15450000        	2       	StaticDependency    
768       	svchost.exe         	RPCRT4.dll                                                            	0x126000        	C:\Windows\System32\RPCRT4.dll                                                                                                  	0x7ffd13c20000        	2       	StaticDependency    
768       	svchost.exe         	ucrtbase.dll                                                          	0x100000        	C:\Windows\System32\ucrtbase.dll                                                                                                	0x7ffd13180000        	2       	StaticDependency    
768       	svchost.exe         	umpnpmgr.dll                                                          	0x25000         	c:\windows\system32\umpnpmgr.dll                                                                                                	0x7ffd11a80000        	1       	DynamicLoad         
768       	svchost.exe         	msvcrt.dll                                                            	0x9e000         	C:\Windows\System32\msvcrt.dll                                                                                                  	0x7ffd13af0000        	1       	StaticDependency    
768       	svchost.exe         	WLDP.DLL                                                              	0x2e000         	C:\Windows\SYSTEM32\WLDP.DLL                                                                                                    	0x7ffd12850000        	1       	DynamicLoad         
768       	svchost.exe         	advapi32.dll                                                          	0xaf000         	C:\Windows\System32\advapi32.dll                                                                                                	0x7ffd15040000        	1       	StaticDependency    
768       	svchost.exe         	umpo.dll                                                              	0x32000         	c:\windows\system32\umpo.dll                                                                                                    	0x7ffd11a40000        	1       	DynamicLoad         
768       	svchost.exe         	UMPDC.dll                                                             	0x12000         	c:\windows\system32\UMPDC.dll                                                                                                   	0x7ffd12a70000        	1       	StaticDependency    
768       	svchost.exe         	slc.dll                                                               	0x29000         	C:\Windows\SYSTEM32\slc.dll                                                                                                     	0x7ffd11a10000        	1       	DelayloadDependency 
768       	svchost.exe         	sppc.dll                                                              	0x25000         	c:\windows\system32\sppc.dll                                                                                                    	0x7ffd119e0000        	1       	StaticDependency    
768       	svchost.exe         	umpoext.dll                                                           	0x30000         	C:\Windows\SYSTEM32\umpoext.dll                                                                                                 	0x7ffd119b0000        	1       	DelayloadDependency 
768       	svchost.exe         	cfgmgr32.dll                                                          	0x4e000         	C:\Windows\System32\cfgmgr32.dll                                                                                                	0x7ffd137d0000        	1       	StaticDependency    
768       	svchost.exe         	combase.dll                                                           	0x354000        	C:\Windows\System32\combase.dll                                                                                                 	0x7ffd150f0000        	1       	StaticDependency    
768       	svchost.exe         	shcore.dll                                                            	0xad000         	C:\Windows\System32\shcore.dll                                                                                                  	0x7ffd13880000        	1       	StaticDependency    
768       	svchost.exe         	powrprof.dll                                                          	0x4b000         	C:\Windows\SYSTEM32\powrprof.dll                                                                                                	0x7ffd12c90000        	1       	StaticDependency    
768       	svchost.exe         	dxgi.dll                                                              	0xf3000         	c:\windows\system32\dxgi.dll                                                                                                    	0x7ffd11790000        	1       	StaticDependency    
768       	svchost.exe         	tdh.dll                                                               	0x11b000        	C:\Windows\SYSTEM32\tdh.dll                                                                                                     	0x7ffd11890000        	1       	StaticDependency    
768       	svchost.exe         	msvcp_win.dll                                                         	0x9d000         	C:\Windows\System32\msvcp_win.dll                                                                                               	0x7ffd130e0000        	1       	StaticDependency    
768       	svchost.exe         	win32u.dll                                                            	0x22000         	C:\Windows\System32\win32u.dll                                                                                                  	0x7ffd13820000        	1       	StaticDependency    
768       	svchost.exe         	gdi32.dll                                                             	0x2c000         	C:\Windows\System32\gdi32.dll                                                                                                   	0x7ffd13bf0000        	1       	DynamicLoad         
768       	svchost.exe         	gdi32full.dll                                                         	0x115000        	C:\Windows\System32\gdi32full.dll                                                                                               	0x7ffd136b0000        	1       	StaticDependency    
768       	svchost.exe         	USER32.dll                                                            	0x19d000        	C:\Windows\System32\USER32.dll                                                                                                  	0x7ffd14e90000        	1       	StaticDependency    
768       	svchost.exe         	gpapi.dll                                                             	0x23000         	C:\Windows\SYSTEM32\gpapi.dll                                                                                                   	0x7ffd11760000        	1       	DelayloadDependency 
768       	svchost.exe         	HID.DLL                                                               	0xd000          	C:\Windows\SYSTEM32\HID.DLL                                                                                                     	0x7ffd11750000        	1       	DelayloadDependency 
768       	svchost.exe         	windows.storage.dll                                                   	0x793000        	C:\Windows\SYSTEM32\windows.storage.dll                                                                                         	0x7ffd10fb0000        	1       	DelayloadDependency 
768       	svchost.exe         	shlwapi.dll                                                           	0x55000         	C:\Windows\System32\shlwapi.dll                                                                                                 	0x7ffd15550000        	1       	DelayloadDependency 
768       	svchost.exe         	rpcss.dll                                                             	0x14a000        	c:\windows\system32\rpcss.dll                                                                                                   	0x7ffd10e60000        	1       	DynamicLoad         
768       	svchost.exe         	bcryptPrimitives.dll                                                  	0x82000         	C:\Windows\System32\bcryptPrimitives.dll                                                                                        	0x7ffd132b0000        	2       	StaticDependency    
768       	svchost.exe         	SspiCli.dll                                                           	0x32000         	c:\windows\system32\SspiCli.dll                                                                                                 	0x7ffd12dc0000        	1       	DelayloadDependency 
768       	svchost.exe         	psmsrv.dll                                                            	0x42000         	c:\windows\system32\psmsrv.dll                                                                                                  	0x7ffd10dd0000        	1       	DynamicLoad         
768       	svchost.exe         	kernel.appcore.dll                                                    	0x12000         	C:\Windows\SYSTEM32\kernel.appcore.dll                                                                                          	0x7ffd10db0000        	1       	StaticDependency    
768       	svchost.exe         	psmserviceexthost.dll                                                 	0xc1000         	C:\Windows\SYSTEM32\psmserviceexthost.dll                                                                                       	0x7ffd10c00000        	1       	DelayloadDependency 
768       	svchost.exe         	IPHLPAPI.DLL                                                          	0x3c000         	c:\windows\system32\IPHLPAPI.DLL                                                                                                	0x7ffd122a0000        	1       	StaticDependency    
768       	svchost.exe         	wer.dll                                                               	0xde000         	c:\windows\system32\wer.dll                                                                                                     	0x7ffd10af0000        	1       	StaticDependency    
768       	svchost.exe         	RMCLIENT.dll                                                          	0x2a000         	c:\windows\system32\RMCLIENT.dll                                                                                                	0x7ffd10ac0000        	1       	StaticDependency    
768       	svchost.exe         	bisrv.dll                                                             	0xd4000         	C:\Windows\SYSTEM32\bisrv.dll                                                                                                   	0x7ffd109e0000        	1       	DelayloadDependency 
768       	svchost.exe         	OLEAUT32.dll                                                          	0xcd000         	C:\Windows\System32\OLEAUT32.dll                                                                                                	0x7ffd13e00000        	1       	StaticDependency    
768       	svchost.exe         	EventAggregation.dll                                                  	0x19000         	c:\windows\system32\EventAggregation.dll                                                                                        	0x7ffd12c60000        	1       	StaticDependency    
768       	svchost.exe         	ntmarta.dll                                                           	0x33000         	C:\Windows\SYSTEM32\ntmarta.dll                                                                                                 	0x7ffd11f60000        	1       	StaticDependency    
768       	svchost.exe         	ResourcePolicyClient.dll                                              	0x14000         	c:\windows\system32\ResourcePolicyClient.dll                                                                                    	0x7ffd109c0000        	1       	StaticDependency    
768       	svchost.exe         	clbcatq.dll                                                           	0xa9000         	C:\Windows\System32\clbcatq.dll                                                                                                 	0x7ffd13d50000        	1       	DelayloadDependency 
768       	svchost.exe         	embeddedmodesvcapi.dll                                                	0x11000         	C:\Windows\SYSTEM32\embeddedmodesvcapi.dll                                                                                      	0x7ffd108c0000        	1       	DelayloadDependency 
768       	svchost.exe         	bcrypt.dll                                                            	0x27000         	C:\Windows\System32\bcrypt.dll                                                                                                  	0x7ffd13280000        	2       	StaticDependency    
768       	svchost.exe         	resourcepolicyserver.dll                                              	0x26000         	C:\Windows\SYSTEM32\resourcepolicyserver.dll                                                                                    	0x7ffd10890000        	1       	DelayloadDependency 
768       	svchost.exe         	CRYPT32.dll                                                           	0x15e000        	C:\Windows\System32\CRYPT32.dll                                                                                                 	0x7ffd12f80000        	1       	StaticDependency    
768       	svchost.exe         	CRYPTSP.dll                                                           	0x18000         	C:\Windows\SYSTEM32\CRYPTSP.dll                                                                                                 	0x7ffd127a0000        	1       	StaticDependency    
768       	svchost.exe         	systemeventsbrokerserver.dll                                          	0x43000         	c:\windows\system32\systemeventsbrokerserver.dll                                                                                	0x7ffd10840000        	1       	DynamicLoad         
768       	svchost.exe         	BrokerLib.dll                                                         	0x4a000         	c:\windows\system32\BrokerLib.dll                                                                                               	0x7ffd107f0000        	1       	StaticDependency    
768       	svchost.exe         	DAB.dll                                                               	0x21000         	c:\windows\system32\DAB.dll                                                                                                     	0x7ffd10700000        	1       	DelayloadDependency 
768       	svchost.exe         	usermgrcli.dll                                                        	0x16000         	C:\Windows\SYSTEM32\usermgrcli.dll                                                                                              	0x7ffd0e580000        	1       	DelayloadDependency 
768       	svchost.exe         	CRYPTBASE.DLL                                                         	0xc000          	C:\Windows\SYSTEM32\CRYPTBASE.DLL                                                                                               	0x7ffd127c0000        	1       	DynamicForwarderDependency
768       	svchost.exe         	rsaenh.dll                                                            	0x34000         	C:\Windows\system32\rsaenh.dll                                                                                                  	0x7ffd11ed0000        	1       	DynamicLoad         
768       	svchost.exe         	bi.dll                                                                	0xc000          	C:\Windows\SYSTEM32\bi.dll                                                                                                      	0x7ffd0e650000        	1       	DelayloadDependency 
768       	svchost.exe         	wtsapi32.dll                                                          	0x14000         	C:\Windows\SYSTEM32\wtsapi32.dll                                                                                                	0x7ffd0ebb0000        	1       	DelayloadDependency 
768       	svchost.exe         	WINSTA.dll                                                            	0x64000         	C:\Windows\SYSTEM32\WINSTA.dll                                                                                                  	0x7ffd12880000        	1       	DelayloadDependency 
768       	svchost.exe         	profapi.dll                                                           	0x1f000         	c:\windows\system32\profapi.dll                                                                                                 	0x7ffd12e10000        	1       	DelayloadDependency 
768       	svchost.exe         	OneCoreUAPCommonProxyStub.dll                                         	0x7cb000        	C:\Windows\System32\OneCoreUAPCommonProxyStub.dll                                                                               	0x7ffd0c960000        	1       	DynamicLoad         
768       	svchost.exe         	WINNSI.DLL                                                            	0xb000          	C:\Windows\SYSTEM32\WINNSI.DLL                                                                                                  	0x7ffd0b6b0000        	1       	DelayloadDependency 
768       	svchost.exe         	NSI.dll                                                               	0x8000          	C:\Windows\System32\NSI.dll                                                                                                     	0x7ffd13870000        	1       	StaticDependency    
768       	svchost.exe         	Windows.Networking.BackgroundTransfer.BackgroundManagerPolicy.dll     	0x20000         	C:\Windows\System32\Windows.Networking.BackgroundTransfer.BackgroundManagerPolicy.dll                                           	0x7ffcf9ab0000        	1       	DynamicLoad         
768       	svchost.exe         	ACPBackgroundManagerPolicy.dll                                        	0x39000         	C:\Windows\System32\ACPBackgroundManagerPolicy.dll                                                                              	0x7ffcf9a70000        	1       	DynamicLoad         
768       	svchost.exe         	BackgroundMediaPolicy.dll                                             	0x16000         	C:\Windows\System32\BackgroundMediaPolicy.dll                                                                                   	0x7ffcf9a50000        	1       	DynamicLoad         
768       	svchost.exe         	SmartCardBackgroundPolicy.dll                                         	0x16000         	C:\Windows\system32\SmartCardBackgroundPolicy.dll                                                                               	0x7ffcf9a30000        	1       	DynamicLoad         
768       	svchost.exe         	SebBackgroundManagerPolicy.dll                                        	0x13000         	C:\Windows\system32\SebBackgroundManagerPolicy.dll                                                                              	0x7ffcf9a10000        	1       	DynamicLoad         
768       	svchost.exe         	twinapi.appcore.dll                                                   	0x200000        	C:\Windows\System32\twinapi.appcore.dll                                                                                         	0x7ffd0de50000        	1       	DynamicLoad         
768       	svchost.exe         	ole32.dll                                                             	0x12a000        	C:\Windows\System32\ole32.dll                                                                                                   	0x7ffd140d0000        	1       	DelayloadDependency 
768       	svchost.exe         	coml2.dll                                                             	0x79000         	C:\Windows\System32\coml2.dll                                                                                                   	0x7ffd15700000        	1       	DelayloadDependency 
768       	svchost.exe         	OneCoreCommonProxyStub.dll                                            	0x7f000         	C:\Windows\System32\OneCoreCommonProxyStub.dll                                                                                  	0x7ffd055b0000        	1       	DynamicLoad         
768       	svchost.exe         	execmodelproxy.dll                                                    	0x18000         	C:\Windows\system32\execmodelproxy.dll                                                                                          	0x7ffcf9930000        	1       	DynamicLoad         
768       	svchost.exe         	execmodelclient.dll                                                   	0x60000         	C:\Windows\System32\execmodelclient.dll                                                                                         	0x7ffcfb150000        	1       	DynamicLoad         
768       	svchost.exe         	PROPSYS.dll                                                           	0xf6000         	C:\Windows\System32\PROPSYS.dll                                                                                                 	0x7ffd0ea50000        	1       	StaticDependency    
768       	svchost.exe         	CoreMessaging.dll                                                     	0xf2000         	C:\Windows\System32\CoreMessaging.dll                                                                                           	0x7ffd103f0000        	1       	StaticDependency    
768       	svchost.exe         	WS2_32.dll                                                            	0x6b000         	C:\Windows\System32\WS2_32.dll                                                                                                  	0x7ffd14dc0000        	1       	StaticDependency    
768       	svchost.exe         	licensemanagerapi.dll                                                 	0x1d000         	C:\Windows\SYSTEM32\licensemanagerapi.dll                                                                                       	0x7ffcf6a10000        	1       	DelayloadDependency 
768       	svchost.exe         	capauthz.dll                                                          	0x51000         	C:\Windows\SYSTEM32\capauthz.dll                                                                                                	0x7ffd06d20000        	1       	DelayloadDependency 
768       	svchost.exe         	WINTRUST.dll                                                          	0x67000         	C:\Windows\System32\WINTRUST.dll                                                                                                	0x7ffd13340000        	1       	StaticDependency    
768       	svchost.exe         	MSASN1.dll                                                            	0x12000         	C:\Windows\System32\MSASN1.dll                                                                                                  	0x7ffd12a50000        	1       	DelayloadDependency 
768       	svchost.exe         	windows.staterepositorycore.dll                                       	0x11000         	C:\Windows\SYSTEM32\windows.staterepositorycore.dll                                                                             	0x7ffd067c0000        	1       	DelayloadDependency 
768       	svchost.exe         	policymanager.dll                                                     	0xa3000         	C:\Windows\SYSTEM32\policymanager.dll                                                                                           	0x7ffd0c380000        	1       	DelayloadDependency 
768       	svchost.exe         	msvcp110_win.dll                                                      	0x8a000         	C:\Windows\System32\msvcp110_win.dll                                                                                            	0x7ffd11fa0000        	1       	StaticDependency    
768       	svchost.exe         	AppXDeploymentClient.dll                                              	0x104000        	C:\Windows\System32\AppXDeploymentClient.dll                                                                                    	0x7ffd0c590000        	1       	DynamicLoad         
768       	svchost.exe         	apphelp.dll                                                           	0x91000         	C:\Windows\system32\apphelp.dll                                                                                                 	0x7ffd10730000        	2       	DynamicLoad         
768       	svchost.exe         	daxexec.dll                                                           	0xaf000         	C:\Windows\SYSTEM32\daxexec.dll                                                                                                 	0x7ffcfa250000        	1       	DelayloadDependency 
768       	svchost.exe         	FLTLIB.DLL                                                            	0xb000          	c:\windows\system32\FLTLIB.DLL                                                                                                  	0x7ffd00430000        	1       	StaticDependency    
768       	svchost.exe         	container.dll                                                         	0x42000         	c:\windows\system32\container.dll                                                                                               	0x7ffcfa200000        	1       	StaticDependency    
768       	svchost.exe         	USERENV.dll                                                           	0x2e000         	C:\Windows\System32\USERENV.dll                                                                                                 	0x7ffd12d90000        	1       	DelayloadDependency 
768       	svchost.exe         	DPAPI.dll                                                             	0xa000          	C:\Windows\System32\DPAPI.dll                                                                                                   	0x7ffd12c80000        	1       	DelayloadDependency 
768       	svchost.exe         	Windows.StateRepositoryPS.dll                                         	0x146000        	C:\Windows\System32\Windows.StateRepositoryPS.dll                                                                               	0x7ffd01c90000        	1       	DynamicLoad         
768       	svchost.exe         	TaskSchdPS.dll                                                        	0x12000         	C:\Windows\System32\TaskSchdPS.dll                                                                                              	0x7ffcfd570000        	1       	DynamicLoad         
792       	fontdrvhost.ex      	ntdll.dll                                                             	0x1f8000        	C:\Windows\SYSTEM32\ntdll.dll                                                                                                   	0x7ffd157f0000        	2       	StaticDependency    
792       	fontdrvhost.ex      	KERNEL32.DLL                                                          	0xbf000         	C:\Windows\System32\KERNEL32.DLL                                                                                                	0x7ffd155b0000        	2       	DynamicLoad         
792       	fontdrvhost.ex      	KERNELBASE.dll                                                        	0x2f6000        	C:\Windows\System32\KERNELBASE.dll                                                                                              	0x7ffd133b0000        	1       	StaticDependency    
792       	fontdrvhost.ex      	msvcp_win.dll                                                         	0x9d000         	C:\Windows\System32\msvcp_win.dll                                                                                               	0x7ffd130e0000        	2       	StaticDependency    
792       	fontdrvhost.ex      	ucrtbase.dll                                                          	0x100000        	C:\Windows\System32\ucrtbase.dll                                                                                                	0x7ffd13180000        	2       	StaticDependency    
792       	fontdrvhost.ex      	win32u.dll                                                            	0x22000         	C:\Windows\System32\win32u.dll                                                                                                  	0x7ffd13820000        	2       	StaticDependency    
796       	fontdrvhost.ex      	ntdll.dll                                                             	0x1f8000        	C:\Windows\SYSTEM32\ntdll.dll                                                                                                   	0x7ffd157f0000        	2       	StaticDependency    
796       	fontdrvhost.ex      	KERNEL32.DLL                                                          	0xbf000         	C:\Windows\System32\KERNEL32.DLL                                                                                                	0x7ffd155b0000        	2       	DynamicLoad         
796       	fontdrvhost.ex      	KERNELBASE.dll                                                        	0x2f6000        	C:\Windows\System32\KERNELBASE.dll                                                                                              	0x7ffd133b0000        	1       	StaticDependency    
796       	fontdrvhost.ex      	msvcp_win.dll                                                         	0x9d000         	C:\Windows\System32\msvcp_win.dll                                                                                               	0x7ffd130e0000        	2       	StaticDependency    
796       	fontdrvhost.ex      	ucrtbase.dll                                                          	0x100000        	C:\Windows\System32\ucrtbase.dll                                                                                                	0x7ffd13180000        	2       	StaticDependency    
796       	fontdrvhost.ex      	win32u.dll                                                            	0x22000         	C:\Windows\System32\win32u.dll                                                                                                  	0x7ffd13820000        	2       	StaticDependency    
892       	svchost.exe         	ntdll.dll                                                             	0x1f8000        	C:\Windows\SYSTEM32\ntdll.dll                                                                                                   	0x7ffd157f0000        	2       	StaticDependency    
892       	svchost.exe         	KERNEL32.DLL                                                          	0xbf000         	C:\Windows\System32\KERNEL32.DLL                                                                                                	0x7ffd155b0000        	2       	DynamicLoad         
892       	svchost.exe         	KERNELBASE.dll                                                        	0x2f6000        	C:\Windows\System32\KERNELBASE.dll                                                                                              	0x7ffd133b0000        	1       	StaticDependency    
892       	svchost.exe         	sechost.dll                                                           	0x9c000         	C:\Windows\System32\sechost.dll                                                                                                 	0x7ffd15450000        	2       	StaticDependency    
892       	svchost.exe         	RPCRT4.dll                                                            	0x126000        	C:\Windows\System32\RPCRT4.dll                                                                                                  	0x7ffd13c20000        	2       	StaticDependency    
892       	svchost.exe         	ucrtbase.dll                                                          	0x100000        	C:\Windows\System32\ucrtbase.dll                                                                                                	0x7ffd13180000        	2       	StaticDependency    
892       	svchost.exe         	rpcepmap.dll                                                          	0x19000         	c:\windows\system32\rpcepmap.dll                                                                                                	0x7ffd10e40000        	1       	DynamicLoad         
892       	svchost.exe         	WLDP.DLL                                                              	0x2e000         	C:\Windows\SYSTEM32\WLDP.DLL                                                                                                    	0x7ffd12850000        	1       	DynamicLoad         
892       	svchost.exe         	msvcrt.dll                                                            	0x9e000         	C:\Windows\System32\msvcrt.dll                                                                                                  	0x7ffd13af0000        	1       	StaticDependency    
892       	svchost.exe         	advapi32.dll                                                          	0xaf000         	C:\Windows\System32\advapi32.dll                                                                                                	0x7ffd15040000        	1       	StaticDependency    
892       	svchost.exe         	sspicli.dll                                                           	0x32000         	C:\Windows\system32\sspicli.dll                                                                                                 	0x7ffd12dc0000        	1       	DynamicLoad         
892       	svchost.exe         	RpcRtRemote.dll                                                       	0x13000         	C:\Windows\system32\RpcRtRemote.dll                                                                                             	0x7ffd10e20000        	1       	DynamicLoad         
892       	svchost.exe         	rpcss.dll                                                             	0x14a000        	c:\windows\system32\rpcss.dll                                                                                                   	0x7ffd10e60000        	1       	DynamicLoad         
892       	svchost.exe         	bcryptPrimitives.dll                                                  	0x82000         	C:\Windows\System32\bcryptPrimitives.dll                                                                                        	0x7ffd132b0000        	2       	StaticDependency    
892       	svchost.exe         	combase.dll                                                           	0x354000        	C:\Windows\System32\combase.dll                                                                                                 	0x7ffd150f0000        	1       	StaticDependency    
892       	svchost.exe         	WS2_32.dll                                                            	0x6b000         	C:\Windows\System32\WS2_32.dll                                                                                                  	0x7ffd14dc0000        	1       	DelayloadDependency 
892       	svchost.exe         	FirewallAPI.dll                                                       	0xa1000         	C:\Windows\system32\FirewallAPI.dll                                                                                             	0x7ffd11af0000        	1       	DelayloadDependency 
892       	svchost.exe         	DNSAPI.dll                                                            	0xcb000         	C:\Windows\system32\DNSAPI.dll                                                                                                  	0x7ffd122e0000        	1       	StaticDependency    
892       	svchost.exe         	IPHLPAPI.DLL                                                          	0x3c000         	C:\Windows\SYSTEM32\IPHLPAPI.DLL                                                                                                	0x7ffd122a0000        	1       	DelayloadDependency 
892       	svchost.exe         	NSI.dll                                                               	0x8000          	C:\Windows\System32\NSI.dll                                                                                                     	0x7ffd13870000        	1       	DelayloadDependency 
892       	svchost.exe         	fwbase.dll                                                            	0x3a000         	C:\Windows\system32\fwbase.dll                                                                                                  	0x7ffd11ab0000        	1       	DelayloadDependency 
892       	svchost.exe         	mswsock.dll                                                           	0x6a000         	C:\Windows\system32\mswsock.dll                                                                                                 	0x7ffd125b0000        	1       	DynamicLoad         
892       	svchost.exe         	powrprof.dll                                                          	0x4b000         	C:\Windows\SYSTEM32\powrprof.dll                                                                                                	0x7ffd12c90000        	1       	DelayloadDependency 
892       	svchost.exe         	UMPDC.dll                                                             	0x12000         	C:\Windows\SYSTEM32\UMPDC.dll                                                                                                   	0x7ffd12a70000        	1       	DelayloadDependency 
892       	svchost.exe         	clbcatq.dll                                                           	0xa9000         	C:\Windows\System32\clbcatq.dll                                                                                                 	0x7ffd13d50000        	1       	DelayloadDependency 
892       	svchost.exe         	fwpuclnt.dll                                                          	0x82000         	C:\Windows\system32\fwpuclnt.dll                                                                                                	0x7ffd07b70000        	1       	DelayloadDependency 
892       	svchost.exe         	bcrypt.dll                                                            	0x27000         	C:\Windows\System32\bcrypt.dll                                                                                                  	0x7ffd13280000        	2       	StaticDependency    
892       	svchost.exe         	wshhyperv.dll                                                         	0x7000          	C:\Windows\system32\wshhyperv.dll                                                                                               	0x7ffd109b0000        	1       	DynamicLoad         
892       	svchost.exe         	OLEAUT32.dll                                                          	0xcd000         	C:\Windows\System32\OLEAUT32.dll                                                                                                	0x7ffd13e00000        	1       	DelayloadDependency 
892       	svchost.exe         	msvcp_win.dll                                                         	0x9d000         	C:\Windows\System32\msvcp_win.dll                                                                                               	0x7ffd130e0000        	1       	StaticDependency    
892       	svchost.exe         	kernel.appcore.dll                                                    	0x12000         	C:\Windows\SYSTEM32\kernel.appcore.dll                                                                                          	0x7ffd10db0000        	1       	DelayloadDependency 
892       	svchost.exe         	wtsapi32.dll                                                          	0x14000         	C:\Windows\SYSTEM32\wtsapi32.dll                                                                                                	0x7ffd0ebb0000        	1       	DelayloadDependency 
892       	svchost.exe         	WINSTA.dll                                                            	0x64000         	C:\Windows\SYSTEM32\WINSTA.dll                                                                                                  	0x7ffd12880000        	1       	DelayloadDependency 
892       	svchost.exe         	usermgrcli.dll                                                        	0x16000         	C:\Windows\SYSTEM32\usermgrcli.dll                                                                                              	0x7ffd0e580000        	1       	DelayloadDependency 
892       	svchost.exe         	windows.staterepositorycore.dll                                       	0x11000         	C:\Windows\SYSTEM32\windows.staterepositorycore.dll                                                                             	0x7ffd067c0000        	1       	DelayloadDependency 
892       	svchost.exe         	capauthz.dll                                                          	0x51000         	C:\Windows\SYSTEM32\capauthz.dll                                                                                                	0x7ffd06d20000        	1       	DelayloadDependency 
892       	svchost.exe         	shcore.dll                                                            	0xad000         	C:\Windows\System32\shcore.dll                                                                                                  	0x7ffd13880000        	1       	StaticDependency    
892       	svchost.exe         	WINTRUST.dll                                                          	0x67000         	C:\Windows\System32\WINTRUST.dll                                                                                                	0x7ffd13340000        	1       	StaticDependency    
892       	svchost.exe         	CRYPT32.dll                                                           	0x15e000        	C:\Windows\System32\CRYPT32.dll                                                                                                 	0x7ffd12f80000        	1       	DelayloadDependency 
892       	svchost.exe         	MSASN1.dll                                                            	0x12000         	C:\Windows\SYSTEM32\MSASN1.dll                                                                                                  	0x7ffd12a50000        	1       	DelayloadDependency 
892       	svchost.exe         	AppXDeploymentClient.dll                                              	0x104000        	c:\windows\system32\AppXDeploymentClient.dll                                                                                    	0x7ffd0c590000        	1       	DelayloadDependency 
892       	svchost.exe         	daxexec.dll                                                           	0xaf000         	C:\Windows\SYSTEM32\daxexec.dll                                                                                                 	0x7ffcfa250000        	1       	DelayloadDependency 
892       	svchost.exe         	FLTLIB.DLL                                                            	0xb000          	c:\windows\system32\FLTLIB.DLL                                                                                                  	0x7ffd00430000        	1       	StaticDependency    
892       	svchost.exe         	profapi.dll                                                           	0x1f000         	c:\windows\system32\profapi.dll                                                                                                 	0x7ffd12e10000        	1       	StaticDependency    
892       	svchost.exe         	container.dll                                                         	0x42000         	c:\windows\system32\container.dll                                                                                               	0x7ffcfa200000        	1       	StaticDependency    
892       	svchost.exe         	windows.storage.dll                                                   	0x793000        	C:\Windows\SYSTEM32\windows.storage.dll                                                                                         	0x7ffd10fb0000        	1       	StaticDependency    
892       	svchost.exe         	ole32.dll                                                             	0x12a000        	C:\Windows\System32\ole32.dll                                                                                                   	0x7ffd140d0000        	1       	DelayloadDependency 
892       	svchost.exe         	GDI32.dll                                                             	0x2c000         	C:\Windows\System32\GDI32.dll                                                                                                   	0x7ffd13bf0000        	1       	StaticDependency    
892       	svchost.exe         	win32u.dll                                                            	0x22000         	C:\Windows\System32\win32u.dll                                                                                                  	0x7ffd13820000        	1       	StaticDependency    
892       	svchost.exe         	gdi32full.dll                                                         	0x115000        	C:\Windows\System32\gdi32full.dll                                                                                               	0x7ffd136b0000        	1       	StaticDependency    
892       	svchost.exe         	USER32.dll                                                            	0x19d000        	C:\Windows\System32\USER32.dll                                                                                                  	0x7ffd14e90000        	1       	StaticDependency    
940       	svchost.exe         	ntdll.dll                                                             	0x1f8000        	C:\Windows\SYSTEM32\ntdll.dll                                                                                                   	0x7ffd157f0000        	2       	StaticDependency    
940       	svchost.exe         	KERNEL32.DLL                                                          	0xbf000         	C:\Windows\System32\KERNEL32.DLL                                                                                                	0x7ffd155b0000        	2       	DynamicLoad         
940       	svchost.exe         	KERNELBASE.dll                                                        	0x2f6000        	C:\Windows\System32\KERNELBASE.dll                                                                                              	0x7ffd133b0000        	1       	StaticDependency    
940       	svchost.exe         	sechost.dll                                                           	0x9c000         	C:\Windows\System32\sechost.dll                                                                                                 	0x7ffd15450000        	2       	StaticDependency    
940       	svchost.exe         	RPCRT4.dll                                                            	0x126000        	C:\Windows\System32\RPCRT4.dll                                                                                                  	0x7ffd13c20000        	2       	StaticDependency    
940       	svchost.exe         	ucrtbase.dll                                                          	0x100000        	C:\Windows\System32\ucrtbase.dll                                                                                                	0x7ffd13180000        	2       	StaticDependency    
940       	svchost.exe         	lsm.dll                                                               	0xd6000         	c:\windows\system32\lsm.dll                                                                                                     	0x7ffd10cd0000        	1       	DynamicLoad         
940       	svchost.exe         	msvcrt.dll                                                            	0x9e000         	C:\Windows\System32\msvcrt.dll                                                                                                  	0x7ffd13af0000        	1       	StaticDependency    
940       	svchost.exe         	USER32.dll                                                            	0x19d000        	C:\Windows\System32\USER32.dll                                                                                                  	0x7ffd14e90000        	1       	StaticDependency    
940       	svchost.exe         	win32u.dll                                                            	0x22000         	C:\Windows\System32\win32u.dll                                                                                                  	0x7ffd13820000        	1       	StaticDependency    
940       	svchost.exe         	GDI32.dll                                                             	0x2c000         	C:\Windows\System32\GDI32.dll                                                                                                   	0x7ffd13bf0000        	1       	StaticDependency    
940       	svchost.exe         	gdi32full.dll                                                         	0x115000        	C:\Windows\System32\gdi32full.dll                                                                                               	0x7ffd136b0000        	1       	StaticDependency    
940       	svchost.exe         	msvcp_win.dll                                                         	0x9d000         	C:\Windows\System32\msvcp_win.dll                                                                                               	0x7ffd130e0000        	1       	StaticDependency    
940       	svchost.exe         	combase.dll                                                           	0x354000        	C:\Windows\System32\combase.dll                                                                                                 	0x7ffd150f0000        	1       	StaticDependency    
940       	svchost.exe         	advapi32.dll                                                          	0xaf000         	C:\Windows\System32\advapi32.dll                                                                                                	0x7ffd15040000        	1       	StaticDependency    
940       	svchost.exe         	dwmapi.dll                                                            	0x2f000         	c:\windows\system32\dwmapi.dll                                                                                                  	0x7ffd10bd0000        	1       	StaticDependency    
940       	svchost.exe         	WLDP.DLL                                                              	0x2e000         	C:\Windows\SYSTEM32\WLDP.DLL                                                                                                    	0x7ffd12850000        	1       	DynamicLoad         
940       	svchost.exe         	cfgmgr32.dll                                                          	0x4e000         	C:\Windows\System32\cfgmgr32.dll                                                                                                	0x7ffd137d0000        	1       	DynamicLoad         
940       	svchost.exe         	bcryptPrimitives.dll                                                  	0x82000         	C:\Windows\System32\bcryptPrimitives.dll                                                                                        	0x7ffd132b0000        	3       	DelayloadDependency 
940       	svchost.exe         	shcore.dll                                                            	0xad000         	C:\Windows\System32\shcore.dll                                                                                                  	0x7ffd13880000        	1       	DelayloadDependency 
940       	svchost.exe         	WS2_32.dll                                                            	0x6b000         	C:\Windows\System32\WS2_32.dll                                                                                                  	0x7ffd14dc0000        	1       	DelayloadDependency 
940       	svchost.exe         	mswsock.dll                                                           	0x6a000         	C:\Windows\system32\mswsock.dll                                                                                                 	0x7ffd125b0000        	1       	DynamicLoad         
940       	svchost.exe         	wshhyperv.dll                                                         	0x7000          	C:\Windows\system32\wshhyperv.dll                                                                                               	0x7ffd109b0000        	1       	DynamicLoad         
940       	svchost.exe         	SYSNTFY.dll                                                           	0xc000          	c:\windows\system32\SYSNTFY.dll                                                                                                 	0x7ffd109a0000        	1       	DelayloadDependency 
940       	svchost.exe         	dxgi.dll                                                              	0xf3000         	C:\Windows\SYSTEM32\dxgi.dll                                                                                                    	0x7ffd11790000        	1       	DynamicLoad         
940       	svchost.exe         	sspicli.dll                                                           	0x32000         	C:\Windows\system32\sspicli.dll                                                                                                 	0x7ffd12dc0000        	1       	DynamicLoad         
940       	svchost.exe         	Userenv.dll                                                           	0x2e000         	C:\Windows\System32\Userenv.dll                                                                                                 	0x7ffd12d90000        	1       	DynamicLoad         
940       	svchost.exe         	DEVOBJ.dll                                                            	0x2c000         	c:\windows\system32\DEVOBJ.dll                                                                                                  	0x7ffd12c30000        	1       	DelayloadDependency 
940       	svchost.exe         	kernel.appcore.dll                                                    	0x12000         	C:\Windows\SYSTEM32\kernel.appcore.dll                                                                                          	0x7ffd10db0000        	1       	DelayloadDependency 
940       	svchost.exe         	clbcatq.dll                                                           	0xa9000         	C:\Windows\System32\clbcatq.dll                                                                                                 	0x7ffd13d50000        	1       	DelayloadDependency 
940       	svchost.exe         	lsmproxy.dll                                                          	0x11000         	C:\Windows\system32\lsmproxy.dll                                                                                                	0x7ffd0e520000        	1       	DynamicLoad         
940       	svchost.exe         	AppXAllUserStore.dll                                                  	0x60000         	C:\Windows\system32\AppXAllUserStore.dll                                                                                        	0x7ffcfcb80000        	1       	DynamicLoad         
940       	svchost.exe         	OLEAUT32.dll                                                          	0xcd000         	C:\Windows\System32\OLEAUT32.dll                                                                                                	0x7ffd13e00000        	1       	StaticDependency    
940       	svchost.exe         	Windows.StateRepositoryPS.dll                                         	0x146000        	C:\Windows\System32\Windows.StateRepositoryPS.dll                                                                               	0x7ffd01c90000        	1       	DynamicLoad         
940       	svchost.exe         	samcli.dll                                                            	0x19000         	c:\windows\system32\samcli.dll                                                                                                  	0x7ffd092d0000        	1       	DelayloadDependency 
940       	svchost.exe         	SAMLIB.dll                                                            	0x27000         	c:\windows\system32\SAMLIB.dll                                                                                                  	0x7ffd0eb50000        	1       	DelayloadDependency 
940       	svchost.exe         	WMsgAPI.dll                                                           	0xa000          	c:\windows\system32\WMsgAPI.dll                                                                                                 	0x7ffd0b600000        	1       	DelayloadDependency 
1008      	LogonUI.exe         	ntdll.dll                                                             	0x1f8000        	C:\Windows\SYSTEM32\ntdll.dll                                                                                                   	0x7ffd157f0000        	2       	StaticDependency    
1008      	LogonUI.exe         	KERNEL32.DLL                                                          	0xbf000         	C:\Windows\System32\KERNEL32.DLL                                                                                                	0x7ffd155b0000        	2       	DynamicLoad         
1008      	LogonUI.exe         	KERNELBASE.dll                                                        	0x2f6000        	C:\Windows\System32\KERNELBASE.dll                                                                                              	0x7ffd133b0000        	1       	StaticDependency    
1008      	LogonUI.exe         	msvcrt.dll                                                            	0x9e000         	C:\Windows\System32\msvcrt.dll                                                                                                  	0x7ffd13af0000        	2       	StaticDependency    
1008      	LogonUI.exe         	combase.dll                                                           	0x354000        	C:\Windows\System32\combase.dll                                                                                                 	0x7ffd150f0000        	2       	StaticDependency    
1008      	LogonUI.exe         	ucrtbase.dll                                                          	0x100000        	C:\Windows\System32\ucrtbase.dll                                                                                                	0x7ffd13180000        	2       	StaticDependency    
1008      	LogonUI.exe         	RPCRT4.dll                                                            	0x126000        	C:\Windows\System32\RPCRT4.dll                                                                                                  	0x7ffd13c20000        	2       	StaticDependency    
1008      	LogonUI.exe         	kernel.appcore.dll                                                    	0x12000         	C:\Windows\SYSTEM32\kernel.appcore.dll                                                                                          	0x7ffd10db0000        	1       	DelayloadDependency 
1008      	LogonUI.exe         	bcryptPrimitives.dll                                                  	0x82000         	C:\Windows\System32\bcryptPrimitives.dll                                                                                        	0x7ffd132b0000        	3       	DelayloadDependency 
1008      	LogonUI.exe         	user32.dll                                                            	0x19d000        	C:\Windows\System32\user32.dll                                                                                                  	0x7ffd14e90000        	1       	DelayloadDependency 
1008      	LogonUI.exe         	win32u.dll                                                            	0x22000         	C:\Windows\System32\win32u.dll                                                                                                  	0x7ffd13820000        	1       	StaticDependency    
1008      	LogonUI.exe         	GDI32.dll                                                             	0x2c000         	C:\Windows\System32\GDI32.dll                                                                                                   	0x7ffd13bf0000        	1       	StaticDependency    
1008      	LogonUI.exe         	gdi32full.dll                                                         	0x115000        	C:\Windows\System32\gdi32full.dll                                                                                               	0x7ffd136b0000        	1       	StaticDependency    
1008      	LogonUI.exe         	msvcp_win.dll                                                         	0x9d000         	C:\Windows\System32\msvcp_win.dll                                                                                               	0x7ffd130e0000        	1       	StaticDependency    
1008      	LogonUI.exe         	IMM32.DLL                                                             	0x30000         	C:\Windows\System32\IMM32.DLL                                                                                                   	0x7ffd15780000        	1       	DynamicLoad         
1008      	LogonUI.exe         	uxtheme.dll                                                           	0x9e000         	C:\Windows\system32\uxtheme.dll                                                                                                 	0x7ffd108e0000        	1       	DynamicLoad         
1008      	LogonUI.exe         	clbcatq.dll                                                           	0xa9000         	C:\Windows\System32\clbcatq.dll                                                                                                 	0x7ffd13d50000        	1       	DelayloadDependency 
1008      	LogonUI.exe         	logoncontroller.dll                                                   	0xda000         	C:\Windows\System32\logoncontroller.dll                                                                                         	0x7ffd10620000        	1       	DynamicLoad         
1008      	LogonUI.exe         	SHCORE.dll                                                            	0xad000         	C:\Windows\System32\SHCORE.dll                                                                                                  	0x7ffd13880000        	1       	StaticDependency    
1008      	LogonUI.exe         	SHLWAPI.dll                                                           	0x55000         	C:\Windows\System32\SHLWAPI.dll                                                                                                 	0x7ffd15550000        	1       	StaticDependency    
1008      	LogonUI.exe         	UMPDC.dll                                                             	0x12000         	C:\Windows\System32\UMPDC.dll                                                                                                   	0x7ffd12a70000        	1       	StaticDependency    
1008      	LogonUI.exe         	sechost.dll                                                           	0x9c000         	C:\Windows\System32\sechost.dll                                                                                                 	0x7ffd15450000        	1       	StaticDependency    
1008      	LogonUI.exe         	dxgi.dll                                                              	0xf3000         	C:\Windows\System32\dxgi.dll                                                                                                    	0x7ffd11790000        	1       	StaticDependency    
1008      	LogonUI.exe         	cfgmgr32.dll                                                          	0x4e000         	C:\Windows\System32\cfgmgr32.dll                                                                                                	0x7ffd137d0000        	1       	StaticDependency    
1008      	LogonUI.exe         	advapi32.dll                                                          	0xaf000         	C:\Windows\System32\advapi32.dll                                                                                                	0x7ffd15040000        	1       	StaticDependency    
1008      	LogonUI.exe         	powrprof.dll                                                          	0x4b000         	C:\Windows\SYSTEM32\powrprof.dll                                                                                                	0x7ffd12c90000        	1       	StaticDependency    
1008      	LogonUI.exe         	USERENV.dll                                                           	0x2e000         	C:\Windows\System32\USERENV.dll                                                                                                 	0x7ffd12d90000        	1       	StaticDependency    
1008      	LogonUI.exe         	SLC.dll                                                               	0x29000         	C:\Windows\System32\SLC.dll                                                                                                     	0x7ffd11a10000        	1       	StaticDependency    
1008      	LogonUI.exe         	sppc.dll                                                              	0x25000         	C:\Windows\System32\sppc.dll                                                                                                    	0x7ffd119e0000        	1       	StaticDependency    
1008      	LogonUI.exe         	dsreg.dll                                                             	0x14d000        	C:\Windows\System32\dsreg.dll                                                                                                   	0x7ffd0fbb0000        	1       	DelayloadDependency 
1008      	LogonUI.exe         	OLEAUT32.dll                                                          	0xcd000         	C:\Windows\System32\OLEAUT32.dll                                                                                                	0x7ffd13e00000        	1       	StaticDependency    
1008      	LogonUI.exe         	msvcp110_win.dll                                                      	0x8a000         	C:\Windows\System32\msvcp110_win.dll                                                                                            	0x7ffd11fa0000        	1       	StaticDependency    
1008      	LogonUI.exe         	cryptsp.dll                                                           	0x18000         	C:\Windows\SYSTEM32\cryptsp.dll                                                                                                 	0x7ffd127a0000        	1       	StaticDependency    
1008      	LogonUI.exe         	dwmapi.dll                                                            	0x2f000         	C:\Windows\system32\dwmapi.dll                                                                                                  	0x7ffd10bd0000        	1       	DelayloadDependency 
1008      	LogonUI.exe         	MSCTF.dll                                                             	0x114000        	C:\Windows\System32\MSCTF.dll                                                                                                   	0x7ffd13fb0000        	1       	DelayloadDependency 
1008      	LogonUI.exe         	CRYPT32.dll                                                           	0x15e000        	C:\Windows\System32\CRYPT32.dll                                                                                                 	0x7ffd12f80000        	1       	DelayloadDependency 
1008      	LogonUI.exe         	wtsapi32.dll                                                          	0x14000         	C:\Windows\SYSTEM32\wtsapi32.dll                                                                                                	0x7ffd0ebb0000        	1       	DelayloadDependency 
1008      	LogonUI.exe         	WINSTA.dll                                                            	0x64000         	C:\Windows\SYSTEM32\WINSTA.dll                                                                                                  	0x7ffd12880000        	1       	DelayloadDependency 
1008      	LogonUI.exe         	shacct.dll                                                            	0x29000         	C:\Windows\System32\shacct.dll                                                                                                  	0x7ffd0eb80000        	1       	DynamicLoad         
1008      	LogonUI.exe         	SAMLIB.dll                                                            	0x27000         	C:\Windows\System32\SAMLIB.dll                                                                                                  	0x7ffd0eb50000        	1       	DelayloadDependency 
1008      	LogonUI.exe         	PROPSYS.dll                                                           	0xf6000         	C:\Windows\System32\PROPSYS.dll                                                                                                 	0x7ffd0ea50000        	1       	DelayloadDependency 
1008      	LogonUI.exe         	Windows.UI.Logon.dll                                                  	0x2f9000        	C:\Windows\system32\Windows.UI.Logon.dll                                                                                        	0x7ffd0ae20000        	1       	DynamicLoad         
1008      	LogonUI.exe         	dcomp.dll                                                             	0x1e3000        	C:\Windows\system32\dcomp.dll                                                                                                   	0x7ffd0f9c0000        	1       	StaticDependency    
1008      	LogonUI.exe         	wincorlib.DLL                                                         	0x6f000         	C:\Windows\system32\wincorlib.DLL                                                                                               	0x7ffd0adb0000        	1       	StaticDependency    
1008      	LogonUI.exe         	Bcp47Langs.dll                                                        	0x5b000         	C:\Windows\System32\Bcp47Langs.dll                                                                                              	0x7ffd0ad50000        	1       	DelayloadDependency 
1008      	LogonUI.exe         	Windows.UI.XamlHost.dll                                               	0x39000         	C:\Windows\System32\Windows.UI.XamlHost.dll                                                                                     	0x7ffd0ad10000        	1       	DynamicLoad         
1008      	LogonUI.exe         	MrmCoreR.dll                                                          	0xf4000         	C:\Windows\System32\MrmCoreR.dll                                                                                                	0x7ffd0ac10000        	1       	DynamicLoad         
1008      	LogonUI.exe         	Windows.UI.dll                                                        	0x141000        	C:\Windows\System32\Windows.UI.dll                                                                                              	0x7ffd0aa40000        	1       	DynamicLoad         
1008      	LogonUI.exe         	WindowManagementAPI.dll                                               	0xa1000         	C:\Windows\System32\WindowManagementAPI.dll                                                                                     	0x7ffd0e050000        	1       	StaticDependency    
1008      	LogonUI.exe         	twinapi.appcore.dll                                                   	0x200000        	C:\Windows\SYSTEM32\twinapi.appcore.dll                                                                                         	0x7ffd0de50000        	1       	StaticDependency    
1008      	LogonUI.exe         	wintypes.dll                                                          	0x154000        	C:\Windows\SYSTEM32\wintypes.dll                                                                                                	0x7ffd0ebd0000        	1       	StaticDependency    
1008      	LogonUI.exe         	CoreMessaging.dll                                                     	0xf2000         	C:\Windows\System32\CoreMessaging.dll                                                                                           	0x7ffd103f0000        	2       	StaticDependency    
1008      	LogonUI.exe         	WS2_32.dll                                                            	0x6b000         	C:\Windows\System32\WS2_32.dll                                                                                                  	0x7ffd14dc0000        	1       	StaticDependency    
1008      	LogonUI.exe         	TextInputFramework.dll                                                	0xfa000         	C:\Windows\System32\TextInputFramework.dll                                                                                      	0x7ffd0a940000        	1       	StaticDependency    
1008      	LogonUI.exe         	CoreUIComponents.dll                                                  	0x35e000        	C:\Windows\System32\CoreUIComponents.dll                                                                                        	0x7ffd0fd10000        	1       	StaticDependency    
1008      	LogonUI.exe         	InputHost.dll                                                         	0x152000        	C:\Windows\System32\InputHost.dll                                                                                               	0x7ffd0a7e0000        	1       	StaticDependency    
1008      	LogonUI.exe         	ntmarta.dll                                                           	0x33000         	C:\Windows\SYSTEM32\ntmarta.dll                                                                                                 	0x7ffd11f60000        	1       	StaticDependency    
1008      	LogonUI.exe         	languageoverlayutil.dll                                               	0x41000         	C:\Windows\SYSTEM32\languageoverlayutil.dll                                                                                     	0x7ffd0a790000        	1       	DelayloadDependency 
1008      	LogonUI.exe         	bcp47mrm.dll                                                          	0x2d000         	C:\Windows\System32\bcp47mrm.dll                                                                                                	0x7ffd0a760000        	1       	DelayloadDependency 
1008      	LogonUI.exe         	Windows.UI.Xaml.dll                                                   	0x10bf000       	C:\Windows\System32\Windows.UI.Xaml.dll                                                                                         	0x7ffd09490000        	1       	DynamicLoad         
1008      	LogonUI.exe         	iertutil.dll                                                          	0x2b1000        	C:\Windows\System32\iertutil.dll                                                                                                	0x7ffd09010000        	1       	StaticDependency    
1008      	LogonUI.exe         	Windows.UI.Immersive.dll                                              	0x139000        	C:\Windows\System32\Windows.UI.Immersive.dll                                                                                    	0x7ffd08ed0000        	1       	DynamicLoad         
1008      	LogonUI.exe         	profapi.dll                                                           	0x1f000         	C:\Windows\System32\profapi.dll                                                                                                 	0x7ffd12e10000        	1       	StaticDependency    
1008      	LogonUI.exe         	urlmon.dll                                                            	0x1ec000        	C:\Windows\SYSTEM32\urlmon.dll                                                                                                  	0x7ffd08ce0000        	1       	DelayloadDependency 
1008      	LogonUI.exe         	netutils.dll                                                          	0xc000          	C:\Windows\System32\netutils.dll                                                                                                	0x7ffd123b0000        	1       	StaticDependency    
1008      	LogonUI.exe         	srvcli.dll                                                            	0x28000         	C:\Windows\System32\srvcli.dll                                                                                                  	0x7ffd08cb0000        	1       	StaticDependency    
1008      	LogonUI.exe         	d3d11.dll                                                             	0x263000        	C:\Windows\SYSTEM32\d3d11.dll                                                                                                   	0x7ffd0f750000        	1       	DynamicLoad         
1008      	LogonUI.exe         	vm3dum64_loader.dll                                                   	0x4f000         	C:\Windows\system32\vm3dum64_loader.dll                                                                                         	0x7ffd0ba90000        	1       	DynamicLoad         
1008      	LogonUI.exe         	vm3dum64_10.dll                                                       	0x9a000         	C:\Windows\system32\vm3dum64_10.dll                                                                                             	0x7ffd0b9f0000        	1       	DynamicLoad         
1008      	LogonUI.exe         	WINMM.dll                                                             	0x27000         	C:\Windows\system32\WINMM.dll                                                                                                   	0x7ffd0b9c0000        	1       	StaticDependency    
1008      	LogonUI.exe         	VERSION.dll                                                           	0xa000          	C:\Windows\system32\VERSION.dll                                                                                                 	0x7ffd0b9b0000        	1       	StaticDependency    
1008      	LogonUI.exe         	dxcore.dll                                                            	0x3b000         	C:\Windows\SYSTEM32\dxcore.dll                                                                                                  	0x7ffd0db60000        	1       	DelayloadDependency 
1008      	LogonUI.exe         	d2d1.dll                                                              	0x5c0000        	C:\Windows\SYSTEM32\d2d1.dll                                                                                                    	0x7ffd0f190000        	1       	DynamicLoad         
1008      	LogonUI.exe         	dwrite.dll                                                            	0x27f000        	C:\Windows\SYSTEM32\dwrite.dll                                                                                                  	0x7ffd08800000        	1       	DynamicLoad         
1008      	LogonUI.exe         	Windows.Globalization.dll                                             	0x1a6000        	C:\Windows\System32\Windows.Globalization.dll                                                                                   	0x7ffd08650000        	1       	DynamicLoad         
1008      	LogonUI.exe         	directmanipulation.dll                                                	0x9e000         	C:\Windows\system32\directmanipulation.dll                                                                                      	0x7ffd07d90000        	1       	DynamicLoad         
1008      	LogonUI.exe         	TextShaping.dll                                                       	0xac000         	C:\Windows\SYSTEM32\TextShaping.dll                                                                                             	0x7ffd06b50000        	1       	DelayloadDependency 
1008      	LogonUI.exe         	bcrypt.dll                                                            	0x27000         	C:\Windows\System32\bcrypt.dll                                                                                                  	0x7ffd13280000        	3       	DelayloadDependency 
1008      	LogonUI.exe         	Windows.UI.Xaml.Controls.dll                                          	0x3dc000        	C:\Windows\System32\Windows.UI.Xaml.Controls.dll                                                                                	0x7ffd07ed0000        	1       	DynamicLoad         
1008      	LogonUI.exe         	FontGlyphAnimator.dll                                                 	0x13000         	C:\Windows\system32\FontGlyphAnimator.dll                                                                                       	0x7ffd06ab0000        	1       	DynamicLoad         
1008      	LogonUI.exe         	CredProvDataModel.dll                                                 	0x9b000         	C:\Windows\system32\CredProvDataModel.dll                                                                                       	0x7ffd06940000        	1       	DynamicLoad         
1008      	LogonUI.exe         	NetworkIcon.dll                                                       	0x2e000         	C:\Windows\System32\NetworkIcon.dll                                                                                             	0x7ffd06910000        	1       	DynamicLoad         
1008      	LogonUI.exe         	IPHLPAPI.DLL                                                          	0x3c000         	C:\Windows\System32\IPHLPAPI.DLL                                                                                                	0x7ffd122a0000        	1       	StaticDependency    
1008      	LogonUI.exe         	Windows.ApplicationModel.dll                                          	0xe6000         	C:\Windows\System32\Windows.ApplicationModel.dll                                                                                	0x7ffd06820000        	1       	DynamicLoad         
1008      	LogonUI.exe         	SHELL32.dll                                                           	0x744000        	C:\Windows\System32\SHELL32.dll                                                                                                 	0x7ffd14200000        	1       	DelayloadDependency 
1008      	LogonUI.exe         	NetworkUXBroker.dll                                                   	0x6d000         	C:\Windows\System32\NetworkUXBroker.dll                                                                                         	0x7ffd06750000        	1       	DynamicLoad         
1008      	LogonUI.exe         	windows.storage.dll                                                   	0x793000        	C:\Windows\SYSTEM32\windows.storage.dll                                                                                         	0x7ffd10fb0000        	1       	DelayloadDependency 
1008      	LogonUI.exe         	Wldp.dll                                                              	0x2e000         	C:\Windows\System32\Wldp.dll                                                                                                    	0x7ffd12850000        	1       	StaticDependency    
1008      	LogonUI.exe         	Windows.Graphics.dll                                                  	0x8d000         	C:\Windows\System32\Windows.Graphics.dll                                                                                        	0x7ffd0c250000        	1       	DynamicLoad         
1008      	LogonUI.exe         	EthernetMediaManager.dll                                              	0x34000         	C:\Windows\System32\EthernetMediaManager.dll                                                                                    	0x7ffd06710000        	1       	DynamicLoad         
1008      	LogonUI.exe         	WINHTTP.dll                                                           	0x10a000        	C:\Windows\System32\WINHTTP.dll                                                                                                 	0x7ffd0a550000        	1       	StaticDependency    
1008      	LogonUI.exe         	NSI.dll                                                               	0x8000          	C:\Windows\System32\NSI.dll                                                                                                     	0x7ffd13870000        	1       	DelayloadDependency 
1008      	LogonUI.exe         	netprofm.dll                                                          	0x3f000         	C:\Windows\System32\netprofm.dll                                                                                                	0x7ffd0e540000        	1       	DynamicLoad         
1008      	LogonUI.exe         	windowscodecs.dll                                                     	0x1b4000        	C:\Windows\system32\windowscodecs.dll                                                                                           	0x7ffd0dba0000        	1       	DynamicLoad         
1008      	LogonUI.exe         	npmproxy.dll                                                          	0x10000         	C:\Windows\System32\npmproxy.dll                                                                                                	0x7ffd06c00000        	1       	DynamicLoad         
1008      	LogonUI.exe         	wuceffects.dll                                                        	0x43000         	C:\Windows\system32\wuceffects.dll                                                                                              	0x7ffd06540000        	1       	DelayloadDependency 
1008      	LogonUI.exe         	credprovhost.dll                                                      	0x6b000         	C:\Windows\System32\credprovhost.dll                                                                                            	0x7ffd064d0000        	1       	DynamicLoad         
1008      	LogonUI.exe         	SspiCli.dll                                                           	0x32000         	C:\Windows\System32\SspiCli.dll                                                                                                 	0x7ffd12dc0000        	1       	StaticDependency    
1008      	LogonUI.exe         	samcli.dll                                                            	0x19000         	C:\Windows\System32\samcli.dll                                                                                                  	0x7ffd092d0000        	1       	StaticDependency    
1008      	LogonUI.exe         	credprovs.dll                                                         	0x66000         	C:\Windows\system32\credprovs.dll                                                                                               	0x7ffd06460000        	1       	DynamicLoad         
1008      	LogonUI.exe         	credprovslegacy.dll                                                   	0x3d000         	C:\Windows\system32\credprovslegacy.dll                                                                                         	0x7ffd06420000        	1       	DynamicLoad         
1008      	LogonUI.exe         	FaceCredentialProvider.dll                                            	0x9a000         	C:\Windows\System32\FaceCredentialProvider.dll                                                                                  	0x7ffd06380000        	1       	DynamicLoad         
1008      	LogonUI.exe         	Windows.Devices.Enumeration.dll                                       	0x87000         	C:\Windows\System32\Windows.Devices.Enumeration.dll                                                                             	0x7ffd062f0000        	1       	DynamicLoad         
1008      	LogonUI.exe         	SmartcardCredentialProvider.dll                                       	0xcd000         	C:\Windows\system32\SmartcardCredentialProvider.dll                                                                             	0x7ffd06220000        	1       	DynamicLoad         
1008      	LogonUI.exe         	OneCoreUAPCommonProxyStub.dll                                         	0x7cb000        	C:\Windows\System32\OneCoreUAPCommonProxyStub.dll                                                                               	0x7ffd0c960000        	1       	DynamicLoad         
1008      	LogonUI.exe         	StructuredQuery.dll                                                   	0xa6000         	C:\Windows\System32\StructuredQuery.dll                                                                                         	0x7ffd06170000        	1       	DynamicLoad         
1008      	LogonUI.exe         	BioCredProv.dll                                                       	0x63000         	C:\Windows\System32\BioCredProv.dll                                                                                             	0x7ffd06100000        	1       	DynamicLoad         
1008      	LogonUI.exe         	ngckeyenum.dll                                                        	0x3d000         	C:\Windows\System32\ngckeyenum.dll                                                                                              	0x7ffd060c0000        	1       	StaticDependency    
1008      	LogonUI.exe         	ncrypt.dll                                                            	0x28000         	C:\Windows\System32\ncrypt.dll                                                                                                  	0x7ffd12930000        	1       	StaticDependency    
1008      	LogonUI.exe         	NTASN1.dll                                                            	0x3b000         	C:\Windows\System32\NTASN1.dll                                                                                                  	0x7ffd128f0000        	1       	DelayloadDependency 
1008      	LogonUI.exe         	threadpoolwinrt.dll                                                   	0x14000         	C:\Windows\System32\threadpoolwinrt.dll                                                                                         	0x7ffd060a0000        	1       	DynamicLoad         
1008      	LogonUI.exe         	cxcredprov.dll                                                        	0x26000         	C:\Windows\System32\cxcredprov.dll                                                                                              	0x7ffd06070000        	1       	DynamicLoad         
1008      	LogonUI.exe         	ngccredprov.dll                                                       	0xab000         	C:\Windows\System32\ngccredprov.dll                                                                                             	0x7ffd05fc0000        	1       	DynamicLoad         
1008      	LogonUI.exe         	PhotoMetadataHandler.dll                                              	0x81000         	C:\Windows\SYSTEM32\PhotoMetadataHandler.dll                                                                                    	0x7ffd05f00000        	1       	DynamicLoad         
1008      	LogonUI.exe         	MSWB7.dll                                                             	0x46000         	C:\Windows\System32\MSWB7.dll                                                                                                   	0x7ffd05eb0000        	1       	DynamicLoad         
1008      	LogonUI.exe         	rdpcredentialprovider.dll                                             	0x18000         	C:\Windows\system32\rdpcredentialprovider.dll                                                                                   	0x7ffd05e90000        	1       	DynamicLoad         
1008      	LogonUI.exe         	Secur32.dll                                                           	0xc000          	C:\Windows\system32\Secur32.dll                                                                                                 	0x7ffd05e80000        	1       	StaticDependency    
1008      	LogonUI.exe         	wlidcredprov.dll                                                      	0x4f000         	C:\Windows\system32\wlidcredprov.dll                                                                                            	0x7ffd05e30000        	1       	DynamicLoad         
1008      	LogonUI.exe         	rasplap.dll                                                           	0x41000         	C:\Windows\system32\rasplap.dll                                                                                                 	0x7ffd05de0000        	1       	DynamicLoad         
1008      	LogonUI.exe         	rtutils.dll                                                           	0x16000         	C:\Windows\system32\rtutils.dll                                                                                                 	0x7ffd05dc0000        	1       	StaticDependency    
1008      	LogonUI.exe         	CredProv2faHelper.dll                                                 	0x1e000         	C:\Windows\system32\CredProv2faHelper.dll                                                                                       	0x7ffd05da0000        	1       	DynamicLoad         
1008      	LogonUI.exe         	CredProvHelper.dll                                                    	0x1f000         	C:\Windows\system32\CredProvHelper.dll                                                                                          	0x7ffd05d80000        	1       	DynamicLoad         
1008      	LogonUI.exe         	DevDispItemProvider.dll                                               	0x20000         	C:\Windows\System32\DevDispItemProvider.dll                                                                                     	0x7ffd05d60000        	1       	DynamicLoad         
1008      	LogonUI.exe         	Windows.Media.dll                                                     	0x726000        	C:\Windows\System32\Windows.Media.dll                                                                                           	0x7ffd05630000        	1       	DynamicLoad         
1008      	LogonUI.exe         	OneCoreCommonProxyStub.dll                                            	0x7f000         	C:\Windows\System32\OneCoreCommonProxyStub.dll                                                                                  	0x7ffd055b0000        	1       	DynamicLoad         
1008      	LogonUI.exe         	IDStore.dll                                                           	0x2b000         	C:\Windows\System32\IDStore.dll                                                                                                 	0x7ffd05440000        	1       	DynamicLoad         
1008      	LogonUI.exe         	policymanager.dll                                                     	0xa3000         	C:\Windows\SYSTEM32\policymanager.dll                                                                                           	0x7ffd0c380000        	1       	DelayloadDependency 
1008      	LogonUI.exe         	winbio.dll                                                            	0x31000         	C:\Windows\SYSTEM32\winbio.dll                                                                                                  	0x7ffd05270000        	1       	DelayloadDependency 
1008      	LogonUI.exe         	wkscli.dll                                                            	0x19000         	C:\Windows\system32\wkscli.dll                                                                                                  	0x7ffd12030000        	1       	DelayloadDependency 
1008      	LogonUI.exe         	ole32.dll                                                             	0x12a000        	C:\Windows\System32\ole32.dll                                                                                                   	0x7ffd140d0000        	1       	DelayloadDependency 
1016      	dwm.exe             	ntdll.dll                                                             	0x1f8000        	C:\Windows\SYSTEM32\ntdll.dll                                                                                                   	0x7ffd157f0000        	2       	StaticDependency    
1016      	dwm.exe             	KERNEL32.DLL                                                          	0xbf000         	C:\Windows\System32\KERNEL32.DLL                                                                                                	0x7ffd155b0000        	2       	DynamicLoad         
1016      	dwm.exe             	KERNELBASE.dll                                                        	0x2f6000        	C:\Windows\System32\KERNELBASE.dll                                                                                              	0x7ffd133b0000        	1       	StaticDependency    
1016      	dwm.exe             	apphelp.dll                                                           	0x91000         	C:\Windows\SYSTEM32\apphelp.dll                                                                                                 	0x7ffd10730000        	2       	DynamicLoad         
1016      	dwm.exe             	ucrtbase.dll                                                          	0x100000        	C:\Windows\System32\ucrtbase.dll                                                                                                	0x7ffd13180000        	2       	StaticDependency    
1016      	dwm.exe             	advapi32.dll                                                          	0xaf000         	C:\Windows\System32\advapi32.dll                                                                                                	0x7ffd15040000        	2       	StaticDependency    
1016      	dwm.exe             	msvcrt.dll                                                            	0x9e000         	C:\Windows\System32\msvcrt.dll                                                                                                  	0x7ffd13af0000        	2       	StaticDependency    
1016      	dwm.exe             	sechost.dll                                                           	0x9c000         	C:\Windows\System32\sechost.dll                                                                                                 	0x7ffd15450000        	2       	StaticDependency    
1016      	dwm.exe             	RPCRT4.dll                                                            	0x126000        	C:\Windows\System32\RPCRT4.dll                                                                                                  	0x7ffd13c20000        	2       	StaticDependency    
1016      	dwm.exe             	gdi32.dll                                                             	0x2c000         	C:\Windows\System32\gdi32.dll                                                                                                   	0x7ffd13bf0000        	2       	StaticDependency    
1016      	dwm.exe             	win32u.dll                                                            	0x22000         	C:\Windows\System32\win32u.dll                                                                                                  	0x7ffd13820000        	2       	StaticDependency    
1016      	dwm.exe             	gdi32full.dll                                                         	0x115000        	C:\Windows\System32\gdi32full.dll                                                                                               	0x7ffd136b0000        	2       	StaticDependency    
1016      	dwm.exe             	msvcp_win.dll                                                         	0x9d000         	C:\Windows\System32\msvcp_win.dll                                                                                               	0x7ffd130e0000        	2       	StaticDependency    
1016      	dwm.exe             	USER32.dll                                                            	0x19d000        	C:\Windows\System32\USER32.dll                                                                                                  	0x7ffd14e90000        	2       	StaticDependency    
1016      	dwm.exe             	combase.dll                                                           	0x354000        	C:\Windows\System32\combase.dll                                                                                                 	0x7ffd150f0000        	2       	StaticDependency    
1016      	dwm.exe             	dwmredir.dll                                                          	0x2f000         	C:\Windows\SYSTEM32\dwmredir.dll                                                                                                	0x7ffd105f0000        	2       	StaticDependency    
1016      	dwm.exe             	udwm.dll                                                              	0xfd000         	C:\Windows\SYSTEM32\udwm.dll                                                                                                    	0x7ffd104f0000        	2       	StaticDependency    
1016      	dwm.exe             	dxgi.dll                                                              	0xf3000         	C:\Windows\system32\dxgi.dll                                                                                                    	0x7ffd11790000        	2       	StaticDependency    
1016      	dwm.exe             	cfgmgr32.dll                                                          	0x4e000         	C:\Windows\System32\cfgmgr32.dll                                                                                                	0x7ffd137d0000        	2       	StaticDependency    
1016      	dwm.exe             	CoreMessaging.dll                                                     	0xf2000         	C:\Windows\system32\CoreMessaging.dll                                                                                           	0x7ffd103f0000        	2       	StaticDependency    
1016      	dwm.exe             	WS2_32.dll                                                            	0x6b000         	C:\Windows\System32\WS2_32.dll                                                                                                  	0x7ffd14dc0000        	2       	StaticDependency    
1016      	dwm.exe             	dwmcore.dll                                                           	0x372000        	C:\Windows\system32\dwmcore.dll                                                                                                 	0x7ffd10070000        	2       	StaticDependency    
1016      	dwm.exe             	CoreUIComponents.dll                                                  	0x35e000        	C:\Windows\system32\CoreUIComponents.dll                                                                                        	0x7ffd0fd10000        	2       	StaticDependency    
1016      	dwm.exe             	powrprof.dll                                                          	0x4b000         	C:\Windows\SYSTEM32\powrprof.dll                                                                                                	0x7ffd12c90000        	2       	StaticDependency    
1016      	dwm.exe             	SHCORE.dll                                                            	0xad000         	C:\Windows\System32\SHCORE.dll                                                                                                  	0x7ffd13880000        	2       	StaticDependency    
1016      	dwm.exe             	dcomp.dll                                                             	0x1e3000        	C:\Windows\system32\dcomp.dll                                                                                                   	0x7ffd0f9c0000        	2       	StaticDependency    
1016      	dwm.exe             	ntmarta.dll                                                           	0x33000         	C:\Windows\SYSTEM32\ntmarta.dll                                                                                                 	0x7ffd11f60000        	2       	StaticDependency    
1016      	dwm.exe             	kernel.appcore.dll                                                    	0x12000         	C:\Windows\SYSTEM32\kernel.appcore.dll                                                                                          	0x7ffd10db0000        	2       	StaticDependency    
1016      	dwm.exe             	d3d11.dll                                                             	0x263000        	C:\Windows\system32\d3d11.dll                                                                                                   	0x7ffd0f750000        	2       	StaticDependency    
1016      	dwm.exe             	D3DCOMPILER_47.dll                                                    	0x45d000        	C:\Windows\system32\D3DCOMPILER_47.dll                                                                                          	0x7ffd0ed30000        	2       	StaticDependency    
1016      	dwm.exe             	d2d1.dll                                                              	0x5c0000        	C:\Windows\system32\d2d1.dll                                                                                                    	0x7ffd0f190000        	2       	StaticDependency    
1016      	dwm.exe             	CRYPTSP.dll                                                           	0x18000         	C:\Windows\system32\CRYPTSP.dll                                                                                                 	0x7ffd127a0000        	2       	StaticDependency    
1016      	dwm.exe             	wintypes.dll                                                          	0x154000        	C:\Windows\SYSTEM32\wintypes.dll                                                                                                	0x7ffd0ebd0000        	2       	StaticDependency    
1016      	dwm.exe             	bcryptPrimitives.dll                                                  	0x82000         	C:\Windows\System32\bcryptPrimitives.dll                                                                                        	0x7ffd132b0000        	2       	StaticDependency    
1016      	dwm.exe             	IMM32.DLL                                                             	0x30000         	C:\Windows\System32\IMM32.DLL                                                                                                   	0x7ffd15780000        	1       	DynamicLoad         
1016      	dwm.exe             	UMPDC.dll                                                             	0x12000         	C:\Windows\system32\UMPDC.dll                                                                                                   	0x7ffd12a70000        	1       	DelayloadDependency 
1016      	dwm.exe             	XmlLite.dll                                                           	0x36000         	C:\Windows\system32\XmlLite.dll                                                                                                 	0x7ffd0ea10000        	1       	DelayloadDependency 
1016      	dwm.exe             	uxtheme.dll                                                           	0x9e000         	C:\Windows\system32\uxtheme.dll                                                                                                 	0x7ffd108e0000        	1       	DynamicLoad         
1016      	dwm.exe             	dwmghost.dll                                                          	0x15000         	C:\Windows\SYSTEM32\dwmghost.dll                                                                                                	0x7ffd0e9f0000        	1       	DelayloadDependency 
1016      	dwm.exe             	dwmapi.dll                                                            	0x2f000         	C:\Windows\system32\dwmapi.dll                                                                                                  	0x7ffd10bd0000        	1       	StaticDependency    
1016      	dwm.exe             	avrt.dll                                                              	0xa000          	C:\Windows\system32\avrt.dll                                                                                                    	0x7ffd0e510000        	1       	DynamicLoad         
1016      	dwm.exe             	ism.dll                                                               	0x22c000        	C:\Windows\SYSTEM32\ism.dll                                                                                                     	0x7ffd0e210000        	1       	DelayloadDependency 
1016      	dwm.exe             	WINTRUST.dll                                                          	0x67000         	C:\Windows\System32\WINTRUST.dll                                                                                                	0x7ffd13340000        	1       	StaticDependency    
1016      	dwm.exe             	PROPSYS.dll                                                           	0xf6000         	C:\Windows\system32\PROPSYS.dll                                                                                                 	0x7ffd0ea50000        	1       	StaticDependency    
1016      	dwm.exe             	HID.DLL                                                               	0xd000          	C:\Windows\system32\HID.DLL                                                                                                     	0x7ffd11750000        	1       	StaticDependency    
1016      	dwm.exe             	CRYPT32.dll                                                           	0x15e000        	C:\Windows\System32\CRYPT32.dll                                                                                                 	0x7ffd12f80000        	1       	StaticDependency    
1016      	dwm.exe             	bcrypt.dll                                                            	0x27000         	C:\Windows\System32\bcrypt.dll                                                                                                  	0x7ffd13280000        	2       	StaticDependency    
1016      	dwm.exe             	OLEAUT32.dll                                                          	0xcd000         	C:\Windows\System32\OLEAUT32.dll                                                                                                	0x7ffd13e00000        	1       	StaticDependency    
1016      	dwm.exe             	NInput.dll                                                            	0x6a000         	C:\Windows\system32\NInput.dll                                                                                                  	0x7ffd0e120000        	1       	StaticDependency    
1016      	dwm.exe             	MSASN1.dll                                                            	0x12000         	C:\Windows\system32\MSASN1.dll                                                                                                  	0x7ffd12a50000        	1       	DelayloadDependency 
1016      	dwm.exe             	clbcatq.dll                                                           	0xa9000         	C:\Windows\System32\clbcatq.dll                                                                                                 	0x7ffd13d50000        	1       	DelayloadDependency 
1016      	dwm.exe             	windowmanagementapi.dll                                               	0xa1000         	C:\Windows\System32\windowmanagementapi.dll                                                                                     	0x7ffd0e050000        	1       	DynamicLoad         
1016      	dwm.exe             	twinapi.appcore.dll                                                   	0x200000        	C:\Windows\System32\twinapi.appcore.dll                                                                                         	0x7ffd0de50000        	1       	StaticDependency    
1016      	dwm.exe             	WindowsCodecs.dll                                                     	0x1b4000        	C:\Windows\system32\WindowsCodecs.dll                                                                                           	0x7ffd0dba0000        	1       	DelayloadDependency 
1016      	dwm.exe             	rsaenh.dll                                                            	0x34000         	C:\Windows\system32\rsaenh.dll                                                                                                  	0x7ffd11ed0000        	1       	DynamicLoad         
1016      	dwm.exe             	CRYPTBASE.dll                                                         	0xc000          	C:\Windows\system32\CRYPTBASE.dll                                                                                               	0x7ffd127c0000        	1       	DelayloadDependency 
1016      	dwm.exe             	UIAnimation.dll                                                       	0x47000         	C:\Windows\System32\UIAnimation.dll                                                                                             	0x7ffd0dae0000        	1       	DynamicLoad         
1016      	dwm.exe             	imagehlp.dll                                                          	0x1d000         	C:\Windows\System32\imagehlp.dll                                                                                                	0x7ffd13850000        	1       	DelayloadDependency 
1016      	dwm.exe             	DispBroker.Desktop.dll                                                	0x61000         	C:\Windows\System32\DispBroker.Desktop.dll                                                                                      	0x7ffd0da70000        	1       	DynamicLoad         
1016      	dwm.exe             	mscms.dll                                                             	0xae000         	C:\Windows\System32\mscms.dll                                                                                                   	0x7ffd0d9c0000        	1       	StaticDependency    
1016      	dwm.exe             	USERENV.dll                                                           	0x2e000         	C:\Windows\System32\USERENV.dll                                                                                                 	0x7ffd12d90000        	1       	StaticDependency    
1016      	dwm.exe             	ColorAdapterClient.dll                                                	0x11000         	C:\Windows\System32\ColorAdapterClient.dll                                                                                      	0x7ffd0d9a0000        	1       	StaticDependency    
1016      	dwm.exe             	gpapi.dll                                                             	0x23000         	C:\Windows\SYSTEM32\gpapi.dll                                                                                                   	0x7ffd11760000        	1       	DelayloadDependency 
1016      	dwm.exe             	gameinput.dll                                                         	0x1d000         	c:\windows\system32\gameinput.dll                                                                                               	0x7ffd0d940000        	1       	DynamicLoad         
1016      	dwm.exe             	Windows.Gaming.Input.dll                                              	0xd8000         	C:\Windows\System32\Windows.Gaming.Input.dll                                                                                    	0x7ffd0d130000        	1       	DynamicLoad         
1016      	dwm.exe             	OneCoreUAPCommonProxyStub.dll                                         	0x7cb000        	C:\Windows\System32\OneCoreUAPCommonProxyStub.dll                                                                               	0x7ffd0c960000        	1       	DynamicLoad         
1016      	dwm.exe             	ActXPrxy.dll                                                          	0xa1000         	C:\Windows\System32\ActXPrxy.dll                                                                                                	0x7ffd0c6a0000        	1       	DynamicLoad         
1016      	dwm.exe             	DispBroker.dll                                                        	0x5e000         	C:\Windows\System32\DispBroker.dll                                                                                              	0x7ffd0c2e0000        	1       	DynamicLoad         
1016      	dwm.exe             	Windows.Graphics.dll                                                  	0x8d000         	C:\Windows\System32\Windows.Graphics.dll                                                                                        	0x7ffd0c250000        	1       	DynamicLoad         
1016      	dwm.exe             	wtsapi32.dll                                                          	0x14000         	C:\Windows\SYSTEM32\wtsapi32.dll                                                                                                	0x7ffd0ebb0000        	1       	DelayloadDependency 
1016      	dwm.exe             	WINSTA.dll                                                            	0x64000         	C:\Windows\SYSTEM32\WINSTA.dll                                                                                                  	0x7ffd12880000        	1       	DelayloadDependency 
1016      	dwm.exe             	D3D10Warp.dll                                                         	0x6f6000        	C:\Windows\system32\D3D10Warp.dll                                                                                               	0x7ffd0bb50000        	1       	DynamicLoad         
1016      	dwm.exe             	dxcore.dll                                                            	0x3b000         	C:\Windows\SYSTEM32\dxcore.dll                                                                                                  	0x7ffd0db60000        	1       	DelayloadDependency 
1016      	dwm.exe             	vm3dum64_loader.dll                                                   	0x4f000         	C:\Windows\system32\vm3dum64_loader.dll                                                                                         	0x7ffd0ba90000        	1       	DynamicLoad         
1016      	dwm.exe             	vm3dum64_10.dll                                                       	0x9a000         	C:\Windows\system32\vm3dum64_10.dll                                                                                             	0x7ffd0b9f0000        	1       	DynamicLoad         
1016      	dwm.exe             	WINMM.dll                                                             	0x27000         	C:\Windows\system32\WINMM.dll                                                                                                   	0x7ffd0b9c0000        	1       	StaticDependency    
1016      	dwm.exe             	VERSION.dll                                                           	0xa000          	C:\Windows\system32\VERSION.dll                                                                                                 	0x7ffd0b9b0000        	1       	StaticDependency    
1016      	dwm.exe             	Cabinet.dll                                                           	0x29000         	C:\Windows\system32\Cabinet.dll                                                                                                 	0x7ffd0b960000        	1       	DelayloadDependency 
1016      	dwm.exe             	wuceffects.dll                                                        	0x43000         	C:\Windows\system32\wuceffects.dll                                                                                              	0x7ffd06540000        	1       	DelayloadDependency 
516       	svchost.exe         	ntdll.dll                                                             	0x1f8000        	C:\Windows\SYSTEM32\ntdll.dll                                                                                                   	0x7ffd157f0000        	2       	StaticDependency    
516       	svchost.exe         	KERNEL32.DLL                                                          	0xbf000         	C:\Windows\System32\KERNEL32.DLL                                                                                                	0x7ffd155b0000        	2       	DynamicLoad         
516       	svchost.exe         	KERNELBASE.dll                                                        	0x2f6000        	C:\Windows\System32\KERNELBASE.dll                                                                                              	0x7ffd133b0000        	1       	StaticDependency    
516       	svchost.exe         	sechost.dll                                                           	0x9c000         	C:\Windows\System32\sechost.dll                                                                                                 	0x7ffd15450000        	2       	StaticDependency    
516       	svchost.exe         	RPCRT4.dll                                                            	0x126000        	C:\Windows\System32\RPCRT4.dll                                                                                                  	0x7ffd13c20000        	2       	StaticDependency    
516       	svchost.exe         	ucrtbase.dll                                                          	0x100000        	C:\Windows\System32\ucrtbase.dll                                                                                                	0x7ffd13180000        	2       	StaticDependency    
516       	svchost.exe         	combase.dll                                                           	0x354000        	C:\Windows\System32\combase.dll                                                                                                 	0x7ffd150f0000        	1       	DelayloadDependency 
516       	svchost.exe         	kernel.appcore.dll                                                    	0x12000         	C:\Windows\SYSTEM32\kernel.appcore.dll                                                                                          	0x7ffd10db0000        	1       	DelayloadDependency 
516       	svchost.exe         	msvcrt.dll                                                            	0x9e000         	C:\Windows\System32\msvcrt.dll                                                                                                  	0x7ffd13af0000        	1       	StaticDependency    
516       	svchost.exe         	bcryptPrimitives.dll                                                  	0x82000         	C:\Windows\System32\bcryptPrimitives.dll                                                                                        	0x7ffd132b0000        	3       	DelayloadDependency 
516       	svchost.exe         	user32.dll                                                            	0x19d000        	C:\Windows\System32\user32.dll                                                                                                  	0x7ffd14e90000        	1       	DelayloadDependency 
516       	svchost.exe         	win32u.dll                                                            	0x22000         	C:\Windows\System32\win32u.dll                                                                                                  	0x7ffd13820000        	1       	StaticDependency    
516       	svchost.exe         	GDI32.dll                                                             	0x2c000         	C:\Windows\System32\GDI32.dll                                                                                                   	0x7ffd13bf0000        	1       	StaticDependency    
516       	svchost.exe         	gdi32full.dll                                                         	0x115000        	C:\Windows\System32\gdi32full.dll                                                                                               	0x7ffd136b0000        	1       	StaticDependency    
516       	svchost.exe         	msvcp_win.dll                                                         	0x9d000         	C:\Windows\System32\msvcp_win.dll                                                                                               	0x7ffd130e0000        	1       	StaticDependency    
516       	svchost.exe         	termsrv.dll                                                           	0x13c000        	c:\windows\system32\termsrv.dll                                                                                                 	0x7ffd0e750000        	1       	DynamicLoad         
516       	svchost.exe         	WS2_32.dll                                                            	0x6b000         	C:\Windows\System32\WS2_32.dll                                                                                                  	0x7ffd14dc0000        	1       	StaticDependency    
516       	svchost.exe         	cfgmgr32.dll                                                          	0x4e000         	C:\Windows\System32\cfgmgr32.dll                                                                                                	0x7ffd137d0000        	1       	StaticDependency    
516       	svchost.exe         	UMPDC.dll                                                             	0x12000         	c:\windows\system32\UMPDC.dll                                                                                                   	0x7ffd12a70000        	1       	StaticDependency    
516       	svchost.exe         	WLDP.DLL                                                              	0x2e000         	C:\Windows\SYSTEM32\WLDP.DLL                                                                                                    	0x7ffd12850000        	1       	DynamicLoad         
516       	svchost.exe         	advapi32.dll                                                          	0xaf000         	C:\Windows\System32\advapi32.dll                                                                                                	0x7ffd15040000        	1       	StaticDependency    
516       	svchost.exe         	clbcatq.dll                                                           	0xa9000         	C:\Windows\System32\clbcatq.dll                                                                                                 	0x7ffd13d50000        	1       	DelayloadDependency 
516       	svchost.exe         	lsmproxy.dll                                                          	0x11000         	C:\Windows\system32\lsmproxy.dll                                                                                                	0x7ffd0e520000        	1       	DynamicLoad         
516       	svchost.exe         	rmclient.dll                                                          	0x2a000         	C:\Windows\SYSTEM32\rmclient.dll                                                                                                	0x7ffd10ac0000        	1       	DelayloadDependency 
516       	svchost.exe         	dxcore.dll                                                            	0x3b000         	C:\Windows\SYSTEM32\dxcore.dll                                                                                                  	0x7ffd0db60000        	1       	DelayloadDependency 
516       	svchost.exe         	sspicli.dll                                                           	0x32000         	C:\Windows\System32\sspicli.dll                                                                                                 	0x7ffd12dc0000        	1       	DynamicLoad         
516       	svchost.exe         	REGAPI.dll                                                            	0x3b000         	c:\windows\system32\REGAPI.dll                                                                                                  	0x7ffd0d900000        	1       	DelayloadDependency 
516       	svchost.exe         	rdpcorets.dll                                                         	0x196000        	C:\Windows\system32\rdpcorets.dll                                                                                               	0x7ffd0d760000        	1       	DynamicLoad         
516       	svchost.exe         	OLEAUT32.dll                                                          	0xcd000         	C:\Windows\System32\OLEAUT32.dll                                                                                                	0x7ffd13e00000        	1       	StaticDependency    
516       	svchost.exe         	shcore.dll                                                            	0xad000         	C:\Windows\System32\shcore.dll                                                                                                  	0x7ffd13880000        	1       	StaticDependency    
516       	svchost.exe         	CRYPT32.dll                                                           	0x15e000        	C:\Windows\System32\CRYPT32.dll                                                                                                 	0x7ffd12f80000        	1       	StaticDependency    
516       	svchost.exe         	IPHLPAPI.DLL                                                          	0x3c000         	C:\Windows\system32\IPHLPAPI.DLL                                                                                                	0x7ffd122a0000        	1       	StaticDependency    
516       	svchost.exe         	RDPBASE.dll                                                           	0x188000        	C:\Windows\system32\RDPBASE.dll                                                                                                 	0x7ffd0d5d0000        	1       	StaticDependency    
516       	svchost.exe         	bcrypt.dll                                                            	0x27000         	C:\Windows\System32\bcrypt.dll                                                                                                  	0x7ffd13280000        	2       	StaticDependency    
516       	svchost.exe         	ntmarta.dll                                                           	0x33000         	C:\Windows\SYSTEM32\ntmarta.dll                                                                                                 	0x7ffd11f60000        	1       	StaticDependency    
516       	svchost.exe         	USERENV.dll                                                           	0x2e000         	C:\Windows\system32\USERENV.dll                                                                                                 	0x7ffd12d90000        	1       	StaticDependency    
516       	svchost.exe         	d3d11.dll                                                             	0x263000        	C:\Windows\system32\d3d11.dll                                                                                                   	0x7ffd0f750000        	1       	StaticDependency    
516       	svchost.exe         	dxgi.dll                                                              	0xf3000         	C:\Windows\system32\dxgi.dll                                                                                                    	0x7ffd11790000        	1       	StaticDependency    
516       	svchost.exe         	RDPSERVERBASE.dll                                                     	0x1d3000        	C:\Windows\system32\RDPSERVERBASE.dll                                                                                           	0x7ffd0d3f0000        	1       	StaticDependency    
516       	svchost.exe         	tlscsp.dll                                                            	0x11000         	C:\Windows\system32\tlscsp.dll                                                                                                  	0x7ffd0d970000        	1       	StaticDependency    
516       	svchost.exe         	CRYPTBASE.dll                                                         	0xc000          	C:\Windows\system32\CRYPTBASE.dll                                                                                               	0x7ffd127c0000        	1       	StaticDependency    
516       	svchost.exe         	AUTHZ.dll                                                             	0x4e000         	C:\Windows\system32\AUTHZ.dll                                                                                                   	0x7ffd11c10000        	1       	StaticDependency    
516       	svchost.exe         	CRYPTSP.dll                                                           	0x18000         	C:\Windows\system32\CRYPTSP.dll                                                                                                 	0x7ffd127a0000        	1       	StaticDependency    
516       	svchost.exe         	ncrypt.dll                                                            	0x28000         	C:\Windows\system32\ncrypt.dll                                                                                                  	0x7ffd12930000        	1       	StaticDependency    
516       	svchost.exe         	DPAPI.DLL                                                             	0xa000          	C:\Windows\system32\DPAPI.DLL                                                                                                   	0x7ffd12c80000        	1       	StaticForwarderDependency
516       	svchost.exe         	websocket.dll                                                         	0x10000         	C:\Windows\system32\websocket.dll                                                                                               	0x7ffd0d960000        	1       	StaticDependency    
516       	svchost.exe         	NTASN1.dll                                                            	0x3b000         	C:\Windows\system32\NTASN1.dll                                                                                                  	0x7ffd128f0000        	1       	DelayloadDependency 
516       	svchost.exe         	umb.dll                                                               	0x18000         	C:\Windows\System32\umb.dll                                                                                                     	0x7ffd0c7d0000        	1       	DynamicLoad         
516       	svchost.exe         	PROPSYS.dll                                                           	0xf6000         	C:\Windows\system32\PROPSYS.dll                                                                                                 	0x7ffd0ea50000        	1       	DelayloadDependency 
516       	svchost.exe         	SETUPAPI.dll                                                          	0x468000        	C:\Windows\System32\SETUPAPI.dll                                                                                                	0x7ffd14950000        	1       	DelayloadDependency 
516       	svchost.exe         	DEVOBJ.dll                                                            	0x2c000         	C:\Windows\System32\DEVOBJ.dll                                                                                                  	0x7ffd12c30000        	1       	DelayloadDependency 
516       	svchost.exe         	WINTRUST.dll                                                          	0x67000         	C:\Windows\System32\WINTRUST.dll                                                                                                	0x7ffd13340000        	1       	DelayloadDependency 
516       	svchost.exe         	MSASN1.dll                                                            	0x12000         	C:\Windows\System32\MSASN1.dll                                                                                                  	0x7ffd12a50000        	1       	DelayloadDependency 
516       	svchost.exe         	mswsock.dll                                                           	0x6a000         	C:\Windows\system32\mswsock.dll                                                                                                 	0x7ffd125b0000        	1       	DynamicLoad         
516       	svchost.exe         	winsta.dll                                                            	0x64000         	C:\Windows\System32\winsta.dll                                                                                                  	0x7ffd12880000        	1       	DynamicLoad         
516       	svchost.exe         	profapi.dll                                                           	0x1f000         	C:\Windows\System32\profapi.dll                                                                                                 	0x7ffd12e10000        	1       	DelayloadDependency 
516       	svchost.exe         	Secur32.dll                                                           	0xc000          	C:\Windows\System32\Secur32.dll                                                                                                 	0x7ffd05e80000        	1       	DynamicLoad         
516       	svchost.exe         	credssp.dll                                                           	0xc000          	C:\Windows\System32\credssp.dll                                                                                                 	0x7ffd00720000        	1       	DynamicLoad         
516       	svchost.exe         	schannel.DLL                                                          	0x99000         	C:\Windows\system32\schannel.DLL                                                                                                	0x7ffd11df0000        	1       	DynamicLoad         
516       	svchost.exe         	mskeyprotect.dll                                                      	0x16000         	C:\Windows\SYSTEM32\mskeyprotect.dll                                                                                            	0x7ffd00d00000        	1       	DynamicLoad         
516       	svchost.exe         	tspkg.DLL                                                             	0x2c000         	C:\Windows\system32\tspkg.DLL                                                                                                   	0x7ffd12270000        	1       	DynamicLoad         
516       	svchost.exe         	ncryptsslp.dll                                                        	0x26000         	C:\Windows\system32\ncryptsslp.dll                                                                                              	0x7ffd00db0000        	1       	DynamicLoad         
516       	svchost.exe         	rsaenh.dll                                                            	0x34000         	C:\Windows\system32\rsaenh.dll                                                                                                  	0x7ffd11ed0000        	1       	DynamicLoad         
516       	svchost.exe         	rdpnano.dll                                                           	0x24a000        	C:\Windows\system32\rdpnano.dll                                                                                                 	0x7ffcfe380000        	1       	DynamicLoad         
516       	svchost.exe         	MF.dll                                                                	0x84000         	C:\Windows\system32\MF.dll                                                                                                      	0x7ffcfff40000        	3       	DynamicLoad         
516       	svchost.exe         	MFCORE.DLL                                                            	0x48e000        	C:\Windows\System32\MFCORE.DLL                                                                                                  	0x7ffcfdef0000        	3       	DynamicForwarderDependency
516       	svchost.exe         	powrprof.dll                                                          	0x4b000         	C:\Windows\SYSTEM32\powrprof.dll                                                                                                	0x7ffd12c90000        	1       	StaticDependency    
516       	svchost.exe         	ksuser.dll                                                            	0x9000          	C:\Windows\System32\ksuser.dll                                                                                                  	0x7ffd00710000        	1       	StaticDependency    
516       	svchost.exe         	MFPlat.dll                                                            	0x1bc000        	C:\Windows\system32\MFPlat.dll                                                                                                  	0x7ffcfdd30000        	3       	DynamicLoad         
516       	svchost.exe         	RTWorkQ.DLL                                                           	0x34000         	C:\Windows\System32\RTWorkQ.DLL                                                                                                 	0x7ffcfff00000        	3       	DelayloadDependency 
516       	svchost.exe         	mfh264enc.dll                                                         	0x94000         	C:\Windows\System32\mfh264enc.dll                                                                                               	0x7ffcffe60000        	1       	DynamicLoad         
516       	svchost.exe         	pdh.dll                                                               	0x49000         	C:\Windows\SYSTEM32\pdh.dll                                                                                                     	0x7ffd02730000        	1       	DelayloadDependency 
516       	svchost.exe         	OLE32.dll                                                             	0x12a000        	C:\Windows\System32\OLE32.dll                                                                                                   	0x7ffd140d0000        	1       	DelayloadDependency 
516       	svchost.exe         	coml2.dll                                                             	0x79000         	C:\Windows\System32\coml2.dll                                                                                                   	0x7ffd15700000        	1       	DelayloadDependency 
516       	svchost.exe         	sxs.dll                                                               	0xa2000         	C:\Windows\SYSTEM32\sxs.dll                                                                                                     	0x7ffd12ce0000        	1       	DelayloadDependency 
908       	svchost.exe         	ntdll.dll                                                             	0x1f8000        	C:\Windows\SYSTEM32\ntdll.dll                                                                                                   	0x7ffd157f0000        	2       	StaticDependency    
908       	svchost.exe         	KERNEL32.DLL                                                          	0xbf000         	C:\Windows\System32\KERNEL32.DLL                                                                                                	0x7ffd155b0000        	2       	DynamicLoad         
908       	svchost.exe         	KERNELBASE.dll                                                        	0x2f6000        	C:\Windows\System32\KERNELBASE.dll                                                                                              	0x7ffd133b0000        	1       	StaticDependency    
908       	svchost.exe         	sechost.dll                                                           	0x9c000         	C:\Windows\System32\sechost.dll                                                                                                 	0x7ffd15450000        	2       	StaticDependency    
908       	svchost.exe         	RPCRT4.dll                                                            	0x126000        	C:\Windows\System32\RPCRT4.dll                                                                                                  	0x7ffd13c20000        	2       	StaticDependency    
908       	svchost.exe         	ucrtbase.dll                                                          	0x100000        	C:\Windows\System32\ucrtbase.dll                                                                                                	0x7ffd13180000        	2       	StaticDependency    
908       	svchost.exe         	combase.dll                                                           	0x354000        	C:\Windows\System32\combase.dll                                                                                                 	0x7ffd150f0000        	1       	DelayloadDependency 
908       	svchost.exe         	kernel.appcore.dll                                                    	0x12000         	C:\Windows\SYSTEM32\kernel.appcore.dll                                                                                          	0x7ffd10db0000        	1       	DelayloadDependency 
908       	svchost.exe         	msvcrt.dll                                                            	0x9e000         	C:\Windows\System32\msvcrt.dll                                                                                                  	0x7ffd13af0000        	1       	StaticDependency    
908       	svchost.exe         	bcryptPrimitives.dll                                                  	0x82000         	C:\Windows\System32\bcryptPrimitives.dll                                                                                        	0x7ffd132b0000        	3       	DelayloadDependency 
908       	svchost.exe         	user32.dll                                                            	0x19d000        	C:\Windows\System32\user32.dll                                                                                                  	0x7ffd14e90000        	1       	DelayloadDependency 
908       	svchost.exe         	win32u.dll                                                            	0x22000         	C:\Windows\System32\win32u.dll                                                                                                  	0x7ffd13820000        	1       	StaticDependency    
908       	svchost.exe         	GDI32.dll                                                             	0x2c000         	C:\Windows\System32\GDI32.dll                                                                                                   	0x7ffd13bf0000        	1       	StaticDependency    
908       	svchost.exe         	gdi32full.dll                                                         	0x115000        	C:\Windows\System32\gdi32full.dll                                                                                               	0x7ffd136b0000        	1       	StaticDependency    
908       	svchost.exe         	msvcp_win.dll                                                         	0x9d000         	C:\Windows\System32\msvcp_win.dll                                                                                               	0x7ffd130e0000        	1       	StaticDependency    
908       	svchost.exe         	ncbservice.dll                                                        	0x62000         	c:\windows\system32\ncbservice.dll                                                                                              	0x7ffd0e690000        	1       	DynamicLoad         
908       	svchost.exe         	WS2_32.dll                                                            	0x6b000         	C:\Windows\System32\WS2_32.dll                                                                                                  	0x7ffd14dc0000        	1       	StaticDependency    
908       	svchost.exe         	OLEAUT32.dll                                                          	0xcd000         	C:\Windows\System32\OLEAUT32.dll                                                                                                	0x7ffd13e00000        	1       	StaticDependency    
908       	svchost.exe         	NSI.dll                                                               	0x8000          	C:\Windows\System32\NSI.dll                                                                                                     	0x7ffd13870000        	1       	StaticDependency    
908       	svchost.exe         	IPHLPAPI.DLL                                                          	0x3c000         	c:\windows\system32\IPHLPAPI.DLL                                                                                                	0x7ffd122a0000        	1       	StaticDependency    
908       	svchost.exe         	BrokerLib.dll                                                         	0x4a000         	c:\windows\system32\BrokerLib.dll                                                                                               	0x7ffd107f0000        	1       	StaticDependency    
908       	svchost.exe         	SystemEventsBrokerClient.dll                                          	0xd000          	c:\windows\system32\SystemEventsBrokerClient.dll                                                                                	0x7ffd0e680000        	1       	StaticDependency    
908       	svchost.exe         	powrprof.dll                                                          	0x4b000         	C:\Windows\SYSTEM32\powrprof.dll                                                                                                	0x7ffd12c90000        	1       	StaticDependency    
908       	svchost.exe         	UMPDC.dll                                                             	0x12000         	C:\Windows\SYSTEM32\UMPDC.dll                                                                                                   	0x7ffd12a70000        	1       	DelayloadDependency 
908       	svchost.exe         	WLDP.DLL                                                              	0x2e000         	C:\Windows\SYSTEM32\WLDP.DLL                                                                                                    	0x7ffd12850000        	1       	DynamicLoad         
908       	svchost.exe         	advapi32.dll                                                          	0xaf000         	C:\Windows\System32\advapi32.dll                                                                                                	0x7ffd15040000        	1       	StaticDependency    
908       	svchost.exe         	httpprxc.dll                                                          	0x9000          	C:\Windows\SYSTEM32\httpprxc.dll                                                                                                	0x7ffd0e660000        	1       	DelayloadDependency 
908       	svchost.exe         	SspiCli.dll                                                           	0x32000         	c:\windows\system32\SspiCli.dll                                                                                                 	0x7ffd12dc0000        	1       	StaticDependency    
908       	svchost.exe         	mswsock.dll                                                           	0x6a000         	C:\Windows\system32\mswsock.dll                                                                                                 	0x7ffd125b0000        	1       	DynamicLoad         
908       	svchost.exe         	bi.dll                                                                	0xc000          	C:\Windows\SYSTEM32\bi.dll                                                                                                      	0x7ffd0e650000        	1       	DelayloadDependency 
908       	svchost.exe         	clbcatq.dll                                                           	0xa9000         	C:\Windows\System32\clbcatq.dll                                                                                                 	0x7ffd13d50000        	1       	DelayloadDependency 
908       	svchost.exe         	netprofm.dll                                                          	0x3f000         	C:\Windows\System32\netprofm.dll                                                                                                	0x7ffd0e540000        	1       	DynamicLoad         
908       	svchost.exe         	npmproxy.dll                                                          	0x10000         	C:\Windows\System32\npmproxy.dll                                                                                                	0x7ffd06c00000        	1       	DynamicLoad         
908       	svchost.exe         	windows.devices.radios.dll                                            	0x39000         	C:\Windows\SYSTEM32\windows.devices.radios.dll                                                                                  	0x7ffd05470000        	1       	DelayloadDependency 
908       	svchost.exe         	cfgmgr32.dll                                                          	0x4e000         	C:\Windows\System32\cfgmgr32.dll                                                                                                	0x7ffd137d0000        	1       	StaticDependency    
908       	svchost.exe         	BthRadioMedia.dll                                                     	0x1f000         	C:\Windows\system32\BthRadioMedia.dll                                                                                           	0x7ffd054f0000        	1       	DynamicLoad         
908       	svchost.exe         	DEVOBJ.dll                                                            	0x2c000         	C:\Windows\system32\DEVOBJ.dll                                                                                                  	0x7ffd12c30000        	1       	StaticDependency    
908       	svchost.exe         	bluetoothapis.dll                                                     	0x37000         	C:\Windows\SYSTEM32\bluetoothapis.dll                                                                                           	0x7ffd054b0000        	1       	DelayloadDependency 
908       	svchost.exe         	twinapi.appcore.dll                                                   	0x200000        	C:\Windows\System32\twinapi.appcore.dll                                                                                         	0x7ffd0de50000        	1       	DynamicLoad         
908       	svchost.exe         	usermgrcli.dll                                                        	0x16000         	C:\Windows\SYSTEM32\usermgrcli.dll                                                                                              	0x7ffd0e580000        	1       	DelayloadDependency 
908       	svchost.exe         	ole32.dll                                                             	0x12a000        	C:\Windows\System32\ole32.dll                                                                                                   	0x7ffd140d0000        	1       	DelayloadDependency 
908       	svchost.exe         	coml2.dll                                                             	0x79000         	C:\Windows\System32\coml2.dll                                                                                                   	0x7ffd15700000        	1       	DelayloadDependency 
908       	svchost.exe         	OneCoreCommonProxyStub.dll                                            	0x7f000         	C:\Windows\System32\OneCoreCommonProxyStub.dll                                                                                  	0x7ffd055b0000        	1       	DynamicLoad         
908       	svchost.exe         	execmodelproxy.dll                                                    	0x18000         	C:\Windows\system32\execmodelproxy.dll                                                                                          	0x7ffcf9930000        	1       	DynamicLoad         
908       	svchost.exe         	Bcrypt.dll                                                            	0x27000         	C:\Windows\System32\Bcrypt.dll                                                                                                  	0x7ffd13280000        	3       	DynamicLoad         
908       	svchost.exe         	TimeBrokerClient.dll                                                  	0xe000          	c:\windows\system32\TimeBrokerClient.dll                                                                                        	0x7ffd0c750000        	1       	DelayloadDependency 
908       	svchost.exe         	EventAggregation.dll                                                  	0x19000         	c:\windows\system32\EventAggregation.dll                                                                                        	0x7ffd12c60000        	1       	StaticDependency    
1032      	svchost.exe         	ntdll.dll                                                             	0x1f8000        	C:\Windows\SYSTEM32\ntdll.dll                                                                                                   	0x7ffd157f0000        	2       	StaticDependency    
1032      	svchost.exe         	KERNEL32.DLL                                                          	0xbf000         	C:\Windows\System32\KERNEL32.DLL                                                                                                	0x7ffd155b0000        	2       	DynamicLoad         
1032      	svchost.exe         	KERNELBASE.dll                                                        	0x2f6000        	C:\Windows\System32\KERNELBASE.dll                                                                                              	0x7ffd133b0000        	1       	StaticDependency    
1032      	svchost.exe         	sechost.dll                                                           	0x9c000         	C:\Windows\System32\sechost.dll                                                                                                 	0x7ffd15450000        	2       	StaticDependency    
1032      	svchost.exe         	RPCRT4.dll                                                            	0x126000        	C:\Windows\System32\RPCRT4.dll                                                                                                  	0x7ffd13c20000        	2       	StaticDependency    
1032      	svchost.exe         	ucrtbase.dll                                                          	0x100000        	C:\Windows\System32\ucrtbase.dll                                                                                                	0x7ffd13180000        	2       	StaticDependency    
1032      	svchost.exe         	combase.dll                                                           	0x354000        	C:\Windows\System32\combase.dll                                                                                                 	0x7ffd150f0000        	1       	DelayloadDependency 
1032      	svchost.exe         	kernel.appcore.dll                                                    	0x12000         	C:\Windows\SYSTEM32\kernel.appcore.dll                                                                                          	0x7ffd10db0000        	1       	DelayloadDependency 
1032      	svchost.exe         	msvcrt.dll                                                            	0x9e000         	C:\Windows\System32\msvcrt.dll                                                                                                  	0x7ffd13af0000        	1       	StaticDependency    
1032      	svchost.exe         	bcryptPrimitives.dll                                                  	0x82000         	C:\Windows\System32\bcryptPrimitives.dll                                                                                        	0x7ffd132b0000        	3       	DelayloadDependency 
1032      	svchost.exe         	user32.dll                                                            	0x19d000        	C:\Windows\System32\user32.dll                                                                                                  	0x7ffd14e90000        	1       	DelayloadDependency 
1032      	svchost.exe         	win32u.dll                                                            	0x22000         	C:\Windows\System32\win32u.dll                                                                                                  	0x7ffd13820000        	1       	StaticDependency    
1032      	svchost.exe         	GDI32.dll                                                             	0x2c000         	C:\Windows\System32\GDI32.dll                                                                                                   	0x7ffd13bf0000        	1       	StaticDependency    
1032      	svchost.exe         	gdi32full.dll                                                         	0x115000        	C:\Windows\System32\gdi32full.dll                                                                                               	0x7ffd136b0000        	1       	StaticDependency    
1032      	svchost.exe         	msvcp_win.dll                                                         	0x9d000         	C:\Windows\System32\msvcp_win.dll                                                                                               	0x7ffd130e0000        	1       	StaticDependency    
1032      	svchost.exe         	timebrokerserver.dll                                                  	0x30000         	c:\windows\system32\timebrokerserver.dll                                                                                        	0x7ffd0e720000        	1       	DynamicLoad         
1032      	svchost.exe         	powrprof.dll                                                          	0x4b000         	C:\Windows\SYSTEM32\powrprof.dll                                                                                                	0x7ffd12c90000        	1       	StaticDependency    
1032      	svchost.exe         	BrokerLib.dll                                                         	0x4a000         	c:\windows\system32\BrokerLib.dll                                                                                               	0x7ffd107f0000        	1       	StaticDependency    
1032      	svchost.exe         	UMPDC.dll                                                             	0x12000         	C:\Windows\SYSTEM32\UMPDC.dll                                                                                                   	0x7ffd12a70000        	1       	DelayloadDependency 
1032      	svchost.exe         	WLDP.DLL                                                              	0x2e000         	C:\Windows\SYSTEM32\WLDP.DLL                                                                                                    	0x7ffd12850000        	1       	DynamicLoad         
1032      	svchost.exe         	advapi32.dll                                                          	0xaf000         	C:\Windows\System32\advapi32.dll                                                                                                	0x7ffd15040000        	1       	StaticDependency    
1032      	svchost.exe         	bi.dll                                                                	0xc000          	C:\Windows\SYSTEM32\bi.dll                                                                                                      	0x7ffd0e650000        	1       	DelayloadDependency 
1032      	svchost.exe         	clbcatq.dll                                                           	0xa9000         	C:\Windows\System32\clbcatq.dll                                                                                                 	0x7ffd13d50000        	1       	DelayloadDependency 
1032      	svchost.exe         	twinapi.appcore.dll                                                   	0x200000        	C:\Windows\System32\twinapi.appcore.dll                                                                                         	0x7ffd0de50000        	1       	DynamicLoad         
1032      	svchost.exe         	usermgrcli.dll                                                        	0x16000         	C:\Windows\SYSTEM32\usermgrcli.dll                                                                                              	0x7ffd0e580000        	1       	DelayloadDependency 
1032      	svchost.exe         	ole32.dll                                                             	0x12a000        	C:\Windows\System32\ole32.dll                                                                                                   	0x7ffd140d0000        	1       	DelayloadDependency 
1032      	svchost.exe         	coml2.dll                                                             	0x79000         	C:\Windows\System32\coml2.dll                                                                                                   	0x7ffd15700000        	1       	DelayloadDependency 
1032      	svchost.exe         	OneCoreCommonProxyStub.dll                                            	0x7f000         	C:\Windows\System32\OneCoreCommonProxyStub.dll                                                                                  	0x7ffd055b0000        	1       	DynamicLoad         
1032      	svchost.exe         	execmodelproxy.dll                                                    	0x18000         	C:\Windows\system32\execmodelproxy.dll                                                                                          	0x7ffcf9930000        	1       	DynamicLoad         
1032      	svchost.exe         	OneCoreUAPCommonProxyStub.dll                                         	0x7cb000        	C:\Windows\System32\OneCoreUAPCommonProxyStub.dll                                                                               	0x7ffd0c960000        	1       	DynamicLoad         
1040      	svchost.exe         	ntdll.dll                                                             	0x1f8000        	C:\Windows\SYSTEM32\ntdll.dll                                                                                                   	0x7ffd157f0000        	2       	StaticDependency    
1040      	svchost.exe         	KERNEL32.DLL                                                          	0xbf000         	C:\Windows\System32\KERNEL32.DLL                                                                                                	0x7ffd155b0000        	2       	DynamicLoad         
1040      	svchost.exe         	KERNELBASE.dll                                                        	0x2f6000        	C:\Windows\System32\KERNELBASE.dll                                                                                              	0x7ffd133b0000        	1       	StaticDependency    
1040      	svchost.exe         	sechost.dll                                                           	0x9c000         	C:\Windows\System32\sechost.dll                                                                                                 	0x7ffd15450000        	2       	StaticDependency    
1040      	svchost.exe         	RPCRT4.dll                                                            	0x126000        	C:\Windows\System32\RPCRT4.dll                                                                                                  	0x7ffd13c20000        	2       	StaticDependency    
1040      	svchost.exe         	ucrtbase.dll                                                          	0x100000        	C:\Windows\System32\ucrtbase.dll                                                                                                	0x7ffd13180000        	2       	StaticDependency    
1040      	svchost.exe         	combase.dll                                                           	0x354000        	C:\Windows\System32\combase.dll                                                                                                 	0x7ffd150f0000        	1       	DelayloadDependency 
1040      	svchost.exe         	kernel.appcore.dll                                                    	0x12000         	C:\Windows\SYSTEM32\kernel.appcore.dll                                                                                          	0x7ffd10db0000        	1       	DelayloadDependency 
1040      	svchost.exe         	msvcrt.dll                                                            	0x9e000         	C:\Windows\System32\msvcrt.dll                                                                                                  	0x7ffd13af0000        	1       	StaticDependency    
1040      	svchost.exe         	bcryptPrimitives.dll                                                  	0x82000         	C:\Windows\System32\bcryptPrimitives.dll                                                                                        	0x7ffd132b0000        	3       	DelayloadDependency 
1040      	svchost.exe         	user32.dll                                                            	0x19d000        	C:\Windows\System32\user32.dll                                                                                                  	0x7ffd14e90000        	1       	DelayloadDependency 
1040      	svchost.exe         	win32u.dll                                                            	0x22000         	C:\Windows\System32\win32u.dll                                                                                                  	0x7ffd13820000        	1       	StaticDependency    
1040      	svchost.exe         	GDI32.dll                                                             	0x2c000         	C:\Windows\System32\GDI32.dll                                                                                                   	0x7ffd13bf0000        	1       	StaticDependency    
1040      	svchost.exe         	gdi32full.dll                                                         	0x115000        	C:\Windows\System32\gdi32full.dll                                                                                               	0x7ffd136b0000        	1       	StaticDependency    
1040      	svchost.exe         	msvcp_win.dll                                                         	0x9d000         	C:\Windows\System32\msvcp_win.dll                                                                                               	0x7ffd130e0000        	1       	StaticDependency    
1040      	svchost.exe         	lmhsvc.dll                                                            	0xc000          	c:\windows\system32\lmhsvc.dll                                                                                                  	0x7ffd0e9e0000        	1       	DynamicLoad         
1040      	svchost.exe         	WS2_32.dll                                                            	0x6b000         	C:\Windows\System32\WS2_32.dll                                                                                                  	0x7ffd14dc0000        	1       	StaticDependency    
1040      	svchost.exe         	WLDP.DLL                                                              	0x2e000         	C:\Windows\SYSTEM32\WLDP.DLL                                                                                                    	0x7ffd12850000        	1       	DynamicLoad         
1040      	svchost.exe         	advapi32.dll                                                          	0xaf000         	C:\Windows\System32\advapi32.dll                                                                                                	0x7ffd15040000        	1       	StaticDependency    
1116      	svchost.exe         	ntdll.dll                                                             	0x1f8000        	C:\Windows\SYSTEM32\ntdll.dll                                                                                                   	0x7ffd157f0000        	2       	StaticDependency    
1116      	svchost.exe         	KERNEL32.DLL                                                          	0xbf000         	C:\Windows\System32\KERNEL32.DLL                                                                                                	0x7ffd155b0000        	2       	DynamicLoad         
1116      	svchost.exe         	KERNELBASE.dll                                                        	0x2f6000        	C:\Windows\System32\KERNELBASE.dll                                                                                              	0x7ffd133b0000        	1       	StaticDependency    
1116      	svchost.exe         	sechost.dll                                                           	0x9c000         	C:\Windows\System32\sechost.dll                                                                                                 	0x7ffd15450000        	2       	StaticDependency    
1116      	svchost.exe         	RPCRT4.dll                                                            	0x126000        	C:\Windows\System32\RPCRT4.dll                                                                                                  	0x7ffd13c20000        	2       	StaticDependency    
1116      	svchost.exe         	ucrtbase.dll                                                          	0x100000        	C:\Windows\System32\ucrtbase.dll                                                                                                	0x7ffd13180000        	2       	StaticDependency    
1116      	svchost.exe         	combase.dll                                                           	0x354000        	C:\Windows\System32\combase.dll                                                                                                 	0x7ffd150f0000        	1       	DelayloadDependency 
1116      	svchost.exe         	kernel.appcore.dll                                                    	0x12000         	C:\Windows\SYSTEM32\kernel.appcore.dll                                                                                          	0x7ffd10db0000        	1       	DelayloadDependency 
1116      	svchost.exe         	msvcrt.dll                                                            	0x9e000         	C:\Windows\System32\msvcrt.dll                                                                                                  	0x7ffd13af0000        	1       	StaticDependency    
1116      	svchost.exe         	bcryptPrimitives.dll                                                  	0x82000         	C:\Windows\System32\bcryptPrimitives.dll                                                                                        	0x7ffd132b0000        	3       	DelayloadDependency 
1116      	svchost.exe         	user32.dll                                                            	0x19d000        	C:\Windows\System32\user32.dll                                                                                                  	0x7ffd14e90000        	1       	DelayloadDependency 
1116      	svchost.exe         	win32u.dll                                                            	0x22000         	C:\Windows\System32\win32u.dll                                                                                                  	0x7ffd13820000        	1       	StaticDependency    
1116      	svchost.exe         	GDI32.dll                                                             	0x2c000         	C:\Windows\System32\GDI32.dll                                                                                                   	0x7ffd13bf0000        	1       	StaticDependency    
1116      	svchost.exe         	gdi32full.dll                                                         	0x115000        	C:\Windows\System32\gdi32full.dll                                                                                               	0x7ffd136b0000        	1       	StaticDependency    
1116      	svchost.exe         	msvcp_win.dll                                                         	0x9d000         	C:\Windows\System32\msvcp_win.dll                                                                                               	0x7ffd130e0000        	1       	StaticDependency    
1116      	svchost.exe         	coremessaging.dll                                                     	0xf2000         	c:\windows\system32\coremessaging.dll                                                                                           	0x7ffd103f0000        	2       	DynamicLoad         
1116      	svchost.exe         	WS2_32.dll                                                            	0x6b000         	C:\Windows\System32\WS2_32.dll                                                                                                  	0x7ffd14dc0000        	1       	StaticDependency    
1116      	svchost.exe         	WLDP.DLL                                                              	0x2e000         	C:\Windows\SYSTEM32\WLDP.DLL                                                                                                    	0x7ffd12850000        	1       	DynamicLoad         
1116      	svchost.exe         	advapi32.dll                                                          	0xaf000         	C:\Windows\System32\advapi32.dll                                                                                                	0x7ffd15040000        	1       	StaticDependency    
1184      	svchost.exe         	ntdll.dll                                                             	0x1f8000        	C:\Windows\SYSTEM32\ntdll.dll                                                                                                   	0x7ffd157f0000        	2       	StaticDependency    
1184      	svchost.exe         	KERNEL32.DLL                                                          	0xbf000         	C:\Windows\System32\KERNEL32.DLL                                                                                                	0x7ffd155b0000        	2       	DynamicLoad         
1184      	svchost.exe         	KERNELBASE.dll                                                        	0x2f6000        	C:\Windows\System32\KERNELBASE.dll                                                                                              	0x7ffd133b0000        	1       	StaticDependency    
1184      	svchost.exe         	sechost.dll                                                           	0x9c000         	C:\Windows\System32\sechost.dll                                                                                                 	0x7ffd15450000        	2       	StaticDependency    
1184      	svchost.exe         	RPCRT4.dll                                                            	0x126000        	C:\Windows\System32\RPCRT4.dll                                                                                                  	0x7ffd13c20000        	2       	StaticDependency    
1184      	svchost.exe         	ucrtbase.dll                                                          	0x100000        	C:\Windows\System32\ucrtbase.dll                                                                                                	0x7ffd13180000        	2       	StaticDependency    
1184      	svchost.exe         	combase.dll                                                           	0x354000        	C:\Windows\System32\combase.dll                                                                                                 	0x7ffd150f0000        	1       	DelayloadDependency 
1184      	svchost.exe         	kernel.appcore.dll                                                    	0x12000         	C:\Windows\SYSTEM32\kernel.appcore.dll                                                                                          	0x7ffd10db0000        	1       	DelayloadDependency 
1184      	svchost.exe         	msvcrt.dll                                                            	0x9e000         	C:\Windows\System32\msvcrt.dll                                                                                                  	0x7ffd13af0000        	1       	StaticDependency    
1184      	svchost.exe         	bcryptPrimitives.dll                                                  	0x82000         	C:\Windows\System32\bcryptPrimitives.dll                                                                                        	0x7ffd132b0000        	3       	DelayloadDependency 
1184      	svchost.exe         	user32.dll                                                            	0x19d000        	C:\Windows\System32\user32.dll                                                                                                  	0x7ffd14e90000        	1       	DelayloadDependency 
1184      	svchost.exe         	win32u.dll                                                            	0x22000         	C:\Windows\System32\win32u.dll                                                                                                  	0x7ffd13820000        	1       	StaticDependency    
1184      	svchost.exe         	GDI32.dll                                                             	0x2c000         	C:\Windows\System32\GDI32.dll                                                                                                   	0x7ffd13bf0000        	1       	StaticDependency    
1184      	svchost.exe         	gdi32full.dll                                                         	0x115000        	C:\Windows\System32\gdi32full.dll                                                                                               	0x7ffd136b0000        	1       	StaticDependency    
1184      	svchost.exe         	msvcp_win.dll                                                         	0x9d000         	C:\Windows\System32\msvcp_win.dll                                                                                               	0x7ffd130e0000        	1       	StaticDependency    
1184      	svchost.exe         	schedsvc.dll                                                          	0xcd000         	c:\windows\system32\schedsvc.dll                                                                                                	0x7ffd0e440000        	1       	DynamicLoad         
1184      	svchost.exe         	OLEAUT32.dll                                                          	0xcd000         	C:\Windows\System32\OLEAUT32.dll                                                                                                	0x7ffd13e00000        	1       	StaticDependency    
1184      	svchost.exe         	UBPM.dll                                                              	0x4a000         	c:\windows\system32\UBPM.dll                                                                                                    	0x7ffd0e190000        	1       	StaticDependency    
1184      	svchost.exe         	EventAggregation.dll                                                  	0x19000         	c:\windows\system32\EventAggregation.dll                                                                                        	0x7ffd12c60000        	1       	StaticDependency    
1184      	svchost.exe         	UMPDC.dll                                                             	0x12000         	c:\windows\system32\UMPDC.dll                                                                                                   	0x7ffd12a70000        	1       	StaticDependency    
1184      	svchost.exe         	WLDP.DLL                                                              	0x2e000         	C:\Windows\SYSTEM32\WLDP.DLL                                                                                                    	0x7ffd12850000        	1       	DynamicLoad         
1184      	svchost.exe         	advapi32.dll                                                          	0xaf000         	C:\Windows\System32\advapi32.dll                                                                                                	0x7ffd15040000        	1       	StaticDependency    
1184      	svchost.exe         	AUTHZ.dll                                                             	0x4e000         	c:\windows\system32\AUTHZ.dll                                                                                                   	0x7ffd11c10000        	1       	DelayloadDependency 
1184      	svchost.exe         	POWRPROF.dll                                                          	0x4b000         	c:\windows\system32\POWRPROF.dll                                                                                                	0x7ffd12c90000        	1       	DelayloadDependency 
1184      	svchost.exe         	WMICLNT.dll                                                           	0x11000         	c:\windows\system32\WMICLNT.dll                                                                                                 	0x7ffd0e100000        	1       	DelayloadDependency 
1184      	svchost.exe         	sspicli.dll                                                           	0x32000         	C:\Windows\system32\sspicli.dll                                                                                                 	0x7ffd12dc0000        	1       	DynamicLoad         
1184      	svchost.exe         	bcrypt.dll                                                            	0x27000         	C:\Windows\System32\bcrypt.dll                                                                                                  	0x7ffd13280000        	3       	DelayloadDependency 
1184      	svchost.exe         	taskcomp.dll                                                          	0x6c000         	C:\Windows\system32\taskcomp.dll                                                                                                	0x7ffd0dde0000        	1       	DynamicLoad         
1184      	svchost.exe         	cryptsp.dll                                                           	0x18000         	C:\Windows\SYSTEM32\cryptsp.dll                                                                                                 	0x7ffd127a0000        	1       	StaticDependency    
1184      	svchost.exe         	ntmarta.dll                                                           	0x33000         	C:\Windows\SYSTEM32\ntmarta.dll                                                                                                 	0x7ffd11f60000        	1       	DelayloadDependency 
1184      	svchost.exe         	rmclient.dll                                                          	0x2a000         	C:\Windows\SYSTEM32\rmclient.dll                                                                                                	0x7ffd10ac0000        	1       	DelayloadDependency 
1184      	svchost.exe         	CSystemEventsBrokerClient.dll                                         	0xa000          	c:\windows\system32\CSystemEventsBrokerClient.dll                                                                               	0x7ffd0d990000        	1       	DelayloadDependency 
1184      	svchost.exe         	TimeBrokerClient.dll                                                  	0xe000          	c:\windows\system32\TimeBrokerClient.dll                                                                                        	0x7ffd0c750000        	1       	DelayloadDependency 
1184      	svchost.exe         	wkscli.dll                                                            	0x19000         	c:\windows\system32\wkscli.dll                                                                                                  	0x7ffd12030000        	1       	DelayloadDependency 
1184      	svchost.exe         	WPTaskScheduler.dll                                                   	0x2f000         	C:\Windows\SYSTEM32\WPTaskScheduler.dll                                                                                         	0x7ffd0c4a0000        	1       	DynamicLoad         
1184      	svchost.exe         	netjoin.dll                                                           	0x35000         	C:\Windows\SYSTEM32\netjoin.dll                                                                                                 	0x7ffd0c340000        	1       	DelayloadDependency 
1184      	svchost.exe         	JoinUtil.dll                                                          	0x2b000         	C:\Windows\SYSTEM32\JoinUtil.dll                                                                                                	0x7ffd12800000        	1       	DelayloadDependency 
1184      	svchost.exe         	WS2_32.dll                                                            	0x6b000         	C:\Windows\System32\WS2_32.dll                                                                                                  	0x7ffd14dc0000        	1       	DelayloadDependency 
1184      	svchost.exe         	mswsock.dll                                                           	0x6a000         	C:\Windows\system32\mswsock.dll                                                                                                 	0x7ffd125b0000        	1       	DynamicLoad         
1184      	svchost.exe         	netutils.dll                                                          	0xc000          	C:\Windows\SYSTEM32\netutils.dll                                                                                                	0x7ffd123b0000        	1       	DelayloadDependency 
1184      	svchost.exe         	wtsapi32.dll                                                          	0x14000         	C:\Windows\SYSTEM32\wtsapi32.dll                                                                                                	0x7ffd0ebb0000        	1       	DelayloadDependency 
1184      	svchost.exe         	WINSTA.dll                                                            	0x64000         	C:\Windows\SYSTEM32\WINSTA.dll                                                                                                  	0x7ffd12880000        	1       	DelayloadDependency 
1184      	svchost.exe         	DABAPI.dll                                                            	0xa000          	c:\windows\system32\DABAPI.dll                                                                                                  	0x7ffd0fd00000        	1       	DelayloadDependency 
1184      	svchost.exe         	profapi.dll                                                           	0x1f000         	c:\windows\system32\profapi.dll                                                                                                 	0x7ffd12e10000        	1       	DelayloadDependency 
1184      	svchost.exe         	wevtapi.dll                                                           	0x65000         	C:\Windows\SYSTEM32\wevtapi.dll                                                                                                 	0x7ffd0c760000        	1       	DelayloadDependency 
1184      	svchost.exe         	XmlLite.dll                                                           	0x36000         	c:\windows\system32\XmlLite.dll                                                                                                 	0x7ffd0ea10000        	1       	DelayloadDependency 
1184      	svchost.exe         	shlwapi.dll                                                           	0x55000         	C:\Windows\System32\shlwapi.dll                                                                                                 	0x7ffd15550000        	1       	DelayloadDependency 
1184      	svchost.exe         	SHELL32.dll                                                           	0x744000        	C:\Windows\System32\SHELL32.dll                                                                                                 	0x7ffd14200000        	1       	DelayloadDependency 
1184      	svchost.exe         	SHCORE.DLL                                                            	0xad000         	C:\Windows\System32\SHCORE.DLL                                                                                                  	0x7ffd13880000        	1       	DynamicForwarderDependency
1184      	svchost.exe         	windows.storage.dll                                                   	0x793000        	C:\Windows\SYSTEM32\windows.storage.dll                                                                                         	0x7ffd10fb0000        	1       	DelayloadDependency 
1184      	svchost.exe         	PROPSYS.dll                                                           	0xf6000         	C:\Windows\SYSTEM32\PROPSYS.dll                                                                                                 	0x7ffd0ea50000        	1       	DelayloadDependency 
1184      	svchost.exe         	clbcatq.dll                                                           	0xa9000         	C:\Windows\System32\clbcatq.dll                                                                                                 	0x7ffd13d50000        	1       	DelayloadDependency 
1184      	svchost.exe         	usermgrcli.dll                                                        	0x16000         	C:\Windows\SYSTEM32\usermgrcli.dll                                                                                              	0x7ffd0e580000        	1       	DelayloadDependency 
1184      	svchost.exe         	apphelp.dll                                                           	0x91000         	C:\Windows\system32\apphelp.dll                                                                                                 	0x7ffd10730000        	2       	DynamicLoad         
1184      	svchost.exe         	CRYPTBASE.DLL                                                         	0xc000          	C:\Windows\system32\CRYPTBASE.DLL                                                                                               	0x7ffd127c0000        	1       	DynamicLoad         
1232      	svchost.exe         	ntdll.dll                                                             	0x1f8000        	C:\Windows\SYSTEM32\ntdll.dll                                                                                                   	0x7ffd157f0000        	2       	StaticDependency    
1232      	svchost.exe         	KERNEL32.DLL                                                          	0xbf000         	C:\Windows\System32\KERNEL32.DLL                                                                                                	0x7ffd155b0000        	2       	DynamicLoad         
1232      	svchost.exe         	KERNELBASE.dll                                                        	0x2f6000        	C:\Windows\System32\KERNELBASE.dll                                                                                              	0x7ffd133b0000        	1       	StaticDependency    
1232      	svchost.exe         	sechost.dll                                                           	0x9c000         	C:\Windows\System32\sechost.dll                                                                                                 	0x7ffd15450000        	2       	StaticDependency    
1232      	svchost.exe         	RPCRT4.dll                                                            	0x126000        	C:\Windows\System32\RPCRT4.dll                                                                                                  	0x7ffd13c20000        	2       	StaticDependency    
1232      	svchost.exe         	ucrtbase.dll                                                          	0x100000        	C:\Windows\System32\ucrtbase.dll                                                                                                	0x7ffd13180000        	2       	StaticDependency    
1232      	svchost.exe         	combase.dll                                                           	0x354000        	C:\Windows\System32\combase.dll                                                                                                 	0x7ffd150f0000        	1       	DelayloadDependency 
1232      	svchost.exe         	kernel.appcore.dll                                                    	0x12000         	C:\Windows\SYSTEM32\kernel.appcore.dll                                                                                          	0x7ffd10db0000        	1       	DelayloadDependency 
1232      	svchost.exe         	msvcrt.dll                                                            	0x9e000         	C:\Windows\System32\msvcrt.dll                                                                                                  	0x7ffd13af0000        	1       	StaticDependency    
1232      	svchost.exe         	bcryptPrimitives.dll                                                  	0x82000         	C:\Windows\System32\bcryptPrimitives.dll                                                                                        	0x7ffd132b0000        	3       	DelayloadDependency 
1232      	svchost.exe         	user32.dll                                                            	0x19d000        	C:\Windows\System32\user32.dll                                                                                                  	0x7ffd14e90000        	1       	DelayloadDependency 
1232      	svchost.exe         	win32u.dll                                                            	0x22000         	C:\Windows\System32\win32u.dll                                                                                                  	0x7ffd13820000        	1       	StaticDependency    
1232      	svchost.exe         	GDI32.dll                                                             	0x2c000         	C:\Windows\System32\GDI32.dll                                                                                                   	0x7ffd13bf0000        	1       	StaticDependency    
1232      	svchost.exe         	gdi32full.dll                                                         	0x115000        	C:\Windows\System32\gdi32full.dll                                                                                               	0x7ffd136b0000        	1       	StaticDependency    
1232      	svchost.exe         	msvcp_win.dll                                                         	0x9d000         	C:\Windows\System32\msvcp_win.dll                                                                                               	0x7ffd130e0000        	1       	StaticDependency    
1232      	svchost.exe         	profsvc.dll                                                           	0x7c000         	c:\windows\system32\profsvc.dll                                                                                                 	0x7ffd0dd60000        	1       	DynamicLoad         
1232      	svchost.exe         	OLEAUT32.dll                                                          	0xcd000         	C:\Windows\System32\OLEAUT32.dll                                                                                                	0x7ffd13e00000        	1       	StaticDependency    
1232      	svchost.exe         	advapi32.dll                                                          	0xaf000         	C:\Windows\System32\advapi32.dll                                                                                                	0x7ffd15040000        	1       	StaticDependency    
1232      	svchost.exe         	profapi.dll                                                           	0x1f000         	c:\windows\system32\profapi.dll                                                                                                 	0x7ffd12e10000        	1       	StaticDependency    
1232      	svchost.exe         	WLDP.DLL                                                              	0x2e000         	C:\Windows\SYSTEM32\WLDP.DLL                                                                                                    	0x7ffd12850000        	1       	DynamicLoad         
1232      	svchost.exe         	SYSNTFY.dll                                                           	0xc000          	c:\windows\system32\SYSNTFY.dll                                                                                                 	0x7ffd109a0000        	1       	DelayloadDependency 
1232      	svchost.exe         	profsvcext.dll                                                        	0x30000         	C:\Windows\SYSTEM32\profsvcext.dll                                                                                              	0x7ffd0db30000        	1       	DelayloadDependency 
1232      	svchost.exe         	WLDAP32.dll                                                           	0x56000         	C:\Windows\System32\WLDAP32.dll                                                                                                 	0x7ffd14e30000        	1       	StaticDependency    
1232      	svchost.exe         	USERENV.dll                                                           	0x2e000         	c:\windows\system32\USERENV.dll                                                                                                 	0x7ffd12d90000        	1       	StaticDependency    
1232      	svchost.exe         	logoncli.dll                                                          	0x43000         	c:\windows\system32\logoncli.dll                                                                                                	0x7ffd123c0000        	1       	StaticDependency    
1232      	svchost.exe         	netutils.dll                                                          	0xc000          	c:\windows\system32\netutils.dll                                                                                                	0x7ffd123b0000        	1       	StaticDependency    
1232      	svchost.exe         	wkscli.dll                                                            	0x19000         	c:\windows\system32\wkscli.dll                                                                                                  	0x7ffd12030000        	1       	StaticDependency    
1232      	svchost.exe         	clbcatq.dll                                                           	0xa9000         	C:\Windows\System32\clbcatq.dll                                                                                                 	0x7ffd13d50000        	1       	DelayloadDependency 
1232      	svchost.exe         	gpapi.dll                                                             	0x23000         	C:\Windows\SYSTEM32\gpapi.dll                                                                                                   	0x7ffd11760000        	1       	DelayloadDependency 
1232      	svchost.exe         	SspiCli.dll                                                           	0x32000         	c:\windows\system32\SspiCli.dll                                                                                                 	0x7ffd12dc0000        	1       	DelayloadDependency 
1232      	svchost.exe         	winsta.dll                                                            	0x64000         	C:\Windows\SYSTEM32\winsta.dll                                                                                                  	0x7ffd12880000        	1       	DelayloadDependency 
1232      	svchost.exe         	ntmarta.dll                                                           	0x33000         	C:\Windows\SYSTEM32\ntmarta.dll                                                                                                 	0x7ffd11f60000        	1       	DelayloadDependency 
1232      	svchost.exe         	Windows.CloudStore.dll                                                	0x216000        	C:\Windows\System32\Windows.CloudStore.dll                                                                                      	0x7ffcfccc0000        	1       	DynamicLoad         
1232      	svchost.exe         	SHCORE.dll                                                            	0xad000         	C:\Windows\System32\SHCORE.dll                                                                                                  	0x7ffd13880000        	1       	StaticDependency    
1232      	svchost.exe         	bcrypt.dll                                                            	0x27000         	C:\Windows\System32\bcrypt.dll                                                                                                  	0x7ffd13280000        	2       	StaticDependency    
1232      	svchost.exe         	urlmon.dll                                                            	0x1ec000        	C:\Windows\System32\urlmon.dll                                                                                                  	0x7ffd08ce0000        	1       	StaticDependency    
1232      	svchost.exe         	iertutil.dll                                                          	0x2b1000        	C:\Windows\System32\iertutil.dll                                                                                                	0x7ffd09010000        	1       	StaticDependency    
1232      	svchost.exe         	srvcli.dll                                                            	0x28000         	C:\Windows\System32\srvcli.dll                                                                                                  	0x7ffd08cb0000        	1       	StaticDependency    
1232      	svchost.exe         	usermgrcli.dll                                                        	0x16000         	C:\Windows\SYSTEM32\usermgrcli.dll                                                                                              	0x7ffd0e580000        	1       	DelayloadDependency 
1232      	svchost.exe         	IDStore.dll                                                           	0x2b000         	C:\Windows\System32\IDStore.dll                                                                                                 	0x7ffd05440000        	1       	DynamicLoad         
1232      	svchost.exe         	SettingSync.dll                                                       	0xb9000         	C:\Windows\system32\SettingSync.dll                                                                                             	0x7ffcfcc00000        	1       	DynamicLoad         
1232      	svchost.exe         	shlwapi.dll                                                           	0x55000         	C:\Windows\System32\shlwapi.dll                                                                                                 	0x7ffd15550000        	1       	StaticDependency    
1232      	svchost.exe         	CoreMessaging.dll                                                     	0xf2000         	C:\Windows\system32\CoreMessaging.dll                                                                                           	0x7ffd103f0000        	1       	StaticDependency    
1232      	svchost.exe         	CoreUIComponents.dll                                                  	0x35e000        	C:\Windows\system32\CoreUIComponents.dll                                                                                        	0x7ffd0fd10000        	1       	StaticDependency    
1232      	svchost.exe         	WS2_32.dll                                                            	0x6b000         	C:\Windows\System32\WS2_32.dll                                                                                                  	0x7ffd14dc0000        	1       	StaticDependency    
1232      	svchost.exe         	SLC.dll                                                               	0x29000         	C:\Windows\system32\SLC.dll                                                                                                     	0x7ffd11a10000        	1       	StaticDependency    
1232      	svchost.exe         	wevtapi.dll                                                           	0x65000         	C:\Windows\system32\wevtapi.dll                                                                                                 	0x7ffd0c760000        	1       	StaticDependency    
1232      	svchost.exe         	wintypes.dll                                                          	0x154000        	C:\Windows\SYSTEM32\wintypes.dll                                                                                                	0x7ffd0ebd0000        	1       	StaticDependency    
1232      	svchost.exe         	sppc.dll                                                              	0x25000         	C:\Windows\system32\sppc.dll                                                                                                    	0x7ffd119e0000        	1       	StaticDependency    
1232      	svchost.exe         	shacctprofile.dll                                                     	0x18000         	C:\Windows\System32\shacctprofile.dll                                                                                           	0x7ffcfcbe0000        	1       	DynamicLoad         
1232      	svchost.exe         	SAMLIB.dll                                                            	0x27000         	C:\Windows\System32\SAMLIB.dll                                                                                                  	0x7ffd0eb50000        	1       	DelayloadDependency 
1232      	svchost.exe         	SHELL32.dll                                                           	0x744000        	C:\Windows\System32\SHELL32.dll                                                                                                 	0x7ffd14200000        	1       	DelayloadDependency 
1232      	svchost.exe         	windows.storage.dll                                                   	0x793000        	C:\Windows\SYSTEM32\windows.storage.dll                                                                                         	0x7ffd10fb0000        	1       	DelayloadDependency 
1232      	svchost.exe         	AppExtension.dll                                                      	0x37000         	C:\Windows\System32\AppExtension.dll                                                                                            	0x7ffcf9710000        	1       	DynamicLoad         
1232      	svchost.exe         	PROPSYS.dll                                                           	0xf6000         	C:\Windows\System32\PROPSYS.dll                                                                                                 	0x7ffd0ea50000        	1       	StaticDependency    
1232      	svchost.exe         	twinapi.appcore.dll                                                   	0x200000        	C:\Windows\System32\twinapi.appcore.dll                                                                                         	0x7ffd0de50000        	1       	StaticDependency    
1232      	svchost.exe         	AppXDeploymentClient.dll                                              	0x104000        	C:\Windows\System32\AppXDeploymentClient.dll                                                                                    	0x7ffd0c590000        	1       	StaticDependency    
1232      	svchost.exe         	Windows.StateRepositoryPS.dll                                         	0x146000        	C:\Windows\System32\Windows.StateRepositoryPS.dll                                                                               	0x7ffd01c90000        	1       	DynamicLoad         
1260      	svchost.exe         	ntdll.dll                                                             	0x1f8000        	C:\Windows\SYSTEM32\ntdll.dll                                                                                                   	0x7ffd157f0000        	2       	StaticDependency    
1260      	svchost.exe         	KERNEL32.DLL                                                          	0xbf000         	C:\Windows\System32\KERNEL32.DLL                                                                                                	0x7ffd155b0000        	2       	DynamicLoad         
1260      	svchost.exe         	KERNELBASE.dll                                                        	0x2f6000        	C:\Windows\System32\KERNELBASE.dll                                                                                              	0x7ffd133b0000        	1       	StaticDependency    
1260      	svchost.exe         	sechost.dll                                                           	0x9c000         	C:\Windows\System32\sechost.dll                                                                                                 	0x7ffd15450000        	2       	StaticDependency    
1260      	svchost.exe         	RPCRT4.dll                                                            	0x126000        	C:\Windows\System32\RPCRT4.dll                                                                                                  	0x7ffd13c20000        	2       	StaticDependency    
1260      	svchost.exe         	ucrtbase.dll                                                          	0x100000        	C:\Windows\System32\ucrtbase.dll                                                                                                	0x7ffd13180000        	2       	StaticDependency    
1260      	svchost.exe         	combase.dll                                                           	0x354000        	C:\Windows\System32\combase.dll                                                                                                 	0x7ffd150f0000        	1       	DelayloadDependency 
1260      	svchost.exe         	kernel.appcore.dll                                                    	0x12000         	C:\Windows\SYSTEM32\kernel.appcore.dll                                                                                          	0x7ffd10db0000        	1       	DelayloadDependency 
1260      	svchost.exe         	msvcrt.dll                                                            	0x9e000         	C:\Windows\System32\msvcrt.dll                                                                                                  	0x7ffd13af0000        	1       	StaticDependency    
1260      	svchost.exe         	bcryptPrimitives.dll                                                  	0x82000         	C:\Windows\System32\bcryptPrimitives.dll                                                                                        	0x7ffd132b0000        	3       	DelayloadDependency 
1260      	svchost.exe         	user32.dll                                                            	0x19d000        	C:\Windows\System32\user32.dll                                                                                                  	0x7ffd14e90000        	1       	DelayloadDependency 
1260      	svchost.exe         	win32u.dll                                                            	0x22000         	C:\Windows\System32\win32u.dll                                                                                                  	0x7ffd13820000        	1       	StaticDependency    
1260      	svchost.exe         	GDI32.dll                                                             	0x2c000         	C:\Windows\System32\GDI32.dll                                                                                                   	0x7ffd13bf0000        	1       	StaticDependency    
1260      	svchost.exe         	gdi32full.dll                                                         	0x115000        	C:\Windows\System32\gdi32full.dll                                                                                               	0x7ffd136b0000        	1       	StaticDependency    
1260      	svchost.exe         	msvcp_win.dll                                                         	0x9d000         	C:\Windows\System32\msvcp_win.dll                                                                                               	0x7ffd130e0000        	1       	StaticDependency    
1260      	svchost.exe         	wevtsvc.dll                                                           	0x1d3000        	c:\windows\system32\wevtsvc.dll                                                                                                 	0x7ffd0d210000        	1       	DynamicLoad         
1260      	svchost.exe         	shcore.dll                                                            	0xad000         	C:\Windows\System32\shcore.dll                                                                                                  	0x7ffd13880000        	1       	StaticDependency    
1260      	svchost.exe         	WS2_32.dll                                                            	0x6b000         	C:\Windows\System32\WS2_32.dll                                                                                                  	0x7ffd14dc0000        	1       	StaticDependency    
1260      	svchost.exe         	bcrypt.dll                                                            	0x27000         	C:\Windows\System32\bcrypt.dll                                                                                                  	0x7ffd13280000        	2       	StaticDependency    
1260      	svchost.exe         	USERENV.dll                                                           	0x2e000         	c:\windows\system32\USERENV.dll                                                                                                 	0x7ffd12d90000        	1       	StaticDependency    
1260      	svchost.exe         	WLDP.DLL                                                              	0x2e000         	C:\Windows\SYSTEM32\WLDP.DLL                                                                                                    	0x7ffd12850000        	1       	DynamicLoad         
1260      	svchost.exe         	advapi32.dll                                                          	0xaf000         	C:\Windows\System32\advapi32.dll                                                                                                	0x7ffd15040000        	1       	StaticDependency    
1260      	svchost.exe         	powrprof.dll                                                          	0x4b000         	C:\Windows\SYSTEM32\powrprof.dll                                                                                                	0x7ffd12c90000        	1       	DelayloadDependency 
1260      	svchost.exe         	UMPDC.dll                                                             	0x12000         	C:\Windows\SYSTEM32\UMPDC.dll                                                                                                   	0x7ffd12a70000        	1       	DelayloadDependency 
1260      	svchost.exe         	sspicli.dll                                                           	0x32000         	C:\Windows\System32\sspicli.dll                                                                                                 	0x7ffd12dc0000        	1       	DynamicLoad         
1260      	svchost.exe         	mswsock.dll                                                           	0x6a000         	C:\Windows\system32\mswsock.dll                                                                                                 	0x7ffd125b0000        	1       	DynamicLoad         
1260      	svchost.exe         	gpapi.dll                                                             	0x23000         	C:\Windows\SYSTEM32\gpapi.dll                                                                                                   	0x7ffd11760000        	1       	DelayloadDependency 
1260      	svchost.exe         	policymanager.dll                                                     	0xa3000         	C:\Windows\SYSTEM32\policymanager.dll                                                                                           	0x7ffd0c380000        	1       	DelayloadDependency 
1260      	svchost.exe         	msvcp110_win.dll                                                      	0x8a000         	c:\windows\system32\msvcp110_win.dll                                                                                            	0x7ffd11fa0000        	1       	StaticDependency    
1260      	svchost.exe         	OLEAUT32.dll                                                          	0xcd000         	C:\Windows\System32\OLEAUT32.dll                                                                                                	0x7ffd13e00000        	1       	DelayloadDependency 
1320      	svchost.exe         	ntdll.dll                                                             	0x1f8000        	C:\Windows\SYSTEM32\ntdll.dll                                                                                                   	0x7ffd157f0000        	2       	StaticDependency    
1320      	svchost.exe         	KERNEL32.DLL                                                          	0xbf000         	C:\Windows\System32\KERNEL32.DLL                                                                                                	0x7ffd155b0000        	2       	DynamicLoad         
1320      	svchost.exe         	KERNELBASE.dll                                                        	0x2f6000        	C:\Windows\System32\KERNELBASE.dll                                                                                              	0x7ffd133b0000        	1       	StaticDependency    
1320      	svchost.exe         	sechost.dll                                                           	0x9c000         	C:\Windows\System32\sechost.dll                                                                                                 	0x7ffd15450000        	2       	StaticDependency    
1320      	svchost.exe         	RPCRT4.dll                                                            	0x126000        	C:\Windows\System32\RPCRT4.dll                                                                                                  	0x7ffd13c20000        	2       	StaticDependency    
1320      	svchost.exe         	ucrtbase.dll                                                          	0x100000        	C:\Windows\System32\ucrtbase.dll                                                                                                	0x7ffd13180000        	2       	StaticDependency    
1320      	svchost.exe         	combase.dll                                                           	0x354000        	C:\Windows\System32\combase.dll                                                                                                 	0x7ffd150f0000        	1       	DelayloadDependency 
1320      	svchost.exe         	kernel.appcore.dll                                                    	0x12000         	C:\Windows\SYSTEM32\kernel.appcore.dll                                                                                          	0x7ffd10db0000        	1       	DelayloadDependency 
1320      	svchost.exe         	msvcrt.dll                                                            	0x9e000         	C:\Windows\System32\msvcrt.dll                                                                                                  	0x7ffd13af0000        	1       	StaticDependency    
1320      	svchost.exe         	bcryptPrimitives.dll                                                  	0x82000         	C:\Windows\System32\bcryptPrimitives.dll                                                                                        	0x7ffd132b0000        	3       	DelayloadDependency 
1320      	svchost.exe         	user32.dll                                                            	0x19d000        	C:\Windows\System32\user32.dll                                                                                                  	0x7ffd14e90000        	1       	DelayloadDependency 
1320      	svchost.exe         	win32u.dll                                                            	0x22000         	C:\Windows\System32\win32u.dll                                                                                                  	0x7ffd13820000        	1       	StaticDependency    
1320      	svchost.exe         	GDI32.dll                                                             	0x2c000         	C:\Windows\System32\GDI32.dll                                                                                                   	0x7ffd13bf0000        	1       	StaticDependency    
1320      	svchost.exe         	gdi32full.dll                                                         	0x115000        	C:\Windows\System32\gdi32full.dll                                                                                               	0x7ffd136b0000        	1       	StaticDependency    
1320      	svchost.exe         	msvcp_win.dll                                                         	0x9d000         	C:\Windows\System32\msvcp_win.dll                                                                                               	0x7ffd130e0000        	1       	StaticDependency    
1320      	svchost.exe         	usermgr.dll                                                           	0x170000        	c:\windows\system32\usermgr.dll                                                                                                 	0x7ffd0c7f0000        	1       	DynamicLoad         
1320      	svchost.exe         	SHCORE.dll                                                            	0xad000         	C:\Windows\System32\SHCORE.dll                                                                                                  	0x7ffd13880000        	1       	StaticDependency    
1320      	svchost.exe         	bcrypt.dll                                                            	0x27000         	C:\Windows\System32\bcrypt.dll                                                                                                  	0x7ffd13280000        	2       	StaticDependency    
1320      	svchost.exe         	CRYPT32.dll                                                           	0x15e000        	C:\Windows\System32\CRYPT32.dll                                                                                                 	0x7ffd12f80000        	1       	StaticDependency    
1320      	svchost.exe         	advapi32.dll                                                          	0xaf000         	C:\Windows\System32\advapi32.dll                                                                                                	0x7ffd15040000        	1       	StaticDependency    
1320      	svchost.exe         	OLEAUT32.dll                                                          	0xcd000         	C:\Windows\System32\OLEAUT32.dll                                                                                                	0x7ffd13e00000        	1       	StaticDependency    
1320      	svchost.exe         	WLDAP32.dll                                                           	0x56000         	C:\Windows\System32\WLDAP32.dll                                                                                                 	0x7ffd14e30000        	1       	StaticDependency    
1320      	svchost.exe         	SspiCli.dll                                                           	0x32000         	c:\windows\system32\SspiCli.dll                                                                                                 	0x7ffd12dc0000        	1       	StaticDependency    
1320      	svchost.exe         	USERENV.dll                                                           	0x2e000         	c:\windows\system32\USERENV.dll                                                                                                 	0x7ffd12d90000        	1       	StaticDependency    
1320      	svchost.exe         	logoncli.dll                                                          	0x43000         	c:\windows\system32\logoncli.dll                                                                                                	0x7ffd123c0000        	1       	StaticDependency    
1320      	svchost.exe         	ntmarta.dll                                                           	0x33000         	C:\Windows\SYSTEM32\ntmarta.dll                                                                                                 	0x7ffd11f60000        	1       	StaticDependency    
1320      	svchost.exe         	profapi.dll                                                           	0x1f000         	c:\windows\system32\profapi.dll                                                                                                 	0x7ffd12e10000        	1       	StaticDependency    
1320      	svchost.exe         	wintypes.dll                                                          	0x154000        	C:\Windows\SYSTEM32\wintypes.dll                                                                                                	0x7ffd0ebd0000        	1       	StaticDependency    
1320      	svchost.exe         	WLDP.DLL                                                              	0x2e000         	C:\Windows\SYSTEM32\WLDP.DLL                                                                                                    	0x7ffd12850000        	1       	DynamicLoad         
1320      	svchost.exe         	clbcatq.dll                                                           	0xa9000         	C:\Windows\System32\clbcatq.dll                                                                                                 	0x7ffd13d50000        	1       	DelayloadDependency 
1320      	svchost.exe         	AppXDeploymentClient.dll                                              	0x104000        	c:\windows\system32\AppXDeploymentClient.dll                                                                                    	0x7ffd0c590000        	1       	DelayloadDependency 
1320      	svchost.exe         	usermgrproxy.dll                                                      	0x54000         	C:\Windows\System32\usermgrproxy.dll                                                                                            	0x7ffd0c520000        	1       	DynamicLoad         
1320      	svchost.exe         	wtsapi32.dll                                                          	0x14000         	C:\Windows\SYSTEM32\wtsapi32.dll                                                                                                	0x7ffd0ebb0000        	1       	DelayloadDependency 
1320      	svchost.exe         	WINSTA.dll                                                            	0x64000         	C:\Windows\SYSTEM32\WINSTA.dll                                                                                                  	0x7ffd12880000        	1       	DelayloadDependency 
1348      	svchost.exe         	ntdll.dll                                                             	0x1f8000        	C:\Windows\SYSTEM32\ntdll.dll                                                                                                   	0x7ffd157f0000        	2       	StaticDependency    
1348      	svchost.exe         	KERNEL32.DLL                                                          	0xbf000         	C:\Windows\System32\KERNEL32.DLL                                                                                                	0x7ffd155b0000        	2       	DynamicLoad         
1348      	svchost.exe         	KERNELBASE.dll                                                        	0x2f6000        	C:\Windows\System32\KERNELBASE.dll                                                                                              	0x7ffd133b0000        	1       	StaticDependency    
1348      	svchost.exe         	sechost.dll                                                           	0x9c000         	C:\Windows\System32\sechost.dll                                                                                                 	0x7ffd15450000        	2       	StaticDependency    
1348      	svchost.exe         	RPCRT4.dll                                                            	0x126000        	C:\Windows\System32\RPCRT4.dll                                                                                                  	0x7ffd13c20000        	2       	StaticDependency    
1348      	svchost.exe         	ucrtbase.dll                                                          	0x100000        	C:\Windows\System32\ucrtbase.dll                                                                                                	0x7ffd13180000        	2       	StaticDependency    
1348      	svchost.exe         	combase.dll                                                           	0x354000        	C:\Windows\System32\combase.dll                                                                                                 	0x7ffd150f0000        	1       	DelayloadDependency 
1348      	svchost.exe         	kernel.appcore.dll                                                    	0x12000         	C:\Windows\SYSTEM32\kernel.appcore.dll                                                                                          	0x7ffd10db0000        	1       	DelayloadDependency 
1348      	svchost.exe         	msvcrt.dll                                                            	0x9e000         	C:\Windows\System32\msvcrt.dll                                                                                                  	0x7ffd13af0000        	1       	StaticDependency    
1348      	svchost.exe         	bcryptPrimitives.dll                                                  	0x82000         	C:\Windows\System32\bcryptPrimitives.dll                                                                                        	0x7ffd132b0000        	3       	DelayloadDependency 
1348      	svchost.exe         	user32.dll                                                            	0x19d000        	C:\Windows\System32\user32.dll                                                                                                  	0x7ffd14e90000        	1       	DelayloadDependency 
1348      	svchost.exe         	win32u.dll                                                            	0x22000         	C:\Windows\System32\win32u.dll                                                                                                  	0x7ffd13820000        	1       	StaticDependency    
1348      	svchost.exe         	GDI32.dll                                                             	0x2c000         	C:\Windows\System32\GDI32.dll                                                                                                   	0x7ffd13bf0000        	1       	StaticDependency    
1348      	svchost.exe         	gdi32full.dll                                                         	0x115000        	C:\Windows\System32\gdi32full.dll                                                                                               	0x7ffd136b0000        	1       	StaticDependency    
1348      	svchost.exe         	msvcp_win.dll                                                         	0x9d000         	C:\Windows\System32\msvcp_win.dll                                                                                               	0x7ffd130e0000        	1       	StaticDependency    
1348      	svchost.exe         	dispbroker.desktop.dll                                                	0x61000         	c:\windows\system32\dispbroker.desktop.dll                                                                                      	0x7ffd0da70000        	1       	DynamicLoad         
1348      	svchost.exe         	cfgmgr32.dll                                                          	0x4e000         	C:\Windows\System32\cfgmgr32.dll                                                                                                	0x7ffd137d0000        	1       	StaticDependency    
1348      	svchost.exe         	mscms.dll                                                             	0xae000         	c:\windows\system32\mscms.dll                                                                                                   	0x7ffd0d9c0000        	1       	StaticDependency    
1348      	svchost.exe         	USERENV.dll                                                           	0x2e000         	c:\windows\system32\USERENV.dll                                                                                                 	0x7ffd12d90000        	1       	StaticDependency    
1348      	svchost.exe         	ColorAdapterClient.dll                                                	0x11000         	c:\windows\system32\ColorAdapterClient.dll                                                                                      	0x7ffd0d9a0000        	1       	StaticDependency    
1348      	svchost.exe         	OLEAUT32.dll                                                          	0xcd000         	C:\Windows\System32\OLEAUT32.dll                                                                                                	0x7ffd13e00000        	1       	StaticDependency    
1348      	svchost.exe         	WLDP.DLL                                                              	0x2e000         	C:\Windows\SYSTEM32\WLDP.DLL                                                                                                    	0x7ffd12850000        	1       	DynamicLoad         
1348      	svchost.exe         	advapi32.dll                                                          	0xaf000         	C:\Windows\System32\advapi32.dll                                                                                                	0x7ffd15040000        	1       	StaticDependency    
1348      	svchost.exe         	clbcatq.dll                                                           	0xa9000         	C:\Windows\System32\clbcatq.dll                                                                                                 	0x7ffd13d50000        	1       	DelayloadDependency 
1348      	svchost.exe         	ActXPrxy.dll                                                          	0xa1000         	C:\Windows\System32\ActXPrxy.dll                                                                                                	0x7ffd0c6a0000        	1       	DynamicLoad         
1420      	svchost.exe         	ntdll.dll                                                             	0x1f8000        	C:\Windows\SYSTEM32\ntdll.dll                                                                                                   	0x7ffd157f0000        	2       	StaticDependency    
1420      	svchost.exe         	KERNEL32.DLL                                                          	0xbf000         	C:\Windows\System32\KERNEL32.DLL                                                                                                	0x7ffd155b0000        	2       	DynamicLoad         
1420      	svchost.exe         	KERNELBASE.dll                                                        	0x2f6000        	C:\Windows\System32\KERNELBASE.dll                                                                                              	0x7ffd133b0000        	1       	StaticDependency    
1420      	svchost.exe         	sechost.dll                                                           	0x9c000         	C:\Windows\System32\sechost.dll                                                                                                 	0x7ffd15450000        	2       	StaticDependency    
1420      	svchost.exe         	RPCRT4.dll                                                            	0x126000        	C:\Windows\System32\RPCRT4.dll                                                                                                  	0x7ffd13c20000        	2       	StaticDependency    
1420      	svchost.exe         	ucrtbase.dll                                                          	0x100000        	C:\Windows\System32\ucrtbase.dll                                                                                                	0x7ffd13180000        	2       	StaticDependency    
1420      	svchost.exe         	combase.dll                                                           	0x354000        	C:\Windows\System32\combase.dll                                                                                                 	0x7ffd150f0000        	1       	DelayloadDependency 
1420      	svchost.exe         	kernel.appcore.dll                                                    	0x12000         	C:\Windows\SYSTEM32\kernel.appcore.dll                                                                                          	0x7ffd10db0000        	1       	DelayloadDependency 
1420      	svchost.exe         	msvcrt.dll                                                            	0x9e000         	C:\Windows\System32\msvcrt.dll                                                                                                  	0x7ffd13af0000        	1       	StaticDependency    
1420      	svchost.exe         	bcryptPrimitives.dll                                                  	0x82000         	C:\Windows\System32\bcryptPrimitives.dll                                                                                        	0x7ffd132b0000        	3       	DelayloadDependency 
1420      	svchost.exe         	user32.dll                                                            	0x19d000        	C:\Windows\System32\user32.dll                                                                                                  	0x7ffd14e90000        	1       	DelayloadDependency 
1420      	svchost.exe         	win32u.dll                                                            	0x22000         	C:\Windows\System32\win32u.dll                                                                                                  	0x7ffd13820000        	1       	StaticDependency    
1420      	svchost.exe         	GDI32.dll                                                             	0x2c000         	C:\Windows\System32\GDI32.dll                                                                                                   	0x7ffd13bf0000        	1       	StaticDependency    
1420      	svchost.exe         	gdi32full.dll                                                         	0x115000        	C:\Windows\System32\gdi32full.dll                                                                                               	0x7ffd136b0000        	1       	StaticDependency    
1420      	svchost.exe         	msvcp_win.dll                                                         	0x9d000         	C:\Windows\System32\msvcp_win.dll                                                                                               	0x7ffd130e0000        	1       	StaticDependency    
1420      	svchost.exe         	nsisvc.dll                                                            	0xe000          	c:\windows\system32\nsisvc.dll                                                                                                  	0x7ffd0c580000        	1       	DynamicLoad         
1420      	svchost.exe         	WLDP.DLL                                                              	0x2e000         	C:\Windows\SYSTEM32\WLDP.DLL                                                                                                    	0x7ffd12850000        	1       	DynamicLoad         
1420      	svchost.exe         	advapi32.dll                                                          	0xaf000         	C:\Windows\System32\advapi32.dll                                                                                                	0x7ffd15040000        	1       	StaticDependency    
1420      	svchost.exe         	NSI.dll                                                               	0x8000          	C:\Windows\System32\NSI.dll                                                                                                     	0x7ffd13870000        	1       	DelayloadDependency 
1468      	svchost.exe         	ntdll.dll                                                             	0x1f8000        	C:\Windows\SYSTEM32\ntdll.dll                                                                                                   	0x7ffd157f0000        	2       	StaticDependency    
1468      	svchost.exe         	KERNEL32.DLL                                                          	0xbf000         	C:\Windows\System32\KERNEL32.DLL                                                                                                	0x7ffd155b0000        	2       	DynamicLoad         
1468      	svchost.exe         	KERNELBASE.dll                                                        	0x2f6000        	C:\Windows\System32\KERNELBASE.dll                                                                                              	0x7ffd133b0000        	1       	StaticDependency    
1468      	svchost.exe         	sechost.dll                                                           	0x9c000         	C:\Windows\System32\sechost.dll                                                                                                 	0x7ffd15450000        	2       	StaticDependency    
1468      	svchost.exe         	RPCRT4.dll                                                            	0x126000        	C:\Windows\System32\RPCRT4.dll                                                                                                  	0x7ffd13c20000        	2       	StaticDependency    
1468      	svchost.exe         	ucrtbase.dll                                                          	0x100000        	C:\Windows\System32\ucrtbase.dll                                                                                                	0x7ffd13180000        	2       	StaticDependency    
1468      	svchost.exe         	combase.dll                                                           	0x354000        	C:\Windows\System32\combase.dll                                                                                                 	0x7ffd150f0000        	1       	DelayloadDependency 
1468      	svchost.exe         	kernel.appcore.dll                                                    	0x12000         	C:\Windows\SYSTEM32\kernel.appcore.dll                                                                                          	0x7ffd10db0000        	1       	DelayloadDependency 
1468      	svchost.exe         	msvcrt.dll                                                            	0x9e000         	C:\Windows\System32\msvcrt.dll                                                                                                  	0x7ffd13af0000        	1       	StaticDependency    
1468      	svchost.exe         	bcryptPrimitives.dll                                                  	0x82000         	C:\Windows\System32\bcryptPrimitives.dll                                                                                        	0x7ffd132b0000        	3       	DelayloadDependency 
1468      	svchost.exe         	user32.dll                                                            	0x19d000        	C:\Windows\System32\user32.dll                                                                                                  	0x7ffd14e90000        	1       	DelayloadDependency 
1468      	svchost.exe         	win32u.dll                                                            	0x22000         	C:\Windows\System32\win32u.dll                                                                                                  	0x7ffd13820000        	1       	StaticDependency    
1468      	svchost.exe         	GDI32.dll                                                             	0x2c000         	C:\Windows\System32\GDI32.dll                                                                                                   	0x7ffd13bf0000        	1       	StaticDependency    
1468      	svchost.exe         	gdi32full.dll                                                         	0x115000        	C:\Windows\System32\gdi32full.dll                                                                                               	0x7ffd136b0000        	1       	StaticDependency    
1468      	svchost.exe         	msvcp_win.dll                                                         	0x9d000         	C:\Windows\System32\msvcp_win.dll                                                                                               	0x7ffd130e0000        	1       	StaticDependency    
1468      	svchost.exe         	umrdp.dll                                                             	0x67000         	c:\windows\system32\umrdp.dll                                                                                                   	0x7ffd0c430000        	1       	DynamicLoad         
1468      	svchost.exe         	ADVAPI32.dll                                                          	0xaf000         	C:\Windows\System32\ADVAPI32.dll                                                                                                	0x7ffd15040000        	1       	StaticDependency    
1468      	svchost.exe         	cfgmgr32.dll                                                          	0x4e000         	C:\Windows\System32\cfgmgr32.dll                                                                                                	0x7ffd137d0000        	1       	StaticDependency    
1468      	svchost.exe         	WLDP.DLL                                                              	0x2e000         	C:\Windows\SYSTEM32\WLDP.DLL                                                                                                    	0x7ffd12850000        	1       	DynamicLoad         
1468      	svchost.exe         	clbcatq.dll                                                           	0xa9000         	C:\Windows\System32\clbcatq.dll                                                                                                 	0x7ffd13d50000        	1       	DelayloadDependency 
1468      	svchost.exe         	umb.dll                                                               	0x18000         	C:\Windows\System32\umb.dll                                                                                                     	0x7ffd0c7d0000        	1       	DynamicLoad         
1468      	svchost.exe         	SETUPAPI.dll                                                          	0x468000        	C:\Windows\System32\SETUPAPI.dll                                                                                                	0x7ffd14950000        	1       	DelayloadDependency 
1468      	svchost.exe         	bcrypt.dll                                                            	0x27000         	C:\Windows\System32\bcrypt.dll                                                                                                  	0x7ffd13280000        	2       	StaticDependency    
1468      	svchost.exe         	DEVOBJ.dll                                                            	0x2c000         	C:\Windows\System32\DEVOBJ.dll                                                                                                  	0x7ffd12c30000        	1       	DelayloadDependency 
1468      	svchost.exe         	WINTRUST.dll                                                          	0x67000         	C:\Windows\System32\WINTRUST.dll                                                                                                	0x7ffd13340000        	1       	DelayloadDependency 
1468      	svchost.exe         	CRYPT32.dll                                                           	0x15e000        	C:\Windows\System32\CRYPT32.dll                                                                                                 	0x7ffd12f80000        	1       	DelayloadDependency 
1468      	svchost.exe         	MSASN1.dll                                                            	0x12000         	C:\Windows\System32\MSASN1.dll                                                                                                  	0x7ffd12a50000        	1       	DelayloadDependency 
1468      	svchost.exe         	propsys.dll                                                           	0xf6000         	C:\Windows\system32\propsys.dll                                                                                                 	0x7ffd0ea50000        	1       	DynamicLoad         
1468      	svchost.exe         	WINSTA.dll                                                            	0x64000         	c:\windows\system32\WINSTA.dll                                                                                                  	0x7ffd12880000        	1       	DelayloadDependency 
1468      	svchost.exe         	WTSAPI32.dll                                                          	0x14000         	c:\windows\system32\WTSAPI32.dll                                                                                                	0x7ffd0ebb0000        	1       	DelayloadDependency 
1468      	svchost.exe         	WINSPOOL.DRV                                                          	0x98000         	c:\windows\system32\WINSPOOL.DRV                                                                                                	0x7ffcfcae0000        	1       	DelayloadDependency 
1468      	svchost.exe         	printui.dll                                                           	0xbe000         	C:\Windows\System32\printui.dll                                                                                                 	0x7ffcfc270000        	1       	DynamicLoad         
1468      	svchost.exe         	SHELL32.dll                                                           	0x744000        	C:\Windows\System32\SHELL32.dll                                                                                                 	0x7ffd14200000        	1       	StaticDependency    
1468      	svchost.exe         	SHLWAPI.dll                                                           	0x55000         	C:\Windows\System32\SHLWAPI.dll                                                                                                 	0x7ffd15550000        	1       	StaticDependency    
1468      	svchost.exe         	puiapi.dll                                                            	0x36000         	C:\Windows\System32\puiapi.dll                                                                                                  	0x7ffcfc230000        	1       	StaticDependency    
1468      	svchost.exe         	Comctl32.dll                                                          	0x29a000        	C:\Windows\WinSxS\amd64_microsoft.windows.common-controls_6595b64144ccf1df_6.0.19041.1110_none_60b5254171f9507e\Comctl32.dll    	0x7ffcfbf90000        	1       	DynamicLoad         
1468      	svchost.exe         	OLEAUT32.dll                                                          	0xcd000         	C:\Windows\System32\OLEAUT32.dll                                                                                                	0x7ffd13e00000        	1       	StaticDependency    
1468      	svchost.exe         	netprofm.dll                                                          	0x3f000         	C:\Windows\System32\netprofm.dll                                                                                                	0x7ffd0e540000        	1       	DynamicLoad         
1468      	svchost.exe         	npmproxy.dll                                                          	0x10000         	C:\Windows\System32\npmproxy.dll                                                                                                	0x7ffd06c00000        	1       	DynamicLoad         
1468      	svchost.exe         	IPHLPAPI.DLL                                                          	0x3c000         	c:\windows\system32\IPHLPAPI.DLL                                                                                                	0x7ffd122a0000        	1       	DelayloadDependency 
1468      	svchost.exe         	NSI.dll                                                               	0x8000          	C:\Windows\System32\NSI.dll                                                                                                     	0x7ffd13870000        	1       	DelayloadDependency 
1468      	svchost.exe         	dhcpcsvc6.DLL                                                         	0x17000         	C:\Windows\SYSTEM32\dhcpcsvc6.DLL                                                                                               	0x7ffd0b670000        	1       	DelayloadDependency 
1468      	svchost.exe         	dhcpcsvc.DLL                                                          	0x1d000         	C:\Windows\SYSTEM32\dhcpcsvc.DLL                                                                                                	0x7ffd0b650000        	1       	DelayloadDependency 
1468      	svchost.exe         	DNSAPI.dll                                                            	0xcb000         	C:\Windows\SYSTEM32\DNSAPI.dll                                                                                                  	0x7ffd122e0000        	1       	DelayloadDependency 
1468      	svchost.exe         	shcore.dll                                                            	0xad000         	C:\Windows\System32\shcore.dll                                                                                                  	0x7ffd13880000        	1       	DelayloadDependency 
1512      	svchost.exe         	ntdll.dll                                                             	0x1f8000        	C:\Windows\SYSTEM32\ntdll.dll                                                                                                   	0x7ffd157f0000        	2       	StaticDependency    
1512      	svchost.exe         	KERNEL32.DLL                                                          	0xbf000         	C:\Windows\System32\KERNEL32.DLL                                                                                                	0x7ffd155b0000        	2       	DynamicLoad         
1512      	svchost.exe         	KERNELBASE.dll                                                        	0x2f6000        	C:\Windows\System32\KERNELBASE.dll                                                                                              	0x7ffd133b0000        	1       	StaticDependency    
1512      	svchost.exe         	sechost.dll                                                           	0x9c000         	C:\Windows\System32\sechost.dll                                                                                                 	0x7ffd15450000        	2       	StaticDependency    
1512      	svchost.exe         	RPCRT4.dll                                                            	0x126000        	C:\Windows\System32\RPCRT4.dll                                                                                                  	0x7ffd13c20000        	2       	StaticDependency    
1512      	svchost.exe         	ucrtbase.dll                                                          	0x100000        	C:\Windows\System32\ucrtbase.dll                                                                                                	0x7ffd13180000        	2       	StaticDependency    
1512      	svchost.exe         	combase.dll                                                           	0x354000        	C:\Windows\System32\combase.dll                                                                                                 	0x7ffd150f0000        	1       	DelayloadDependency 
1512      	svchost.exe         	kernel.appcore.dll                                                    	0x12000         	C:\Windows\SYSTEM32\kernel.appcore.dll                                                                                          	0x7ffd10db0000        	1       	DelayloadDependency 
1512      	svchost.exe         	msvcrt.dll                                                            	0x9e000         	C:\Windows\System32\msvcrt.dll                                                                                                  	0x7ffd13af0000        	1       	StaticDependency    
1512      	svchost.exe         	bcryptPrimitives.dll                                                  	0x82000         	C:\Windows\System32\bcryptPrimitives.dll                                                                                        	0x7ffd132b0000        	3       	DelayloadDependency 
1512      	svchost.exe         	user32.dll                                                            	0x19d000        	C:\Windows\System32\user32.dll                                                                                                  	0x7ffd14e90000        	1       	DelayloadDependency 
1512      	svchost.exe         	win32u.dll                                                            	0x22000         	C:\Windows\System32\win32u.dll                                                                                                  	0x7ffd13820000        	1       	StaticDependency    
1512      	svchost.exe         	GDI32.dll                                                             	0x2c000         	C:\Windows\System32\GDI32.dll                                                                                                   	0x7ffd13bf0000        	1       	StaticDependency    
1512      	svchost.exe         	gdi32full.dll                                                         	0x115000        	C:\Windows\System32\gdi32full.dll                                                                                               	0x7ffd136b0000        	1       	StaticDependency    
1512      	svchost.exe         	msvcp_win.dll                                                         	0x9d000         	C:\Windows\System32\msvcp_win.dll                                                                                               	0x7ffd130e0000        	1       	StaticDependency    
1512      	svchost.exe         	dhcpcore.dll                                                          	0x67000         	c:\windows\system32\dhcpcore.dll                                                                                                	0x7ffd0bae0000        	1       	DynamicLoad         
1512      	svchost.exe         	powrprof.dll                                                          	0x4b000         	C:\Windows\SYSTEM32\powrprof.dll                                                                                                	0x7ffd12c90000        	1       	StaticDependency    
1512      	svchost.exe         	UMPDC.dll                                                             	0x12000         	C:\Windows\SYSTEM32\UMPDC.dll                                                                                                   	0x7ffd12a70000        	1       	DelayloadDependency 
1512      	svchost.exe         	WLDP.DLL                                                              	0x2e000         	C:\Windows\SYSTEM32\WLDP.DLL                                                                                                    	0x7ffd12850000        	1       	DynamicLoad         
1512      	svchost.exe         	advapi32.dll                                                          	0xaf000         	C:\Windows\System32\advapi32.dll                                                                                                	0x7ffd15040000        	1       	StaticDependency    
1512      	svchost.exe         	WS2_32.dll                                                            	0x6b000         	C:\Windows\System32\WS2_32.dll                                                                                                  	0x7ffd14dc0000        	1       	DelayloadDependency 
1512      	svchost.exe         	rmclient.dll                                                          	0x2a000         	C:\Windows\SYSTEM32\rmclient.dll                                                                                                	0x7ffd10ac0000        	1       	DelayloadDependency 
1512      	svchost.exe         	firewallapi.dll                                                       	0xa1000         	C:\Windows\SYSTEM32\firewallapi.dll                                                                                             	0x7ffd11af0000        	1       	DelayloadDependency 
1512      	svchost.exe         	DNSAPI.dll                                                            	0xcb000         	c:\windows\system32\DNSAPI.dll                                                                                                  	0x7ffd122e0000        	1       	StaticDependency    
1512      	svchost.exe         	IPHLPAPI.DLL                                                          	0x3c000         	C:\Windows\SYSTEM32\IPHLPAPI.DLL                                                                                                	0x7ffd122a0000        	1       	DelayloadDependency 
1512      	svchost.exe         	NSI.dll                                                               	0x8000          	C:\Windows\System32\NSI.dll                                                                                                     	0x7ffd13870000        	1       	DelayloadDependency 
1512      	svchost.exe         	fwbase.dll                                                            	0x3a000         	C:\Windows\SYSTEM32\fwbase.dll                                                                                                  	0x7ffd11ab0000        	1       	DelayloadDependency 
1512      	svchost.exe         	dhcpcore6.dll                                                         	0x51000         	C:\Windows\system32\dhcpcore6.dll                                                                                               	0x7ffd0b830000        	1       	DynamicLoad         
1512      	svchost.exe         	SspiCli.dll                                                           	0x32000         	C:\Windows\SYSTEM32\SspiCli.dll                                                                                                 	0x7ffd12dc0000        	1       	DelayloadDependency 
1512      	svchost.exe         	WINNSI.DLL                                                            	0xb000          	C:\Windows\SYSTEM32\WINNSI.DLL                                                                                                  	0x7ffd0b6b0000        	1       	DelayloadDependency 
1512      	svchost.exe         	dhcpcsvc6.DLL                                                         	0x17000         	C:\Windows\SYSTEM32\dhcpcsvc6.DLL                                                                                               	0x7ffd0b670000        	1       	DelayloadDependency 
1512      	svchost.exe         	dhcpcsvc.DLL                                                          	0x1d000         	C:\Windows\SYSTEM32\dhcpcsvc.DLL                                                                                                	0x7ffd0b650000        	1       	DelayloadDependency 
1512      	svchost.exe         	mswsock.dll                                                           	0x6a000         	C:\Windows\system32\mswsock.dll                                                                                                 	0x7ffd125b0000        	1       	DynamicLoad         
1512      	svchost.exe         	CRYPTBASE.dll                                                         	0xc000          	C:\Windows\SYSTEM32\CRYPTBASE.dll                                                                                               	0x7ffd127c0000        	1       	DelayloadDependency 
1688      	svchost.exe         	ntdll.dll                                                             	0x1f8000        	C:\Windows\SYSTEM32\ntdll.dll                                                                                                   	0x7ffd157f0000        	2       	StaticDependency    
1688      	svchost.exe         	KERNEL32.DLL                                                          	0xbf000         	C:\Windows\System32\KERNEL32.DLL                                                                                                	0x7ffd155b0000        	2       	DynamicLoad         
1688      	svchost.exe         	KERNELBASE.dll                                                        	0x2f6000        	C:\Windows\System32\KERNELBASE.dll                                                                                              	0x7ffd133b0000        	1       	StaticDependency    
1688      	svchost.exe         	sechost.dll                                                           	0x9c000         	C:\Windows\System32\sechost.dll                                                                                                 	0x7ffd15450000        	2       	StaticDependency    
1688      	svchost.exe         	RPCRT4.dll                                                            	0x126000        	C:\Windows\System32\RPCRT4.dll                                                                                                  	0x7ffd13c20000        	2       	StaticDependency    
1688      	svchost.exe         	ucrtbase.dll                                                          	0x100000        	C:\Windows\System32\ucrtbase.dll                                                                                                	0x7ffd13180000        	2       	StaticDependency    
1688      	svchost.exe         	combase.dll                                                           	0x354000        	C:\Windows\System32\combase.dll                                                                                                 	0x7ffd150f0000        	1       	DelayloadDependency 
1688      	svchost.exe         	kernel.appcore.dll                                                    	0x12000         	C:\Windows\SYSTEM32\kernel.appcore.dll                                                                                          	0x7ffd10db0000        	1       	DelayloadDependency 
1688      	svchost.exe         	msvcrt.dll                                                            	0x9e000         	C:\Windows\System32\msvcrt.dll                                                                                                  	0x7ffd13af0000        	1       	StaticDependency    
1688      	svchost.exe         	bcryptPrimitives.dll                                                  	0x82000         	C:\Windows\System32\bcryptPrimitives.dll                                                                                        	0x7ffd132b0000        	3       	DelayloadDependency 
1688      	svchost.exe         	user32.dll                                                            	0x19d000        	C:\Windows\System32\user32.dll                                                                                                  	0x7ffd14e90000        	1       	DelayloadDependency 
1688      	svchost.exe         	win32u.dll                                                            	0x22000         	C:\Windows\System32\win32u.dll                                                                                                  	0x7ffd13820000        	1       	StaticDependency    
1688      	svchost.exe         	GDI32.dll                                                             	0x2c000         	C:\Windows\System32\GDI32.dll                                                                                                   	0x7ffd13bf0000        	1       	StaticDependency    
1688      	svchost.exe         	gdi32full.dll                                                         	0x115000        	C:\Windows\System32\gdi32full.dll                                                                                               	0x7ffd136b0000        	1       	StaticDependency    
1688      	svchost.exe         	msvcp_win.dll                                                         	0x9d000         	C:\Windows\System32\msvcp_win.dll                                                                                               	0x7ffd130e0000        	1       	StaticDependency    
1688      	svchost.exe         	es.dll                                                                	0x6c000         	c:\windows\system32\es.dll                                                                                                      	0x7ffd0b7c0000        	1       	DynamicLoad         
1688      	svchost.exe         	WLDP.DLL                                                              	0x2e000         	C:\Windows\SYSTEM32\WLDP.DLL                                                                                                    	0x7ffd12850000        	1       	DynamicLoad         
1688      	svchost.exe         	advapi32.dll                                                          	0xaf000         	C:\Windows\System32\advapi32.dll                                                                                                	0x7ffd15040000        	1       	StaticDependency    
1688      	svchost.exe         	clbcatq.dll                                                           	0xa9000         	C:\Windows\System32\clbcatq.dll                                                                                                 	0x7ffd13d50000        	1       	DelayloadDependency 
1688      	svchost.exe         	OLEAUT32.dll                                                          	0xcd000         	C:\Windows\System32\OLEAUT32.dll                                                                                                	0x7ffd13e00000        	1       	DelayloadDependency 
1688      	svchost.exe         	sxs.dll                                                               	0xa2000         	C:\Windows\SYSTEM32\sxs.dll                                                                                                     	0x7ffd12ce0000        	1       	DelayloadDependency 
1688      	svchost.exe         	ole32.dll                                                             	0x12a000        	C:\Windows\System32\ole32.dll                                                                                                   	0x7ffd140d0000        	1       	DelayloadDependency 
1688      	svchost.exe         	PROPSYS.dll                                                           	0xf6000         	c:\windows\system32\PROPSYS.dll                                                                                                 	0x7ffd0ea50000        	1       	DelayloadDependency 
1716      	svchost.exe         	ntdll.dll                                                             	0x1f8000        	C:\Windows\SYSTEM32\ntdll.dll                                                                                                   	0x7ffd157f0000        	2       	StaticDependency    
1716      	svchost.exe         	KERNEL32.DLL                                                          	0xbf000         	C:\Windows\System32\KERNEL32.DLL                                                                                                	0x7ffd155b0000        	2       	DynamicLoad         
1716      	svchost.exe         	KERNELBASE.dll                                                        	0x2f6000        	C:\Windows\System32\KERNELBASE.dll                                                                                              	0x7ffd133b0000        	1       	StaticDependency    
1716      	svchost.exe         	sechost.dll                                                           	0x9c000         	C:\Windows\System32\sechost.dll                                                                                                 	0x7ffd15450000        	2       	StaticDependency    
1716      	svchost.exe         	RPCRT4.dll                                                            	0x126000        	C:\Windows\System32\RPCRT4.dll                                                                                                  	0x7ffd13c20000        	2       	StaticDependency    
1716      	svchost.exe         	ucrtbase.dll                                                          	0x100000        	C:\Windows\System32\ucrtbase.dll                                                                                                	0x7ffd13180000        	2       	StaticDependency    
1716      	svchost.exe         	combase.dll                                                           	0x354000        	C:\Windows\System32\combase.dll                                                                                                 	0x7ffd150f0000        	1       	DelayloadDependency 
1716      	svchost.exe         	kernel.appcore.dll                                                    	0x12000         	C:\Windows\SYSTEM32\kernel.appcore.dll                                                                                          	0x7ffd10db0000        	1       	DelayloadDependency 
1716      	svchost.exe         	msvcrt.dll                                                            	0x9e000         	C:\Windows\System32\msvcrt.dll                                                                                                  	0x7ffd13af0000        	1       	StaticDependency    
1716      	svchost.exe         	bcryptPrimitives.dll                                                  	0x82000         	C:\Windows\System32\bcryptPrimitives.dll                                                                                        	0x7ffd132b0000        	3       	DelayloadDependency 
1716      	svchost.exe         	user32.dll                                                            	0x19d000        	C:\Windows\System32\user32.dll                                                                                                  	0x7ffd14e90000        	1       	DelayloadDependency 
1716      	svchost.exe         	win32u.dll                                                            	0x22000         	C:\Windows\System32\win32u.dll                                                                                                  	0x7ffd13820000        	1       	StaticDependency    
1716      	svchost.exe         	GDI32.dll                                                             	0x2c000         	C:\Windows\System32\GDI32.dll                                                                                                   	0x7ffd13bf0000        	1       	StaticDependency    
1716      	svchost.exe         	gdi32full.dll                                                         	0x115000        	C:\Windows\System32\gdi32full.dll                                                                                               	0x7ffd136b0000        	1       	StaticDependency    
1716      	svchost.exe         	msvcp_win.dll                                                         	0x9d000         	C:\Windows\System32\msvcp_win.dll                                                                                               	0x7ffd130e0000        	1       	StaticDependency    
1716      	svchost.exe         	sysmain.dll                                                           	0xfb000         	c:\windows\system32\sysmain.dll                                                                                                 	0x7ffd0b6c0000        	1       	DynamicLoad         
1716      	svchost.exe         	cfgmgr32.dll                                                          	0x4e000         	C:\Windows\System32\cfgmgr32.dll                                                                                                	0x7ffd137d0000        	1       	StaticDependency    
1716      	svchost.exe         	shcore.dll                                                            	0xad000         	C:\Windows\System32\shcore.dll                                                                                                  	0x7ffd13880000        	1       	StaticDependency    
1716      	svchost.exe         	UMPDC.dll                                                             	0x12000         	c:\windows\system32\UMPDC.dll                                                                                                   	0x7ffd12a70000        	1       	StaticDependency    
1716      	svchost.exe         	POWRPROF.dll                                                          	0x4b000         	c:\windows\system32\POWRPROF.dll                                                                                                	0x7ffd12c90000        	1       	StaticDependency    
1716      	svchost.exe         	WLDP.DLL                                                              	0x2e000         	C:\Windows\SYSTEM32\WLDP.DLL                                                                                                    	0x7ffd12850000        	1       	DynamicLoad         
1716      	svchost.exe         	advapi32.dll                                                          	0xaf000         	C:\Windows\System32\advapi32.dll                                                                                                	0x7ffd15040000        	1       	StaticDependency    
1716      	svchost.exe         	ntmarta.dll                                                           	0x33000         	C:\Windows\SYSTEM32\ntmarta.dll                                                                                                 	0x7ffd11f60000        	1       	DelayloadDependency 
1716      	svchost.exe         	wtsapi32.dll                                                          	0x14000         	C:\Windows\SYSTEM32\wtsapi32.dll                                                                                                	0x7ffd0ebb0000        	1       	DelayloadDependency 
1716      	svchost.exe         	WINSTA.dll                                                            	0x64000         	C:\Windows\SYSTEM32\WINSTA.dll                                                                                                  	0x7ffd12880000        	1       	DelayloadDependency 
1716      	svchost.exe         	rmclient.dll                                                          	0x2a000         	C:\Windows\SYSTEM32\rmclient.dll                                                                                                	0x7ffd10ac0000        	1       	DelayloadDependency 
1716      	svchost.exe         	sspicli.dll                                                           	0x32000         	C:\Windows\system32\sspicli.dll                                                                                                 	0x7ffd12dc0000        	1       	DynamicLoad         
1716      	svchost.exe         	DEVOBJ.dll                                                            	0x2c000         	c:\windows\system32\DEVOBJ.dll                                                                                                  	0x7ffd12c30000        	1       	DelayloadDependency 
1716      	svchost.exe         	OLEAUT32.dll                                                          	0xcd000         	C:\Windows\System32\OLEAUT32.dll                                                                                                	0x7ffd13e00000        	1       	DelayloadDependency 
1716      	svchost.exe         	clbcatq.dll                                                           	0xa9000         	C:\Windows\System32\clbcatq.dll                                                                                                 	0x7ffd13d50000        	1       	DelayloadDependency 
1716      	svchost.exe         	taskschd.dll                                                          	0xac000         	C:\Windows\System32\taskschd.dll                                                                                                	0x7ffd0e5a0000        	1       	DynamicLoad         
1716      	svchost.exe         	XmlLite.dll                                                           	0x36000         	C:\Windows\System32\XmlLite.dll                                                                                                 	0x7ffd0ea10000        	1       	DelayloadDependency 
1716      	svchost.exe         	setupapi.dll                                                          	0x468000        	C:\Windows\System32\setupapi.dll                                                                                                	0x7ffd14950000        	1       	DelayloadDependency 
1716      	svchost.exe         	bcrypt.dll                                                            	0x27000         	C:\Windows\System32\bcrypt.dll                                                                                                  	0x7ffd13280000        	2       	StaticDependency    
1716      	svchost.exe         	WINTRUST.dll                                                          	0x67000         	C:\Windows\System32\WINTRUST.dll                                                                                                	0x7ffd13340000        	1       	DelayloadDependency 
1716      	svchost.exe         	CRYPT32.dll                                                           	0x15e000        	C:\Windows\System32\CRYPT32.dll                                                                                                 	0x7ffd12f80000        	1       	DelayloadDependency 
1716      	svchost.exe         	MSASN1.dll                                                            	0x12000         	C:\Windows\System32\MSASN1.dll                                                                                                  	0x7ffd12a50000        	1       	DelayloadDependency 
1756      	svchost.exe         	ntdll.dll                                                             	0x1f8000        	C:\Windows\SYSTEM32\ntdll.dll                                                                                                   	0x7ffd157f0000        	2       	StaticDependency    
1756      	svchost.exe         	KERNEL32.DLL                                                          	0xbf000         	C:\Windows\System32\KERNEL32.DLL                                                                                                	0x7ffd155b0000        	2       	DynamicLoad         
1756      	svchost.exe         	KERNELBASE.dll                                                        	0x2f6000        	C:\Windows\System32\KERNELBASE.dll                                                                                              	0x7ffd133b0000        	1       	StaticDependency    
1756      	svchost.exe         	sechost.dll                                                           	0x9c000         	C:\Windows\System32\sechost.dll                                                                                                 	0x7ffd15450000        	2       	StaticDependency    
1756      	svchost.exe         	RPCRT4.dll                                                            	0x126000        	C:\Windows\System32\RPCRT4.dll                                                                                                  	0x7ffd13c20000        	2       	StaticDependency    
1756      	svchost.exe         	ucrtbase.dll                                                          	0x100000        	C:\Windows\System32\ucrtbase.dll                                                                                                	0x7ffd13180000        	2       	StaticDependency    
1756      	svchost.exe         	combase.dll                                                           	0x354000        	C:\Windows\System32\combase.dll                                                                                                 	0x7ffd150f0000        	1       	DelayloadDependency 
1756      	svchost.exe         	kernel.appcore.dll                                                    	0x12000         	C:\Windows\SYSTEM32\kernel.appcore.dll                                                                                          	0x7ffd10db0000        	1       	DelayloadDependency 
1756      	svchost.exe         	msvcrt.dll                                                            	0x9e000         	C:\Windows\System32\msvcrt.dll                                                                                                  	0x7ffd13af0000        	1       	StaticDependency    
1756      	svchost.exe         	bcryptPrimitives.dll                                                  	0x82000         	C:\Windows\System32\bcryptPrimitives.dll                                                                                        	0x7ffd132b0000        	3       	DelayloadDependency 
1756      	svchost.exe         	user32.dll                                                            	0x19d000        	C:\Windows\System32\user32.dll                                                                                                  	0x7ffd14e90000        	1       	DelayloadDependency 
1756      	svchost.exe         	win32u.dll                                                            	0x22000         	C:\Windows\System32\win32u.dll                                                                                                  	0x7ffd13820000        	1       	StaticDependency    
1756      	svchost.exe         	GDI32.dll                                                             	0x2c000         	C:\Windows\System32\GDI32.dll                                                                                                   	0x7ffd13bf0000        	1       	StaticDependency    
1756      	svchost.exe         	gdi32full.dll                                                         	0x115000        	C:\Windows\System32\gdi32full.dll                                                                                               	0x7ffd136b0000        	1       	StaticDependency    
1756      	svchost.exe         	msvcp_win.dll                                                         	0x9d000         	C:\Windows\System32\msvcp_win.dll                                                                                               	0x7ffd130e0000        	1       	StaticDependency    
1756      	svchost.exe         	themeservice.dll                                                      	0x17000         	c:\windows\system32\themeservice.dll                                                                                            	0x7ffd0b690000        	1       	DynamicLoad         
1756      	svchost.exe         	WLDP.DLL                                                              	0x2e000         	C:\Windows\SYSTEM32\WLDP.DLL                                                                                                    	0x7ffd12850000        	1       	DynamicLoad         
1756      	svchost.exe         	advapi32.dll                                                          	0xaf000         	C:\Windows\System32\advapi32.dll                                                                                                	0x7ffd15040000        	1       	StaticDependency    
1756      	svchost.exe         	winsta.dll                                                            	0x64000         	C:\Windows\SYSTEM32\winsta.dll                                                                                                  	0x7ffd12880000        	1       	DelayloadDependency 
1756      	svchost.exe         	ntmarta.dll                                                           	0x33000         	C:\Windows\SYSTEM32\ntmarta.dll                                                                                                 	0x7ffd11f60000        	1       	DelayloadDependency 
1832      	svchost.exe         	ntdll.dll                                                             	0x1f8000        	C:\Windows\SYSTEM32\ntdll.dll                                                                                                   	0x7ffd157f0000        	2       	StaticDependency    
1832      	svchost.exe         	KERNEL32.DLL                                                          	0xbf000         	C:\Windows\System32\KERNEL32.DLL                                                                                                	0x7ffd155b0000        	2       	DynamicLoad         
1832      	svchost.exe         	KERNELBASE.dll                                                        	0x2f6000        	C:\Windows\System32\KERNELBASE.dll                                                                                              	0x7ffd133b0000        	1       	StaticDependency    
1832      	svchost.exe         	sechost.dll                                                           	0x9c000         	C:\Windows\System32\sechost.dll                                                                                                 	0x7ffd15450000        	2       	StaticDependency    
1832      	svchost.exe         	RPCRT4.dll                                                            	0x126000        	C:\Windows\System32\RPCRT4.dll                                                                                                  	0x7ffd13c20000        	2       	StaticDependency    
1832      	svchost.exe         	ucrtbase.dll                                                          	0x100000        	C:\Windows\System32\ucrtbase.dll                                                                                                	0x7ffd13180000        	2       	StaticDependency    
1832      	svchost.exe         	combase.dll                                                           	0x354000        	C:\Windows\System32\combase.dll                                                                                                 	0x7ffd150f0000        	1       	DelayloadDependency 
1832      	svchost.exe         	kernel.appcore.dll                                                    	0x12000         	C:\Windows\SYSTEM32\kernel.appcore.dll                                                                                          	0x7ffd10db0000        	1       	DelayloadDependency 
1832      	svchost.exe         	msvcrt.dll                                                            	0x9e000         	C:\Windows\System32\msvcrt.dll                                                                                                  	0x7ffd13af0000        	1       	StaticDependency    
1832      	svchost.exe         	bcryptPrimitives.dll                                                  	0x82000         	C:\Windows\System32\bcryptPrimitives.dll                                                                                        	0x7ffd132b0000        	3       	DelayloadDependency 
1832      	svchost.exe         	user32.dll                                                            	0x19d000        	C:\Windows\System32\user32.dll                                                                                                  	0x7ffd14e90000        	1       	DelayloadDependency 
1832      	svchost.exe         	win32u.dll                                                            	0x22000         	C:\Windows\System32\win32u.dll                                                                                                  	0x7ffd13820000        	1       	StaticDependency    
1832      	svchost.exe         	GDI32.dll                                                             	0x2c000         	C:\Windows\System32\GDI32.dll                                                                                                   	0x7ffd13bf0000        	1       	StaticDependency    
1832      	svchost.exe         	gdi32full.dll                                                         	0x115000        	C:\Windows\System32\gdi32full.dll                                                                                               	0x7ffd136b0000        	1       	StaticDependency    
1832      	svchost.exe         	msvcp_win.dll                                                         	0x9d000         	C:\Windows\System32\msvcp_win.dll                                                                                               	0x7ffd130e0000        	1       	StaticDependency    
1832      	svchost.exe         	certprop.dll                                                          	0x36000         	c:\windows\system32\certprop.dll                                                                                                	0x7ffd0b610000        	1       	DynamicLoad         
1832      	svchost.exe         	cfgmgr32.dll                                                          	0x4e000         	C:\Windows\System32\cfgmgr32.dll                                                                                                	0x7ffd137d0000        	1       	StaticDependency    
1832      	svchost.exe         	bcrypt.dll                                                            	0x27000         	C:\Windows\System32\bcrypt.dll                                                                                                  	0x7ffd13280000        	2       	StaticDependency    
1832      	svchost.exe         	ADVAPI32.dll                                                          	0xaf000         	C:\Windows\System32\ADVAPI32.dll                                                                                                	0x7ffd15040000        	1       	StaticDependency    
1832      	svchost.exe         	SETUPAPI.dll                                                          	0x468000        	C:\Windows\System32\SETUPAPI.dll                                                                                                	0x7ffd14950000        	1       	StaticDependency    
1832      	svchost.exe         	SspiCli.dll                                                           	0x32000         	c:\windows\system32\SspiCli.dll                                                                                                 	0x7ffd12dc0000        	1       	StaticDependency    
1832      	svchost.exe         	WMsgAPI.dll                                                           	0xa000          	c:\windows\system32\WMsgAPI.dll                                                                                                 	0x7ffd0b600000        	1       	StaticDependency    
1832      	svchost.exe         	WinSCard.dll                                                          	0x43000         	c:\windows\system32\WinSCard.dll                                                                                                	0x7ffd0b590000        	1       	StaticDependency    
1832      	svchost.exe         	WINSTA.dll                                                            	0x64000         	c:\windows\system32\WINSTA.dll                                                                                                  	0x7ffd12880000        	1       	StaticDependency    
1832      	svchost.exe         	WTSAPI32.dll                                                          	0x14000         	c:\windows\system32\WTSAPI32.dll                                                                                                	0x7ffd0ebb0000        	1       	StaticDependency    
1832      	svchost.exe         	DEVOBJ.dll                                                            	0x2c000         	c:\windows\system32\DEVOBJ.dll                                                                                                  	0x7ffd12c30000        	1       	StaticDependency    
1832      	svchost.exe         	WLDP.DLL                                                              	0x2e000         	C:\Windows\SYSTEM32\WLDP.DLL                                                                                                    	0x7ffd12850000        	1       	DynamicLoad         
1832      	svchost.exe         	CRYPT32.dll                                                           	0x15e000        	C:\Windows\System32\CRYPT32.dll                                                                                                 	0x7ffd12f80000        	1       	DelayloadDependency 
1832      	svchost.exe         	profapi.dll                                                           	0x1f000         	C:\Windows\System32\profapi.dll                                                                                                 	0x7ffd12e10000        	1       	DelayloadDependency 
1832      	svchost.exe         	cryptngc.dll                                                          	0x73000         	c:\windows\system32\cryptngc.dll                                                                                                	0x7ffd07260000        	1       	DelayloadDependency 
1832      	svchost.exe         	ncrypt.dll                                                            	0x28000         	c:\windows\system32\ncrypt.dll                                                                                                  	0x7ffd12930000        	1       	StaticDependency    
1832      	svchost.exe         	NTASN1.dll                                                            	0x3b000         	c:\windows\system32\NTASN1.dll                                                                                                  	0x7ffd128f0000        	1       	DelayloadDependency 
1888      	svchost.exe         	ntdll.dll                                                             	0x1f8000        	C:\Windows\SYSTEM32\ntdll.dll                                                                                                   	0x7ffd157f0000        	2       	StaticDependency    
1888      	svchost.exe         	KERNEL32.DLL                                                          	0xbf000         	C:\Windows\System32\KERNEL32.DLL                                                                                                	0x7ffd155b0000        	2       	DynamicLoad         
1888      	svchost.exe         	KERNELBASE.dll                                                        	0x2f6000        	C:\Windows\System32\KERNELBASE.dll                                                                                              	0x7ffd133b0000        	1       	StaticDependency    
1888      	svchost.exe         	sechost.dll                                                           	0x9c000         	C:\Windows\System32\sechost.dll                                                                                                 	0x7ffd15450000        	2       	StaticDependency    
1888      	svchost.exe         	RPCRT4.dll                                                            	0x126000        	C:\Windows\System32\RPCRT4.dll                                                                                                  	0x7ffd13c20000        	2       	StaticDependency    
1888      	svchost.exe         	ucrtbase.dll                                                          	0x100000        	C:\Windows\System32\ucrtbase.dll                                                                                                	0x7ffd13180000        	2       	StaticDependency    
1888      	svchost.exe         	combase.dll                                                           	0x354000        	C:\Windows\System32\combase.dll                                                                                                 	0x7ffd150f0000        	1       	DelayloadDependency 
1888      	svchost.exe         	kernel.appcore.dll                                                    	0x12000         	C:\Windows\SYSTEM32\kernel.appcore.dll                                                                                          	0x7ffd10db0000        	1       	DelayloadDependency 
1888      	svchost.exe         	msvcrt.dll                                                            	0x9e000         	C:\Windows\System32\msvcrt.dll                                                                                                  	0x7ffd13af0000        	1       	StaticDependency    
1888      	svchost.exe         	bcryptPrimitives.dll                                                  	0x82000         	C:\Windows\System32\bcryptPrimitives.dll                                                                                        	0x7ffd132b0000        	3       	DelayloadDependency 
1888      	svchost.exe         	user32.dll                                                            	0x19d000        	C:\Windows\System32\user32.dll                                                                                                  	0x7ffd14e90000        	1       	DelayloadDependency 
1888      	svchost.exe         	win32u.dll                                                            	0x22000         	C:\Windows\System32\win32u.dll                                                                                                  	0x7ffd13820000        	1       	StaticDependency    
1888      	svchost.exe         	GDI32.dll                                                             	0x2c000         	C:\Windows\System32\GDI32.dll                                                                                                   	0x7ffd13bf0000        	1       	StaticDependency    
1888      	svchost.exe         	gdi32full.dll                                                         	0x115000        	C:\Windows\System32\gdi32full.dll                                                                                               	0x7ffd136b0000        	1       	StaticDependency    
1888      	svchost.exe         	msvcp_win.dll                                                         	0x9d000         	C:\Windows\System32\msvcp_win.dll                                                                                               	0x7ffd130e0000        	1       	StaticDependency    
1888      	svchost.exe         	sens.dll                                                              	0x18000         	c:\windows\system32\sens.dll                                                                                                    	0x7ffd0b5e0000        	1       	DynamicLoad         
1888      	svchost.exe         	SYSNTFY.dll                                                           	0xc000          	c:\windows\system32\SYSNTFY.dll                                                                                                 	0x7ffd109a0000        	1       	StaticDependency    
1888      	svchost.exe         	WLDP.DLL                                                              	0x2e000         	C:\Windows\SYSTEM32\WLDP.DLL                                                                                                    	0x7ffd12850000        	1       	DynamicLoad         
1888      	svchost.exe         	advapi32.dll                                                          	0xaf000         	C:\Windows\System32\advapi32.dll                                                                                                	0x7ffd15040000        	1       	StaticDependency    
1888      	svchost.exe         	WS2_32.dll                                                            	0x6b000         	C:\Windows\System32\WS2_32.dll                                                                                                  	0x7ffd14dc0000        	1       	DelayloadDependency 
1888      	svchost.exe         	WTSAPI32.dll                                                          	0x14000         	c:\windows\system32\WTSAPI32.dll                                                                                                	0x7ffd0ebb0000        	1       	DelayloadDependency 
1888      	svchost.exe         	WINSTA.dll                                                            	0x64000         	c:\windows\system32\WINSTA.dll                                                                                                  	0x7ffd12880000        	1       	DelayloadDependency 
1888      	svchost.exe         	clbcatq.dll                                                           	0xa9000         	C:\Windows\System32\clbcatq.dll                                                                                                 	0x7ffd13d50000        	1       	DelayloadDependency 
1888      	svchost.exe         	ES.DLL                                                                	0x6c000         	C:\Windows\system32\ES.DLL                                                                                                      	0x7ffd0b7c0000        	1       	DynamicLoad         
1888      	svchost.exe         	OLEAUT32.dll                                                          	0xcd000         	C:\Windows\System32\OLEAUT32.dll                                                                                                	0x7ffd13e00000        	1       	DelayloadDependency 
1888      	svchost.exe         	sxs.dll                                                               	0xa2000         	C:\Windows\SYSTEM32\sxs.dll                                                                                                     	0x7ffd12ce0000        	1       	DelayloadDependency 
1888      	svchost.exe         	ole32.dll                                                             	0x12a000        	C:\Windows\System32\ole32.dll                                                                                                   	0x7ffd140d0000        	1       	DelayloadDependency 
1888      	svchost.exe         	ntmarta.dll                                                           	0x33000         	C:\Windows\SYSTEM32\ntmarta.dll                                                                                                 	0x7ffd11f60000        	1       	DelayloadDependency 
1888      	svchost.exe         	WMICLNT.dll                                                           	0x11000         	c:\windows\system32\WMICLNT.dll                                                                                                 	0x7ffd0e100000        	1       	DelayloadDependency 
1924      	svchost.exe         	ntdll.dll                                                             	0x1f8000        	C:\Windows\SYSTEM32\ntdll.dll                                                                                                   	0x7ffd157f0000        	2       	StaticDependency    
1924      	svchost.exe         	KERNEL32.DLL                                                          	0xbf000         	C:\Windows\System32\KERNEL32.DLL                                                                                                	0x7ffd155b0000        	2       	DynamicLoad         
1924      	svchost.exe         	KERNELBASE.dll                                                        	0x2f6000        	C:\Windows\System32\KERNELBASE.dll                                                                                              	0x7ffd133b0000        	1       	StaticDependency    
1924      	svchost.exe         	sechost.dll                                                           	0x9c000         	C:\Windows\System32\sechost.dll                                                                                                 	0x7ffd15450000        	2       	StaticDependency    
1924      	svchost.exe         	RPCRT4.dll                                                            	0x126000        	C:\Windows\System32\RPCRT4.dll                                                                                                  	0x7ffd13c20000        	2       	StaticDependency    
1924      	svchost.exe         	ucrtbase.dll                                                          	0x100000        	C:\Windows\System32\ucrtbase.dll                                                                                                	0x7ffd13180000        	2       	StaticDependency    
1924      	svchost.exe         	combase.dll                                                           	0x354000        	C:\Windows\System32\combase.dll                                                                                                 	0x7ffd150f0000        	1       	DelayloadDependency 
1924      	svchost.exe         	kernel.appcore.dll                                                    	0x12000         	C:\Windows\SYSTEM32\kernel.appcore.dll                                                                                          	0x7ffd10db0000        	1       	DelayloadDependency 
1924      	svchost.exe         	msvcrt.dll                                                            	0x9e000         	C:\Windows\System32\msvcrt.dll                                                                                                  	0x7ffd13af0000        	1       	StaticDependency    
1924      	svchost.exe         	bcryptPrimitives.dll                                                  	0x82000         	C:\Windows\System32\bcryptPrimitives.dll                                                                                        	0x7ffd132b0000        	3       	DelayloadDependency 
1924      	svchost.exe         	user32.dll                                                            	0x19d000        	C:\Windows\System32\user32.dll                                                                                                  	0x7ffd14e90000        	1       	DelayloadDependency 
1924      	svchost.exe         	win32u.dll                                                            	0x22000         	C:\Windows\System32\win32u.dll                                                                                                  	0x7ffd13820000        	1       	StaticDependency    
1924      	svchost.exe         	GDI32.dll                                                             	0x2c000         	C:\Windows\System32\GDI32.dll                                                                                                   	0x7ffd13bf0000        	1       	StaticDependency    
1924      	svchost.exe         	gdi32full.dll                                                         	0x115000        	C:\Windows\System32\gdi32full.dll                                                                                               	0x7ffd136b0000        	1       	StaticDependency    
1924      	svchost.exe         	msvcp_win.dll                                                         	0x9d000         	C:\Windows\System32\msvcp_win.dll                                                                                               	0x7ffd130e0000        	1       	StaticDependency    
1924      	svchost.exe         	nlasvc.dll                                                            	0x65000         	c:\windows\system32\nlasvc.dll                                                                                                  	0x7ffd0b520000        	1       	DynamicLoad         
1924      	svchost.exe         	IPHLPAPI.DLL                                                          	0x3c000         	c:\windows\system32\IPHLPAPI.DLL                                                                                                	0x7ffd122a0000        	1       	StaticDependency    
1924      	svchost.exe         	dhcpcsvc.DLL                                                          	0x1d000         	c:\windows\system32\dhcpcsvc.DLL                                                                                                	0x7ffd0b650000        	1       	StaticDependency    
1924      	svchost.exe         	WINNSI.DLL                                                            	0xb000          	c:\windows\system32\WINNSI.DLL                                                                                                  	0x7ffd0b6b0000        	1       	StaticDependency    
1924      	svchost.exe         	NSI.dll                                                               	0x8000          	C:\Windows\System32\NSI.dll                                                                                                     	0x7ffd13870000        	1       	StaticDependency    
1924      	svchost.exe         	ncsi.dll                                                              	0x89000         	c:\windows\system32\ncsi.dll                                                                                                    	0x7ffd0b490000        	1       	StaticDependency    
1924      	svchost.exe         	OLEAUT32.dll                                                          	0xcd000         	C:\Windows\System32\OLEAUT32.dll                                                                                                	0x7ffd13e00000        	1       	StaticDependency    
1924      	svchost.exe         	UMPDC.dll                                                             	0x12000         	c:\windows\system32\UMPDC.dll                                                                                                   	0x7ffd12a70000        	1       	StaticDependency    
1924      	svchost.exe         	WLDP.DLL                                                              	0x2e000         	C:\Windows\SYSTEM32\WLDP.DLL                                                                                                    	0x7ffd12850000        	1       	DynamicLoad         
1924      	svchost.exe         	advapi32.dll                                                          	0xaf000         	C:\Windows\System32\advapi32.dll                                                                                                	0x7ffd15040000        	1       	StaticDependency    
1924      	svchost.exe         	WS2_32.dll                                                            	0x6b000         	C:\Windows\System32\WS2_32.dll                                                                                                  	0x7ffd14dc0000        	1       	DelayloadDependency 
1924      	svchost.exe         	sspicli.dll                                                           	0x32000         	C:\Windows\System32\sspicli.dll                                                                                                 	0x7ffd12dc0000        	1       	DynamicLoad         
1924      	svchost.exe         	ssdpapi.dll                                                           	0x16000         	C:\Windows\System32\ssdpapi.dll                                                                                                 	0x7ffd0b160000        	1       	DynamicLoad         
1924      	svchost.exe         	powrprof.dll                                                          	0x4b000         	C:\Windows\SYSTEM32\powrprof.dll                                                                                                	0x7ffd12c90000        	1       	DelayloadDependency 
1924      	svchost.exe         	WMICLNT.dll                                                           	0x11000         	c:\windows\system32\WMICLNT.dll                                                                                                 	0x7ffd0e100000        	1       	DelayloadDependency 
1924      	svchost.exe         	dhcpcsvc6.DLL                                                         	0x17000         	C:\Windows\SYSTEM32\dhcpcsvc6.DLL                                                                                               	0x7ffd0b670000        	1       	DelayloadDependency 
1924      	svchost.exe         	DNSAPI.dll                                                            	0xcb000         	C:\Windows\SYSTEM32\DNSAPI.dll                                                                                                  	0x7ffd122e0000        	1       	DelayloadDependency 
1924      	svchost.exe         	WlanApi.dll                                                           	0x74000         	C:\Windows\system32\WlanApi.dll                                                                                                 	0x7ffd0ab90000        	1       	DynamicLoad         
1924      	svchost.exe         	profapi.dll                                                           	0x1f000         	C:\Windows\System32\profapi.dll                                                                                                 	0x7ffd12e10000        	1       	StaticDependency    
1924      	svchost.exe         	bcrypt.dll                                                            	0x27000         	C:\Windows\System32\bcrypt.dll                                                                                                  	0x7ffd13280000        	3       	DelayloadDependency 
1924      	svchost.exe         	wkscli.dll                                                            	0x19000         	c:\windows\system32\wkscli.dll                                                                                                  	0x7ffd12030000        	1       	DelayloadDependency 
1924      	svchost.exe         	netutils.dll                                                          	0xc000          	c:\windows\system32\netutils.dll                                                                                                	0x7ffd123b0000        	1       	DelayloadDependency 
1924      	svchost.exe         	wevtapi.dll                                                           	0x65000         	C:\Windows\SYSTEM32\wevtapi.dll                                                                                                 	0x7ffd0c760000        	1       	DelayloadDependency 
1924      	svchost.exe         	USERENV.dll                                                           	0x2e000         	c:\windows\system32\USERENV.dll                                                                                                 	0x7ffd12d90000        	1       	DelayloadDependency 
1924      	svchost.exe         	gpapi.dll                                                             	0x23000         	C:\Windows\SYSTEM32\gpapi.dll                                                                                                   	0x7ffd11760000        	1       	DelayloadDependency 
1924      	svchost.exe         	wtsapi32.dll                                                          	0x14000         	C:\Windows\SYSTEM32\wtsapi32.dll                                                                                                	0x7ffd0ebb0000        	1       	DelayloadDependency 
1924      	svchost.exe         	WINSTA.dll                                                            	0x64000         	C:\Windows\SYSTEM32\WINSTA.dll                                                                                                  	0x7ffd12880000        	1       	DelayloadDependency 
1924      	svchost.exe         	rmclient.dll                                                          	0x2a000         	C:\Windows\SYSTEM32\rmclient.dll                                                                                                	0x7ffd10ac0000        	1       	DelayloadDependency 
1924      	svchost.exe         	DEVOBJ.dll                                                            	0x2c000         	c:\windows\system32\DEVOBJ.dll                                                                                                  	0x7ffd12c30000        	1       	DelayloadDependency 
1924      	svchost.exe         	cfgmgr32.dll                                                          	0x4e000         	C:\Windows\System32\cfgmgr32.dll                                                                                                	0x7ffd137d0000        	1       	StaticDependency    
1924      	svchost.exe         	WINHTTP.dll                                                           	0x10a000        	c:\windows\system32\WINHTTP.dll                                                                                                 	0x7ffd0a550000        	1       	DelayloadDependency 
1924      	svchost.exe         	mswsock.dll                                                           	0x6a000         	C:\Windows\system32\mswsock.dll                                                                                                 	0x7ffd125b0000        	1       	DynamicLoad         
1924      	svchost.exe         	logoncli.dll                                                          	0x43000         	c:\windows\system32\logoncli.dll                                                                                                	0x7ffd123c0000        	1       	DelayloadDependency 
1924      	svchost.exe         	WLDAP32.dll                                                           	0x56000         	C:\Windows\System32\WLDAP32.dll                                                                                                 	0x7ffd14e30000        	1       	DelayloadDependency 
1956      	svchost.exe         	ntdll.dll                                                             	0x1f8000        	C:\Windows\SYSTEM32\ntdll.dll                                                                                                   	0x7ffd157f0000        	2       	StaticDependency    
1956      	svchost.exe         	KERNEL32.DLL                                                          	0xbf000         	C:\Windows\System32\KERNEL32.DLL                                                                                                	0x7ffd155b0000        	2       	DynamicLoad         
1956      	svchost.exe         	KERNELBASE.dll                                                        	0x2f6000        	C:\Windows\System32\KERNELBASE.dll                                                                                              	0x7ffd133b0000        	1       	StaticDependency    
1956      	svchost.exe         	sechost.dll                                                           	0x9c000         	C:\Windows\System32\sechost.dll                                                                                                 	0x7ffd15450000        	2       	StaticDependency    
1956      	svchost.exe         	RPCRT4.dll                                                            	0x126000        	C:\Windows\System32\RPCRT4.dll                                                                                                  	0x7ffd13c20000        	2       	StaticDependency    
1956      	svchost.exe         	ucrtbase.dll                                                          	0x100000        	C:\Windows\System32\ucrtbase.dll                                                                                                	0x7ffd13180000        	2       	StaticDependency    
1956      	svchost.exe         	combase.dll                                                           	0x354000        	C:\Windows\System32\combase.dll                                                                                                 	0x7ffd150f0000        	1       	DelayloadDependency 
1956      	svchost.exe         	kernel.appcore.dll                                                    	0x12000         	C:\Windows\SYSTEM32\kernel.appcore.dll                                                                                          	0x7ffd10db0000        	1       	DelayloadDependency 
1956      	svchost.exe         	msvcrt.dll                                                            	0x9e000         	C:\Windows\System32\msvcrt.dll                                                                                                  	0x7ffd13af0000        	1       	StaticDependency    
1956      	svchost.exe         	bcryptPrimitives.dll                                                  	0x82000         	C:\Windows\System32\bcryptPrimitives.dll                                                                                        	0x7ffd132b0000        	3       	DelayloadDependency 
1956      	svchost.exe         	user32.dll                                                            	0x19d000        	C:\Windows\System32\user32.dll                                                                                                  	0x7ffd14e90000        	1       	DelayloadDependency 
1956      	svchost.exe         	win32u.dll                                                            	0x22000         	C:\Windows\System32\win32u.dll                                                                                                  	0x7ffd13820000        	1       	StaticDependency    
1956      	svchost.exe         	GDI32.dll                                                             	0x2c000         	C:\Windows\System32\GDI32.dll                                                                                                   	0x7ffd13bf0000        	1       	StaticDependency    
1956      	svchost.exe         	gdi32full.dll                                                         	0x115000        	C:\Windows\System32\gdi32full.dll                                                                                               	0x7ffd136b0000        	1       	StaticDependency    
1956      	svchost.exe         	msvcp_win.dll                                                         	0x9d000         	C:\Windows\System32\msvcp_win.dll                                                                                               	0x7ffd130e0000        	1       	StaticDependency    
1956      	svchost.exe         	audioendpointbuilder.dll                                              	0xbe000         	c:\windows\system32\audioendpointbuilder.dll                                                                                    	0x7ffd0b3d0000        	1       	DynamicLoad         
1956      	svchost.exe         	OLEAUT32.dll                                                          	0xcd000         	C:\Windows\System32\OLEAUT32.dll                                                                                                	0x7ffd13e00000        	1       	StaticDependency    
1956      	svchost.exe         	cfgmgr32.dll                                                          	0x4e000         	C:\Windows\System32\cfgmgr32.dll                                                                                                	0x7ffd137d0000        	1       	StaticDependency    
1956      	svchost.exe         	shcore.dll                                                            	0xad000         	C:\Windows\System32\shcore.dll                                                                                                  	0x7ffd13880000        	1       	StaticDependency    
1956      	svchost.exe         	advapi32.dll                                                          	0xaf000         	C:\Windows\System32\advapi32.dll                                                                                                	0x7ffd15040000        	1       	StaticDependency    
1956      	svchost.exe         	MMDevAPI.DLL                                                          	0x85000         	c:\windows\system32\MMDevAPI.DLL                                                                                                	0x7ffd0b1d0000        	1       	StaticDependency    
1956      	svchost.exe         	DEVOBJ.dll                                                            	0x2c000         	c:\windows\system32\DEVOBJ.dll                                                                                                  	0x7ffd12c30000        	1       	StaticDependency    
1956      	svchost.exe         	WLDP.DLL                                                              	0x2e000         	C:\Windows\SYSTEM32\WLDP.DLL                                                                                                    	0x7ffd12850000        	1       	DynamicLoad         
1956      	svchost.exe         	clbcatq.dll                                                           	0xa9000         	C:\Windows\System32\clbcatq.dll                                                                                                 	0x7ffd13d50000        	1       	DelayloadDependency 
1956      	svchost.exe         	powrprof.dll                                                          	0x4b000         	C:\Windows\SYSTEM32\powrprof.dll                                                                                                	0x7ffd12c90000        	1       	DelayloadDependency 
1956      	svchost.exe         	UMPDC.dll                                                             	0x12000         	C:\Windows\SYSTEM32\UMPDC.dll                                                                                                   	0x7ffd12a70000        	1       	DelayloadDependency 
1956      	svchost.exe         	wtsapi32.dll                                                          	0x14000         	C:\Windows\SYSTEM32\wtsapi32.dll                                                                                                	0x7ffd0ebb0000        	1       	DelayloadDependency 
1956      	svchost.exe         	WINSTA.dll                                                            	0x64000         	C:\Windows\SYSTEM32\WINSTA.dll                                                                                                  	0x7ffd12880000        	1       	DelayloadDependency 
1956      	svchost.exe         	rdpendp.dll                                                           	0x4e000         	C:\Windows\System32\rdpendp.dll                                                                                                 	0x7ffcfca90000        	1       	DynamicLoad         
1956      	svchost.exe         	PROPSYS.dll                                                           	0xf6000         	C:\Windows\System32\PROPSYS.dll                                                                                                 	0x7ffd0ea50000        	1       	StaticDependency    
1956      	svchost.exe         	OLE32.dll                                                             	0x12a000        	C:\Windows\System32\OLE32.dll                                                                                                   	0x7ffd140d0000        	1       	DelayloadDependency 
1968      	svchost.exe         	ntdll.dll                                                             	0x1f8000        	C:\Windows\SYSTEM32\ntdll.dll                                                                                                   	0x7ffd157f0000        	2       	StaticDependency    
1968      	svchost.exe         	KERNEL32.DLL                                                          	0xbf000         	C:\Windows\System32\KERNEL32.DLL                                                                                                	0x7ffd155b0000        	2       	DynamicLoad         
1968      	svchost.exe         	KERNELBASE.dll                                                        	0x2f6000        	C:\Windows\System32\KERNELBASE.dll                                                                                              	0x7ffd133b0000        	1       	StaticDependency    
1968      	svchost.exe         	sechost.dll                                                           	0x9c000         	C:\Windows\System32\sechost.dll                                                                                                 	0x7ffd15450000        	2       	StaticDependency    
1968      	svchost.exe         	RPCRT4.dll                                                            	0x126000        	C:\Windows\System32\RPCRT4.dll                                                                                                  	0x7ffd13c20000        	2       	StaticDependency    
1968      	svchost.exe         	ucrtbase.dll                                                          	0x100000        	C:\Windows\System32\ucrtbase.dll                                                                                                	0x7ffd13180000        	2       	StaticDependency    
1968      	svchost.exe         	combase.dll                                                           	0x354000        	C:\Windows\System32\combase.dll                                                                                                 	0x7ffd150f0000        	1       	DelayloadDependency 
1968      	svchost.exe         	kernel.appcore.dll                                                    	0x12000         	C:\Windows\SYSTEM32\kernel.appcore.dll                                                                                          	0x7ffd10db0000        	1       	DelayloadDependency 
1968      	svchost.exe         	msvcrt.dll                                                            	0x9e000         	C:\Windows\System32\msvcrt.dll                                                                                                  	0x7ffd13af0000        	1       	StaticDependency    
1968      	svchost.exe         	bcryptPrimitives.dll                                                  	0x82000         	C:\Windows\System32\bcryptPrimitives.dll                                                                                        	0x7ffd132b0000        	3       	DelayloadDependency 
1968      	svchost.exe         	user32.dll                                                            	0x19d000        	C:\Windows\System32\user32.dll                                                                                                  	0x7ffd14e90000        	1       	DelayloadDependency 
1968      	svchost.exe         	win32u.dll                                                            	0x22000         	C:\Windows\System32\win32u.dll                                                                                                  	0x7ffd13820000        	1       	StaticDependency    
1968      	svchost.exe         	GDI32.dll                                                             	0x2c000         	C:\Windows\System32\GDI32.dll                                                                                                   	0x7ffd13bf0000        	1       	StaticDependency    
1968      	svchost.exe         	gdi32full.dll                                                         	0x115000        	C:\Windows\System32\gdi32full.dll                                                                                               	0x7ffd136b0000        	1       	StaticDependency    
1968      	svchost.exe         	msvcp_win.dll                                                         	0x9d000         	C:\Windows\System32\msvcp_win.dll                                                                                               	0x7ffd130e0000        	1       	StaticDependency    
1968      	svchost.exe         	fntcache.dll                                                          	0x168000        	c:\windows\system32\fntcache.dll                                                                                                	0x7ffd0b260000        	1       	DynamicLoad         
1968      	svchost.exe         	profapi.dll                                                           	0x1f000         	c:\windows\system32\profapi.dll                                                                                                 	0x7ffd12e10000        	1       	StaticDependency    
1968      	svchost.exe         	WLDP.DLL                                                              	0x2e000         	C:\Windows\SYSTEM32\WLDP.DLL                                                                                                    	0x7ffd12850000        	1       	DynamicLoad         
1968      	svchost.exe         	advapi32.dll                                                          	0xaf000         	C:\Windows\System32\advapi32.dll                                                                                                	0x7ffd15040000        	1       	StaticDependency    
1968      	svchost.exe         	policymanager.dll                                                     	0xa3000         	C:\Windows\SYSTEM32\policymanager.dll                                                                                           	0x7ffd0c380000        	1       	DelayloadDependency 
1968      	svchost.exe         	msvcp110_win.dll                                                      	0x8a000         	c:\windows\system32\msvcp110_win.dll                                                                                            	0x7ffd11fa0000        	1       	StaticDependency    
1968      	svchost.exe         	OLEAUT32.dll                                                          	0xcd000         	C:\Windows\System32\OLEAUT32.dll                                                                                                	0x7ffd13e00000        	1       	DelayloadDependency 
1968      	svchost.exe         	FontProvider.dll                                                      	0x2e000         	c:\windows\system32\FontProvider.dll                                                                                            	0x7ffd0b120000        	1       	DynamicLoad         
1968      	svchost.exe         	TextShaping.dll                                                       	0xac000         	c:\windows\system32\TextShaping.dll                                                                                             	0x7ffd06b50000        	1       	DelayloadDependency 
1980      	svchost.exe         	ntdll.dll                                                             	0x1f8000        	C:\Windows\SYSTEM32\ntdll.dll                                                                                                   	0x7ffd157f0000        	2       	StaticDependency    
1980      	svchost.exe         	KERNEL32.DLL                                                          	0xbf000         	C:\Windows\System32\KERNEL32.DLL                                                                                                	0x7ffd155b0000        	2       	DynamicLoad         
1980      	svchost.exe         	KERNELBASE.dll                                                        	0x2f6000        	C:\Windows\System32\KERNELBASE.dll                                                                                              	0x7ffd133b0000        	1       	StaticDependency    
1980      	svchost.exe         	sechost.dll                                                           	0x9c000         	C:\Windows\System32\sechost.dll                                                                                                 	0x7ffd15450000        	2       	StaticDependency    
1980      	svchost.exe         	RPCRT4.dll                                                            	0x126000        	C:\Windows\System32\RPCRT4.dll                                                                                                  	0x7ffd13c20000        	2       	StaticDependency    
1980      	svchost.exe         	ucrtbase.dll                                                          	0x100000        	C:\Windows\System32\ucrtbase.dll                                                                                                	0x7ffd13180000        	2       	StaticDependency    
1980      	svchost.exe         	combase.dll                                                           	0x354000        	C:\Windows\System32\combase.dll                                                                                                 	0x7ffd150f0000        	1       	DelayloadDependency 
1980      	svchost.exe         	kernel.appcore.dll                                                    	0x12000         	C:\Windows\SYSTEM32\kernel.appcore.dll                                                                                          	0x7ffd10db0000        	1       	DelayloadDependency 
1980      	svchost.exe         	msvcrt.dll                                                            	0x9e000         	C:\Windows\System32\msvcrt.dll                                                                                                  	0x7ffd13af0000        	1       	StaticDependency    
1980      	svchost.exe         	bcryptPrimitives.dll                                                  	0x82000         	C:\Windows\System32\bcryptPrimitives.dll                                                                                        	0x7ffd132b0000        	3       	DelayloadDependency 
1980      	svchost.exe         	user32.dll                                                            	0x19d000        	C:\Windows\System32\user32.dll                                                                                                  	0x7ffd14e90000        	1       	DelayloadDependency 
1980      	svchost.exe         	win32u.dll                                                            	0x22000         	C:\Windows\System32\win32u.dll                                                                                                  	0x7ffd13820000        	1       	StaticDependency    
1980      	svchost.exe         	GDI32.dll                                                             	0x2c000         	C:\Windows\System32\GDI32.dll                                                                                                   	0x7ffd13bf0000        	1       	StaticDependency    
1980      	svchost.exe         	gdi32full.dll                                                         	0x115000        	C:\Windows\System32\gdi32full.dll                                                                                               	0x7ffd136b0000        	1       	StaticDependency    
1980      	svchost.exe         	msvcp_win.dll                                                         	0x9d000         	C:\Windows\System32\msvcp_win.dll                                                                                               	0x7ffd130e0000        	1       	StaticDependency    
1980      	svchost.exe         	wkssvc.dll                                                            	0x50000         	c:\windows\system32\wkssvc.dll                                                                                                  	0x7ffd0b180000        	1       	DynamicLoad         
1980      	svchost.exe         	bcrypt.dll                                                            	0x27000         	C:\Windows\System32\bcrypt.dll                                                                                                  	0x7ffd13280000        	2       	StaticDependency    
1980      	svchost.exe         	netutils.dll                                                          	0xc000          	c:\windows\system32\netutils.dll                                                                                                	0x7ffd123b0000        	1       	StaticDependency    
1980      	svchost.exe         	USERENV.dll                                                           	0x2e000         	c:\windows\system32\USERENV.dll                                                                                                 	0x7ffd12d90000        	1       	StaticDependency    
1980      	svchost.exe         	DSPARSE.dll                                                           	0xc000          	c:\windows\system32\DSPARSE.dll                                                                                                 	0x7ffd0b150000        	1       	StaticDependency    
1980      	svchost.exe         	WLDP.DLL                                                              	0x2e000         	C:\Windows\SYSTEM32\WLDP.DLL                                                                                                    	0x7ffd12850000        	1       	DynamicLoad         
1980      	svchost.exe         	advapi32.dll                                                          	0xaf000         	C:\Windows\System32\advapi32.dll                                                                                                	0x7ffd15040000        	1       	StaticDependency    
1980      	svchost.exe         	SspiCli.dll                                                           	0x32000         	c:\windows\system32\SspiCli.dll                                                                                                 	0x7ffd12dc0000        	1       	DelayloadDependency 
1980      	svchost.exe         	IPHLPAPI.DLL                                                          	0x3c000         	c:\windows\system32\IPHLPAPI.DLL                                                                                                	0x7ffd122a0000        	1       	DelayloadDependency 
1980      	svchost.exe         	WINNSI.DLL                                                            	0xb000          	C:\Windows\SYSTEM32\WINNSI.DLL                                                                                                  	0x7ffd0b6b0000        	1       	DelayloadDependency 
1980      	svchost.exe         	NSI.dll                                                               	0x8000          	C:\Windows\System32\NSI.dll                                                                                                     	0x7ffd13870000        	1       	StaticDependency    
1980      	svchost.exe         	gpapi.dll                                                             	0x23000         	C:\Windows\SYSTEM32\gpapi.dll                                                                                                   	0x7ffd11760000        	1       	DelayloadDependency 
1980      	svchost.exe         	dsreg.dll                                                             	0x14d000        	c:\windows\system32\dsreg.dll                                                                                                   	0x7ffd0fbb0000        	1       	DelayloadDependency 
1980      	svchost.exe         	OLEAUT32.dll                                                          	0xcd000         	C:\Windows\System32\OLEAUT32.dll                                                                                                	0x7ffd13e00000        	1       	StaticDependency    
1980      	svchost.exe         	msvcp110_win.dll                                                      	0x8a000         	c:\windows\system32\msvcp110_win.dll                                                                                            	0x7ffd11fa0000        	1       	StaticDependency    
1980      	svchost.exe         	cryptsp.dll                                                           	0x18000         	C:\Windows\SYSTEM32\cryptsp.dll                                                                                                 	0x7ffd127a0000        	1       	StaticDependency    
1980      	svchost.exe         	CRYPT32.dll                                                           	0x15e000        	C:\Windows\System32\CRYPT32.dll                                                                                                 	0x7ffd12f80000        	1       	DelayloadDependency 
1980      	svchost.exe         	netjoin.dll                                                           	0x35000         	C:\Windows\SYSTEM32\netjoin.dll                                                                                                 	0x7ffd0c340000        	1       	DelayloadDependency 
1980      	svchost.exe         	JOINUTIL.DLL                                                          	0x2b000         	C:\Windows\SYSTEM32\JOINUTIL.DLL                                                                                                	0x7ffd12800000        	1       	DynamicForwarderDependency
1980      	svchost.exe         	clbcatq.dll                                                           	0xa9000         	C:\Windows\System32\clbcatq.dll                                                                                                 	0x7ffd13d50000        	1       	DelayloadDependency 
1980      	svchost.exe         	taskschd.dll                                                          	0xac000         	C:\Windows\System32\taskschd.dll                                                                                                	0x7ffd0e5a0000        	1       	DynamicLoad         
1932      	svchost.exe         	ntdll.dll                                                             	0x1f8000        	C:\Windows\SYSTEM32\ntdll.dll                                                                                                   	0x7ffd157f0000        	2       	StaticDependency    
1932      	svchost.exe         	KERNEL32.DLL                                                          	0xbf000         	C:\Windows\System32\KERNEL32.DLL                                                                                                	0x7ffd155b0000        	2       	DynamicLoad         
1932      	svchost.exe         	KERNELBASE.dll                                                        	0x2f6000        	C:\Windows\System32\KERNELBASE.dll                                                                                              	0x7ffd133b0000        	1       	StaticDependency    
1932      	svchost.exe         	sechost.dll                                                           	0x9c000         	C:\Windows\System32\sechost.dll                                                                                                 	0x7ffd15450000        	2       	StaticDependency    
1932      	svchost.exe         	RPCRT4.dll                                                            	0x126000        	C:\Windows\System32\RPCRT4.dll                                                                                                  	0x7ffd13c20000        	2       	StaticDependency    
1932      	svchost.exe         	ucrtbase.dll                                                          	0x100000        	C:\Windows\System32\ucrtbase.dll                                                                                                	0x7ffd13180000        	2       	StaticDependency    
1932      	svchost.exe         	combase.dll                                                           	0x354000        	C:\Windows\System32\combase.dll                                                                                                 	0x7ffd150f0000        	1       	DelayloadDependency 
1932      	svchost.exe         	kernel.appcore.dll                                                    	0x12000         	C:\Windows\SYSTEM32\kernel.appcore.dll                                                                                          	0x7ffd10db0000        	1       	DelayloadDependency 
1932      	svchost.exe         	msvcrt.dll                                                            	0x9e000         	C:\Windows\System32\msvcrt.dll                                                                                                  	0x7ffd13af0000        	1       	StaticDependency    
1932      	svchost.exe         	bcryptPrimitives.dll                                                  	0x82000         	C:\Windows\System32\bcryptPrimitives.dll                                                                                        	0x7ffd132b0000        	3       	DelayloadDependency 
1932      	svchost.exe         	user32.dll                                                            	0x19d000        	C:\Windows\System32\user32.dll                                                                                                  	0x7ffd14e90000        	1       	DelayloadDependency 
1932      	svchost.exe         	win32u.dll                                                            	0x22000         	C:\Windows\System32\win32u.dll                                                                                                  	0x7ffd13820000        	1       	StaticDependency    
1932      	svchost.exe         	GDI32.dll                                                             	0x2c000         	C:\Windows\System32\GDI32.dll                                                                                                   	0x7ffd13bf0000        	1       	StaticDependency    
1932      	svchost.exe         	gdi32full.dll                                                         	0x115000        	C:\Windows\System32\gdi32full.dll                                                                                               	0x7ffd136b0000        	1       	StaticDependency    
1932      	svchost.exe         	msvcp_win.dll                                                         	0x9d000         	C:\Windows\System32\msvcp_win.dll                                                                                               	0x7ffd130e0000        	1       	StaticDependency    
1932      	svchost.exe         	sessenv.dll                                                           	0x8d000         	c:\windows\system32\sessenv.dll                                                                                                 	0x7ffd09400000        	1       	DynamicLoad         
1932      	svchost.exe         	advapi32.dll                                                          	0xaf000         	C:\Windows\System32\advapi32.dll                                                                                                	0x7ffd15040000        	1       	StaticDependency    
1932      	svchost.exe         	SYSNTFY.dll                                                           	0xc000          	c:\windows\system32\SYSNTFY.dll                                                                                                 	0x7ffd109a0000        	1       	StaticDependency    
1932      	svchost.exe         	DismApi.DLL                                                           	0x108000        	c:\windows\system32\DismApi.DLL                                                                                                 	0x7ffd092f0000        	1       	StaticDependency    
1932      	svchost.exe         	samcli.dll                                                            	0x19000         	c:\windows\system32\samcli.dll                                                                                                  	0x7ffd092d0000        	1       	StaticDependency    
1932      	svchost.exe         	ntmarta.dll                                                           	0x33000         	C:\Windows\SYSTEM32\ntmarta.dll                                                                                                 	0x7ffd11f60000        	1       	StaticDependency    
1932      	svchost.exe         	SCECLI.dll                                                            	0x5b000         	c:\windows\system32\SCECLI.dll                                                                                                  	0x7ffd11c60000        	1       	StaticDependency    
1932      	svchost.exe         	OLE32.dll                                                             	0x12a000        	C:\Windows\System32\OLE32.dll                                                                                                   	0x7ffd140d0000        	1       	StaticDependency    
1932      	svchost.exe         	OLEAUT32.dll                                                          	0xcd000         	C:\Windows\System32\OLEAUT32.dll                                                                                                	0x7ffd13e00000        	1       	StaticDependency    
1932      	svchost.exe         	VERSION.dll                                                           	0xa000          	c:\windows\system32\VERSION.dll                                                                                                 	0x7ffd0b9b0000        	1       	StaticDependency    
1932      	svchost.exe         	WLDP.DLL                                                              	0x2e000         	C:\Windows\SYSTEM32\WLDP.DLL                                                                                                    	0x7ffd12850000        	1       	DynamicLoad         
1932      	svchost.exe         	USERENV.dll                                                           	0x2e000         	c:\windows\system32\USERENV.dll                                                                                                 	0x7ffd12d90000        	1       	DelayloadDependency 
1932      	svchost.exe         	gpapi.dll                                                             	0x23000         	C:\Windows\SYSTEM32\gpapi.dll                                                                                                   	0x7ffd11760000        	1       	DelayloadDependency 
1932      	svchost.exe         	sspicli.dll                                                           	0x32000         	C:\Windows\System32\sspicli.dll                                                                                                 	0x7ffd12dc0000        	1       	DynamicLoad         
1932      	svchost.exe         	WS2_32.dll                                                            	0x6b000         	C:\Windows\System32\WS2_32.dll                                                                                                  	0x7ffd14dc0000        	1       	DelayloadDependency 
1932      	svchost.exe         	mswsock.dll                                                           	0x6a000         	C:\Windows\system32\mswsock.dll                                                                                                 	0x7ffd125b0000        	1       	DynamicLoad         
1932      	svchost.exe         	CRYPT32.dll                                                           	0x15e000        	C:\Windows\System32\CRYPT32.dll                                                                                                 	0x7ffd12f80000        	1       	DelayloadDependency 
1932      	svchost.exe         	MSASN1.dll                                                            	0x12000         	C:\Windows\System32\MSASN1.dll                                                                                                  	0x7ffd12a50000        	1       	DelayloadDependency 
1932      	svchost.exe         	DSROLE.dll                                                            	0xa000          	c:\windows\system32\DSROLE.dll                                                                                                  	0x7ffd0e670000        	1       	DelayloadDependency 
1932      	svchost.exe         	CRYPTSP.dll                                                           	0x18000         	C:\Windows\System32\CRYPTSP.dll                                                                                                 	0x7ffd127a0000        	1       	DelayloadDependency 
1932      	svchost.exe         	rsaenh.dll                                                            	0x34000         	C:\Windows\system32\rsaenh.dll                                                                                                  	0x7ffd11ed0000        	1       	DynamicLoad         
1932      	svchost.exe         	bcrypt.dll                                                            	0x27000         	C:\Windows\System32\bcrypt.dll                                                                                                  	0x7ffd13280000        	2       	StaticDependency    
1932      	svchost.exe         	profapi.dll                                                           	0x1f000         	C:\Windows\System32\profapi.dll                                                                                                 	0x7ffd12e10000        	1       	DelayloadDependency 
1932      	svchost.exe         	DPAPI.dll                                                             	0xa000          	C:\Windows\System32\DPAPI.dll                                                                                                   	0x7ffd12c80000        	1       	DelayloadDependency 
1932      	svchost.exe         	CRYPTBASE.dll                                                         	0xc000          	C:\Windows\System32\CRYPTBASE.dll                                                                                               	0x7ffd127c0000        	1       	DelayloadDependency 
1932      	svchost.exe         	ncrypt.dll                                                            	0x28000         	C:\Windows\System32\ncrypt.dll                                                                                                  	0x7ffd12930000        	1       	DelayloadDependency 
1932      	svchost.exe         	NTASN1.dll                                                            	0x3b000         	C:\Windows\System32\NTASN1.dll                                                                                                  	0x7ffd128f0000        	1       	DelayloadDependency 
1940      	svchost.exe         	ntdll.dll                                                             	0x1f8000        	C:\Windows\SYSTEM32\ntdll.dll                                                                                                   	0x7ffd157f0000        	2       	StaticDependency    
1940      	svchost.exe         	KERNEL32.DLL                                                          	0xbf000         	C:\Windows\System32\KERNEL32.DLL                                                                                                	0x7ffd155b0000        	2       	DynamicLoad         
1940      	svchost.exe         	KERNELBASE.dll                                                        	0x2f6000        	C:\Windows\System32\KERNELBASE.dll                                                                                              	0x7ffd133b0000        	1       	StaticDependency    
1940      	svchost.exe         	sechost.dll                                                           	0x9c000         	C:\Windows\System32\sechost.dll                                                                                                 	0x7ffd15450000        	2       	StaticDependency    
1940      	svchost.exe         	RPCRT4.dll                                                            	0x126000        	C:\Windows\System32\RPCRT4.dll                                                                                                  	0x7ffd13c20000        	2       	StaticDependency    
1940      	svchost.exe         	ucrtbase.dll                                                          	0x100000        	C:\Windows\System32\ucrtbase.dll                                                                                                	0x7ffd13180000        	2       	StaticDependency    
1940      	svchost.exe         	combase.dll                                                           	0x354000        	C:\Windows\System32\combase.dll                                                                                                 	0x7ffd150f0000        	1       	DelayloadDependency 
1940      	svchost.exe         	kernel.appcore.dll                                                    	0x12000         	C:\Windows\SYSTEM32\kernel.appcore.dll                                                                                          	0x7ffd10db0000        	1       	DelayloadDependency 
1940      	svchost.exe         	msvcrt.dll                                                            	0x9e000         	C:\Windows\System32\msvcrt.dll                                                                                                  	0x7ffd13af0000        	1       	StaticDependency    
1940      	svchost.exe         	bcryptPrimitives.dll                                                  	0x82000         	C:\Windows\System32\bcryptPrimitives.dll                                                                                        	0x7ffd132b0000        	3       	DelayloadDependency 
1940      	svchost.exe         	user32.dll                                                            	0x19d000        	C:\Windows\System32\user32.dll                                                                                                  	0x7ffd14e90000        	1       	DelayloadDependency 
1940      	svchost.exe         	win32u.dll                                                            	0x22000         	C:\Windows\System32\win32u.dll                                                                                                  	0x7ffd13820000        	1       	StaticDependency    
1940      	svchost.exe         	GDI32.dll                                                             	0x2c000         	C:\Windows\System32\GDI32.dll                                                                                                   	0x7ffd13bf0000        	1       	StaticDependency    
1940      	svchost.exe         	gdi32full.dll                                                         	0x115000        	C:\Windows\System32\gdi32full.dll                                                                                               	0x7ffd136b0000        	1       	StaticDependency    
1940      	svchost.exe         	msvcp_win.dll                                                         	0x9d000         	C:\Windows\System32\msvcp_win.dll                                                                                               	0x7ffd130e0000        	1       	StaticDependency    
1940      	svchost.exe         	netprofmsvc.dll                                                       	0xfd000         	c:\windows\system32\netprofmsvc.dll                                                                                             	0x7ffd0a660000        	1       	DynamicLoad         
1940      	svchost.exe         	shcore.dll                                                            	0xad000         	C:\Windows\System32\shcore.dll                                                                                                  	0x7ffd13880000        	1       	StaticDependency    
1940      	svchost.exe         	WS2_32.dll                                                            	0x6b000         	C:\Windows\System32\WS2_32.dll                                                                                                  	0x7ffd14dc0000        	1       	StaticDependency    
1940      	svchost.exe         	OLEAUT32.dll                                                          	0xcd000         	C:\Windows\System32\OLEAUT32.dll                                                                                                	0x7ffd13e00000        	1       	StaticDependency    
1940      	svchost.exe         	IPHLPAPI.DLL                                                          	0x3c000         	c:\windows\system32\IPHLPAPI.DLL                                                                                                	0x7ffd122a0000        	1       	StaticDependency    
1940      	svchost.exe         	wkscli.dll                                                            	0x19000         	c:\windows\system32\wkscli.dll                                                                                                  	0x7ffd12030000        	1       	StaticDependency    
1940      	svchost.exe         	netutils.dll                                                          	0xc000          	c:\windows\system32\netutils.dll                                                                                                	0x7ffd123b0000        	1       	StaticDependency    
1940      	svchost.exe         	dhcpcsvc.DLL                                                          	0x1d000         	c:\windows\system32\dhcpcsvc.DLL                                                                                                	0x7ffd0b650000        	1       	StaticDependency    
1940      	svchost.exe         	DNSAPI.dll                                                            	0xcb000         	c:\windows\system32\DNSAPI.dll                                                                                                  	0x7ffd122e0000        	1       	StaticDependency    
1940      	svchost.exe         	WINHTTP.dll                                                           	0x10a000        	c:\windows\system32\WINHTTP.dll                                                                                                 	0x7ffd0a550000        	1       	StaticDependency    
1940      	svchost.exe         	nlaapi.dll                                                            	0x1d000         	c:\windows\system32\nlaapi.dll                                                                                                  	0x7ffd0e700000        	1       	StaticDependency    
1940      	svchost.exe         	WINNSI.DLL                                                            	0xb000          	c:\windows\system32\WINNSI.DLL                                                                                                  	0x7ffd0b6b0000        	1       	StaticDependency    
1940      	svchost.exe         	NSI.dll                                                               	0x8000          	C:\Windows\System32\NSI.dll                                                                                                     	0x7ffd13870000        	1       	StaticDependency    
1940      	svchost.exe         	ncsi.dll                                                              	0x89000         	c:\windows\system32\ncsi.dll                                                                                                    	0x7ffd0b490000        	1       	StaticDependency    
1940      	svchost.exe         	UMPDC.dll                                                             	0x12000         	c:\windows\system32\UMPDC.dll                                                                                                   	0x7ffd12a70000        	1       	StaticDependency    
1940      	svchost.exe         	WLDP.DLL                                                              	0x2e000         	C:\Windows\SYSTEM32\WLDP.DLL                                                                                                    	0x7ffd12850000        	1       	DynamicLoad         
1940      	svchost.exe         	advapi32.dll                                                          	0xaf000         	C:\Windows\System32\advapi32.dll                                                                                                	0x7ffd15040000        	1       	StaticDependency    
1940      	svchost.exe         	clbcatq.dll                                                           	0xa9000         	C:\Windows\System32\clbcatq.dll                                                                                                 	0x7ffd13d50000        	1       	DelayloadDependency 
1940      	svchost.exe         	mswsock.dll                                                           	0x6a000         	C:\Windows\system32\mswsock.dll                                                                                                 	0x7ffd125b0000        	1       	DynamicLoad         
1940      	svchost.exe         	gpapi.dll                                                             	0x23000         	C:\Windows\SYSTEM32\gpapi.dll                                                                                                   	0x7ffd11760000        	1       	DelayloadDependency 
1940      	svchost.exe         	computenetwork.dll                                                    	0x1d000         	C:\Windows\SYSTEM32\computenetwork.dll                                                                                          	0x7ffd06c10000        	1       	DynamicLoad         
1940      	svchost.exe         	npmproxy.dll                                                          	0x10000         	C:\Windows\System32\npmproxy.dll                                                                                                	0x7ffd06c00000        	1       	DynamicLoad         
1940      	svchost.exe         	dhcpcsvc6.DLL                                                         	0x17000         	C:\Windows\SYSTEM32\dhcpcsvc6.DLL                                                                                               	0x7ffd0b670000        	1       	DelayloadDependency 
2120      	svchost.exe         	ntdll.dll                                                             	0x1f8000        	C:\Windows\SYSTEM32\ntdll.dll                                                                                                   	0x7ffd157f0000        	2       	StaticDependency    
2120      	svchost.exe         	KERNEL32.DLL                                                          	0xbf000         	C:\Windows\System32\KERNEL32.DLL                                                                                                	0x7ffd155b0000        	2       	DynamicLoad         
2120      	svchost.exe         	KERNELBASE.dll                                                        	0x2f6000        	C:\Windows\System32\KERNELBASE.dll                                                                                              	0x7ffd133b0000        	1       	StaticDependency    
2120      	svchost.exe         	sechost.dll                                                           	0x9c000         	C:\Windows\System32\sechost.dll                                                                                                 	0x7ffd15450000        	2       	StaticDependency    
2120      	svchost.exe         	RPCRT4.dll                                                            	0x126000        	C:\Windows\System32\RPCRT4.dll                                                                                                  	0x7ffd13c20000        	2       	StaticDependency    
2120      	svchost.exe         	ucrtbase.dll                                                          	0x100000        	C:\Windows\System32\ucrtbase.dll                                                                                                	0x7ffd13180000        	2       	StaticDependency    
2120      	svchost.exe         	combase.dll                                                           	0x354000        	C:\Windows\System32\combase.dll                                                                                                 	0x7ffd150f0000        	1       	DelayloadDependency 
2120      	svchost.exe         	kernel.appcore.dll                                                    	0x12000         	C:\Windows\SYSTEM32\kernel.appcore.dll                                                                                          	0x7ffd10db0000        	1       	DelayloadDependency 
2120      	svchost.exe         	msvcrt.dll                                                            	0x9e000         	C:\Windows\System32\msvcrt.dll                                                                                                  	0x7ffd13af0000        	1       	StaticDependency    
2120      	svchost.exe         	bcryptPrimitives.dll                                                  	0x82000         	C:\Windows\System32\bcryptPrimitives.dll                                                                                        	0x7ffd132b0000        	3       	DelayloadDependency 
2120      	svchost.exe         	user32.dll                                                            	0x19d000        	C:\Windows\System32\user32.dll                                                                                                  	0x7ffd14e90000        	1       	DelayloadDependency 
2120      	svchost.exe         	win32u.dll                                                            	0x22000         	C:\Windows\System32\win32u.dll                                                                                                  	0x7ffd13820000        	1       	StaticDependency    
2120      	svchost.exe         	GDI32.dll                                                             	0x2c000         	C:\Windows\System32\GDI32.dll                                                                                                   	0x7ffd13bf0000        	1       	StaticDependency    
2120      	svchost.exe         	gdi32full.dll                                                         	0x115000        	C:\Windows\System32\gdi32full.dll                                                                                               	0x7ffd136b0000        	1       	StaticDependency    
2120      	svchost.exe         	msvcp_win.dll                                                         	0x9d000         	C:\Windows\System32\msvcp_win.dll                                                                                               	0x7ffd130e0000        	1       	StaticDependency    
2120      	svchost.exe         	audiosrv.dll                                                          	0x1cb000        	c:\windows\system32\audiosrv.dll                                                                                                	0x7ffd08ae0000        	1       	DynamicLoad         
2120      	svchost.exe         	shcore.dll                                                            	0xad000         	C:\Windows\System32\shcore.dll                                                                                                  	0x7ffd13880000        	1       	StaticDependency    
2120      	svchost.exe         	MMDevAPI.DLL                                                          	0x85000         	c:\windows\system32\MMDevAPI.DLL                                                                                                	0x7ffd0b1d0000        	1       	StaticDependency    
2120      	svchost.exe         	UMPDC.dll                                                             	0x12000         	c:\windows\system32\UMPDC.dll                                                                                                   	0x7ffd12a70000        	1       	StaticDependency    
2120      	svchost.exe         	XmlLite.dll                                                           	0x36000         	c:\windows\system32\XmlLite.dll                                                                                                 	0x7ffd0ea10000        	1       	StaticDependency    
2120      	svchost.exe         	DEVOBJ.dll                                                            	0x2c000         	c:\windows\system32\DEVOBJ.dll                                                                                                  	0x7ffd12c30000        	1       	StaticDependency    
2120      	svchost.exe         	cfgmgr32.dll                                                          	0x4e000         	C:\Windows\System32\cfgmgr32.dll                                                                                                	0x7ffd137d0000        	1       	StaticDependency    
2120      	svchost.exe         	AUDIOSRVPOLICYMANAGER.dll                                             	0x57000         	c:\windows\system32\AUDIOSRVPOLICYMANAGER.dll                                                                                   	0x7ffd08a80000        	1       	StaticDependency    
2120      	svchost.exe         	POWRPROF.dll                                                          	0x4b000         	c:\windows\system32\POWRPROF.dll                                                                                                	0x7ffd12c90000        	1       	StaticDependency    
2120      	svchost.exe         	WLDP.DLL                                                              	0x2e000         	C:\Windows\SYSTEM32\WLDP.DLL                                                                                                    	0x7ffd12850000        	1       	DynamicLoad         
2120      	svchost.exe         	advapi32.dll                                                          	0xaf000         	C:\Windows\System32\advapi32.dll                                                                                                	0x7ffd15040000        	1       	StaticDependency    
2120      	svchost.exe         	clbcatq.dll                                                           	0xa9000         	C:\Windows\System32\clbcatq.dll                                                                                                 	0x7ffd13d50000        	1       	DelayloadDependency 
2120      	svchost.exe         	rmclient.dll                                                          	0x2a000         	C:\Windows\SYSTEM32\rmclient.dll                                                                                                	0x7ffd10ac0000        	1       	DelayloadDependency 
2120      	svchost.exe         	winsta.dll                                                            	0x64000         	C:\Windows\SYSTEM32\winsta.dll                                                                                                  	0x7ffd12880000        	1       	DelayloadDependency 
2120      	svchost.exe         	wtsapi32.dll                                                          	0x14000         	C:\Windows\SYSTEM32\wtsapi32.dll                                                                                                	0x7ffd0ebb0000        	1       	DelayloadDependency 
2120      	svchost.exe         	PROPSYS.dll                                                           	0xf6000         	c:\windows\system32\PROPSYS.dll                                                                                                 	0x7ffd0ea50000        	1       	DelayloadDependency 
2120      	svchost.exe         	Windows.Media.Devices.dll                                             	0x93000         	C:\Windows\System32\Windows.Media.Devices.dll                                                                                   	0x7ffd07e30000        	1       	DynamicLoad         
2120      	svchost.exe         	HrtfApo.dll                                                           	0x7a000         	c:\windows\system32\HrtfApo.dll                                                                                                 	0x7ffd07d10000        	1       	DelayloadDependency 
2120      	svchost.exe         	CompPkgSup.DLL                                                        	0x37000         	c:\windows\system32\CompPkgSup.DLL                                                                                              	0x7ffd07c70000        	1       	DelayloadDependency 
2120      	svchost.exe         	Windows.StateRepositoryPS.dll                                         	0x146000        	C:\Windows\System32\Windows.StateRepositoryPS.dll                                                                               	0x7ffd01c90000        	1       	DynamicLoad         
2120      	svchost.exe         	WinTypes.dll                                                          	0x154000        	C:\Windows\System32\WinTypes.dll                                                                                                	0x7ffd0ebd0000        	1       	DynamicLoad         
2120      	svchost.exe         	Windows.ApplicationModel.dll                                          	0xe6000         	C:\Windows\System32\Windows.ApplicationModel.dll                                                                                	0x7ffd06820000        	1       	DynamicLoad         
2120      	svchost.exe         	OLEAUT32.dll                                                          	0xcd000         	C:\Windows\System32\OLEAUT32.dll                                                                                                	0x7ffd13e00000        	1       	StaticDependency    
2120      	svchost.exe         	twinapi.appcore.dll                                                   	0x200000        	C:\Windows\System32\twinapi.appcore.dll                                                                                         	0x7ffd0de50000        	1       	StaticDependency    
2120      	svchost.exe         	AppXDeploymentClient.dll                                              	0x104000        	C:\Windows\System32\AppXDeploymentClient.dll                                                                                    	0x7ffd0c590000        	1       	DelayloadDependency 
2120      	svchost.exe         	coreaudiopolicymanagerext.dll                                         	0x8000          	C:\Windows\SYSTEM32\coreaudiopolicymanagerext.dll                                                                               	0x7ffd00290000        	1       	DelayloadDependency 
2120      	svchost.exe         	AudioSes.dll                                                          	0x182000        	C:\Windows\System32\AudioSes.dll                                                                                                	0x7ffd07080000        	1       	DynamicLoad         
2120      	svchost.exe         	rdpendp.dll                                                           	0x4e000         	C:\Windows\System32\rdpendp.dll                                                                                                 	0x7ffcfca90000        	1       	DynamicLoad         
2120      	svchost.exe         	OLE32.dll                                                             	0x12a000        	C:\Windows\System32\OLE32.dll                                                                                                   	0x7ffd140d0000        	1       	DelayloadDependency 
2120      	svchost.exe         	Windows.Perception.Stub.dll                                           	0x103000        	C:\Windows\System32\Windows.Perception.Stub.dll                                                                                 	0x7ffccbb20000        	1       	DynamicLoad         
2120      	svchost.exe         	capauthz.dll                                                          	0x51000         	C:\Windows\SYSTEM32\capauthz.dll                                                                                                	0x7ffd06d20000        	1       	DelayloadDependency 
2120      	svchost.exe         	WINTRUST.dll                                                          	0x67000         	C:\Windows\System32\WINTRUST.dll                                                                                                	0x7ffd13340000        	1       	StaticDependency    
2120      	svchost.exe         	CRYPT32.dll                                                           	0x15e000        	C:\Windows\System32\CRYPT32.dll                                                                                                 	0x7ffd12f80000        	1       	DelayloadDependency 
2120      	svchost.exe         	MSASN1.dll                                                            	0x12000         	C:\Windows\SYSTEM32\MSASN1.dll                                                                                                  	0x7ffd12a50000        	1       	DelayloadDependency 
2120      	svchost.exe         	ntmarta.dll                                                           	0x33000         	C:\Windows\SYSTEM32\ntmarta.dll                                                                                                 	0x7ffd11f60000        	1       	DelayloadDependency 
2192      	svchost.exe         	ntdll.dll                                                             	0x1f8000        	C:\Windows\SYSTEM32\ntdll.dll                                                                                                   	0x7ffd157f0000        	2       	StaticDependency    
2192      	svchost.exe         	KERNEL32.DLL                                                          	0xbf000         	C:\Windows\System32\KERNEL32.DLL                                                                                                	0x7ffd155b0000        	2       	DynamicLoad         
2192      	svchost.exe         	KERNELBASE.dll                                                        	0x2f6000        	C:\Windows\System32\KERNELBASE.dll                                                                                              	0x7ffd133b0000        	1       	StaticDependency    
2192      	svchost.exe         	sechost.dll                                                           	0x9c000         	C:\Windows\System32\sechost.dll                                                                                                 	0x7ffd15450000        	2       	StaticDependency    
2192      	svchost.exe         	RPCRT4.dll                                                            	0x126000        	C:\Windows\System32\RPCRT4.dll                                                                                                  	0x7ffd13c20000        	2       	StaticDependency    
2192      	svchost.exe         	ucrtbase.dll                                                          	0x100000        	C:\Windows\System32\ucrtbase.dll                                                                                                	0x7ffd13180000        	2       	StaticDependency    
2192      	svchost.exe         	combase.dll                                                           	0x354000        	C:\Windows\System32\combase.dll                                                                                                 	0x7ffd150f0000        	1       	DelayloadDependency 
2192      	svchost.exe         	kernel.appcore.dll                                                    	0x12000         	C:\Windows\SYSTEM32\kernel.appcore.dll                                                                                          	0x7ffd10db0000        	1       	DelayloadDependency 
2192      	svchost.exe         	msvcrt.dll                                                            	0x9e000         	C:\Windows\System32\msvcrt.dll                                                                                                  	0x7ffd13af0000        	1       	StaticDependency    
2192      	svchost.exe         	bcryptPrimitives.dll                                                  	0x82000         	C:\Windows\System32\bcryptPrimitives.dll                                                                                        	0x7ffd132b0000        	3       	DelayloadDependency 
2192      	svchost.exe         	user32.dll                                                            	0x19d000        	C:\Windows\System32\user32.dll                                                                                                  	0x7ffd14e90000        	1       	DelayloadDependency 
2192      	svchost.exe         	win32u.dll                                                            	0x22000         	C:\Windows\System32\win32u.dll                                                                                                  	0x7ffd13820000        	1       	StaticDependency    
2192      	svchost.exe         	GDI32.dll                                                             	0x2c000         	C:\Windows\System32\GDI32.dll                                                                                                   	0x7ffd13bf0000        	1       	StaticDependency    
2192      	svchost.exe         	gdi32full.dll                                                         	0x115000        	C:\Windows\System32\gdi32full.dll                                                                                               	0x7ffd136b0000        	1       	StaticDependency    
2192      	svchost.exe         	msvcp_win.dll                                                         	0x9d000         	C:\Windows\System32\msvcp_win.dll                                                                                               	0x7ffd130e0000        	1       	StaticDependency    
2192      	svchost.exe         	dnsrslvr.dll                                                          	0x5b000         	c:\windows\system32\dnsrslvr.dll                                                                                                	0x7ffd07cb0000        	1       	DynamicLoad         
2192      	svchost.exe         	WS2_32.dll                                                            	0x6b000         	C:\Windows\System32\WS2_32.dll                                                                                                  	0x7ffd14dc0000        	1       	StaticDependency    
2192      	svchost.exe         	NSI.dll                                                               	0x8000          	C:\Windows\System32\NSI.dll                                                                                                     	0x7ffd13870000        	1       	StaticDependency    
2192      	svchost.exe         	DNSAPI.dll                                                            	0xcb000         	C:\Windows\SYSTEM32\DNSAPI.dll                                                                                                  	0x7ffd122e0000        	1       	StaticDependency    
2192      	svchost.exe         	WINNSI.DLL                                                            	0xb000          	C:\Windows\SYSTEM32\WINNSI.DLL                                                                                                  	0x7ffd0b6b0000        	1       	StaticDependency    
2192      	svchost.exe         	IPHLPAPI.DLL                                                          	0x3c000         	C:\Windows\SYSTEM32\IPHLPAPI.DLL                                                                                                	0x7ffd122a0000        	1       	DelayloadDependency 
2192      	svchost.exe         	WLDP.DLL                                                              	0x2e000         	C:\Windows\SYSTEM32\WLDP.DLL                                                                                                    	0x7ffd12850000        	1       	DynamicLoad         
2192      	svchost.exe         	advapi32.dll                                                          	0xaf000         	C:\Windows\System32\advapi32.dll                                                                                                	0x7ffd15040000        	1       	StaticDependency    
2192      	svchost.exe         	Fwpuclnt.dll                                                          	0x82000         	C:\Windows\SYSTEM32\Fwpuclnt.dll                                                                                                	0x7ffd07b70000        	1       	DynamicLoad         
2192      	svchost.exe         	bcrypt.dll                                                            	0x27000         	C:\Windows\System32\bcrypt.dll                                                                                                  	0x7ffd13280000        	2       	StaticDependency    
2192      	svchost.exe         	gpapi.dll                                                             	0x23000         	C:\Windows\SYSTEM32\gpapi.dll                                                                                                   	0x7ffd11760000        	1       	DelayloadDependency 
2192      	svchost.exe         	nrpsrv.DLL                                                            	0x9000          	C:\Windows\SYSTEM32\nrpsrv.DLL                                                                                                  	0x7ffd074d0000        	1       	DelayloadDependency 
2192      	svchost.exe         	firewallapi.dll                                                       	0xa1000         	C:\Windows\SYSTEM32\firewallapi.dll                                                                                             	0x7ffd11af0000        	1       	DelayloadDependency 
2192      	svchost.exe         	fwbase.dll                                                            	0x3a000         	C:\Windows\SYSTEM32\fwbase.dll                                                                                                  	0x7ffd11ab0000        	1       	DelayloadDependency 
2192      	svchost.exe         	mswsock.dll                                                           	0x6a000         	C:\Windows\system32\mswsock.dll                                                                                                 	0x7ffd125b0000        	1       	DynamicLoad         
2192      	svchost.exe         	dhcpcsvc6.DLL                                                         	0x17000         	C:\Windows\SYSTEM32\dhcpcsvc6.DLL                                                                                               	0x7ffd0b670000        	1       	DelayloadDependency 
2192      	svchost.exe         	dhcpcsvc.DLL                                                          	0x1d000         	C:\Windows\SYSTEM32\dhcpcsvc.DLL                                                                                                	0x7ffd0b650000        	1       	DelayloadDependency 
2192      	svchost.exe         	CRYPTBASE.dll                                                         	0xc000          	C:\Windows\SYSTEM32\CRYPTBASE.dll                                                                                               	0x7ffd127c0000        	1       	DelayloadDependency 
2192      	svchost.exe         	winrnr.dll                                                            	0x12000         	C:\Windows\System32\winrnr.dll                                                                                                  	0x7ffcff440000        	1       	DynamicLoad         
2192      	svchost.exe         	rasadhlp.dll                                                          	0xa000          	C:\Windows\System32\rasadhlp.dll                                                                                                	0x7ffd06b20000        	1       	DynamicLoad         
2192      	svchost.exe         	wshbth.dll                                                            	0x15000         	C:\Windows\system32\wshbth.dll                                                                                                  	0x7ffcf9900000        	1       	DynamicLoad         
2192      	svchost.exe         	DEVOBJ.dll                                                            	0x2c000         	C:\Windows\system32\DEVOBJ.dll                                                                                                  	0x7ffd12c30000        	1       	DelayloadDependency 
2192      	svchost.exe         	cfgmgr32.dll                                                          	0x4e000         	C:\Windows\System32\cfgmgr32.dll                                                                                                	0x7ffd137d0000        	1       	StaticDependency    
2192      	svchost.exe         	NLAapi.dll                                                            	0x1d000         	C:\Windows\system32\NLAapi.dll                                                                                                  	0x7ffd0e700000        	1       	DynamicLoad         
2192      	svchost.exe         	pnrpnsp.dll                                                           	0x1b000         	C:\Windows\system32\pnrpnsp.dll                                                                                                 	0x7ffcff420000        	1       	DynamicLoad         
2192      	svchost.exe         	napinsp.dll                                                           	0x17000         	C:\Windows\system32\napinsp.dll                                                                                                 	0x7ffccbfb0000        	1       	DynamicLoad         
2204      	svchost.exe         	ntdll.dll                                                             	0x1f8000        	C:\Windows\SYSTEM32\ntdll.dll                                                                                                   	0x7ffd157f0000        	2       	StaticDependency    
2204      	svchost.exe         	KERNEL32.DLL                                                          	0xbf000         	C:\Windows\System32\KERNEL32.DLL                                                                                                	0x7ffd155b0000        	2       	DynamicLoad         
2204      	svchost.exe         	KERNELBASE.dll                                                        	0x2f6000        	C:\Windows\System32\KERNELBASE.dll                                                                                              	0x7ffd133b0000        	1       	StaticDependency    
2204      	svchost.exe         	sechost.dll                                                           	0x9c000         	C:\Windows\System32\sechost.dll                                                                                                 	0x7ffd15450000        	2       	StaticDependency    
2204      	svchost.exe         	RPCRT4.dll                                                            	0x126000        	C:\Windows\System32\RPCRT4.dll                                                                                                  	0x7ffd13c20000        	2       	StaticDependency    
2204      	svchost.exe         	ucrtbase.dll                                                          	0x100000        	C:\Windows\System32\ucrtbase.dll                                                                                                	0x7ffd13180000        	2       	StaticDependency    
2204      	svchost.exe         	combase.dll                                                           	0x354000        	C:\Windows\System32\combase.dll                                                                                                 	0x7ffd150f0000        	1       	DelayloadDependency 
2204      	svchost.exe         	kernel.appcore.dll                                                    	0x12000         	C:\Windows\SYSTEM32\kernel.appcore.dll                                                                                          	0x7ffd10db0000        	1       	DelayloadDependency 
2204      	svchost.exe         	msvcrt.dll                                                            	0x9e000         	C:\Windows\System32\msvcrt.dll                                                                                                  	0x7ffd13af0000        	1       	StaticDependency    
2204      	svchost.exe         	bcryptPrimitives.dll                                                  	0x82000         	C:\Windows\System32\bcryptPrimitives.dll                                                                                        	0x7ffd132b0000        	3       	DelayloadDependency 
2204      	svchost.exe         	user32.dll                                                            	0x19d000        	C:\Windows\System32\user32.dll                                                                                                  	0x7ffd14e90000        	1       	DelayloadDependency 
2204      	svchost.exe         	win32u.dll                                                            	0x22000         	C:\Windows\System32\win32u.dll                                                                                                  	0x7ffd13820000        	1       	StaticDependency    
2204      	svchost.exe         	GDI32.dll                                                             	0x2c000         	C:\Windows\System32\GDI32.dll                                                                                                   	0x7ffd13bf0000        	1       	StaticDependency    
2204      	svchost.exe         	gdi32full.dll                                                         	0x115000        	C:\Windows\System32\gdi32full.dll                                                                                               	0x7ffd136b0000        	1       	StaticDependency    
2204      	svchost.exe         	msvcp_win.dll                                                         	0x9d000         	C:\Windows\System32\msvcp_win.dll                                                                                               	0x7ffd130e0000        	1       	StaticDependency    
2204      	svchost.exe         	dusmsvc.dll                                                           	0x59000         	c:\windows\system32\dusmsvc.dll                                                                                                 	0x7ffd07c10000        	1       	DynamicLoad         
2204      	svchost.exe         	cfgmgr32.dll                                                          	0x4e000         	C:\Windows\System32\cfgmgr32.dll                                                                                                	0x7ffd137d0000        	1       	StaticDependency    
2204      	svchost.exe         	advapi32.dll                                                          	0xaf000         	C:\Windows\System32\advapi32.dll                                                                                                	0x7ffd15040000        	1       	StaticDependency    
2204      	svchost.exe         	SystemEventsBrokerClient.dll                                          	0xd000          	c:\windows\system32\SystemEventsBrokerClient.dll                                                                                	0x7ffd0e680000        	1       	StaticDependency    
2204      	svchost.exe         	MobileNetworking.dll                                                  	0xa000          	c:\windows\system32\MobileNetworking.dll                                                                                        	0x7ffd07c00000        	1       	StaticDependency    
2204      	svchost.exe         	IPHLPAPI.DLL                                                          	0x3c000         	c:\windows\system32\IPHLPAPI.DLL                                                                                                	0x7ffd122a0000        	1       	StaticDependency    
2204      	svchost.exe         	USERENV.dll                                                           	0x2e000         	c:\windows\system32\USERENV.dll                                                                                                 	0x7ffd12d90000        	1       	StaticDependency    
2204      	svchost.exe         	WMICLNT.dll                                                           	0x11000         	c:\windows\system32\WMICLNT.dll                                                                                                 	0x7ffd0e100000        	1       	StaticDependency    
2204      	svchost.exe         	WINNSI.DLL                                                            	0xb000          	c:\windows\system32\WINNSI.DLL                                                                                                  	0x7ffd0b6b0000        	1       	StaticDependency    
2204      	svchost.exe         	NSI.dll                                                               	0x8000          	C:\Windows\System32\NSI.dll                                                                                                     	0x7ffd13870000        	1       	StaticDependency    
2204      	svchost.exe         	WLDP.DLL                                                              	0x2e000         	C:\Windows\SYSTEM32\WLDP.DLL                                                                                                    	0x7ffd12850000        	1       	DynamicLoad         
2204      	svchost.exe         	gpapi.dll                                                             	0x23000         	C:\Windows\SYSTEM32\gpapi.dll                                                                                                   	0x7ffd11760000        	1       	DelayloadDependency 
2212      	svchost.exe         	ntdll.dll                                                             	0x1f8000        	C:\Windows\SYSTEM32\ntdll.dll                                                                                                   	0x7ffd157f0000        	2       	StaticDependency    
2212      	svchost.exe         	KERNEL32.DLL                                                          	0xbf000         	C:\Windows\System32\KERNEL32.DLL                                                                                                	0x7ffd155b0000        	2       	DynamicLoad         
2212      	svchost.exe         	KERNELBASE.dll                                                        	0x2f6000        	C:\Windows\System32\KERNELBASE.dll                                                                                              	0x7ffd133b0000        	1       	StaticDependency    
2212      	svchost.exe         	sechost.dll                                                           	0x9c000         	C:\Windows\System32\sechost.dll                                                                                                 	0x7ffd15450000        	2       	StaticDependency    
2212      	svchost.exe         	RPCRT4.dll                                                            	0x126000        	C:\Windows\System32\RPCRT4.dll                                                                                                  	0x7ffd13c20000        	2       	StaticDependency    
2212      	svchost.exe         	ucrtbase.dll                                                          	0x100000        	C:\Windows\System32\ucrtbase.dll                                                                                                	0x7ffd13180000        	2       	StaticDependency    
2212      	svchost.exe         	combase.dll                                                           	0x354000        	C:\Windows\System32\combase.dll                                                                                                 	0x7ffd150f0000        	1       	DelayloadDependency 
2212      	svchost.exe         	kernel.appcore.dll                                                    	0x12000         	C:\Windows\SYSTEM32\kernel.appcore.dll                                                                                          	0x7ffd10db0000        	1       	DelayloadDependency 
2212      	svchost.exe         	msvcrt.dll                                                            	0x9e000         	C:\Windows\System32\msvcrt.dll                                                                                                  	0x7ffd13af0000        	1       	StaticDependency    
2212      	svchost.exe         	bcryptPrimitives.dll                                                  	0x82000         	C:\Windows\System32\bcryptPrimitives.dll                                                                                        	0x7ffd132b0000        	3       	DelayloadDependency 
2212      	svchost.exe         	user32.dll                                                            	0x19d000        	C:\Windows\System32\user32.dll                                                                                                  	0x7ffd14e90000        	1       	DelayloadDependency 
2212      	svchost.exe         	win32u.dll                                                            	0x22000         	C:\Windows\System32\win32u.dll                                                                                                  	0x7ffd13820000        	1       	StaticDependency    
2212      	svchost.exe         	GDI32.dll                                                             	0x2c000         	C:\Windows\System32\GDI32.dll                                                                                                   	0x7ffd13bf0000        	1       	StaticDependency    
2212      	svchost.exe         	gdi32full.dll                                                         	0x115000        	C:\Windows\System32\gdi32full.dll                                                                                               	0x7ffd136b0000        	1       	StaticDependency    
2212      	svchost.exe         	msvcp_win.dll                                                         	0x9d000         	C:\Windows\System32\msvcp_win.dll                                                                                               	0x7ffd130e0000        	1       	StaticDependency    
2212      	svchost.exe         	wcmsvc.dll                                                            	0xf9000         	c:\windows\system32\wcmsvc.dll                                                                                                  	0x7ffd07a70000        	1       	DynamicLoad         
2212      	svchost.exe         	NSI.dll                                                               	0x8000          	C:\Windows\System32\NSI.dll                                                                                                     	0x7ffd13870000        	1       	StaticDependency    
2212      	svchost.exe         	WS2_32.dll                                                            	0x6b000         	C:\Windows\System32\WS2_32.dll                                                                                                  	0x7ffd14dc0000        	1       	StaticDependency    
2212      	svchost.exe         	powrprof.dll                                                          	0x4b000         	C:\Windows\SYSTEM32\powrprof.dll                                                                                                	0x7ffd12c90000        	1       	StaticDependency    
2212      	svchost.exe         	IPHLPAPI.DLL                                                          	0x3c000         	c:\windows\system32\IPHLPAPI.DLL                                                                                                	0x7ffd122a0000        	1       	StaticDependency    
2212      	svchost.exe         	UMPDC.dll                                                             	0x12000         	c:\windows\system32\UMPDC.dll                                                                                                   	0x7ffd12a70000        	1       	StaticDependency    
2212      	svchost.exe         	USERENV.dll                                                           	0x2e000         	c:\windows\system32\USERENV.dll                                                                                                 	0x7ffd12d90000        	1       	StaticDependency    
2212      	svchost.exe         	WINHTTP.dll                                                           	0x10a000        	c:\windows\system32\WINHTTP.dll                                                                                                 	0x7ffd0a550000        	1       	StaticDependency    
2212      	svchost.exe         	WINNSI.DLL                                                            	0xb000          	c:\windows\system32\WINNSI.DLL                                                                                                  	0x7ffd0b6b0000        	1       	StaticDependency    
2212      	svchost.exe         	nlaapi.dll                                                            	0x1d000         	c:\windows\system32\nlaapi.dll                                                                                                  	0x7ffd0e700000        	1       	StaticDependency    
2212      	svchost.exe         	MobileNetworking.dll                                                  	0xa000          	c:\windows\system32\MobileNetworking.dll                                                                                        	0x7ffd07c00000        	1       	StaticDependency    
2212      	svchost.exe         	WLDP.DLL                                                              	0x2e000         	C:\Windows\SYSTEM32\WLDP.DLL                                                                                                    	0x7ffd12850000        	1       	DynamicLoad         
2212      	svchost.exe         	advapi32.dll                                                          	0xaf000         	C:\Windows\System32\advapi32.dll                                                                                                	0x7ffd15040000        	1       	StaticDependency    
2212      	svchost.exe         	gpapi.dll                                                             	0x23000         	C:\Windows\SYSTEM32\gpapi.dll                                                                                                   	0x7ffd11760000        	1       	DelayloadDependency 
2212      	svchost.exe         	clbcatq.dll                                                           	0xa9000         	C:\Windows\System32\clbcatq.dll                                                                                                 	0x7ffd13d50000        	1       	DelayloadDependency 
2212      	svchost.exe         	firewallapi.dll                                                       	0xa1000         	C:\Windows\SYSTEM32\firewallapi.dll                                                                                             	0x7ffd11af0000        	1       	DynamicLoad         
2212      	svchost.exe         	DNSAPI.dll                                                            	0xcb000         	C:\Windows\SYSTEM32\DNSAPI.dll                                                                                                  	0x7ffd122e0000        	1       	StaticDependency    
2212      	svchost.exe         	fwbase.dll                                                            	0x3a000         	C:\Windows\SYSTEM32\fwbase.dll                                                                                                  	0x7ffd11ab0000        	1       	DelayloadDependency 
2212      	svchost.exe         	npmproxy.dll                                                          	0x10000         	C:\Windows\System32\npmproxy.dll                                                                                                	0x7ffd06c00000        	1       	DynamicLoad         
2212      	svchost.exe         	cmintegrator.dll                                                      	0x11000         	C:\Windows\SYSTEM32\cmintegrator.dll                                                                                            	0x7ffd06b30000        	1       	DelayloadDependency 
2212      	svchost.exe         	wcmcsp.dll                                                            	0x42000         	C:\Windows\system32\wcmcsp.dll                                                                                                  	0x7ffd06ad0000        	1       	DynamicLoad         
2212      	svchost.exe         	cfgmgr32.dll                                                          	0x4e000         	C:\Windows\System32\cfgmgr32.dll                                                                                                	0x7ffd137d0000        	1       	StaticDependency    
2212      	svchost.exe         	OLEAUT32.dll                                                          	0xcd000         	C:\Windows\System32\OLEAUT32.dll                                                                                                	0x7ffd13e00000        	1       	StaticDependency    
2212      	svchost.exe         	WMICLNT.dll                                                           	0x11000         	C:\Windows\system32\WMICLNT.dll                                                                                                 	0x7ffd0e100000        	1       	StaticDependency    
2332      	svchost.exe         	ntdll.dll                                                             	0x1f8000        	C:\Windows\SYSTEM32\ntdll.dll                                                                                                   	0x7ffd157f0000        	2       	StaticDependency    
2332      	svchost.exe         	KERNEL32.DLL                                                          	0xbf000         	C:\Windows\System32\KERNEL32.DLL                                                                                                	0x7ffd155b0000        	2       	DynamicLoad         
2332      	svchost.exe         	KERNELBASE.dll                                                        	0x2f6000        	C:\Windows\System32\KERNELBASE.dll                                                                                              	0x7ffd133b0000        	1       	StaticDependency    
2332      	svchost.exe         	sechost.dll                                                           	0x9c000         	C:\Windows\System32\sechost.dll                                                                                                 	0x7ffd15450000        	2       	StaticDependency    
2332      	svchost.exe         	RPCRT4.dll                                                            	0x126000        	C:\Windows\System32\RPCRT4.dll                                                                                                  	0x7ffd13c20000        	2       	StaticDependency    
2332      	svchost.exe         	ucrtbase.dll                                                          	0x100000        	C:\Windows\System32\ucrtbase.dll                                                                                                	0x7ffd13180000        	2       	StaticDependency    
2332      	svchost.exe         	combase.dll                                                           	0x354000        	C:\Windows\System32\combase.dll                                                                                                 	0x7ffd150f0000        	1       	DelayloadDependency 
2332      	svchost.exe         	kernel.appcore.dll                                                    	0x12000         	C:\Windows\SYSTEM32\kernel.appcore.dll                                                                                          	0x7ffd10db0000        	1       	DelayloadDependency 
2332      	svchost.exe         	msvcrt.dll                                                            	0x9e000         	C:\Windows\System32\msvcrt.dll                                                                                                  	0x7ffd13af0000        	1       	StaticDependency    
2332      	svchost.exe         	bcryptPrimitives.dll                                                  	0x82000         	C:\Windows\System32\bcryptPrimitives.dll                                                                                        	0x7ffd132b0000        	3       	DelayloadDependency 
2332      	svchost.exe         	user32.dll                                                            	0x19d000        	C:\Windows\System32\user32.dll                                                                                                  	0x7ffd14e90000        	1       	DelayloadDependency 
2332      	svchost.exe         	win32u.dll                                                            	0x22000         	C:\Windows\System32\win32u.dll                                                                                                  	0x7ffd13820000        	1       	StaticDependency    
2332      	svchost.exe         	GDI32.dll                                                             	0x2c000         	C:\Windows\System32\GDI32.dll                                                                                                   	0x7ffd13bf0000        	1       	StaticDependency    
2332      	svchost.exe         	gdi32full.dll                                                         	0x115000        	C:\Windows\System32\gdi32full.dll                                                                                               	0x7ffd136b0000        	1       	StaticDependency    
2332      	svchost.exe         	msvcp_win.dll                                                         	0x9d000         	C:\Windows\System32\msvcp_win.dll                                                                                               	0x7ffd130e0000        	1       	StaticDependency    
2332      	svchost.exe         	windows.staterepository.dll                                           	0x58f000        	c:\windows\system32\windows.staterepository.dll                                                                                 	0x7ffd074e0000        	1       	DynamicLoad         
2332      	svchost.exe         	advapi32.dll                                                          	0xaf000         	C:\Windows\System32\advapi32.dll                                                                                                	0x7ffd15040000        	1       	StaticDependency    
2332      	svchost.exe         	StateRepository.Core.dll                                              	0xb1000         	c:\windows\system32\StateRepository.Core.dll                                                                                    	0x7ffd07410000        	1       	StaticDependency    
2332      	svchost.exe         	WLDP.DLL                                                              	0x2e000         	C:\Windows\SYSTEM32\WLDP.DLL                                                                                                    	0x7ffd12850000        	1       	DynamicLoad         
2332      	svchost.exe         	windows.staterepositorycore.dll                                       	0x11000         	C:\Windows\SYSTEM32\windows.staterepositorycore.dll                                                                             	0x7ffd067c0000        	1       	DelayloadDependency 
2332      	svchost.exe         	clbcatq.dll                                                           	0xa9000         	C:\Windows\System32\clbcatq.dll                                                                                                 	0x7ffd13d50000        	1       	DelayloadDependency 
2332      	svchost.exe         	Windows.StateRepositoryPS.dll                                         	0x146000        	C:\Windows\System32\Windows.StateRepositoryPS.dll                                                                               	0x7ffd01c90000        	1       	DynamicLoad         
2332      	svchost.exe         	bcrypt.dll                                                            	0x27000         	C:\Windows\System32\bcrypt.dll                                                                                                  	0x7ffd13280000        	3       	DelayloadDependency 
2332      	svchost.exe         	OLEAUT32.dll                                                          	0xcd000         	C:\Windows\System32\OLEAUT32.dll                                                                                                	0x7ffd13e00000        	1       	DelayloadDependency 
2332      	svchost.exe         	WinTypes.dll                                                          	0x154000        	C:\Windows\System32\WinTypes.dll                                                                                                	0x7ffd0ebd0000        	1       	DynamicLoad         
2400      	svchost.exe         	ntdll.dll                                                             	0x1f8000        	C:\Windows\SYSTEM32\ntdll.dll                                                                                                   	0x7ffd157f0000        	2       	StaticDependency    
2400      	svchost.exe         	KERNEL32.DLL                                                          	0xbf000         	C:\Windows\System32\KERNEL32.DLL                                                                                                	0x7ffd155b0000        	2       	DynamicLoad         
2400      	svchost.exe         	KERNELBASE.dll                                                        	0x2f6000        	C:\Windows\System32\KERNELBASE.dll                                                                                              	0x7ffd133b0000        	1       	StaticDependency    
2400      	svchost.exe         	sechost.dll                                                           	0x9c000         	C:\Windows\System32\sechost.dll                                                                                                 	0x7ffd15450000        	2       	StaticDependency    
2400      	svchost.exe         	RPCRT4.dll                                                            	0x126000        	C:\Windows\System32\RPCRT4.dll                                                                                                  	0x7ffd13c20000        	2       	StaticDependency    
2400      	svchost.exe         	ucrtbase.dll                                                          	0x100000        	C:\Windows\System32\ucrtbase.dll                                                                                                	0x7ffd13180000        	2       	StaticDependency    
2400      	svchost.exe         	combase.dll                                                           	0x354000        	C:\Windows\System32\combase.dll                                                                                                 	0x7ffd150f0000        	1       	DelayloadDependency 
2400      	svchost.exe         	kernel.appcore.dll                                                    	0x12000         	C:\Windows\SYSTEM32\kernel.appcore.dll                                                                                          	0x7ffd10db0000        	1       	DelayloadDependency 
2400      	svchost.exe         	msvcrt.dll                                                            	0x9e000         	C:\Windows\System32\msvcrt.dll                                                                                                  	0x7ffd13af0000        	1       	StaticDependency    
2400      	svchost.exe         	bcryptPrimitives.dll                                                  	0x82000         	C:\Windows\System32\bcryptPrimitives.dll                                                                                        	0x7ffd132b0000        	3       	DelayloadDependency 
2400      	svchost.exe         	user32.dll                                                            	0x19d000        	C:\Windows\System32\user32.dll                                                                                                  	0x7ffd14e90000        	1       	DelayloadDependency 
2400      	svchost.exe         	win32u.dll                                                            	0x22000         	C:\Windows\System32\win32u.dll                                                                                                  	0x7ffd13820000        	1       	StaticDependency    
2400      	svchost.exe         	GDI32.dll                                                             	0x2c000         	C:\Windows\System32\GDI32.dll                                                                                                   	0x7ffd13bf0000        	1       	StaticDependency    
2400      	svchost.exe         	gdi32full.dll                                                         	0x115000        	C:\Windows\System32\gdi32full.dll                                                                                               	0x7ffd136b0000        	1       	StaticDependency    
2400      	svchost.exe         	msvcp_win.dll                                                         	0x9d000         	C:\Windows\System32\msvcp_win.dll                                                                                               	0x7ffd130e0000        	1       	StaticDependency    
2400      	svchost.exe         	semgrsvc.dll                                                          	0x130000        	c:\windows\system32\semgrsvc.dll                                                                                                	0x7ffd072e0000        	1       	DynamicLoad         
2400      	svchost.exe         	OLEAUT32.dll                                                          	0xcd000         	C:\Windows\System32\OLEAUT32.dll                                                                                                	0x7ffd13e00000        	1       	StaticDependency    
2400      	svchost.exe         	cfgmgr32.dll                                                          	0x4e000         	C:\Windows\System32\cfgmgr32.dll                                                                                                	0x7ffd137d0000        	1       	StaticDependency    
2400      	svchost.exe         	shcore.dll                                                            	0xad000         	C:\Windows\System32\shcore.dll                                                                                                  	0x7ffd13880000        	1       	StaticDependency    
2400      	svchost.exe         	advapi32.dll                                                          	0xaf000         	C:\Windows\System32\advapi32.dll                                                                                                	0x7ffd15040000        	1       	StaticDependency    
2400      	svchost.exe         	CRYPT32.dll                                                           	0x15e000        	C:\Windows\System32\CRYPT32.dll                                                                                                 	0x7ffd12f80000        	1       	StaticDependency    
2400      	svchost.exe         	bcrypt.dll                                                            	0x27000         	C:\Windows\System32\bcrypt.dll                                                                                                  	0x7ffd13280000        	2       	StaticDependency    
2400      	svchost.exe         	BrokerLib.dll                                                         	0x4a000         	c:\windows\system32\BrokerLib.dll                                                                                               	0x7ffd107f0000        	1       	StaticDependency    
2400      	svchost.exe         	RMCLIENT.dll                                                          	0x2a000         	c:\windows\system32\RMCLIENT.dll                                                                                                	0x7ffd10ac0000        	1       	StaticDependency    
2400      	svchost.exe         	windows.storage.dll                                                   	0x793000        	C:\Windows\SYSTEM32\windows.storage.dll                                                                                         	0x7ffd10fb0000        	1       	StaticDependency    
2400      	svchost.exe         	wintypes.dll                                                          	0x154000        	C:\Windows\SYSTEM32\wintypes.dll                                                                                                	0x7ffd0ebd0000        	1       	StaticDependency    
2400      	svchost.exe         	ncrypt.dll                                                            	0x28000         	c:\windows\system32\ncrypt.dll                                                                                                  	0x7ffd12930000        	1       	StaticDependency    
2400      	svchost.exe         	cryptngc.dll                                                          	0x73000         	c:\windows\system32\cryptngc.dll                                                                                                	0x7ffd07260000        	1       	StaticDependency    
2400      	svchost.exe         	Wldp.dll                                                              	0x2e000         	c:\windows\system32\Wldp.dll                                                                                                    	0x7ffd12850000        	1       	StaticDependency    
2400      	svchost.exe         	DEVOBJ.dll                                                            	0x2c000         	c:\windows\system32\DEVOBJ.dll                                                                                                  	0x7ffd12c30000        	1       	StaticDependency    
2400      	svchost.exe         	bi.dll                                                                	0xc000          	C:\Windows\SYSTEM32\bi.dll                                                                                                      	0x7ffd0e650000        	1       	StaticDependency    
2400      	svchost.exe         	NTASN1.dll                                                            	0x3b000         	c:\windows\system32\NTASN1.dll                                                                                                  	0x7ffd128f0000        	1       	DelayloadDependency 
2400      	svchost.exe         	audioses.dll                                                          	0x182000        	C:\Windows\SYSTEM32\audioses.dll                                                                                                	0x7ffd07080000        	1       	DynamicLoad         
2400      	svchost.exe         	MMDevAPI.DLL                                                          	0x85000         	C:\Windows\SYSTEM32\MMDevAPI.DLL                                                                                                	0x7ffd0b1d0000        	1       	StaticDependency    
2400      	svchost.exe         	powrprof.dll                                                          	0x4b000         	C:\Windows\SYSTEM32\powrprof.dll                                                                                                	0x7ffd12c90000        	1       	StaticDependency    
2400      	svchost.exe         	UMPDC.dll                                                             	0x12000         	C:\Windows\SYSTEM32\UMPDC.dll                                                                                                   	0x7ffd12a70000        	1       	DelayloadDependency 
2400      	svchost.exe         	clbcatq.dll                                                           	0xa9000         	C:\Windows\System32\clbcatq.dll                                                                                                 	0x7ffd13d50000        	1       	DelayloadDependency 
2400      	svchost.exe         	PCPKsp.dll                                                            	0x118000        	C:\Windows\system32\PCPKsp.dll                                                                                                  	0x7ffd06e00000        	1       	DynamicLoad         
2400      	svchost.exe         	ntmarta.dll                                                           	0x33000         	C:\Windows\SYSTEM32\ntmarta.dll                                                                                                 	0x7ffd11f60000        	1       	StaticDependency    
2400      	svchost.exe         	tbs.dll                                                               	0x1a000         	C:\Windows\system32\tbs.dll                                                                                                     	0x7ffd06d80000        	1       	DelayloadDependency 
2400      	svchost.exe         	imagehlp.dll                                                          	0x1d000         	C:\Windows\System32\imagehlp.dll                                                                                                	0x7ffd13850000        	1       	StaticDependency    
2400      	svchost.exe         	shlwapi.dll                                                           	0x55000         	C:\Windows\System32\shlwapi.dll                                                                                                 	0x7ffd15550000        	1       	DelayloadDependency 
2400      	svchost.exe         	capauthz.dll                                                          	0x51000         	C:\Windows\SYSTEM32\capauthz.dll                                                                                                	0x7ffd06d20000        	1       	DelayloadDependency 
2400      	svchost.exe         	WINTRUST.dll                                                          	0x67000         	C:\Windows\System32\WINTRUST.dll                                                                                                	0x7ffd13340000        	1       	StaticDependency    
2400      	svchost.exe         	MSASN1.dll                                                            	0x12000         	C:\Windows\System32\MSASN1.dll                                                                                                  	0x7ffd12a50000        	1       	DelayloadDependency 
2400      	svchost.exe         	twinapi.appcore.dll                                                   	0x200000        	C:\Windows\System32\twinapi.appcore.dll                                                                                         	0x7ffd0de50000        	1       	DynamicLoad         
2400      	svchost.exe         	usermgrcli.dll                                                        	0x16000         	C:\Windows\SYSTEM32\usermgrcli.dll                                                                                              	0x7ffd0e580000        	1       	DelayloadDependency 
2400      	svchost.exe         	ole32.dll                                                             	0x12a000        	C:\Windows\System32\ole32.dll                                                                                                   	0x7ffd140d0000        	1       	DelayloadDependency 
2400      	svchost.exe         	coml2.dll                                                             	0x79000         	C:\Windows\System32\coml2.dll                                                                                                   	0x7ffd15700000        	1       	DelayloadDependency 
2400      	svchost.exe         	OneCoreCommonProxyStub.dll                                            	0x7f000         	C:\Windows\System32\OneCoreCommonProxyStub.dll                                                                                  	0x7ffd055b0000        	1       	DynamicLoad         
2400      	svchost.exe         	execmodelproxy.dll                                                    	0x18000         	C:\Windows\system32\execmodelproxy.dll                                                                                          	0x7ffcf9930000        	1       	DynamicLoad         
2416      	svchost.exe         	ntdll.dll                                                             	0x1f8000        	C:\Windows\SYSTEM32\ntdll.dll                                                                                                   	0x7ffd157f0000        	2       	StaticDependency    
2416      	svchost.exe         	KERNEL32.DLL                                                          	0xbf000         	C:\Windows\System32\KERNEL32.DLL                                                                                                	0x7ffd155b0000        	2       	DynamicLoad         
2416      	svchost.exe         	KERNELBASE.dll                                                        	0x2f6000        	C:\Windows\System32\KERNELBASE.dll                                                                                              	0x7ffd133b0000        	1       	StaticDependency    
2416      	svchost.exe         	sechost.dll                                                           	0x9c000         	C:\Windows\System32\sechost.dll                                                                                                 	0x7ffd15450000        	2       	StaticDependency    
2416      	svchost.exe         	RPCRT4.dll                                                            	0x126000        	C:\Windows\System32\RPCRT4.dll                                                                                                  	0x7ffd13c20000        	2       	StaticDependency    
2416      	svchost.exe         	ucrtbase.dll                                                          	0x100000        	C:\Windows\System32\ucrtbase.dll                                                                                                	0x7ffd13180000        	2       	StaticDependency    
2416      	svchost.exe         	combase.dll                                                           	0x354000        	C:\Windows\System32\combase.dll                                                                                                 	0x7ffd150f0000        	1       	DelayloadDependency 
2416      	svchost.exe         	kernel.appcore.dll                                                    	0x12000         	C:\Windows\SYSTEM32\kernel.appcore.dll                                                                                          	0x7ffd10db0000        	1       	DelayloadDependency 
2416      	svchost.exe         	msvcrt.dll                                                            	0x9e000         	C:\Windows\System32\msvcrt.dll                                                                                                  	0x7ffd13af0000        	1       	StaticDependency    
2416      	svchost.exe         	bcryptPrimitives.dll                                                  	0x82000         	C:\Windows\System32\bcryptPrimitives.dll                                                                                        	0x7ffd132b0000        	3       	DelayloadDependency 
2416      	svchost.exe         	user32.dll                                                            	0x19d000        	C:\Windows\System32\user32.dll                                                                                                  	0x7ffd14e90000        	1       	DelayloadDependency 
2416      	svchost.exe         	win32u.dll                                                            	0x22000         	C:\Windows\System32\win32u.dll                                                                                                  	0x7ffd13820000        	1       	StaticDependency    
2416      	svchost.exe         	GDI32.dll                                                             	0x2c000         	C:\Windows\System32\GDI32.dll                                                                                                   	0x7ffd13bf0000        	1       	StaticDependency    
2416      	svchost.exe         	gdi32full.dll                                                         	0x115000        	C:\Windows\System32\gdi32full.dll                                                                                               	0x7ffd136b0000        	1       	StaticDependency    
2416      	svchost.exe         	msvcp_win.dll                                                         	0x9d000         	C:\Windows\System32\msvcp_win.dll                                                                                               	0x7ffd130e0000        	1       	StaticDependency    
2416      	svchost.exe         	shsvcs.dll                                                            	0x4b000         	c:\windows\system32\shsvcs.dll                                                                                                  	0x7ffd07210000        	1       	DynamicLoad         
2416      	svchost.exe         	cfgmgr32.dll                                                          	0x4e000         	C:\Windows\System32\cfgmgr32.dll                                                                                                	0x7ffd137d0000        	1       	StaticDependency    
2416      	svchost.exe         	WLDP.DLL                                                              	0x2e000         	C:\Windows\SYSTEM32\WLDP.DLL                                                                                                    	0x7ffd12850000        	1       	DynamicLoad         
2416      	svchost.exe         	advapi32.dll                                                          	0xaf000         	C:\Windows\System32\advapi32.dll                                                                                                	0x7ffd15040000        	1       	StaticDependency    
2416      	svchost.exe         	clbcatq.dll                                                           	0xa9000         	C:\Windows\System32\clbcatq.dll                                                                                                 	0x7ffd13d50000        	1       	DelayloadDependency 
2416      	svchost.exe         	DEVOBJ.dll                                                            	0x2c000         	c:\windows\system32\DEVOBJ.dll                                                                                                  	0x7ffd12c30000        	1       	DelayloadDependency 
2416      	svchost.exe         	FVEAPI.dll                                                            	0xf5000         	c:\windows\system32\FVEAPI.dll                                                                                                  	0x7ffd06f80000        	1       	DelayloadDependency 
2416      	svchost.exe         	bcrypt.dll                                                            	0x27000         	C:\Windows\System32\bcrypt.dll                                                                                                  	0x7ffd13280000        	2       	StaticDependency    
2416      	svchost.exe         	ProximityService.dll                                                  	0x54000         	C:\Windows\System32\ProximityService.dll                                                                                        	0x7ffd06f20000        	1       	DynamicLoad         
2416      	svchost.exe         	WS2_32.dll                                                            	0x6b000         	C:\Windows\System32\WS2_32.dll                                                                                                  	0x7ffd14dc0000        	1       	StaticDependency    
2416      	svchost.exe         	CRYPT32.dll                                                           	0x15e000        	C:\Windows\System32\CRYPT32.dll                                                                                                 	0x7ffd12f80000        	1       	StaticDependency    
2416      	svchost.exe         	ProximityCommon.dll                                                   	0x2d000         	C:\Windows\System32\ProximityCommon.dll                                                                                         	0x7ffd06dd0000        	1       	DelayloadDependency 
2416      	svchost.exe         	ProximityCommonPal.dll                                                	0x9000          	C:\Windows\System32\ProximityCommonPal.dll                                                                                      	0x7ffd06dc0000        	1       	StaticDependency    
2416      	svchost.exe         	IPHLPAPI.DLL                                                          	0x3c000         	C:\Windows\System32\IPHLPAPI.DLL                                                                                                	0x7ffd122a0000        	1       	StaticDependency    
2416      	svchost.exe         	MSWSOCK.dll                                                           	0x6a000         	C:\Windows\System32\MSWSOCK.dll                                                                                                 	0x7ffd125b0000        	1       	StaticDependency    
2416      	svchost.exe         	ProximityServicePAL.dll                                               	0x14000         	C:\Windows\System32\ProximityServicePAL.dll                                                                                     	0x7ffd06da0000        	1       	DelayloadDependency 
2416      	svchost.exe         	powrprof.dll                                                          	0x4b000         	C:\Windows\SYSTEM32\powrprof.dll                                                                                                	0x7ffd12c90000        	1       	StaticDependency    
2416      	svchost.exe         	UMPDC.dll                                                             	0x12000         	C:\Windows\System32\UMPDC.dll                                                                                                   	0x7ffd12a70000        	1       	DelayloadDependency 
2416      	svchost.exe         	firewallapi.dll                                                       	0xa1000         	C:\Windows\SYSTEM32\firewallapi.dll                                                                                             	0x7ffd11af0000        	1       	DelayloadDependency 
2416      	svchost.exe         	DNSAPI.dll                                                            	0xcb000         	C:\Windows\System32\DNSAPI.dll                                                                                                  	0x7ffd122e0000        	1       	StaticDependency    
2416      	svchost.exe         	NSI.dll                                                               	0x8000          	C:\Windows\System32\NSI.dll                                                                                                     	0x7ffd13870000        	1       	DelayloadDependency 
2416      	svchost.exe         	fwbase.dll                                                            	0x3a000         	C:\Windows\System32\fwbase.dll                                                                                                  	0x7ffd11ab0000        	1       	DelayloadDependency 
2416      	svchost.exe         	OLEAUT32.dll                                                          	0xcd000         	C:\Windows\System32\OLEAUT32.dll                                                                                                	0x7ffd13e00000        	1       	DelayloadDependency 
2416      	svchost.exe         	wtsapi32.dll                                                          	0x14000         	C:\Windows\SYSTEM32\wtsapi32.dll                                                                                                	0x7ffd0ebb0000        	1       	DelayloadDependency 
2416      	svchost.exe         	WINSTA.dll                                                            	0x64000         	C:\Windows\System32\WINSTA.dll                                                                                                  	0x7ffd12880000        	1       	DelayloadDependency 
2416      	svchost.exe         	HID.DLL                                                               	0xd000          	c:\windows\system32\HID.DLL                                                                                                     	0x7ffd11750000        	1       	DelayloadDependency 
2416      	svchost.exe         	OneCoreUAPCommonProxyStub.dll                                         	0x7cb000        	C:\Windows\System32\OneCoreUAPCommonProxyStub.dll                                                                               	0x7ffd0c960000        	1       	DynamicLoad         
2516      	svchost.exe         	ntdll.dll                                                             	0x1f8000        	C:\Windows\SYSTEM32\ntdll.dll                                                                                                   	0x7ffd157f0000        	2       	StaticDependency    
2516      	svchost.exe         	KERNEL32.DLL                                                          	0xbf000         	C:\Windows\System32\KERNEL32.DLL                                                                                                	0x7ffd155b0000        	2       	DynamicLoad         
2516      	svchost.exe         	KERNELBASE.dll                                                        	0x2f6000        	C:\Windows\System32\KERNELBASE.dll                                                                                              	0x7ffd133b0000        	1       	StaticDependency    
2516      	svchost.exe         	sechost.dll                                                           	0x9c000         	C:\Windows\System32\sechost.dll                                                                                                 	0x7ffd15450000        	2       	StaticDependency    
2516      	svchost.exe         	RPCRT4.dll                                                            	0x126000        	C:\Windows\System32\RPCRT4.dll                                                                                                  	0x7ffd13c20000        	2       	StaticDependency    
2516      	svchost.exe         	ucrtbase.dll                                                          	0x100000        	C:\Windows\System32\ucrtbase.dll                                                                                                	0x7ffd13180000        	2       	StaticDependency    
2516      	svchost.exe         	combase.dll                                                           	0x354000        	C:\Windows\System32\combase.dll                                                                                                 	0x7ffd150f0000        	1       	DelayloadDependency 
2516      	svchost.exe         	kernel.appcore.dll                                                    	0x12000         	C:\Windows\SYSTEM32\kernel.appcore.dll                                                                                          	0x7ffd10db0000        	1       	DelayloadDependency 
2516      	svchost.exe         	msvcrt.dll                                                            	0x9e000         	C:\Windows\System32\msvcrt.dll                                                                                                  	0x7ffd13af0000        	1       	StaticDependency    
2516      	svchost.exe         	bcryptPrimitives.dll                                                  	0x82000         	C:\Windows\System32\bcryptPrimitives.dll                                                                                        	0x7ffd132b0000        	3       	DelayloadDependency 
2516      	svchost.exe         	user32.dll                                                            	0x19d000        	C:\Windows\System32\user32.dll                                                                                                  	0x7ffd14e90000        	1       	DelayloadDependency 
2516      	svchost.exe         	win32u.dll                                                            	0x22000         	C:\Windows\System32\win32u.dll                                                                                                  	0x7ffd13820000        	1       	StaticDependency    
2516      	svchost.exe         	GDI32.dll                                                             	0x2c000         	C:\Windows\System32\GDI32.dll                                                                                                   	0x7ffd13bf0000        	1       	StaticDependency    
2516      	svchost.exe         	gdi32full.dll                                                         	0x115000        	C:\Windows\System32\gdi32full.dll                                                                                               	0x7ffd136b0000        	1       	StaticDependency    
2516      	svchost.exe         	msvcp_win.dll                                                         	0x9d000         	C:\Windows\System32\msvcp_win.dll                                                                                               	0x7ffd130e0000        	1       	StaticDependency    
2516      	svchost.exe         	winhttp.dll                                                           	0x10a000        	c:\windows\system32\winhttp.dll                                                                                                 	0x7ffd0a550000        	1       	DynamicLoad         
2516      	svchost.exe         	WLDP.DLL                                                              	0x2e000         	C:\Windows\SYSTEM32\WLDP.DLL                                                                                                    	0x7ffd12850000        	1       	DynamicLoad         
2516      	svchost.exe         	advapi32.dll                                                          	0xaf000         	C:\Windows\System32\advapi32.dll                                                                                                	0x7ffd15040000        	1       	StaticDependency    
2516      	svchost.exe         	WS2_32.dll                                                            	0x6b000         	C:\Windows\System32\WS2_32.dll                                                                                                  	0x7ffd14dc0000        	1       	DelayloadDependency 
2516      	svchost.exe         	mswsock.dll                                                           	0x6a000         	C:\Windows\system32\mswsock.dll                                                                                                 	0x7ffd125b0000        	1       	DynamicLoad         
2516      	svchost.exe         	IPHLPAPI.DLL                                                          	0x3c000         	c:\windows\system32\IPHLPAPI.DLL                                                                                                	0x7ffd122a0000        	1       	DelayloadDependency 
2516      	svchost.exe         	WINNSI.DLL                                                            	0xb000          	C:\Windows\SYSTEM32\WINNSI.DLL                                                                                                  	0x7ffd0b6b0000        	1       	DelayloadDependency 
2516      	svchost.exe         	NSI.dll                                                               	0x8000          	C:\Windows\System32\NSI.dll                                                                                                     	0x7ffd13870000        	1       	StaticDependency    
2516      	svchost.exe         	powrprof.dll                                                          	0x4b000         	C:\Windows\SYSTEM32\powrprof.dll                                                                                                	0x7ffd12c90000        	1       	DelayloadDependency 
2516      	svchost.exe         	UMPDC.dll                                                             	0x12000         	C:\Windows\SYSTEM32\UMPDC.dll                                                                                                   	0x7ffd12a70000        	1       	DelayloadDependency 
2516      	svchost.exe         	dhcpcsvc6.DLL                                                         	0x17000         	C:\Windows\SYSTEM32\dhcpcsvc6.DLL                                                                                               	0x7ffd0b670000        	1       	DelayloadDependency 
2516      	svchost.exe         	dhcpcsvc.DLL                                                          	0x1d000         	C:\Windows\SYSTEM32\dhcpcsvc.DLL                                                                                                	0x7ffd0b650000        	1       	DelayloadDependency 
2516      	svchost.exe         	DNSAPI.dll                                                            	0xcb000         	C:\Windows\SYSTEM32\DNSAPI.dll                                                                                                  	0x7ffd122e0000        	1       	DelayloadDependency 
2516      	svchost.exe         	rasadhlp.dll                                                          	0xa000          	C:\Windows\System32\rasadhlp.dll                                                                                                	0x7ffd06b20000        	1       	DynamicLoad         
2516      	svchost.exe         	wcmapi.dll                                                            	0x2a000         	C:\Windows\SYSTEM32\wcmapi.dll                                                                                                  	0x7ffcefdd0000        	1       	DelayloadDependency 
2516      	svchost.exe         	RMCLIENT.dll                                                          	0x2a000         	C:\Windows\system32\RMCLIENT.dll                                                                                                	0x7ffd10ac0000        	1       	StaticDependency    
2516      	svchost.exe         	MobileNetworking.dll                                                  	0xa000          	C:\Windows\system32\MobileNetworking.dll                                                                                        	0x7ffd07c00000        	1       	StaticDependency    
2524      	spoolsv.exe         	ntdll.dll                                                             	0x1f8000        	C:\Windows\SYSTEM32\ntdll.dll                                                                                                   	0x7ffd157f0000        	2       	StaticDependency    
2524      	spoolsv.exe         	KERNEL32.DLL                                                          	0xbf000         	C:\Windows\System32\KERNEL32.DLL                                                                                                	0x7ffd155b0000        	2       	DynamicLoad         
2524      	spoolsv.exe         	KERNELBASE.dll                                                        	0x2f6000        	C:\Windows\System32\KERNELBASE.dll                                                                                              	0x7ffd133b0000        	1       	StaticDependency    
2524      	spoolsv.exe         	USER32.dll                                                            	0x19d000        	C:\Windows\System32\USER32.dll                                                                                                  	0x7ffd14e90000        	2       	StaticDependency    
2524      	spoolsv.exe         	win32u.dll                                                            	0x22000         	C:\Windows\System32\win32u.dll                                                                                                  	0x7ffd13820000        	2       	StaticDependency    
2524      	spoolsv.exe         	GDI32.dll                                                             	0x2c000         	C:\Windows\System32\GDI32.dll                                                                                                   	0x7ffd13bf0000        	2       	StaticDependency    
2524      	spoolsv.exe         	gdi32full.dll                                                         	0x115000        	C:\Windows\System32\gdi32full.dll                                                                                               	0x7ffd136b0000        	2       	StaticDependency    
2524      	spoolsv.exe         	msvcp_win.dll                                                         	0x9d000         	C:\Windows\System32\msvcp_win.dll                                                                                               	0x7ffd130e0000        	2       	StaticDependency    
2524      	spoolsv.exe         	ucrtbase.dll                                                          	0x100000        	C:\Windows\System32\ucrtbase.dll                                                                                                	0x7ffd13180000        	2       	StaticDependency    
2524      	spoolsv.exe         	msvcrt.dll                                                            	0x9e000         	C:\Windows\System32\msvcrt.dll                                                                                                  	0x7ffd13af0000        	2       	StaticDependency    
2524      	spoolsv.exe         	sechost.dll                                                           	0x9c000         	C:\Windows\System32\sechost.dll                                                                                                 	0x7ffd15450000        	2       	StaticDependency    
2524      	spoolsv.exe         	RPCRT4.dll                                                            	0x126000        	C:\Windows\System32\RPCRT4.dll                                                                                                  	0x7ffd13c20000        	2       	StaticDependency    
2524      	spoolsv.exe         	advapi32.dll                                                          	0xaf000         	C:\Windows\System32\advapi32.dll                                                                                                	0x7ffd15040000        	2       	StaticDependency    
2524      	spoolsv.exe         	bcrypt.dll                                                            	0x27000         	C:\Windows\System32\bcrypt.dll                                                                                                  	0x7ffd13280000        	2       	StaticDependency    
2524      	spoolsv.exe         	DSROLE.dll                                                            	0xa000          	C:\Windows\System32\DSROLE.dll                                                                                                  	0x7ffd0e670000        	2       	StaticDependency    
2524      	spoolsv.exe         	DNSAPI.dll                                                            	0xcb000         	C:\Windows\System32\DNSAPI.dll                                                                                                  	0x7ffd122e0000        	2       	StaticDependency    
2524      	spoolsv.exe         	IPHLPAPI.DLL                                                          	0x3c000         	C:\Windows\SYSTEM32\IPHLPAPI.DLL                                                                                                	0x7ffd122a0000        	1       	DelayloadDependency 
2524      	spoolsv.exe         	NSI.dll                                                               	0x8000          	C:\Windows\System32\NSI.dll                                                                                                     	0x7ffd13870000        	1       	DelayloadDependency 
2524      	spoolsv.exe         	combase.dll                                                           	0x354000        	C:\Windows\System32\combase.dll                                                                                                 	0x7ffd150f0000        	1       	DelayloadDependency 
2524      	spoolsv.exe         	kernel.appcore.dll                                                    	0x12000         	C:\Windows\SYSTEM32\kernel.appcore.dll                                                                                          	0x7ffd10db0000        	1       	DelayloadDependency 
2524      	spoolsv.exe         	bcryptPrimitives.dll                                                  	0x82000         	C:\Windows\System32\bcryptPrimitives.dll                                                                                        	0x7ffd132b0000        	3       	DelayloadDependency 
2524      	spoolsv.exe         	SspiCli.dll                                                           	0x32000         	C:\Windows\System32\SspiCli.dll                                                                                                 	0x7ffd12dc0000        	1       	DelayloadDependency 
2524      	spoolsv.exe         	powrprof.dll                                                          	0x4b000         	C:\Windows\SYSTEM32\powrprof.dll                                                                                                	0x7ffd12c90000        	1       	DelayloadDependency 
2524      	spoolsv.exe         	UMPDC.dll                                                             	0x12000         	C:\Windows\System32\UMPDC.dll                                                                                                   	0x7ffd12a70000        	1       	DelayloadDependency 
2524      	spoolsv.exe         	WS2_32.dll                                                            	0x6b000         	C:\Windows\System32\WS2_32.dll                                                                                                  	0x7ffd14dc0000        	1       	DelayloadDependency 
2524      	spoolsv.exe         	mswsock.dll                                                           	0x6a000         	C:\Windows\system32\mswsock.dll                                                                                                 	0x7ffd125b0000        	1       	DynamicLoad         
2524      	spoolsv.exe         	WTSAPI32.dll                                                          	0x14000         	C:\Windows\System32\WTSAPI32.dll                                                                                                	0x7ffd0ebb0000        	1       	DelayloadDependency 
2524      	spoolsv.exe         	WINSTA.dll                                                            	0x64000         	C:\Windows\System32\WINSTA.dll                                                                                                  	0x7ffd12880000        	1       	DelayloadDependency 
2524      	spoolsv.exe         	WINNSI.DLL                                                            	0xb000          	C:\Windows\SYSTEM32\WINNSI.DLL                                                                                                  	0x7ffd0b6b0000        	1       	DelayloadDependency 
2524      	spoolsv.exe         	rasadhlp.dll                                                          	0xa000          	C:\Windows\System32\rasadhlp.dll                                                                                                	0x7ffd06b20000        	1       	DynamicLoad         
2524      	spoolsv.exe         	fwpuclnt.dll                                                          	0x82000         	C:\Windows\System32\fwpuclnt.dll                                                                                                	0x7ffd07b70000        	1       	DynamicLoad         
2524      	spoolsv.exe         	localspl.dll                                                          	0x13f000        	C:\Windows\System32\localspl.dll                                                                                                	0x7ffcfc950000        	1       	DynamicLoad         
2524      	spoolsv.exe         	CRYPT32.dll                                                           	0x15e000        	C:\Windows\System32\CRYPT32.dll                                                                                                 	0x7ffd12f80000        	1       	StaticDependency    
2524      	spoolsv.exe         	cfgmgr32.dll                                                          	0x4e000         	C:\Windows\System32\cfgmgr32.dll                                                                                                	0x7ffd137d0000        	1       	StaticDependency    
2524      	spoolsv.exe         	SETUPAPI.dll                                                          	0x468000        	C:\Windows\System32\SETUPAPI.dll                                                                                                	0x7ffd14950000        	1       	StaticDependency    
2524      	spoolsv.exe         	srvcli.dll                                                            	0x28000         	C:\Windows\System32\srvcli.dll                                                                                                  	0x7ffd08cb0000        	1       	StaticDependency    
2524      	spoolsv.exe         	SPOOLSS.DLL                                                           	0x1f000         	C:\Windows\System32\SPOOLSS.DLL                                                                                                 	0x7ffcfc930000        	1       	StaticDependency    
2524      	spoolsv.exe         	sfc_os.dll                                                            	0x12000         	C:\Windows\System32\sfc_os.dll                                                                                                  	0x7ffcfc910000        	1       	StaticDependency    
2524      	spoolsv.exe         	winspool.drv                                                          	0x98000         	C:\Windows\system32\winspool.drv                                                                                                	0x7ffcfcae0000        	1       	DynamicLoad         
2524      	spoolsv.exe         	PrintIsolationProxy.dll                                               	0x1d000         	C:\Windows\System32\PrintIsolationProxy.dll                                                                                     	0x7ffcfc8f0000        	1       	DynamicLoad         
2524      	spoolsv.exe         	AppMon.dll                                                            	0x22000         	C:\Windows\System32\AppMon.dll                                                                                                  	0x7ffcfc8c0000        	1       	DynamicLoad         
2524      	spoolsv.exe         	FXSMON.DLL                                                            	0x11000         	C:\Windows\System32\FXSMON.DLL                                                                                                  	0x7ffcfc8a0000        	1       	DynamicLoad         
2524      	spoolsv.exe         	tcpmon.dll                                                            	0x40000         	C:\Windows\System32\tcpmon.dll                                                                                                  	0x7ffcfc860000        	1       	DynamicLoad         
2524      	spoolsv.exe         	snmpapi.dll                                                           	0xc000          	C:\Windows\System32\snmpapi.dll                                                                                                 	0x7ffcfc850000        	1       	StaticDependency    
2524      	spoolsv.exe         	wsnmp32.dll                                                           	0x16000         	C:\Windows\System32\wsnmp32.dll                                                                                                 	0x7ffcfc810000        	1       	StaticDependency    
2524      	spoolsv.exe         	usbmon.dll                                                            	0x126000        	C:\Windows\System32\usbmon.dll                                                                                                  	0x7ffcfc6e0000        	1       	DynamicLoad         
2524      	spoolsv.exe         	DEVOBJ.dll                                                            	0x2c000         	C:\Windows\System32\DEVOBJ.dll                                                                                                  	0x7ffd12c30000        	1       	DelayloadDependency 
2524      	spoolsv.exe         	WINTRUST.dll                                                          	0x67000         	C:\Windows\System32\WINTRUST.dll                                                                                                	0x7ffd13340000        	1       	DelayloadDependency 
2524      	spoolsv.exe         	MSASN1.dll                                                            	0x12000         	C:\Windows\System32\MSASN1.dll                                                                                                  	0x7ffd12a50000        	1       	DelayloadDependency 
2524      	spoolsv.exe         	APMon.dll                                                             	0x196000        	C:\Windows\System32\APMon.dll                                                                                                   	0x7ffcfc540000        	1       	DynamicLoad         
2524      	spoolsv.exe         	clbcatq.dll                                                           	0xa9000         	C:\Windows\System32\clbcatq.dll                                                                                                 	0x7ffd13d50000        	1       	DelayloadDependency 
2524      	spoolsv.exe         	msxml6.dll                                                            	0x25f000        	C:\Windows\System32\msxml6.dll                                                                                                  	0x7ffcfcf00000        	1       	DynamicLoad         
2524      	spoolsv.exe         	OLEAUT32.dll                                                          	0xcd000         	C:\Windows\System32\OLEAUT32.dll                                                                                                	0x7ffd13e00000        	1       	DelayloadDependency 
2524      	spoolsv.exe         	drvstore.dll                                                          	0x148000        	C:\Windows\System32\drvstore.dll                                                                                                	0x7ffd065c0000        	1       	DelayloadDependency 
2524      	spoolsv.exe         	winprint.dll                                                          	0x10000         	C:\Windows\system32\spool\PRTPROCS\x64\winprint.dll                                                                             	0x7ffcfc4c0000        	1       	DynamicLoad         
2524      	spoolsv.exe         	USERENV.dll                                                           	0x2e000         	C:\Windows\System32\USERENV.dll                                                                                                 	0x7ffd12d90000        	1       	DelayloadDependency 
2524      	spoolsv.exe         	gpapi.dll                                                             	0x23000         	C:\Windows\SYSTEM32\gpapi.dll                                                                                                   	0x7ffd11760000        	1       	DelayloadDependency 
2524      	spoolsv.exe         	win32spl.dll                                                          	0x14e000        	C:\Windows\System32\win32spl.dll                                                                                                	0x7ffcfc370000        	1       	DynamicLoad         
2524      	spoolsv.exe         	SHLWAPI.dll                                                           	0x55000         	C:\Windows\System32\SHLWAPI.dll                                                                                                 	0x7ffd15550000        	1       	StaticDependency    
2524      	spoolsv.exe         	inetpp.dll                                                            	0x34000         	C:\Windows\System32\inetpp.dll                                                                                                  	0x7ffcfc330000        	1       	DynamicLoad         
2524      	spoolsv.exe         	CRYPTSP.dll                                                           	0x18000         	C:\Windows\System32\CRYPTSP.dll                                                                                                 	0x7ffd127a0000        	1       	DelayloadDependency 
2524      	spoolsv.exe         	rsaenh.dll                                                            	0x34000         	C:\Windows\system32\rsaenh.dll                                                                                                  	0x7ffd11ed0000        	1       	DynamicLoad         
2524      	spoolsv.exe         	CRYPTBASE.dll                                                         	0xc000          	C:\Windows\System32\CRYPTBASE.dll                                                                                               	0x7ffd127c0000        	1       	DelayloadDependency 
2524      	spoolsv.exe         	cscapi.dll                                                            	0x12000         	C:\Windows\System32\cscapi.dll                                                                                                  	0x7ffd00a40000        	1       	DynamicLoad         
2524      	spoolsv.exe         	netutils.dll                                                          	0xc000          	C:\Windows\System32\netutils.dll                                                                                                	0x7ffd123b0000        	1       	DelayloadDependency 
2524      	spoolsv.exe         	WINHTTP.dll                                                           	0x10a000        	C:\Windows\System32\WINHTTP.dll                                                                                                 	0x7ffd0a550000        	1       	DelayloadDependency 
2524      	spoolsv.exe         	FXSRESM.DLL                                                           	0xe4000         	C:\Windows\System32\FXSRESM.DLL                                                                                                 	0x2900000             	1       	DynamicLoad         
2524      	spoolsv.exe         	tsprint.dll                                                           	0x2f000         	C:\Windows\system32\spool\DRIVERS\x64\3\tsprint.dll                                                                             	0x7ffcf11e0000        	1       	DynamicLoad         
2524      	spoolsv.exe         	bidispl.dll                                                           	0x14000         	C:\Windows\System32\bidispl.dll                                                                                                 	0x7ffcf0c20000        	1       	DynamicLoad         
2524      	spoolsv.exe         	netprofm.dll                                                          	0x3f000         	C:\Windows\System32\netprofm.dll                                                                                                	0x7ffd0e540000        	1       	DynamicLoad         
2524      	spoolsv.exe         	npmproxy.dll                                                          	0x10000         	C:\Windows\System32\npmproxy.dll                                                                                                	0x7ffd06c00000        	1       	DynamicLoad         
2524      	spoolsv.exe         	dhcpcsvc6.DLL                                                         	0x17000         	C:\Windows\SYSTEM32\dhcpcsvc6.DLL                                                                                               	0x7ffd0b670000        	1       	DelayloadDependency 
2524      	spoolsv.exe         	dhcpcsvc.DLL                                                          	0x1d000         	C:\Windows\SYSTEM32\dhcpcsvc.DLL                                                                                                	0x7ffd0b650000        	1       	DelayloadDependency 
2524      	spoolsv.exe         	DEVRTL.dll                                                            	0x14000         	C:\Windows\System32\DEVRTL.dll                                                                                                  	0x7ffd069e0000        	1       	DelayloadDependency 
2524      	spoolsv.exe         	SPFILEQ.dll                                                           	0x20000         	C:\Windows\System32\SPFILEQ.dll                                                                                                 	0x7ffd02ce0000        	1       	DelayloadDependency 
2524      	spoolsv.exe         	SPINF.dll                                                             	0x1c000         	C:\Windows\System32\SPINF.dll                                                                                                   	0x7ffd05250000        	1       	DelayloadDependency 
2524      	spoolsv.exe         	Bcp47Langs.dll                                                        	0x5b000         	C:\Windows\System32\Bcp47Langs.dll                                                                                              	0x7ffd0ad50000        	1       	DynamicLoad         
2524      	spoolsv.exe         	ntmarta.dll                                                           	0x33000         	C:\Windows\SYSTEM32\ntmarta.dll                                                                                                 	0x7ffd11f60000        	1       	DelayloadDependency 
2524      	spoolsv.exe         	PrinterCleanUpTask.dll                                                	0x19000         	C:\Windows\SYSTEM32\PrinterCleanUpTask.dll                                                                                      	0x7ffd02cc0000        	1       	DynamicLoad         
2524      	spoolsv.exe         	taskschd.dll                                                          	0xac000         	C:\Windows\System32\taskschd.dll                                                                                                	0x7ffd0e5a0000        	1       	DynamicLoad         
2616      	svchost.exe         	ntdll.dll                                                             	0x1f8000        	C:\Windows\SYSTEM32\ntdll.dll                                                                                                   	0x7ffd157f0000        	2       	StaticDependency    
2616      	svchost.exe         	KERNEL32.DLL                                                          	0xbf000         	C:\Windows\System32\KERNEL32.DLL                                                                                                	0x7ffd155b0000        	2       	DynamicLoad         
2616      	svchost.exe         	KERNELBASE.dll                                                        	0x2f6000        	C:\Windows\System32\KERNELBASE.dll                                                                                              	0x7ffd133b0000        	1       	StaticDependency    
2616      	svchost.exe         	sechost.dll                                                           	0x9c000         	C:\Windows\System32\sechost.dll                                                                                                 	0x7ffd15450000        	2       	StaticDependency    
2616      	svchost.exe         	RPCRT4.dll                                                            	0x126000        	C:\Windows\System32\RPCRT4.dll                                                                                                  	0x7ffd13c20000        	2       	StaticDependency    
2616      	svchost.exe         	ucrtbase.dll                                                          	0x100000        	C:\Windows\System32\ucrtbase.dll                                                                                                	0x7ffd13180000        	2       	StaticDependency    
2616      	svchost.exe         	combase.dll                                                           	0x354000        	C:\Windows\System32\combase.dll                                                                                                 	0x7ffd150f0000        	1       	DelayloadDependency 
2616      	svchost.exe         	kernel.appcore.dll                                                    	0x12000         	C:\Windows\SYSTEM32\kernel.appcore.dll                                                                                          	0x7ffd10db0000        	1       	DelayloadDependency 
2616      	svchost.exe         	msvcrt.dll                                                            	0x9e000         	C:\Windows\System32\msvcrt.dll                                                                                                  	0x7ffd13af0000        	1       	StaticDependency    
2616      	svchost.exe         	bcryptPrimitives.dll                                                  	0x82000         	C:\Windows\System32\bcryptPrimitives.dll                                                                                        	0x7ffd132b0000        	3       	DelayloadDependency 
2616      	svchost.exe         	user32.dll                                                            	0x19d000        	C:\Windows\System32\user32.dll                                                                                                  	0x7ffd14e90000        	1       	DelayloadDependency 
2616      	svchost.exe         	win32u.dll                                                            	0x22000         	C:\Windows\System32\win32u.dll                                                                                                  	0x7ffd13820000        	1       	StaticDependency    
2616      	svchost.exe         	GDI32.dll                                                             	0x2c000         	C:\Windows\System32\GDI32.dll                                                                                                   	0x7ffd13bf0000        	1       	StaticDependency    
2616      	svchost.exe         	gdi32full.dll                                                         	0x115000        	C:\Windows\System32\gdi32full.dll                                                                                               	0x7ffd136b0000        	1       	StaticDependency    
2616      	svchost.exe         	msvcp_win.dll                                                         	0x9d000         	C:\Windows\System32\msvcp_win.dll                                                                                               	0x7ffd130e0000        	1       	StaticDependency    
2616      	svchost.exe         	bfe.dll                                                               	0xe3000         	c:\windows\system32\bfe.dll                                                                                                     	0x7ffd06c30000        	1       	DynamicLoad         
2616      	svchost.exe         	WS2_32.dll                                                            	0x6b000         	C:\Windows\System32\WS2_32.dll                                                                                                  	0x7ffd14dc0000        	1       	StaticDependency    
2616      	svchost.exe         	AUTHZ.dll                                                             	0x4e000         	c:\windows\system32\AUTHZ.dll                                                                                                   	0x7ffd11c10000        	1       	StaticDependency    
2616      	svchost.exe         	IPHLPAPI.DLL                                                          	0x3c000         	c:\windows\system32\IPHLPAPI.DLL                                                                                                	0x7ffd122a0000        	1       	StaticDependency    
2616      	svchost.exe         	WLDP.DLL                                                              	0x2e000         	C:\Windows\SYSTEM32\WLDP.DLL                                                                                                    	0x7ffd12850000        	1       	DynamicLoad         
2616      	svchost.exe         	advapi32.dll                                                          	0xaf000         	C:\Windows\System32\advapi32.dll                                                                                                	0x7ffd15040000        	1       	StaticDependency    
2616      	svchost.exe         	SspiCli.dll                                                           	0x32000         	c:\windows\system32\SspiCli.dll                                                                                                 	0x7ffd12dc0000        	1       	DelayloadDependency 
2616      	svchost.exe         	wevtapi.dll                                                           	0x65000         	C:\Windows\SYSTEM32\wevtapi.dll                                                                                                 	0x7ffd0c760000        	1       	DelayloadDependency 
2616      	svchost.exe         	NSI.dll                                                               	0x8000          	C:\Windows\System32\NSI.dll                                                                                                     	0x7ffd13870000        	1       	DelayloadDependency 
2616      	svchost.exe         	mpssvc.dll                                                            	0x12b000        	c:\windows\system32\mpssvc.dll                                                                                                  	0x7ffd05310000        	1       	DynamicLoad         
2616      	svchost.exe         	cfgmgr32.dll                                                          	0x4e000         	C:\Windows\System32\cfgmgr32.dll                                                                                                	0x7ffd137d0000        	1       	StaticDependency    
2616      	svchost.exe         	DNSAPI.dll                                                            	0xcb000         	c:\windows\system32\DNSAPI.dll                                                                                                  	0x7ffd122e0000        	1       	StaticDependency    
2616      	svchost.exe         	fwpuclnt.dll                                                          	0x82000         	c:\windows\system32\fwpuclnt.dll                                                                                                	0x7ffd07b70000        	1       	StaticDependency    
2616      	svchost.exe         	bcrypt.dll                                                            	0x27000         	C:\Windows\System32\bcrypt.dll                                                                                                  	0x7ffd13280000        	2       	StaticDependency    
2616      	svchost.exe         	fwbase.dll                                                            	0x3a000         	c:\windows\system32\fwbase.dll                                                                                                  	0x7ffd11ab0000        	1       	DelayloadDependency 
2616      	svchost.exe         	embeddedmodesvcapi.dll                                                	0x11000         	C:\Windows\SYSTEM32\embeddedmodesvcapi.dll                                                                                      	0x7ffd108c0000        	1       	DelayloadDependency 
2616      	svchost.exe         	FWPolicyIOMgr.dll                                                     	0x51000         	c:\windows\system32\FWPolicyIOMgr.dll                                                                                           	0x7ffd052b0000        	1       	DelayloadDependency 
2616      	svchost.exe         	wkscli.dll                                                            	0x19000         	c:\windows\system32\wkscli.dll                                                                                                  	0x7ffd12030000        	1       	DelayloadDependency 
2616      	svchost.exe         	netutils.dll                                                          	0xc000          	c:\windows\system32\netutils.dll                                                                                                	0x7ffd123b0000        	1       	DelayloadDependency 
2616      	svchost.exe         	httpprxc.dll                                                          	0x9000          	C:\Windows\SYSTEM32\httpprxc.dll                                                                                                	0x7ffd0e660000        	1       	DelayloadDependency 
2616      	svchost.exe         	policymanager.dll                                                     	0xa3000         	C:\Windows\SYSTEM32\policymanager.dll                                                                                           	0x7ffd0c380000        	1       	DelayloadDependency 
2616      	svchost.exe         	msvcp110_win.dll                                                      	0x8a000         	c:\windows\system32\msvcp110_win.dll                                                                                            	0x7ffd11fa0000        	1       	StaticDependency    
2616      	svchost.exe         	OLEAUT32.dll                                                          	0xcd000         	C:\Windows\System32\OLEAUT32.dll                                                                                                	0x7ffd13e00000        	1       	DelayloadDependency 
2616      	svchost.exe         	adhapi.dll                                                            	0xa000          	C:\Windows\system32\adhapi.dll                                                                                                  	0x7ffd05240000        	1       	DynamicLoad         
2616      	svchost.exe         	gpapi.dll                                                             	0x23000         	C:\Windows\SYSTEM32\gpapi.dll                                                                                                   	0x7ffd11760000        	1       	DelayloadDependency 
2616      	svchost.exe         	dhcpcsvc6.DLL                                                         	0x17000         	C:\Windows\SYSTEM32\dhcpcsvc6.DLL                                                                                               	0x7ffd0b670000        	1       	DelayloadDependency 
2616      	svchost.exe         	dhcpcsvc.DLL                                                          	0x1d000         	C:\Windows\SYSTEM32\dhcpcsvc.DLL                                                                                                	0x7ffd0b650000        	1       	DelayloadDependency 
2616      	svchost.exe         	mswsock.dll                                                           	0x6a000         	C:\Windows\system32\mswsock.dll                                                                                                 	0x7ffd125b0000        	1       	DynamicLoad         
2616      	svchost.exe         	WINNSI.DLL                                                            	0xb000          	C:\Windows\SYSTEM32\WINNSI.DLL                                                                                                  	0x7ffd0b6b0000        	1       	DelayloadDependency 
2616      	svchost.exe         	wfapigp.dll                                                           	0xc000          	C:\Windows\system32\wfapigp.dll                                                                                                 	0x7ffd02c90000        	1       	DynamicLoad         
2616      	svchost.exe         	mrmcorer.dll                                                          	0xf4000         	C:\Windows\SYSTEM32\mrmcorer.dll                                                                                                	0x7ffd0ac10000        	1       	DelayloadDependency 
2616      	svchost.exe         	shcore.dll                                                            	0xad000         	C:\Windows\System32\shcore.dll                                                                                                  	0x7ffd13880000        	1       	StaticDependency    
2616      	svchost.exe         	iertutil.dll                                                          	0x2b1000        	C:\Windows\SYSTEM32\iertutil.dll                                                                                                	0x7ffd09010000        	1       	DelayloadDependency 
2616      	svchost.exe         	windows.staterepositorycore.dll                                       	0x11000         	C:\Windows\SYSTEM32\windows.staterepositorycore.dll                                                                             	0x7ffd067c0000        	1       	DelayloadDependency 
2616      	svchost.exe         	ntmarta.dll                                                           	0x33000         	C:\Windows\system32\ntmarta.dll                                                                                                 	0x7ffd11f60000        	1       	DynamicLoad         
2616      	svchost.exe         	clbcatq.dll                                                           	0xa9000         	C:\Windows\System32\clbcatq.dll                                                                                                 	0x7ffd13d50000        	1       	DelayloadDependency 
2616      	svchost.exe         	npmproxy.dll                                                          	0x10000         	C:\Windows\System32\npmproxy.dll                                                                                                	0x7ffd06c00000        	1       	DynamicLoad         
2616      	svchost.exe         	rasadhlp.dll                                                          	0xa000          	C:\Windows\System32\rasadhlp.dll                                                                                                	0x7ffd06b20000        	1       	DynamicLoad         
2616      	svchost.exe         	wtsapi32.dll                                                          	0x14000         	C:\Windows\SYSTEM32\wtsapi32.dll                                                                                                	0x7ffd0ebb0000        	1       	DelayloadDependency 
2616      	svchost.exe         	WINSTA.dll                                                            	0x64000         	C:\Windows\SYSTEM32\WINSTA.dll                                                                                                  	0x7ffd12880000        	1       	DelayloadDependency 
2616      	svchost.exe         	shlwapi.dll                                                           	0x55000         	C:\Windows\System32\shlwapi.dll                                                                                                 	0x7ffd15550000        	1       	DelayloadDependency 
2616      	svchost.exe         	SHELL32.dll                                                           	0x744000        	C:\Windows\System32\SHELL32.dll                                                                                                 	0x7ffd14200000        	1       	DelayloadDependency 
2616      	svchost.exe         	windows.storage.dll                                                   	0x793000        	C:\Windows\SYSTEM32\windows.storage.dll                                                                                         	0x7ffd10fb0000        	1       	DelayloadDependency 
2744      	svchost.exe         	ntdll.dll                                                             	0x1f8000        	C:\Windows\SYSTEM32\ntdll.dll                                                                                                   	0x7ffd157f0000        	2       	StaticDependency    
2744      	svchost.exe         	KERNEL32.DLL                                                          	0xbf000         	C:\Windows\System32\KERNEL32.DLL                                                                                                	0x7ffd155b0000        	2       	DynamicLoad         
2744      	svchost.exe         	KERNELBASE.dll                                                        	0x2f6000        	C:\Windows\System32\KERNELBASE.dll                                                                                              	0x7ffd133b0000        	1       	StaticDependency    
2744      	svchost.exe         	sechost.dll                                                           	0x9c000         	C:\Windows\System32\sechost.dll                                                                                                 	0x7ffd15450000        	2       	StaticDependency    
2744      	svchost.exe         	RPCRT4.dll                                                            	0x126000        	C:\Windows\System32\RPCRT4.dll                                                                                                  	0x7ffd13c20000        	2       	StaticDependency    
2744      	svchost.exe         	ucrtbase.dll                                                          	0x100000        	C:\Windows\System32\ucrtbase.dll                                                                                                	0x7ffd13180000        	2       	StaticDependency    
2744      	svchost.exe         	combase.dll                                                           	0x354000        	C:\Windows\System32\combase.dll                                                                                                 	0x7ffd150f0000        	1       	DelayloadDependency 
2744      	svchost.exe         	kernel.appcore.dll                                                    	0x12000         	C:\Windows\SYSTEM32\kernel.appcore.dll                                                                                          	0x7ffd10db0000        	1       	DelayloadDependency 
2744      	svchost.exe         	msvcrt.dll                                                            	0x9e000         	C:\Windows\System32\msvcrt.dll                                                                                                  	0x7ffd13af0000        	1       	StaticDependency    
2744      	svchost.exe         	bcryptPrimitives.dll                                                  	0x82000         	C:\Windows\System32\bcryptPrimitives.dll                                                                                        	0x7ffd132b0000        	3       	DelayloadDependency 
2744      	svchost.exe         	user32.dll                                                            	0x19d000        	C:\Windows\System32\user32.dll                                                                                                  	0x7ffd14e90000        	1       	DelayloadDependency 
2744      	svchost.exe         	win32u.dll                                                            	0x22000         	C:\Windows\System32\win32u.dll                                                                                                  	0x7ffd13820000        	1       	StaticDependency    
2744      	svchost.exe         	GDI32.dll                                                             	0x2c000         	C:\Windows\System32\GDI32.dll                                                                                                   	0x7ffd13bf0000        	1       	StaticDependency    
2744      	svchost.exe         	gdi32full.dll                                                         	0x115000        	C:\Windows\System32\gdi32full.dll                                                                                               	0x7ffd136b0000        	1       	StaticDependency    
2744      	svchost.exe         	msvcp_win.dll                                                         	0x9d000         	C:\Windows\System32\msvcp_win.dll                                                                                               	0x7ffd130e0000        	1       	StaticDependency    
2744      	svchost.exe         	rmapi.dll                                                             	0x29000         	c:\windows\system32\rmapi.dll                                                                                                   	0x7ffd05f90000        	1       	DynamicLoad         
2744      	svchost.exe         	OLEAUT32.dll                                                          	0xcd000         	C:\Windows\System32\OLEAUT32.dll                                                                                                	0x7ffd13e00000        	1       	StaticDependency    
2744      	svchost.exe         	HID.DLL                                                               	0xd000          	c:\windows\system32\HID.DLL                                                                                                     	0x7ffd11750000        	1       	StaticDependency    
2744      	svchost.exe         	DEVOBJ.dll                                                            	0x2c000         	c:\windows\system32\DEVOBJ.dll                                                                                                  	0x7ffd12c30000        	1       	StaticDependency    
2744      	svchost.exe         	cfgmgr32.dll                                                          	0x4e000         	C:\Windows\System32\cfgmgr32.dll                                                                                                	0x7ffd137d0000        	1       	StaticDependency    
2744      	svchost.exe         	WLDP.DLL                                                              	0x2e000         	C:\Windows\SYSTEM32\WLDP.DLL                                                                                                    	0x7ffd12850000        	1       	DynamicLoad         
2744      	svchost.exe         	advapi32.dll                                                          	0xaf000         	C:\Windows\System32\advapi32.dll                                                                                                	0x7ffd15040000        	1       	StaticDependency    
2744      	svchost.exe         	clbcatq.dll                                                           	0xa9000         	C:\Windows\System32\clbcatq.dll                                                                                                 	0x7ffd13d50000        	1       	DelayloadDependency 
2744      	svchost.exe         	OneCoreCommonProxyStub.dll                                            	0x7f000         	C:\Windows\System32\OneCoreCommonProxyStub.dll                                                                                  	0x7ffd055b0000        	1       	DynamicLoad         
2744      	svchost.exe         	WwanRadioManager.dll                                                  	0x1c000         	C:\Windows\system32\WwanRadioManager.dll                                                                                        	0x7ffd05590000        	1       	DynamicLoad         
2744      	svchost.exe         	IPHLPAPI.DLL                                                          	0x3c000         	C:\Windows\system32\IPHLPAPI.DLL                                                                                                	0x7ffd122a0000        	1       	StaticDependency    
2744      	svchost.exe         	wwapi.dll                                                             	0x1a000         	C:\Windows\SYSTEM32\wwapi.dll                                                                                                   	0x7ffd05570000        	1       	DelayloadDependency 
2744      	svchost.exe         	XboxGipRadioManager.dll                                               	0x16000         	C:\Windows\system32\XboxGipRadioManager.dll                                                                                     	0x7ffd05550000        	1       	DynamicLoad         
2744      	svchost.exe         	OLE32.dll                                                             	0x12a000        	C:\Windows\System32\OLE32.dll                                                                                                   	0x7ffd140d0000        	1       	StaticDependency    
2744      	svchost.exe         	NfcRadioMedia.dll                                                     	0x12000         	C:\Windows\system32\NfcRadioMedia.dll                                                                                           	0x7ffd05530000        	1       	DynamicLoad         
2744      	svchost.exe         	WlanRadioManager.dll                                                  	0x16000         	C:\Windows\system32\WlanRadioManager.dll                                                                                        	0x7ffd05510000        	1       	DynamicLoad         
2744      	svchost.exe         	wlanapi.dll                                                           	0x74000         	C:\Windows\SYSTEM32\wlanapi.dll                                                                                                 	0x7ffd0ab90000        	1       	StaticDependency    
2744      	svchost.exe         	profapi.dll                                                           	0x1f000         	C:\Windows\system32\profapi.dll                                                                                                 	0x7ffd12e10000        	1       	StaticDependency    
2744      	svchost.exe         	BthRadioMedia.dll                                                     	0x1f000         	C:\Windows\system32\BthRadioMedia.dll                                                                                           	0x7ffd054f0000        	1       	DynamicLoad         
2744      	svchost.exe         	bluetoothapis.dll                                                     	0x37000         	C:\Windows\SYSTEM32\bluetoothapis.dll                                                                                           	0x7ffd054b0000        	1       	DelayloadDependency 
3000      	svchost.exe         	ntdll.dll                                                             	0x1f8000        	C:\Windows\SYSTEM32\ntdll.dll                                                                                                   	0x7ffd157f0000        	2       	StaticDependency    
3000      	svchost.exe         	KERNEL32.DLL                                                          	0xbf000         	C:\Windows\System32\KERNEL32.DLL                                                                                                	0x7ffd155b0000        	2       	DynamicLoad         
3000      	svchost.exe         	KERNELBASE.dll                                                        	0x2f6000        	C:\Windows\System32\KERNELBASE.dll                                                                                              	0x7ffd133b0000        	1       	StaticDependency    
3000      	svchost.exe         	sechost.dll                                                           	0x9c000         	C:\Windows\System32\sechost.dll                                                                                                 	0x7ffd15450000        	2       	StaticDependency    
3000      	svchost.exe         	RPCRT4.dll                                                            	0x126000        	C:\Windows\System32\RPCRT4.dll                                                                                                  	0x7ffd13c20000        	2       	StaticDependency    
3000      	svchost.exe         	ucrtbase.dll                                                          	0x100000        	C:\Windows\System32\ucrtbase.dll                                                                                                	0x7ffd13180000        	2       	StaticDependency    
3000      	svchost.exe         	combase.dll                                                           	0x354000        	C:\Windows\System32\combase.dll                                                                                                 	0x7ffd150f0000        	1       	DelayloadDependency 
3000      	svchost.exe         	kernel.appcore.dll                                                    	0x12000         	C:\Windows\SYSTEM32\kernel.appcore.dll                                                                                          	0x7ffd10db0000        	1       	DelayloadDependency 
3000      	svchost.exe         	msvcrt.dll                                                            	0x9e000         	C:\Windows\System32\msvcrt.dll                                                                                                  	0x7ffd13af0000        	1       	StaticDependency    
3000      	svchost.exe         	bcryptPrimitives.dll                                                  	0x82000         	C:\Windows\System32\bcryptPrimitives.dll                                                                                        	0x7ffd132b0000        	3       	DelayloadDependency 
3000      	svchost.exe         	user32.dll                                                            	0x19d000        	C:\Windows\System32\user32.dll                                                                                                  	0x7ffd14e90000        	1       	DelayloadDependency 
3000      	svchost.exe         	win32u.dll                                                            	0x22000         	C:\Windows\System32\win32u.dll                                                                                                  	0x7ffd13820000        	1       	StaticDependency    
3000      	svchost.exe         	GDI32.dll                                                             	0x2c000         	C:\Windows\System32\GDI32.dll                                                                                                   	0x7ffd13bf0000        	1       	StaticDependency    
3000      	svchost.exe         	gdi32full.dll                                                         	0x115000        	C:\Windows\System32\gdi32full.dll                                                                                               	0x7ffd136b0000        	1       	StaticDependency    
3000      	svchost.exe         	msvcp_win.dll                                                         	0x9d000         	C:\Windows\System32\msvcp_win.dll                                                                                               	0x7ffd130e0000        	1       	StaticDependency    
3000      	svchost.exe         	azureattestservice.dll                                                	0x28000         	c:\program files\microsoft\azureattestservice\azureattestservice.dll                                                            	0x7ffd05210000        	1       	DynamicLoad         
3000      	svchost.exe         	bcrypt.dll                                                            	0x27000         	C:\Windows\System32\bcrypt.dll                                                                                                  	0x7ffd13280000        	2       	StaticDependency    
3000      	svchost.exe         	CRYPT32.dll                                                           	0x15e000        	C:\Windows\System32\CRYPT32.dll                                                                                                 	0x7ffd12f80000        	1       	StaticDependency    
3000      	svchost.exe         	ncrypt.dll                                                            	0x28000         	C:\Windows\SYSTEM32\ncrypt.dll                                                                                                  	0x7ffd12930000        	1       	StaticDependency    
3000      	svchost.exe         	tbs.dll                                                               	0x1a000         	C:\Windows\SYSTEM32\tbs.dll                                                                                                     	0x7ffd06d80000        	1       	StaticDependency    
3000      	svchost.exe         	imagehlp.dll                                                          	0x1d000         	C:\Windows\System32\imagehlp.dll                                                                                                	0x7ffd13850000        	1       	StaticDependency    
3000      	svchost.exe         	NTASN1.dll                                                            	0x3b000         	C:\Windows\SYSTEM32\NTASN1.dll                                                                                                  	0x7ffd128f0000        	1       	DelayloadDependency 
3000      	svchost.exe         	WLDP.DLL                                                              	0x2e000         	C:\Windows\SYSTEM32\WLDP.DLL                                                                                                    	0x7ffd12850000        	1       	DynamicLoad         
3000      	svchost.exe         	advapi32.dll                                                          	0xaf000         	C:\Windows\System32\advapi32.dll                                                                                                	0x7ffd15040000        	1       	StaticDependency    
3024      	svchost.exe         	ntdll.dll                                                             	0x1f8000        	C:\Windows\SYSTEM32\ntdll.dll                                                                                                   	0x7ffd157f0000        	2       	StaticDependency    
3024      	svchost.exe         	KERNEL32.DLL                                                          	0xbf000         	C:\Windows\System32\KERNEL32.DLL                                                                                                	0x7ffd155b0000        	2       	DynamicLoad         
3024      	svchost.exe         	KERNELBASE.dll                                                        	0x2f6000        	C:\Windows\System32\KERNELBASE.dll                                                                                              	0x7ffd133b0000        	1       	StaticDependency    
3024      	svchost.exe         	sechost.dll                                                           	0x9c000         	C:\Windows\System32\sechost.dll                                                                                                 	0x7ffd15450000        	2       	StaticDependency    
3024      	svchost.exe         	RPCRT4.dll                                                            	0x126000        	C:\Windows\System32\RPCRT4.dll                                                                                                  	0x7ffd13c20000        	2       	StaticDependency    
3024      	svchost.exe         	ucrtbase.dll                                                          	0x100000        	C:\Windows\System32\ucrtbase.dll                                                                                                	0x7ffd13180000        	2       	StaticDependency    
3024      	svchost.exe         	combase.dll                                                           	0x354000        	C:\Windows\System32\combase.dll                                                                                                 	0x7ffd150f0000        	1       	DelayloadDependency 
3024      	svchost.exe         	kernel.appcore.dll                                                    	0x12000         	C:\Windows\SYSTEM32\kernel.appcore.dll                                                                                          	0x7ffd10db0000        	1       	DelayloadDependency 
3024      	svchost.exe         	msvcrt.dll                                                            	0x9e000         	C:\Windows\System32\msvcrt.dll                                                                                                  	0x7ffd13af0000        	1       	StaticDependency    
3024      	svchost.exe         	bcryptPrimitives.dll                                                  	0x82000         	C:\Windows\System32\bcryptPrimitives.dll                                                                                        	0x7ffd132b0000        	3       	DelayloadDependency 
3024      	svchost.exe         	user32.dll                                                            	0x19d000        	C:\Windows\System32\user32.dll                                                                                                  	0x7ffd14e90000        	1       	DelayloadDependency 
3024      	svchost.exe         	win32u.dll                                                            	0x22000         	C:\Windows\System32\win32u.dll                                                                                                  	0x7ffd13820000        	1       	StaticDependency    
3024      	svchost.exe         	GDI32.dll                                                             	0x2c000         	C:\Windows\System32\GDI32.dll                                                                                                   	0x7ffd13bf0000        	1       	StaticDependency    
3024      	svchost.exe         	gdi32full.dll                                                         	0x115000        	C:\Windows\System32\gdi32full.dll                                                                                               	0x7ffd136b0000        	1       	StaticDependency    
3024      	svchost.exe         	msvcp_win.dll                                                         	0x9d000         	C:\Windows\System32\msvcp_win.dll                                                                                               	0x7ffd130e0000        	1       	StaticDependency    
3024      	svchost.exe         	cryptsvc.dll                                                          	0x1f000         	c:\windows\system32\cryptsvc.dll                                                                                                	0x7ffd051f0000        	1       	DynamicLoad         
3024      	svchost.exe         	CRYPT32.dll                                                           	0x15e000        	C:\Windows\System32\CRYPT32.dll                                                                                                 	0x7ffd12f80000        	1       	StaticDependency    
3024      	svchost.exe         	bcrypt.dll                                                            	0x27000         	C:\Windows\System32\bcrypt.dll                                                                                                  	0x7ffd13280000        	2       	StaticDependency    
3024      	svchost.exe         	WLDP.DLL                                                              	0x2e000         	C:\Windows\SYSTEM32\WLDP.DLL                                                                                                    	0x7ffd12850000        	1       	DynamicLoad         
3024      	svchost.exe         	advapi32.dll                                                          	0xaf000         	C:\Windows\System32\advapi32.dll                                                                                                	0x7ffd15040000        	1       	StaticDependency    
3024      	svchost.exe         	crypttpmeksvc.dll                                                     	0x1f000         	C:\Windows\System32\crypttpmeksvc.dll                                                                                           	0x7ffd04e10000        	1       	DynamicLoad         
3024      	svchost.exe         	OLEAUT32.dll                                                          	0xcd000         	C:\Windows\System32\OLEAUT32.dll                                                                                                	0x7ffd13e00000        	1       	StaticDependency    
3024      	svchost.exe         	cryptcatsvc.dll                                                       	0x26000         	C:\Windows\System32\cryptcatsvc.dll                                                                                             	0x7ffd04de0000        	1       	DynamicLoad         
3024      	svchost.exe         	webauthn.dll                                                          	0x85000         	C:\Windows\System32\webauthn.dll                                                                                                	0x7ffd04d50000        	1       	DynamicLoad         
3024      	svchost.exe         	vssapi.dll                                                            	0x19e000        	C:\Windows\SYSTEM32\vssapi.dll                                                                                                  	0x7ffd04330000        	1       	DelayloadDependency 
3024      	svchost.exe         	WS2_32.dll                                                            	0x6b000         	C:\Windows\System32\WS2_32.dll                                                                                                  	0x7ffd14dc0000        	1       	StaticDependency    
3024      	svchost.exe         	VssTrace.DLL                                                          	0x18000         	C:\Windows\system32\VssTrace.DLL                                                                                                	0x7ffd04310000        	1       	StaticDependency    
3024      	svchost.exe         	samcli.dll                                                            	0x19000         	C:\Windows\system32\samcli.dll                                                                                                  	0x7ffd092d0000        	1       	DelayloadDependency 
3024      	svchost.exe         	netutils.dll                                                          	0xc000          	C:\Windows\system32\netutils.dll                                                                                                	0x7ffd123b0000        	1       	DelayloadDependency 
3024      	svchost.exe         	SAMLIB.dll                                                            	0x27000         	C:\Windows\system32\SAMLIB.dll                                                                                                  	0x7ffd0eb50000        	1       	DelayloadDependency 
3024      	svchost.exe         	clbcatq.dll                                                           	0xa9000         	C:\Windows\System32\clbcatq.dll                                                                                                 	0x7ffd13d50000        	1       	DelayloadDependency 
3024      	svchost.exe         	ES.DLL                                                                	0x6c000         	C:\Windows\System32\ES.DLL                                                                                                      	0x7ffd0b7c0000        	1       	DynamicLoad         
3024      	svchost.exe         	PROPSYS.dll                                                           	0xf6000         	C:\Windows\System32\PROPSYS.dll                                                                                                 	0x7ffd0ea50000        	1       	DelayloadDependency 
3024      	svchost.exe         	Cabinet.dll                                                           	0x29000         	C:\Windows\System32\Cabinet.dll                                                                                                 	0x7ffd0b960000        	1       	DelayloadDependency 
3024      	svchost.exe         	MSASN1.dll                                                            	0x12000         	C:\Windows\System32\MSASN1.dll                                                                                                  	0x7ffd12a50000        	1       	DelayloadDependency 
3024      	svchost.exe         	CRYPTSP.dll                                                           	0x18000         	C:\Windows\System32\CRYPTSP.dll                                                                                                 	0x7ffd127a0000        	1       	DelayloadDependency 
3024      	svchost.exe         	rsaenh.dll                                                            	0x34000         	C:\Windows\system32\rsaenh.dll                                                                                                  	0x7ffd11ed0000        	1       	DynamicLoad         
3024      	svchost.exe         	CRYPTBASE.dll                                                         	0xc000          	C:\Windows\system32\CRYPTBASE.dll                                                                                               	0x7ffd127c0000        	1       	DelayloadDependency 
3024      	svchost.exe         	ESENT.dll                                                             	0x335000        	C:\Windows\system32\ESENT.dll                                                                                                   	0x7ffd01950000        	1       	DelayloadDependency 
3024      	svchost.exe         	profapi.dll                                                           	0x1f000         	c:\windows\system32\profapi.dll                                                                                                 	0x7ffd12e10000        	1       	DelayloadDependency 
3024      	svchost.exe         	CRYPTNET.dll                                                          	0x31000         	c:\windows\system32\CRYPTNET.dll                                                                                                	0x7ffd00c90000        	1       	DelayloadDependency 
3024      	svchost.exe         	netprofm.dll                                                          	0x3f000         	C:\Windows\System32\netprofm.dll                                                                                                	0x7ffd0e540000        	1       	DynamicLoad         
3024      	svchost.exe         	npmproxy.dll                                                          	0x10000         	C:\Windows\System32\npmproxy.dll                                                                                                	0x7ffd06c00000        	1       	DynamicLoad         
3024      	svchost.exe         	WINHTTP.dll                                                           	0x10a000        	c:\windows\system32\WINHTTP.dll                                                                                                 	0x7ffd0a550000        	1       	DelayloadDependency 
3024      	svchost.exe         	mswsock.dll                                                           	0x6a000         	C:\Windows\system32\mswsock.dll                                                                                                 	0x7ffd125b0000        	1       	DynamicLoad         
3024      	svchost.exe         	IPHLPAPI.DLL                                                          	0x3c000         	c:\windows\system32\IPHLPAPI.DLL                                                                                                	0x7ffd122a0000        	1       	DelayloadDependency 
3024      	svchost.exe         	WINNSI.DLL                                                            	0xb000          	C:\Windows\SYSTEM32\WINNSI.DLL                                                                                                  	0x7ffd0b6b0000        	1       	DelayloadDependency 
3024      	svchost.exe         	NSI.dll                                                               	0x8000          	C:\Windows\System32\NSI.dll                                                                                                     	0x7ffd13870000        	1       	StaticDependency    
3024      	svchost.exe         	dhcpcsvc6.DLL                                                         	0x17000         	C:\Windows\SYSTEM32\dhcpcsvc6.DLL                                                                                               	0x7ffd0b670000        	1       	DelayloadDependency 
3024      	svchost.exe         	dhcpcsvc.DLL                                                          	0x1d000         	C:\Windows\SYSTEM32\dhcpcsvc.DLL                                                                                                	0x7ffd0b650000        	1       	DelayloadDependency 
3024      	svchost.exe         	webio.dll                                                             	0x98000         	c:\windows\system32\webio.dll                                                                                                   	0x7ffd00bf0000        	1       	DelayloadDependency 
3024      	svchost.exe         	SspiCli.dll                                                           	0x32000         	c:\windows\system32\SspiCli.dll                                                                                                 	0x7ffd12dc0000        	1       	DelayloadDependency 
3024      	svchost.exe         	DNSAPI.dll                                                            	0xcb000         	C:\Windows\SYSTEM32\DNSAPI.dll                                                                                                  	0x7ffd122e0000        	1       	DelayloadDependency 
3024      	svchost.exe         	rasadhlp.dll                                                          	0xa000          	C:\Windows\System32\rasadhlp.dll                                                                                                	0x7ffd06b20000        	1       	DynamicLoad         
3024      	svchost.exe         	gpapi.dll                                                             	0x23000         	C:\Windows\SYSTEM32\gpapi.dll                                                                                                   	0x7ffd11760000        	1       	DelayloadDependency 
3040      	svchost.exe         	ntdll.dll                                                             	0x1f8000        	C:\Windows\SYSTEM32\ntdll.dll                                                                                                   	0x7ffd157f0000        	2       	StaticDependency    
3040      	svchost.exe         	KERNEL32.DLL                                                          	0xbf000         	C:\Windows\System32\KERNEL32.DLL                                                                                                	0x7ffd155b0000        	2       	DynamicLoad         
3040      	svchost.exe         	KERNELBASE.dll                                                        	0x2f6000        	C:\Windows\System32\KERNELBASE.dll                                                                                              	0x7ffd133b0000        	1       	StaticDependency    
3040      	svchost.exe         	sechost.dll                                                           	0x9c000         	C:\Windows\System32\sechost.dll                                                                                                 	0x7ffd15450000        	2       	StaticDependency    
3040      	svchost.exe         	RPCRT4.dll                                                            	0x126000        	C:\Windows\System32\RPCRT4.dll                                                                                                  	0x7ffd13c20000        	2       	StaticDependency    
3040      	svchost.exe         	ucrtbase.dll                                                          	0x100000        	C:\Windows\System32\ucrtbase.dll                                                                                                	0x7ffd13180000        	2       	StaticDependency    
3040      	svchost.exe         	combase.dll                                                           	0x354000        	C:\Windows\System32\combase.dll                                                                                                 	0x7ffd150f0000        	1       	DelayloadDependency 
3040      	svchost.exe         	kernel.appcore.dll                                                    	0x12000         	C:\Windows\SYSTEM32\kernel.appcore.dll                                                                                          	0x7ffd10db0000        	1       	DelayloadDependency 
3040      	svchost.exe         	msvcrt.dll                                                            	0x9e000         	C:\Windows\System32\msvcrt.dll                                                                                                  	0x7ffd13af0000        	1       	StaticDependency    
3040      	svchost.exe         	bcryptPrimitives.dll                                                  	0x82000         	C:\Windows\System32\bcryptPrimitives.dll                                                                                        	0x7ffd132b0000        	3       	DelayloadDependency 
3040      	svchost.exe         	user32.dll                                                            	0x19d000        	C:\Windows\System32\user32.dll                                                                                                  	0x7ffd14e90000        	1       	DelayloadDependency 
3040      	svchost.exe         	win32u.dll                                                            	0x22000         	C:\Windows\System32\win32u.dll                                                                                                  	0x7ffd13820000        	1       	StaticDependency    
3040      	svchost.exe         	GDI32.dll                                                             	0x2c000         	C:\Windows\System32\GDI32.dll                                                                                                   	0x7ffd13bf0000        	1       	StaticDependency    
3040      	svchost.exe         	gdi32full.dll                                                         	0x115000        	C:\Windows\System32\gdi32full.dll                                                                                               	0x7ffd136b0000        	1       	StaticDependency    
3040      	svchost.exe         	msvcp_win.dll                                                         	0x9d000         	C:\Windows\System32\msvcp_win.dll                                                                                               	0x7ffd130e0000        	1       	StaticDependency    
3040      	svchost.exe         	diagtrack.dll                                                         	0x3b3000        	c:\windows\system32\diagtrack.dll                                                                                               	0x7ffd04e30000        	1       	DynamicLoad         
3040      	svchost.exe         	advapi32.dll                                                          	0xaf000         	C:\Windows\System32\advapi32.dll                                                                                                	0x7ffd15040000        	1       	StaticDependency    
3040      	svchost.exe         	IPHLPAPI.DLL                                                          	0x3c000         	c:\windows\system32\IPHLPAPI.DLL                                                                                                	0x7ffd122a0000        	1       	StaticDependency    
3040      	svchost.exe         	WLDP.DLL                                                              	0x2e000         	C:\Windows\SYSTEM32\WLDP.DLL                                                                                                    	0x7ffd12850000        	1       	DynamicLoad         
3040      	svchost.exe         	UMPDC.dll                                                             	0x12000         	c:\windows\system32\UMPDC.dll                                                                                                   	0x7ffd12a70000        	1       	DelayloadDependency 
3040      	svchost.exe         	rmclient.dll                                                          	0x2a000         	C:\Windows\SYSTEM32\rmclient.dll                                                                                                	0x7ffd10ac0000        	1       	DelayloadDependency 
3040      	svchost.exe         	shcore.dll                                                            	0xad000         	C:\Windows\System32\shcore.dll                                                                                                  	0x7ffd13880000        	1       	DelayloadDependency 
3040      	svchost.exe         	wkscli.dll                                                            	0x19000         	C:\Windows\System32\wkscli.dll                                                                                                  	0x7ffd12030000        	1       	DelayloadDependency 
3040      	svchost.exe         	netutils.dll                                                          	0xc000          	C:\Windows\System32\netutils.dll                                                                                                	0x7ffd123b0000        	1       	DelayloadDependency 
3040      	svchost.exe         	powrprof.dll                                                          	0x4b000         	C:\Windows\SYSTEM32\powrprof.dll                                                                                                	0x7ffd12c90000        	1       	DelayloadDependency 
3040      	svchost.exe         	bcrypt.dll                                                            	0x27000         	C:\Windows\System32\bcrypt.dll                                                                                                  	0x7ffd13280000        	2       	StaticDependency    
3040      	svchost.exe         	dbghelp.dll                                                           	0x1e4000        	C:\Windows\system32\dbghelp.dll                                                                                                 	0x7ffd03440000        	1       	DynamicLoad         
3040      	svchost.exe         	dbgcore.DLL                                                           	0x34000         	C:\Windows\System32\dbgcore.DLL                                                                                                 	0x7ffd03320000        	1       	DynamicForwarderDependency
3040      	svchost.exe         	usermgrcli.dll                                                        	0x16000         	C:\Windows\SYSTEM32\usermgrcli.dll                                                                                              	0x7ffd0e580000        	1       	DelayloadDependency 
3040      	svchost.exe         	Netapi32.dll                                                          	0x19000         	C:\Windows\SYSTEM32\Netapi32.dll                                                                                                	0x7ffd041a0000        	1       	DynamicLoad         
3040      	svchost.exe         	DSREG.DLL                                                             	0x14d000        	C:\Windows\SYSTEM32\DSREG.DLL                                                                                                   	0x7ffd0fbb0000        	1       	DynamicForwarderDependency
3040      	svchost.exe         	OLEAUT32.dll                                                          	0xcd000         	C:\Windows\System32\OLEAUT32.dll                                                                                                	0x7ffd13e00000        	1       	StaticDependency    
3040      	svchost.exe         	msvcp110_win.dll                                                      	0x8a000         	C:\Windows\SYSTEM32\msvcp110_win.dll                                                                                            	0x7ffd11fa0000        	1       	StaticDependency    
3040      	svchost.exe         	cryptsp.dll                                                           	0x18000         	C:\Windows\SYSTEM32\cryptsp.dll                                                                                                 	0x7ffd127a0000        	1       	StaticDependency    
3040      	svchost.exe         	CRYPT32.dll                                                           	0x15e000        	C:\Windows\System32\CRYPT32.dll                                                                                                 	0x7ffd12f80000        	1       	DelayloadDependency 
3040      	svchost.exe         	profapi.dll                                                           	0x1f000         	C:\Windows\SYSTEM32\profapi.dll                                                                                                 	0x7ffd12e10000        	1       	DelayloadDependency 
3040      	svchost.exe         	policymanager.dll                                                     	0xa3000         	C:\Windows\SYSTEM32\policymanager.dll                                                                                           	0x7ffd0c380000        	1       	DelayloadDependency 
3040      	svchost.exe         	winsqlite3.dll                                                        	0xdb000         	c:\windows\system32\winsqlite3.dll                                                                                              	0x7ffd01de0000        	1       	DelayloadDependency 
3040      	svchost.exe         	CRYPTBASE.DLL                                                         	0xc000          	C:\Windows\System32\CRYPTBASE.DLL                                                                                               	0x7ffd127c0000        	1       	DynamicForwarderDependency
3040      	svchost.exe         	clbcatq.dll                                                           	0xa9000         	C:\Windows\System32\clbcatq.dll                                                                                                 	0x7ffd13d50000        	1       	DelayloadDependency 
3040      	svchost.exe         	FlightSettings.dll                                                    	0xe5000         	C:\Windows\System32\FlightSettings.dll                                                                                          	0x7ffd00780000        	1       	DynamicLoad         
3040      	svchost.exe         	twinapi.appcore.dll                                                   	0x200000        	C:\Windows\System32\twinapi.appcore.dll                                                                                         	0x7ffd0de50000        	1       	DynamicLoad         
3040      	svchost.exe         	USERENV.dll                                                           	0x2e000         	c:\windows\system32\USERENV.dll                                                                                                 	0x7ffd12d90000        	1       	DelayloadDependency 
3040      	svchost.exe         	SspiCli.dll                                                           	0x32000         	C:\Windows\SYSTEM32\SspiCli.dll                                                                                                 	0x7ffd12dc0000        	1       	DelayloadDependency 
3040      	svchost.exe         	WS2_32.dll                                                            	0x6b000         	C:\Windows\System32\WS2_32.dll                                                                                                  	0x7ffd14dc0000        	1       	DelayloadDependency 
3040      	svchost.exe         	mswsock.dll                                                           	0x6a000         	C:\Windows\system32\mswsock.dll                                                                                                 	0x7ffd125b0000        	1       	DynamicLoad         
3040      	svchost.exe         	wshhyperv.dll                                                         	0x7000          	C:\Windows\system32\wshhyperv.dll                                                                                               	0x7ffd109b0000        	1       	DynamicLoad         
3040      	svchost.exe         	WindowsPerformanceRecorderControl.dll                                 	0x12d000        	c:\windows\system32\WindowsPerformanceRecorderControl.dll                                                                       	0x7ffcffd30000        	1       	DelayloadDependency 
3040      	svchost.exe         	XmlLite.dll                                                           	0x36000         	c:\windows\system32\XmlLite.dll                                                                                                 	0x7ffd0ea10000        	1       	StaticDependency    
3040      	svchost.exe         	aepic.dll                                                             	0x92000         	C:\Windows\SYSTEM32\aepic.dll                                                                                                   	0x7ffcffc90000        	1       	DelayloadDependency 
3040      	svchost.exe         	ntmarta.dll                                                           	0x33000         	C:\Windows\SYSTEM32\ntmarta.dll                                                                                                 	0x7ffd11f60000        	1       	StaticDependency    
3040      	svchost.exe         	taskschd.dll                                                          	0xac000         	C:\Windows\System32\taskschd.dll                                                                                                	0x7ffd0e5a0000        	1       	DynamicLoad         
3040      	svchost.exe         	sfc.dll                                                               	0x3000          	C:\Windows\SYSTEM32\sfc.dll                                                                                                     	0x1e68d5e0000         	1       	DynamicLoad         
3040      	svchost.exe         	sfc_os.DLL                                                            	0x12000         	C:\Windows\SYSTEM32\sfc_os.DLL                                                                                                  	0x7ffcfc910000        	1       	DynamicForwarderDependency
3040      	svchost.exe         	SETUPAPI.dll                                                          	0x468000        	C:\Windows\System32\SETUPAPI.dll                                                                                                	0x7ffd14950000        	1       	DelayloadDependency 
3040      	svchost.exe         	cfgmgr32.dll                                                          	0x4e000         	C:\Windows\System32\cfgmgr32.dll                                                                                                	0x7ffd137d0000        	1       	StaticDependency    
3040      	svchost.exe         	rsaenh.dll                                                            	0x34000         	C:\Windows\system32\rsaenh.dll                                                                                                  	0x7ffd11ed0000        	1       	DynamicLoad         
3040      	svchost.exe         	wtsapi32.dll                                                          	0x14000         	C:\Windows\SYSTEM32\wtsapi32.dll                                                                                                	0x7ffd0ebb0000        	1       	DelayloadDependency 
3040      	svchost.exe         	WINSTA.dll                                                            	0x64000         	C:\Windows\SYSTEM32\WINSTA.dll                                                                                                  	0x7ffd12880000        	1       	DelayloadDependency 
3040      	svchost.exe         	WINHTTP.dll                                                           	0x10a000        	c:\windows\system32\WINHTTP.dll                                                                                                 	0x7ffd0a550000        	1       	DelayloadDependency 
3040      	svchost.exe         	Windows.Security.Authentication.OnlineId.dll                          	0xf4000         	C:\Windows\System32\Windows.Security.Authentication.OnlineId.dll                                                                	0x7ffcfd3c0000        	1       	DynamicLoad         
3040      	svchost.exe         	DPAPI.DLL                                                             	0xa000          	C:\Windows\SYSTEM32\DPAPI.DLL                                                                                                   	0x7ffd12c80000        	1       	DynamicForwarderDependency
3040      	svchost.exe         	WINNSI.DLL                                                            	0xb000          	C:\Windows\SYSTEM32\WINNSI.DLL                                                                                                  	0x7ffd0b6b0000        	1       	DelayloadDependency 
3040      	svchost.exe         	NSI.dll                                                               	0x8000          	C:\Windows\System32\NSI.dll                                                                                                     	0x7ffd13870000        	1       	StaticDependency    
3040      	svchost.exe         	dhcpcsvc6.DLL                                                         	0x17000         	C:\Windows\SYSTEM32\dhcpcsvc6.DLL                                                                                               	0x7ffd0b670000        	1       	DelayloadDependency 
3040      	svchost.exe         	dhcpcsvc.DLL                                                          	0x1d000         	C:\Windows\SYSTEM32\dhcpcsvc.DLL                                                                                                	0x7ffd0b650000        	1       	DelayloadDependency 
3040      	svchost.exe         	webio.dll                                                             	0x98000         	c:\windows\system32\webio.dll                                                                                                   	0x7ffd00bf0000        	1       	DelayloadDependency 
3040      	svchost.exe         	DNSAPI.dll                                                            	0xcb000         	C:\Windows\SYSTEM32\DNSAPI.dll                                                                                                  	0x7ffd122e0000        	1       	DelayloadDependency 
3040      	svchost.exe         	rasadhlp.dll                                                          	0xa000          	C:\Windows\System32\rasadhlp.dll                                                                                                	0x7ffd06b20000        	1       	DynamicLoad         
3040      	svchost.exe         	fwpuclnt.dll                                                          	0x82000         	C:\Windows\System32\fwpuclnt.dll                                                                                                	0x7ffd07b70000        	1       	DynamicLoad         
3040      	svchost.exe         	schannel.DLL                                                          	0x99000         	C:\Windows\system32\schannel.DLL                                                                                                	0x7ffd11df0000        	1       	DynamicLoad         
3040      	svchost.exe         	mskeyprotect.dll                                                      	0x16000         	C:\Windows\SYSTEM32\mskeyprotect.dll                                                                                            	0x7ffd00d00000        	1       	DynamicLoad         
3040      	svchost.exe         	NTASN1.dll                                                            	0x3b000         	C:\Windows\SYSTEM32\NTASN1.dll                                                                                                  	0x7ffd128f0000        	1       	DelayloadDependency 
3040      	svchost.exe         	ncrypt.dll                                                            	0x28000         	C:\Windows\System32\ncrypt.dll                                                                                                  	0x7ffd12930000        	1       	DelayloadDependency 
3040      	svchost.exe         	ncryptsslp.dll                                                        	0x26000         	C:\Windows\system32\ncryptsslp.dll                                                                                              	0x7ffd00db0000        	1       	DynamicLoad         
3040      	svchost.exe         	MSASN1.dll                                                            	0x12000         	C:\Windows\SYSTEM32\MSASN1.dll                                                                                                  	0x7ffd12a50000        	1       	DelayloadDependency 
3040      	svchost.exe         	drvstore.dll                                                          	0x148000        	C:\Windows\System32\drvstore.dll                                                                                                	0x7ffd065c0000        	1       	DelayloadDependency 
3040      	svchost.exe         	cryptnet.dll                                                          	0x31000         	C:\Windows\System32\cryptnet.dll                                                                                                	0x7ffd00c90000        	1       	DynamicLoad         
3040      	svchost.exe         	Windows.Security.Authentication.Web.Core.dll                          	0x11d000        	C:\Windows\System32\Windows.Security.Authentication.Web.Core.dll                                                                	0x7ffcfb1b0000        	1       	DynamicLoad         
3040      	svchost.exe         	wintypes.dll                                                          	0x154000        	C:\Windows\SYSTEM32\wintypes.dll                                                                                                	0x7ffd0ebd0000        	1       	StaticDependency    
3040      	svchost.exe         	iertutil.dll                                                          	0x2b1000        	C:\Windows\System32\iertutil.dll                                                                                                	0x7ffd09010000        	1       	DynamicLoad         
3040      	svchost.exe         	OneCoreCommonProxyStub.dll                                            	0x7f000         	C:\Windows\System32\OneCoreCommonProxyStub.dll                                                                                  	0x7ffd055b0000        	1       	DynamicLoad         
3040      	svchost.exe         	vaultcli.dll                                                          	0x51000         	C:\Windows\System32\vaultcli.dll                                                                                                	0x7ffcf9420000        	1       	DynamicLoad         
3040      	svchost.exe         	OneSettingsClient.dll                                                 	0x32000         	c:\windows\system32\OneSettingsClient.dll                                                                                       	0x7ffcea540000        	2       	DelayloadDependency 
3040      	svchost.exe         	Windows.Web.dll                                                       	0xc3000         	C:\Windows\System32\Windows.Web.dll                                                                                             	0x7ffcf7e60000        	1       	DynamicLoad         
3040      	svchost.exe         	wosc.dll                                                              	0x48000         	C:\Windows\System32\wosc.dll                                                                                                    	0x7ffce1a30000        	1       	DynamicLoad         
3040      	svchost.exe         	Windows.Networking.Connectivity.dll                                   	0xb9000         	C:\Windows\System32\Windows.Networking.Connectivity.dll                                                                         	0x7ffcf9950000        	1       	DynamicLoad         
3040      	svchost.exe         	npmproxy.dll                                                          	0x10000         	C:\Windows\System32\npmproxy.dll                                                                                                	0x7ffd06c00000        	1       	DynamicLoad         
3040      	svchost.exe         	dusmapi.dll                                                           	0x11000         	C:\Windows\System32\dusmapi.dll                                                                                                 	0x7ffcf96d0000        	1       	DelayloadDependency 
3040      	svchost.exe         	UpdatePolicy.dll                                                      	0x43000         	C:\Windows\System32\UpdatePolicy.dll                                                                                            	0x7ffcfd6e0000        	1       	DynamicLoad         
3040      	svchost.exe         	WINTRUST.dll                                                          	0x67000         	C:\Windows\System32\WINTRUST.dll                                                                                                	0x7ffd13340000        	1       	StaticDependency    
3040      	svchost.exe         	Cabinet.dll                                                           	0x29000         	C:\Windows\System32\Cabinet.dll                                                                                                 	0x7ffd0b960000        	1       	StaticDependency    
3040      	svchost.exe         	Windows.System.Profile.PlatformDiagnosticsAndUsageDataSettings.dll    	0x16000         	C:\Windows\System32\Windows.System.Profile.PlatformDiagnosticsAndUsageDataSettings.dll                                          	0x7ffce1a10000        	1       	DynamicLoad         
3060      	svchost.exe         	ntdll.dll                                                             	0x1f8000        	C:\Windows\SYSTEM32\ntdll.dll                                                                                                   	0x7ffd157f0000        	2       	StaticDependency    
3060      	svchost.exe         	KERNEL32.DLL                                                          	0xbf000         	C:\Windows\System32\KERNEL32.DLL                                                                                                	0x7ffd155b0000        	2       	DynamicLoad         
3060      	svchost.exe         	KERNELBASE.dll                                                        	0x2f6000        	C:\Windows\System32\KERNELBASE.dll                                                                                              	0x7ffd133b0000        	1       	StaticDependency    
3060      	svchost.exe         	sechost.dll                                                           	0x9c000         	C:\Windows\System32\sechost.dll                                                                                                 	0x7ffd15450000        	2       	StaticDependency    
3060      	svchost.exe         	RPCRT4.dll                                                            	0x126000        	C:\Windows\System32\RPCRT4.dll                                                                                                  	0x7ffd13c20000        	2       	StaticDependency    
3060      	svchost.exe         	ucrtbase.dll                                                          	0x100000        	C:\Windows\System32\ucrtbase.dll                                                                                                	0x7ffd13180000        	2       	StaticDependency    
3060      	svchost.exe         	combase.dll                                                           	0x354000        	C:\Windows\System32\combase.dll                                                                                                 	0x7ffd150f0000        	1       	DelayloadDependency 
3060      	svchost.exe         	kernel.appcore.dll                                                    	0x12000         	C:\Windows\SYSTEM32\kernel.appcore.dll                                                                                          	0x7ffd10db0000        	1       	DelayloadDependency 
3060      	svchost.exe         	msvcrt.dll                                                            	0x9e000         	C:\Windows\System32\msvcrt.dll                                                                                                  	0x7ffd13af0000        	1       	StaticDependency    
3060      	svchost.exe         	bcryptPrimitives.dll                                                  	0x82000         	C:\Windows\System32\bcryptPrimitives.dll                                                                                        	0x7ffd132b0000        	3       	DelayloadDependency 
3060      	svchost.exe         	user32.dll                                                            	0x19d000        	C:\Windows\System32\user32.dll                                                                                                  	0x7ffd14e90000        	1       	DelayloadDependency 
3060      	svchost.exe         	win32u.dll                                                            	0x22000         	C:\Windows\System32\win32u.dll                                                                                                  	0x7ffd13820000        	1       	StaticDependency    
3060      	svchost.exe         	GDI32.dll                                                             	0x2c000         	C:\Windows\System32\GDI32.dll                                                                                                   	0x7ffd13bf0000        	1       	StaticDependency    
3060      	svchost.exe         	gdi32full.dll                                                         	0x115000        	C:\Windows\System32\gdi32full.dll                                                                                               	0x7ffd136b0000        	1       	StaticDependency    
3060      	svchost.exe         	msvcp_win.dll                                                         	0x9d000         	C:\Windows\System32\msvcp_win.dll                                                                                               	0x7ffd130e0000        	1       	StaticDependency    
3060      	svchost.exe         	dps.dll                                                               	0x31000         	c:\windows\system32\dps.dll                                                                                                     	0x7ffd04d10000        	1       	DynamicLoad         
3060      	svchost.exe         	WLDP.DLL                                                              	0x2e000         	C:\Windows\SYSTEM32\WLDP.DLL                                                                                                    	0x7ffd12850000        	1       	DynamicLoad         
3060      	svchost.exe         	advapi32.dll                                                          	0xaf000         	C:\Windows\System32\advapi32.dll                                                                                                	0x7ffd15040000        	1       	StaticDependency    
3060      	svchost.exe         	clbcatq.dll                                                           	0xa9000         	C:\Windows\System32\clbcatq.dll                                                                                                 	0x7ffd13d50000        	1       	DelayloadDependency 
3060      	svchost.exe         	taskschd.dll                                                          	0xac000         	C:\Windows\System32\taskschd.dll                                                                                                	0x7ffd0e5a0000        	1       	DynamicLoad         
3060      	svchost.exe         	OLEAUT32.dll                                                          	0xcd000         	C:\Windows\System32\OLEAUT32.dll                                                                                                	0x7ffd13e00000        	1       	StaticDependency    
3060      	svchost.exe         	gpapi.dll                                                             	0x23000         	C:\Windows\SYSTEM32\gpapi.dll                                                                                                   	0x7ffd11760000        	1       	DelayloadDependency 
3060      	svchost.exe         	wdi.dll                                                               	0x1f000         	c:\windows\system32\wdi.dll                                                                                                     	0x7ffd03290000        	1       	DelayloadDependency 
3060      	svchost.exe         	cfgmgr32.dll                                                          	0x4e000         	C:\Windows\System32\cfgmgr32.dll                                                                                                	0x7ffd137d0000        	1       	StaticDependency    
3060      	svchost.exe         	powrprof.dll                                                          	0x4b000         	C:\Windows\SYSTEM32\powrprof.dll                                                                                                	0x7ffd12c90000        	1       	StaticDependency    
3060      	svchost.exe         	tdh.dll                                                               	0x11b000        	C:\Windows\System32\tdh.dll                                                                                                     	0x7ffd11890000        	1       	StaticDependency    
3060      	svchost.exe         	UMPDC.dll                                                             	0x12000         	C:\Windows\System32\UMPDC.dll                                                                                                   	0x7ffd12a70000        	1       	DelayloadDependency 
3060      	svchost.exe         	srumsvc.dll                                                           	0x40000         	C:\Windows\System32\srumsvc.dll                                                                                                 	0x7ffd025e0000        	1       	DynamicLoad         
3060      	svchost.exe         	IPHLPAPI.DLL                                                          	0x3c000         	C:\Windows\System32\IPHLPAPI.DLL                                                                                                	0x7ffd122a0000        	1       	StaticDependency    
3060      	svchost.exe         	ESENT.dll                                                             	0x335000        	C:\Windows\System32\ESENT.dll                                                                                                   	0x7ffd01950000        	1       	StaticDependency    
3060      	svchost.exe         	CRYPTBASE.DLL                                                         	0xc000          	C:\Windows\System32\CRYPTBASE.DLL                                                                                               	0x7ffd127c0000        	1       	DynamicLoad         
3060      	svchost.exe         	eeprov.dll                                                            	0x3e000         	C:\Windows\System32\eeprov.dll                                                                                                  	0x7ffd022a0000        	1       	DynamicLoad         
3060      	svchost.exe         	shcore.dll                                                            	0xad000         	C:\Windows\System32\shcore.dll                                                                                                  	0x7ffd13880000        	1       	StaticDependency    
3060      	svchost.exe         	DEVOBJ.dll                                                            	0x2c000         	C:\Windows\System32\DEVOBJ.dll                                                                                                  	0x7ffd12c30000        	1       	StaticDependency    
3060      	svchost.exe         	vfuprov.dll                                                           	0x28000         	C:\Windows\System32\vfuprov.dll                                                                                                 	0x7ffd02270000        	1       	DynamicLoad         
3060      	svchost.exe         	wtsapi32.dll                                                          	0x14000         	C:\Windows\SYSTEM32\wtsapi32.dll                                                                                                	0x7ffd0ebb0000        	1       	StaticDependency    
3060      	svchost.exe         	nduprov.dll                                                           	0x26000         	C:\Windows\System32\nduprov.dll                                                                                                 	0x7ffd020c0000        	1       	DynamicLoad         
3060      	svchost.exe         	SspiCli.dll                                                           	0x32000         	C:\Windows\System32\SspiCli.dll                                                                                                 	0x7ffd12dc0000        	1       	StaticDependency    
3060      	svchost.exe         	wlanapi.dll                                                           	0x74000         	C:\Windows\System32\wlanapi.dll                                                                                                 	0x7ffd0ab90000        	1       	StaticDependency    
3060      	svchost.exe         	wwapi.dll                                                             	0x1a000         	C:\Windows\System32\wwapi.dll                                                                                                   	0x7ffd05570000        	1       	StaticDependency    
3060      	svchost.exe         	profapi.dll                                                           	0x1f000         	C:\Windows\System32\profapi.dll                                                                                                 	0x7ffd12e10000        	1       	StaticDependency    
3060      	svchost.exe         	wpnsruprov.dll                                                        	0xe000          	C:\Windows\System32\wpnsruprov.dll                                                                                              	0x7ffd025b0000        	1       	DynamicLoad         
3060      	svchost.exe         	appsruprov.dll                                                        	0x35000         	C:\Windows\System32\appsruprov.dll                                                                                              	0x7ffd02080000        	1       	DynamicLoad         
3060      	svchost.exe         	ncuprov.dll                                                           	0xd000          	C:\Windows\System32\ncuprov.dll                                                                                                 	0x7ffd024d0000        	1       	DynamicLoad         
3060      	svchost.exe         	NSI.dll                                                               	0x8000          	C:\Windows\System32\NSI.dll                                                                                                     	0x7ffd13870000        	1       	StaticDependency    
3060      	svchost.exe         	WINNSI.DLL                                                            	0xb000          	C:\Windows\System32\WINNSI.DLL                                                                                                  	0x7ffd0b6b0000        	1       	StaticDependency    
3060      	svchost.exe         	energyprov.dll                                                        	0x33000         	C:\Windows\System32\energyprov.dll                                                                                              	0x7ffd02040000        	1       	DynamicLoad         
3060      	svchost.exe         	windows.storage.dll                                                   	0x793000        	C:\Windows\SYSTEM32\windows.storage.dll                                                                                         	0x7ffd10fb0000        	1       	DelayloadDependency 
3060      	svchost.exe         	shlwapi.dll                                                           	0x55000         	C:\Windows\System32\shlwapi.dll                                                                                                 	0x7ffd15550000        	1       	DelayloadDependency 
3060      	svchost.exe         	srumapi.dll                                                           	0x14000         	C:\Windows\System32\srumapi.dll                                                                                                 	0x7ffd00ec0000        	1       	DynamicLoad         
3060      	svchost.exe         	ole32.dll                                                             	0x12a000        	C:\Windows\System32\ole32.dll                                                                                                   	0x7ffd140d0000        	1       	DelayloadDependency 
3060      	svchost.exe         	radardt.dll                                                           	0x1f000         	C:\Windows\system32\radardt.dll                                                                                                 	0x7ffcfd730000        	1       	DynamicLoad         
3060      	svchost.exe         	OneCoreUAPCommonProxyStub.dll                                         	0x7cb000        	C:\Windows\System32\OneCoreUAPCommonProxyStub.dll                                                                               	0x7ffd0c960000        	1       	DynamicLoad         
3060      	svchost.exe         	WINSTA.dll                                                            	0x64000         	C:\Windows\System32\WINSTA.dll                                                                                                  	0x7ffd12880000        	1       	DelayloadDependency 
3060      	svchost.exe         	ENERGY.dll                                                            	0xa9000         	C:\Windows\System32\ENERGY.dll                                                                                                  	0x7ffcff0d0000        	1       	DelayloadDependency 
2436      	Everything.exe      	ntdll.dll                                                             	0x1f8000        	C:\Windows\SYSTEM32\ntdll.dll                                                                                                   	0x7ffd157f0000        	2       	StaticDependency    
2436      	Everything.exe      	wow64.dll                                                             	0x59000         	C:\Windows\System32\wow64.dll                                                                                                   	0x7ffd154f0000        	2       	DynamicLoad         
2436      	Everything.exe      	wow64win.dll                                                          	0x83000         	C:\Windows\System32\wow64win.dll                                                                                                	0x7ffd15670000        	1       	StaticDependency    
2436      	Everything.exe      	wow64cpu.dll                                                          	0xa000          	C:\Windows\System32\wow64cpu.dll                                                                                                	0x77da0000            	1       	DynamicLoad         
2640      	svchost.exe         	ntdll.dll                                                             	0x1f8000        	C:\Windows\SYSTEM32\ntdll.dll                                                                                                   	0x7ffd157f0000        	2       	StaticDependency    
2640      	svchost.exe         	KERNEL32.DLL                                                          	0xbf000         	C:\Windows\System32\KERNEL32.DLL                                                                                                	0x7ffd155b0000        	2       	DynamicLoad         
2640      	svchost.exe         	KERNELBASE.dll                                                        	0x2f6000        	C:\Windows\System32\KERNELBASE.dll                                                                                              	0x7ffd133b0000        	1       	StaticDependency    
2640      	svchost.exe         	sechost.dll                                                           	0x9c000         	C:\Windows\System32\sechost.dll                                                                                                 	0x7ffd15450000        	2       	StaticDependency    
2640      	svchost.exe         	RPCRT4.dll                                                            	0x126000        	C:\Windows\System32\RPCRT4.dll                                                                                                  	0x7ffd13c20000        	2       	StaticDependency    
2640      	svchost.exe         	ucrtbase.dll                                                          	0x100000        	C:\Windows\System32\ucrtbase.dll                                                                                                	0x7ffd13180000        	2       	StaticDependency    
2640      	svchost.exe         	combase.dll                                                           	0x354000        	C:\Windows\System32\combase.dll                                                                                                 	0x7ffd150f0000        	1       	DelayloadDependency 
2640      	svchost.exe         	kernel.appcore.dll                                                    	0x12000         	C:\Windows\SYSTEM32\kernel.appcore.dll                                                                                          	0x7ffd10db0000        	1       	DelayloadDependency 
2640      	svchost.exe         	msvcrt.dll                                                            	0x9e000         	C:\Windows\System32\msvcrt.dll                                                                                                  	0x7ffd13af0000        	1       	StaticDependency    
2640      	svchost.exe         	bcryptPrimitives.dll                                                  	0x82000         	C:\Windows\System32\bcryptPrimitives.dll                                                                                        	0x7ffd132b0000        	3       	DelayloadDependency 
2640      	svchost.exe         	user32.dll                                                            	0x19d000        	C:\Windows\System32\user32.dll                                                                                                  	0x7ffd14e90000        	1       	DelayloadDependency 
2640      	svchost.exe         	win32u.dll                                                            	0x22000         	C:\Windows\System32\win32u.dll                                                                                                  	0x7ffd13820000        	1       	StaticDependency    
2640      	svchost.exe         	GDI32.dll                                                             	0x2c000         	C:\Windows\System32\GDI32.dll                                                                                                   	0x7ffd13bf0000        	1       	StaticDependency    
2640      	svchost.exe         	gdi32full.dll                                                         	0x115000        	C:\Windows\System32\gdi32full.dll                                                                                               	0x7ffd136b0000        	1       	StaticDependency    
2640      	svchost.exe         	msvcp_win.dll                                                         	0x9d000         	C:\Windows\System32\msvcp_win.dll                                                                                               	0x7ffd130e0000        	1       	StaticDependency    
2640      	svchost.exe         	wmisvc.dll                                                            	0x41000         	c:\windows\system32\wbem\wmisvc.dll                                                                                             	0x7ffd04620000        	1       	DynamicLoad         
2640      	svchost.exe         	wbemcomn.dll                                                          	0x90000         	C:\Windows\SYSTEM32\wbemcomn.dll                                                                                                	0x7ffd04590000        	1       	StaticDependency    
2640      	svchost.exe         	WLDP.DLL                                                              	0x2e000         	C:\Windows\SYSTEM32\WLDP.DLL                                                                                                    	0x7ffd12850000        	1       	DynamicLoad         
2640      	svchost.exe         	advapi32.dll                                                          	0xaf000         	C:\Windows\System32\advapi32.dll                                                                                                	0x7ffd15040000        	1       	StaticDependency    
2640      	svchost.exe         	clbcatq.dll                                                           	0xa9000         	C:\Windows\System32\clbcatq.dll                                                                                                 	0x7ffd13d50000        	1       	DelayloadDependency 
2640      	svchost.exe         	WMICLNT.dll                                                           	0x11000         	C:\Windows\SYSTEM32\WMICLNT.dll                                                                                                 	0x7ffd0e100000        	1       	DelayloadDependency 
2640      	svchost.exe         	vssapi.dll                                                            	0x19e000        	C:\Windows\SYSTEM32\vssapi.dll                                                                                                  	0x7ffd04330000        	1       	DelayloadDependency 
2640      	svchost.exe         	WS2_32.dll                                                            	0x6b000         	C:\Windows\System32\WS2_32.dll                                                                                                  	0x7ffd14dc0000        	1       	StaticDependency    
2640      	svchost.exe         	VssTrace.DLL                                                          	0x18000         	C:\Windows\SYSTEM32\VssTrace.DLL                                                                                                	0x7ffd04310000        	1       	StaticDependency    
2640      	svchost.exe         	OLEAUT32.dll                                                          	0xcd000         	C:\Windows\System32\OLEAUT32.dll                                                                                                	0x7ffd13e00000        	1       	DelayloadDependency 
2640      	svchost.exe         	samcli.dll                                                            	0x19000         	C:\Windows\SYSTEM32\samcli.dll                                                                                                  	0x7ffd092d0000        	1       	DelayloadDependency 
2640      	svchost.exe         	netutils.dll                                                          	0xc000          	C:\Windows\SYSTEM32\netutils.dll                                                                                                	0x7ffd123b0000        	1       	DelayloadDependency 
2640      	svchost.exe         	SAMLIB.dll                                                            	0x27000         	C:\Windows\SYSTEM32\SAMLIB.dll                                                                                                  	0x7ffd0eb50000        	1       	DelayloadDependency 
2640      	svchost.exe         	PROPSYS.dll                                                           	0xf6000         	C:\Windows\System32\PROPSYS.dll                                                                                                 	0x7ffd0ea50000        	1       	DelayloadDependency 
2640      	svchost.exe         	wbemcore.dll                                                          	0x1e9000        	C:\Windows\system32\wbem\wbemcore.dll                                                                                           	0x7ffd01030000        	1       	DynamicLoad         
2640      	svchost.exe         	FastProx.dll                                                          	0x10b000        	C:\Windows\system32\wbem\FastProx.dll                                                                                           	0x7ffd00f20000        	1       	StaticDependency    
2640      	svchost.exe         	esscli.dll                                                            	0x7d000         	C:\Windows\system32\wbem\esscli.dll                                                                                             	0x7ffd014a0000        	1       	StaticDependency    
2640      	svchost.exe         	wbemsvc.dll                                                           	0x14000         	C:\Windows\system32\wbem\wbemsvc.dll                                                                                            	0x7ffd00f00000        	1       	DynamicLoad         
2640      	svchost.exe         	authZ.dll                                                             	0x4e000         	C:\Windows\system32\authZ.dll                                                                                                   	0x7ffd11c10000        	1       	DynamicLoad         
2640      	svchost.exe         	wmiutils.dll                                                          	0x28000         	C:\Windows\system32\wbem\wmiutils.dll                                                                                           	0x7ffd00e60000        	1       	DynamicLoad         
2640      	svchost.exe         	repdrvfs.dll                                                          	0x72000         	C:\Windows\system32\wbem\repdrvfs.dll                                                                                           	0x7ffd00de0000        	1       	DynamicLoad         
2640      	svchost.exe         	amsi.dll                                                              	0x1f000         	C:\Windows\SYSTEM32\amsi.dll                                                                                                    	0x7ffd00410000        	1       	DynamicLoad         
2640      	svchost.exe         	USERENV.dll                                                           	0x2e000         	C:\Windows\SYSTEM32\USERENV.dll                                                                                                 	0x7ffd12d90000        	1       	DelayloadDependency 
2640      	svchost.exe         	profapi.dll                                                           	0x1f000         	C:\Windows\SYSTEM32\profapi.dll                                                                                                 	0x7ffd12e10000        	1       	DelayloadDependency 
2640      	svchost.exe         	MpOav.dll                                                             	0xa0000         	C:\ProgramData\Microsoft\Windows Defender\Platform\4.18.25060.7-0\MpOav.dll                                                     	0x7ffd00370000        	1       	DynamicLoad         
2640      	svchost.exe         	ole32.dll                                                             	0x12a000        	C:\Windows\System32\ole32.dll                                                                                                   	0x7ffd140d0000        	1       	StaticDependency    
2640      	svchost.exe         	version.dll                                                           	0xa000          	C:\Windows\system32\version.dll                                                                                                 	0x7ffd0b9b0000        	1       	DynamicLoad         
2640      	svchost.exe         	wmiprvsd.dll                                                          	0xd7000         	C:\Windows\system32\wbem\wmiprvsd.dll                                                                                           	0x7ffd001b0000        	1       	DynamicLoad         
2640      	svchost.exe         	NCObjAPI.DLL                                                          	0x18000         	C:\Windows\SYSTEM32\NCObjAPI.DLL                                                                                                	0x7ffd00190000        	1       	StaticDependency    
2640      	svchost.exe         	wbemess.dll                                                           	0x83000         	C:\Windows\system32\wbem\wbemess.dll                                                                                            	0x7ffd00100000        	1       	DynamicLoad         
2640      	svchost.exe         	cryptsp.dll                                                           	0x18000         	C:\Windows\SYSTEM32\cryptsp.dll                                                                                                 	0x7ffd127a0000        	1       	DelayloadDependency 
2640      	svchost.exe         	rsaenh.dll                                                            	0x34000         	C:\Windows\system32\rsaenh.dll                                                                                                  	0x7ffd11ed0000        	1       	DynamicLoad         
2640      	svchost.exe         	bcrypt.dll                                                            	0x27000         	C:\Windows\System32\bcrypt.dll                                                                                                  	0x7ffd13280000        	2       	StaticDependency    
2640      	svchost.exe         	CRYPTBASE.dll                                                         	0xc000          	C:\Windows\system32\CRYPTBASE.dll                                                                                               	0x7ffd127c0000        	1       	DelayloadDependency 
2640      	svchost.exe         	SspiCli.dll                                                           	0x32000         	C:\Windows\SYSTEM32\SspiCli.dll                                                                                                 	0x7ffd12dc0000        	1       	DelayloadDependency 
2640      	svchost.exe         	ncprov.dll                                                            	0x21000         	C:\Windows\system32\wbem\ncprov.dll                                                                                             	0x7ffd06590000        	1       	DynamicLoad         
3080      	IpOverUsbSvc.e      	ntdll.dll                                                             	0x1f8000        	C:\Windows\SYSTEM32\ntdll.dll                                                                                                   	0x7ffd157f0000        	2       	StaticDependency    
3080      	IpOverUsbSvc.e      	wow64.dll                                                             	0x59000         	C:\Windows\System32\wow64.dll                                                                                                   	0x7ffd154f0000        	2       	DynamicLoad         
3080      	IpOverUsbSvc.e      	wow64win.dll                                                          	0x83000         	C:\Windows\System32\wow64win.dll                                                                                                	0x7ffd15670000        	1       	StaticDependency    
3080      	IpOverUsbSvc.e      	wow64cpu.dll                                                          	0xa000          	C:\Windows\System32\wow64cpu.dll                                                                                                	0x77da0000            	1       	DynamicLoad         
3168      	sqlwriter.exe       	ntdll.dll                                                             	0x1f8000        	C:\Windows\SYSTEM32\ntdll.dll                                                                                                   	0x7ffd157f0000        	2       	StaticDependency    
3168      	sqlwriter.exe       	KERNEL32.DLL                                                          	0xbf000         	C:\Windows\System32\KERNEL32.DLL                                                                                                	0x7ffd155b0000        	2       	DynamicLoad         
3168      	sqlwriter.exe       	KERNELBASE.dll                                                        	0x2f6000        	C:\Windows\System32\KERNELBASE.dll                                                                                              	0x7ffd133b0000        	1       	StaticDependency    
3168      	sqlwriter.exe       	USER32.dll                                                            	0x19d000        	C:\Windows\System32\USER32.dll                                                                                                  	0x7ffd14e90000        	2       	StaticDependency    
3168      	sqlwriter.exe       	win32u.dll                                                            	0x22000         	C:\Windows\System32\win32u.dll                                                                                                  	0x7ffd13820000        	2       	StaticDependency    
3168      	sqlwriter.exe       	GDI32.dll                                                             	0x2c000         	C:\Windows\System32\GDI32.dll                                                                                                   	0x7ffd13bf0000        	2       	StaticDependency    
3168      	sqlwriter.exe       	gdi32full.dll                                                         	0x115000        	C:\Windows\System32\gdi32full.dll                                                                                               	0x7ffd136b0000        	2       	StaticDependency    
3168      	sqlwriter.exe       	msvcp_win.dll                                                         	0x9d000         	C:\Windows\System32\msvcp_win.dll                                                                                               	0x7ffd130e0000        	2       	StaticDependency    
3168      	sqlwriter.exe       	ucrtbase.dll                                                          	0x100000        	C:\Windows\System32\ucrtbase.dll                                                                                                	0x7ffd13180000        	2       	StaticDependency    
3168      	sqlwriter.exe       	ADVAPI32.dll                                                          	0xaf000         	C:\Windows\System32\ADVAPI32.dll                                                                                                	0x7ffd15040000        	2       	StaticDependency    
3168      	sqlwriter.exe       	msvcrt.dll                                                            	0x9e000         	C:\Windows\System32\msvcrt.dll                                                                                                  	0x7ffd13af0000        	2       	StaticDependency    
3168      	sqlwriter.exe       	sechost.dll                                                           	0x9c000         	C:\Windows\System32\sechost.dll                                                                                                 	0x7ffd15450000        	2       	StaticDependency    
3168      	sqlwriter.exe       	RPCRT4.dll                                                            	0x126000        	C:\Windows\System32\RPCRT4.dll                                                                                                  	0x7ffd13c20000        	2       	StaticDependency    
3168      	sqlwriter.exe       	ole32.dll                                                             	0x12a000        	C:\Windows\System32\ole32.dll                                                                                                   	0x7ffd140d0000        	2       	StaticDependency    
3168      	sqlwriter.exe       	combase.dll                                                           	0x354000        	C:\Windows\System32\combase.dll                                                                                                 	0x7ffd150f0000        	2       	StaticDependency    
3168      	sqlwriter.exe       	SHLWAPI.dll                                                           	0x55000         	C:\Windows\System32\SHLWAPI.dll                                                                                                 	0x7ffd15550000        	2       	StaticDependency    
3168      	sqlwriter.exe       	OLEAUT32.dll                                                          	0xcd000         	C:\Windows\System32\OLEAUT32.dll                                                                                                	0x7ffd13e00000        	2       	StaticDependency    
3168      	sqlwriter.exe       	MSVCP140.dll                                                          	0x88000         	C:\Windows\SYSTEM32\MSVCP140.dll                                                                                                	0x7ffd04500000        	2       	StaticDependency    
3168      	sqlwriter.exe       	VCRUNTIME140.dll                                                      	0x1f000         	C:\Windows\SYSTEM32\VCRUNTIME140.dll                                                                                            	0x7ffd044e0000        	2       	StaticDependency    
3168      	sqlwriter.exe       	VCRUNTIME140_1.dll                                                    	0xc000          	C:\Windows\SYSTEM32\VCRUNTIME140_1.dll                                                                                          	0x7ffd044d0000        	2       	StaticDependency    
3168      	sqlwriter.exe       	psapi.dll                                                             	0x8000          	C:\Windows\System32\psapi.dll                                                                                                   	0x7ffd13ae0000        	1       	DynamicLoad         
3168      	sqlwriter.exe       	sqlwvss.dll                                                           	0x67000         	C:\Program Files\Microsoft SQL Server\90\Shared\sqlwvss.dll                                                                     	0x7ffd02c20000        	1       	DynamicLoad         
3168      	sqlwriter.exe       	VSSAPI.DLL                                                            	0x19e000        	C:\Windows\SYSTEM32\VSSAPI.DLL                                                                                                  	0x7ffd04330000        	1       	StaticDependency    
3168      	sqlwriter.exe       	WS2_32.dll                                                            	0x6b000         	C:\Windows\System32\WS2_32.dll                                                                                                  	0x7ffd14dc0000        	1       	StaticDependency    
3168      	sqlwriter.exe       	VssTrace.DLL                                                          	0x18000         	C:\Windows\SYSTEM32\VssTrace.DLL                                                                                                	0x7ffd04310000        	1       	StaticDependency    
3168      	sqlwriter.exe       	kernel.appcore.dll                                                    	0x12000         	C:\Windows\SYSTEM32\kernel.appcore.dll                                                                                          	0x7ffd10db0000        	1       	DelayloadDependency 
3168      	sqlwriter.exe       	bcryptPrimitives.dll                                                  	0x82000         	C:\Windows\System32\bcryptPrimitives.dll                                                                                        	0x7ffd132b0000        	3       	DelayloadDependency 
3168      	sqlwriter.exe       	samcli.dll                                                            	0x19000         	C:\Windows\SYSTEM32\samcli.dll                                                                                                  	0x7ffd092d0000        	1       	DelayloadDependency 
3168      	sqlwriter.exe       	netutils.dll                                                          	0xc000          	C:\Windows\SYSTEM32\netutils.dll                                                                                                	0x7ffd123b0000        	1       	DelayloadDependency 
3168      	sqlwriter.exe       	SAMLIB.dll                                                            	0x27000         	C:\Windows\SYSTEM32\SAMLIB.dll                                                                                                  	0x7ffd0eb50000        	1       	DelayloadDependency 
3168      	sqlwriter.exe       	clbcatq.dll                                                           	0xa9000         	C:\Windows\System32\clbcatq.dll                                                                                                 	0x7ffd13d50000        	1       	DelayloadDependency 
3168      	sqlwriter.exe       	ES.DLL                                                                	0x6c000         	C:\Windows\System32\ES.DLL                                                                                                      	0x7ffd0b7c0000        	1       	DynamicLoad         
3168      	sqlwriter.exe       	PROPSYS.dll                                                           	0xf6000         	C:\Windows\System32\PROPSYS.dll                                                                                                 	0x7ffd0ea50000        	1       	DelayloadDependency 
3184      	svchost.exe         	ntdll.dll                                                             	0x1f8000        	C:\Windows\SYSTEM32\ntdll.dll                                                                                                   	0x7ffd157f0000        	2       	StaticDependency    
3184      	svchost.exe         	KERNEL32.DLL                                                          	0xbf000         	C:\Windows\System32\KERNEL32.DLL                                                                                                	0x7ffd155b0000        	2       	DynamicLoad         
3184      	svchost.exe         	KERNELBASE.dll                                                        	0x2f6000        	C:\Windows\System32\KERNELBASE.dll                                                                                              	0x7ffd133b0000        	1       	StaticDependency    
3184      	svchost.exe         	sechost.dll                                                           	0x9c000         	C:\Windows\System32\sechost.dll                                                                                                 	0x7ffd15450000        	2       	StaticDependency    
3184      	svchost.exe         	RPCRT4.dll                                                            	0x126000        	C:\Windows\System32\RPCRT4.dll                                                                                                  	0x7ffd13c20000        	2       	StaticDependency    
3184      	svchost.exe         	ucrtbase.dll                                                          	0x100000        	C:\Windows\System32\ucrtbase.dll                                                                                                	0x7ffd13180000        	2       	StaticDependency    
3184      	svchost.exe         	combase.dll                                                           	0x354000        	C:\Windows\System32\combase.dll                                                                                                 	0x7ffd150f0000        	1       	DelayloadDependency 
3184      	svchost.exe         	kernel.appcore.dll                                                    	0x12000         	C:\Windows\SYSTEM32\kernel.appcore.dll                                                                                          	0x7ffd10db0000        	1       	DelayloadDependency 
3184      	svchost.exe         	msvcrt.dll                                                            	0x9e000         	C:\Windows\System32\msvcrt.dll                                                                                                  	0x7ffd13af0000        	1       	StaticDependency    
3184      	svchost.exe         	bcryptPrimitives.dll                                                  	0x82000         	C:\Windows\System32\bcryptPrimitives.dll                                                                                        	0x7ffd132b0000        	3       	DelayloadDependency 
3184      	svchost.exe         	user32.dll                                                            	0x19d000        	C:\Windows\System32\user32.dll                                                                                                  	0x7ffd14e90000        	1       	DelayloadDependency 
3184      	svchost.exe         	win32u.dll                                                            	0x22000         	C:\Windows\System32\win32u.dll                                                                                                  	0x7ffd13820000        	1       	StaticDependency    
3184      	svchost.exe         	GDI32.dll                                                             	0x2c000         	C:\Windows\System32\GDI32.dll                                                                                                   	0x7ffd13bf0000        	1       	StaticDependency    
3184      	svchost.exe         	gdi32full.dll                                                         	0x115000        	C:\Windows\System32\gdi32full.dll                                                                                               	0x7ffd136b0000        	1       	StaticDependency    
3184      	svchost.exe         	msvcp_win.dll                                                         	0x9d000         	C:\Windows\System32\msvcp_win.dll                                                                                               	0x7ffd130e0000        	1       	StaticDependency    
3184      	svchost.exe         	trkwks.dll                                                            	0x22000         	c:\windows\system32\trkwks.dll                                                                                                  	0x7ffd02ad0000        	1       	DynamicLoad         
3184      	svchost.exe         	WLDP.DLL                                                              	0x2e000         	C:\Windows\SYSTEM32\WLDP.DLL                                                                                                    	0x7ffd12850000        	1       	DynamicLoad         
3184      	svchost.exe         	advapi32.dll                                                          	0xaf000         	C:\Windows\System32\advapi32.dll                                                                                                	0x7ffd15040000        	1       	StaticDependency    
3184      	svchost.exe         	cfgmgr32.dll                                                          	0x4e000         	C:\Windows\System32\cfgmgr32.dll                                                                                                	0x7ffd137d0000        	1       	DynamicLoad         
3200      	VGAuthService.      	ntdll.dll                                                             	0x1f8000        	C:\Windows\SYSTEM32\ntdll.dll                                                                                                   	0x7ffd157f0000        	2       	StaticDependency    
3200      	VGAuthService.      	KERNEL32.DLL                                                          	0xbf000         	C:\Windows\System32\KERNEL32.DLL                                                                                                	0x7ffd155b0000        	2       	DynamicLoad         
3200      	VGAuthService.      	KERNELBASE.dll                                                        	0x2f6000        	C:\Windows\System32\KERNELBASE.dll                                                                                              	0x7ffd133b0000        	1       	StaticDependency    
3200      	VGAuthService.      	ucrtbase.dll                                                          	0x100000        	C:\Windows\System32\ucrtbase.dll                                                                                                	0x7ffd13180000        	2       	StaticDependency    
3200      	VGAuthService.      	ADVAPI32.dll                                                          	0xaf000         	C:\Windows\System32\ADVAPI32.dll                                                                                                	0x7ffd15040000        	2       	StaticDependency    
3200      	VGAuthService.      	msvcrt.dll                                                            	0x9e000         	C:\Windows\System32\msvcrt.dll                                                                                                  	0x7ffd13af0000        	2       	StaticDependency    
3200      	VGAuthService.      	sechost.dll                                                           	0x9c000         	C:\Windows\System32\sechost.dll                                                                                                 	0x7ffd15450000        	2       	StaticDependency    
3200      	VGAuthService.      	RPCRT4.dll                                                            	0x126000        	C:\Windows\System32\RPCRT4.dll                                                                                                  	0x7ffd13c20000        	2       	StaticDependency    
3200      	VGAuthService.      	WS2_32.dll                                                            	0x6b000         	C:\Windows\System32\WS2_32.dll                                                                                                  	0x7ffd14dc0000        	2       	StaticDependency    
3200      	VGAuthService.      	SHELL32.dll                                                           	0x744000        	C:\Windows\System32\SHELL32.dll                                                                                                 	0x7ffd14200000        	2       	StaticDependency    
3200      	VGAuthService.      	msvcp_win.dll                                                         	0x9d000         	C:\Windows\System32\msvcp_win.dll                                                                                               	0x7ffd130e0000        	2       	StaticDependency    
3200      	VGAuthService.      	USER32.dll                                                            	0x19d000        	C:\Windows\System32\USER32.dll                                                                                                  	0x7ffd14e90000        	2       	StaticDependency    
3200      	VGAuthService.      	win32u.dll                                                            	0x22000         	C:\Windows\System32\win32u.dll                                                                                                  	0x7ffd13820000        	2       	StaticDependency    
3200      	VGAuthService.      	GDI32.dll                                                             	0x2c000         	C:\Windows\System32\GDI32.dll                                                                                                   	0x7ffd13bf0000        	2       	StaticDependency    
3200      	VGAuthService.      	gdi32full.dll                                                         	0x115000        	C:\Windows\System32\gdi32full.dll                                                                                               	0x7ffd136b0000        	2       	StaticDependency    
3200      	VGAuthService.      	VCRUNTIME140.dll                                                      	0x1f000         	C:\Windows\SYSTEM32\VCRUNTIME140.dll                                                                                            	0x7ffd044e0000        	2       	StaticDependency    
3200      	VGAuthService.      	glib-2.0-0.dll                                                        	0x14b000        	C:\Program Files\VMware\VMware Tools\VMware VGAuth\glib-2.0-0.dll                                                               	0x7ffd041c0000        	2       	StaticDependency    
3200      	VGAuthService.      	ole32.dll                                                             	0x12a000        	C:\Windows\System32\ole32.dll                                                                                                   	0x7ffd140d0000        	2       	StaticDependency    
3200      	VGAuthService.      	combase.dll                                                           	0x354000        	C:\Windows\System32\combase.dll                                                                                                 	0x7ffd150f0000        	2       	StaticDependency    
3200      	VGAuthService.      	NETAPI32.dll                                                          	0x19000         	C:\Windows\SYSTEM32\NETAPI32.dll                                                                                                	0x7ffd041a0000        	2       	StaticDependency    
3200      	VGAuthService.      	libcrypto-3-x64.dll                                                   	0x4f5000        	C:\Program Files\VMware\VMware Tools\VMware VGAuth\libcrypto-3-x64.dll                                                          	0x7ffd03ca0000        	2       	StaticDependency    
3200      	VGAuthService.      	bcrypt.dll                                                            	0x27000         	C:\Windows\System32\bcrypt.dll                                                                                                  	0x7ffd13280000        	2       	StaticDependency    
3200      	VGAuthService.      	libssl-3-x64.dll                                                      	0xc2000         	C:\Program Files\VMware\VMware Tools\VMware VGAuth\libssl-3-x64.dll                                                             	0x7ffd03a60000        	2       	StaticDependency    
3200      	VGAuthService.      	WTSAPI32.dll                                                          	0x14000         	C:\Windows\SYSTEM32\WTSAPI32.dll                                                                                                	0x7ffd0ebb0000        	2       	StaticDependency    
3200      	VGAuthService.      	libxml2.dll                                                           	0x242000        	C:\Program Files\VMware\VMware Tools\VMware VGAuth\libxml2.dll                                                                  	0x7ffd037a0000        	2       	StaticDependency    
3200      	VGAuthService.      	libxmlsec.dll                                                         	0x79000         	C:\Program Files\VMware\VMware Tools\VMware VGAuth\libxmlsec.dll                                                                	0x7ffd03630000        	2       	StaticDependency    
3200      	VGAuthService.      	libxmlsec-openssl.dll                                                 	0x55000         	C:\Program Files\VMware\VMware Tools\VMware VGAuth\libxmlsec-openssl.dll                                                        	0x7ffd033e0000        	2       	StaticDependency    
3200      	VGAuthService.      	Secur32.dll                                                           	0xc000          	C:\Windows\SYSTEM32\Secur32.dll                                                                                                 	0x7ffd05e80000        	2       	StaticDependency    
3200      	VGAuthService.      	intl.dll                                                              	0x18000         	C:\Program Files\VMware\VMware Tools\VMware VGAuth\intl.dll                                                                     	0x7ffd03360000        	2       	StaticDependency    
3200      	VGAuthService.      	pcre2-8.dll                                                           	0x5a000         	C:\Program Files\VMware\VMware Tools\VMware VGAuth\pcre2-8.dll                                                                  	0x7ffd032c0000        	2       	StaticDependency    
3200      	VGAuthService.      	WSOCK32.dll                                                           	0x9000          	C:\Windows\SYSTEM32\WSOCK32.dll                                                                                                 	0x7ffd032b0000        	2       	StaticDependency    
3200      	VGAuthService.      	SAMCLI.DLL                                                            	0x19000         	C:\Windows\SYSTEM32\SAMCLI.DLL                                                                                                  	0x7ffd092d0000        	2       	StaticForwarderDependency
3200      	VGAuthService.      	NETUTILS.DLL                                                          	0xc000          	C:\Windows\SYSTEM32\NETUTILS.DLL                                                                                                	0x7ffd123b0000        	2       	StaticForwarderDependency
3200      	VGAuthService.      	SSPICLI.DLL                                                           	0x32000         	C:\Windows\SYSTEM32\SSPICLI.DLL                                                                                                 	0x7ffd12dc0000        	2       	StaticForwarderDependency
3200      	VGAuthService.      	dbghelp.dll                                                           	0x1e4000        	C:\Windows\SYSTEM32\dbghelp.dll                                                                                                 	0x7ffd03440000        	1       	DynamicLoad         
3200      	VGAuthService.      	dbgcore.DLL                                                           	0x34000         	C:\Windows\SYSTEM32\dbgcore.DLL                                                                                                 	0x7ffd03320000        	1       	DynamicForwarderDependency
3200      	VGAuthService.      	ntmarta.dll                                                           	0x33000         	C:\Windows\SYSTEM32\ntmarta.dll                                                                                                 	0x7ffd11f60000        	1       	DelayloadDependency 
3200      	VGAuthService.      	vsocklib.dll                                                          	0xa000          	C:\Windows\system32\vsocklib.dll                                                                                                	0x7ffd02c10000        	1       	DynamicLoad         
3200      	VGAuthService.      	windows.storage.dll                                                   	0x793000        	C:\Windows\SYSTEM32\windows.storage.dll                                                                                         	0x7ffd10fb0000        	1       	DelayloadDependency 
3200      	VGAuthService.      	Wldp.dll                                                              	0x2e000         	C:\Windows\SYSTEM32\Wldp.dll                                                                                                    	0x7ffd12850000        	1       	StaticDependency    
3200      	VGAuthService.      	SHCORE.dll                                                            	0xad000         	C:\Windows\System32\SHCORE.dll                                                                                                  	0x7ffd13880000        	1       	DelayloadDependency 
3200      	VGAuthService.      	shlwapi.dll                                                           	0x55000         	C:\Windows\System32\shlwapi.dll                                                                                                 	0x7ffd15550000        	1       	DelayloadDependency 
3212      	svchost.exe         	ntdll.dll                                                             	0x1f8000        	C:\Windows\SYSTEM32\ntdll.dll                                                                                                   	0x7ffd157f0000        	2       	StaticDependency    
3212      	svchost.exe         	KERNEL32.DLL                                                          	0xbf000         	C:\Windows\System32\KERNEL32.DLL                                                                                                	0x7ffd155b0000        	2       	DynamicLoad         
3212      	svchost.exe         	KERNELBASE.dll                                                        	0x2f6000        	C:\Windows\System32\KERNELBASE.dll                                                                                              	0x7ffd133b0000        	1       	StaticDependency    
3212      	svchost.exe         	sechost.dll                                                           	0x9c000         	C:\Windows\System32\sechost.dll                                                                                                 	0x7ffd15450000        	2       	StaticDependency    
3212      	svchost.exe         	RPCRT4.dll                                                            	0x126000        	C:\Windows\System32\RPCRT4.dll                                                                                                  	0x7ffd13c20000        	2       	StaticDependency    
3212      	svchost.exe         	ucrtbase.dll                                                          	0x100000        	C:\Windows\System32\ucrtbase.dll                                                                                                	0x7ffd13180000        	2       	StaticDependency    
3212      	svchost.exe         	combase.dll                                                           	0x354000        	C:\Windows\System32\combase.dll                                                                                                 	0x7ffd150f0000        	1       	DelayloadDependency 
3212      	svchost.exe         	kernel.appcore.dll                                                    	0x12000         	C:\Windows\SYSTEM32\kernel.appcore.dll                                                                                          	0x7ffd10db0000        	1       	DelayloadDependency 
3212      	svchost.exe         	msvcrt.dll                                                            	0x9e000         	C:\Windows\System32\msvcrt.dll                                                                                                  	0x7ffd13af0000        	1       	StaticDependency    
3212      	svchost.exe         	bcryptPrimitives.dll                                                  	0x82000         	C:\Windows\System32\bcryptPrimitives.dll                                                                                        	0x7ffd132b0000        	3       	DelayloadDependency 
3212      	svchost.exe         	user32.dll                                                            	0x19d000        	C:\Windows\System32\user32.dll                                                                                                  	0x7ffd14e90000        	1       	DelayloadDependency 
3212      	svchost.exe         	win32u.dll                                                            	0x22000         	C:\Windows\System32\win32u.dll                                                                                                  	0x7ffd13820000        	1       	StaticDependency    
3212      	svchost.exe         	GDI32.dll                                                             	0x2c000         	C:\Windows\System32\GDI32.dll                                                                                                   	0x7ffd13bf0000        	1       	StaticDependency    
3212      	svchost.exe         	gdi32full.dll                                                         	0x115000        	C:\Windows\System32\gdi32full.dll                                                                                               	0x7ffd136b0000        	1       	StaticDependency    
3212      	svchost.exe         	msvcp_win.dll                                                         	0x9d000         	C:\Windows\System32\msvcp_win.dll                                                                                               	0x7ffd130e0000        	1       	StaticDependency    
3212      	svchost.exe         	srvsvc.dll                                                            	0x51000         	c:\windows\system32\srvsvc.dll                                                                                                  	0x7ffd02bb0000        	1       	DynamicLoad         
3212      	svchost.exe         	cfgmgr32.dll                                                          	0x4e000         	C:\Windows\System32\cfgmgr32.dll                                                                                                	0x7ffd137d0000        	1       	StaticDependency    
3212      	svchost.exe         	WS2_32.dll                                                            	0x6b000         	C:\Windows\System32\WS2_32.dll                                                                                                  	0x7ffd14dc0000        	1       	StaticDependency    
3212      	svchost.exe         	CRYPT32.dll                                                           	0x15e000        	C:\Windows\System32\CRYPT32.dll                                                                                                 	0x7ffd12f80000        	1       	StaticDependency    
3212      	svchost.exe         	WLDP.DLL                                                              	0x2e000         	C:\Windows\SYSTEM32\WLDP.DLL                                                                                                    	0x7ffd12850000        	1       	DynamicLoad         
3212      	svchost.exe         	advapi32.dll                                                          	0xaf000         	C:\Windows\System32\advapi32.dll                                                                                                	0x7ffd15040000        	1       	StaticDependency    
3212      	svchost.exe         	netutils.dll                                                          	0xc000          	c:\windows\system32\netutils.dll                                                                                                	0x7ffd123b0000        	1       	DelayloadDependency 
3212      	svchost.exe         	SSCORE.DLL                                                            	0x11000         	C:\Windows\system32\SSCORE.DLL                                                                                                  	0x7ffd02590000        	1       	DynamicLoad         
3212      	svchost.exe         	sscoreext.dll                                                         	0x9000          	C:\Windows\SYSTEM32\sscoreext.dll                                                                                               	0x7ffd02570000        	1       	DelayloadDependency 
3212      	svchost.exe         	mi.dll                                                                	0x23000         	C:\Windows\system32\mi.dll                                                                                                      	0x7ffd02540000        	1       	DelayloadDependency 
3212      	svchost.exe         	miutils.dll                                                           	0x60000         	C:\Windows\system32\miutils.dll                                                                                                 	0x7ffd024e0000        	1       	StaticDependency    
3212      	svchost.exe         	wmidcom.dll                                                           	0x31000         	C:\Windows\system32\wmidcom.dll                                                                                                 	0x7ffd02490000        	1       	DynamicLoad         
3212      	svchost.exe         	SspiCli.dll                                                           	0x32000         	C:\Windows\system32\SspiCli.dll                                                                                                 	0x7ffd12dc0000        	1       	StaticDependency    
3212      	svchost.exe         	DPAPI.DLL                                                             	0xa000          	C:\Windows\system32\DPAPI.DLL                                                                                                   	0x7ffd12c80000        	1       	StaticForwarderDependency
3212      	svchost.exe         	FirewallAPI.DLL                                                       	0xa1000         	C:\Windows\system32\FirewallAPI.DLL                                                                                             	0x7ffd11af0000        	1       	DynamicLoad         
3212      	svchost.exe         	DNSAPI.dll                                                            	0xcb000         	C:\Windows\system32\DNSAPI.dll                                                                                                  	0x7ffd122e0000        	1       	StaticDependency    
3212      	svchost.exe         	IPHLPAPI.DLL                                                          	0x3c000         	C:\Windows\SYSTEM32\IPHLPAPI.DLL                                                                                                	0x7ffd122a0000        	1       	DelayloadDependency 
3212      	svchost.exe         	NSI.dll                                                               	0x8000          	C:\Windows\System32\NSI.dll                                                                                                     	0x7ffd13870000        	1       	DelayloadDependency 
3212      	svchost.exe         	fwbase.dll                                                            	0x3a000         	C:\Windows\system32\fwbase.dll                                                                                                  	0x7ffd11ab0000        	1       	DelayloadDependency 
3212      	svchost.exe         	RESUTILS.DLL                                                          	0x9c000         	C:\Windows\system32\RESUTILS.DLL                                                                                                	0x7ffd02640000        	1       	DynamicLoad         
3212      	svchost.exe         	bcrypt.dll                                                            	0x27000         	C:\Windows\System32\bcrypt.dll                                                                                                  	0x7ffd13280000        	2       	StaticDependency    
3212      	svchost.exe         	CLUSAPI.dll                                                           	0x10a000        	C:\Windows\system32\CLUSAPI.dll                                                                                                 	0x7ffd020f0000        	1       	StaticDependency    
3212      	svchost.exe         	DSROLE.dll                                                            	0xa000          	c:\windows\system32\DSROLE.dll                                                                                                  	0x7ffd0e670000        	1       	DelayloadDependency 
3212      	svchost.exe         	mswsock.dll                                                           	0x6a000         	C:\Windows\system32\mswsock.dll                                                                                                 	0x7ffd125b0000        	1       	DynamicLoad         
3212      	svchost.exe         	rasadhlp.dll                                                          	0xa000          	C:\Windows\System32\rasadhlp.dll                                                                                                	0x7ffd06b20000        	1       	DynamicLoad         
3212      	svchost.exe         	USERENV.dll                                                           	0x2e000         	c:\windows\system32\USERENV.dll                                                                                                 	0x7ffd12d90000        	1       	DelayloadDependency 
3212      	svchost.exe         	gpapi.dll                                                             	0x23000         	C:\Windows\SYSTEM32\gpapi.dll                                                                                                   	0x7ffd11760000        	1       	DelayloadDependency 
3212      	svchost.exe         	OLEAUT32.dll                                                          	0xcd000         	C:\Windows\System32\OLEAUT32.dll                                                                                                	0x7ffd13e00000        	1       	DelayloadDependency 
3212      	svchost.exe         	clbcatq.dll                                                           	0xa9000         	C:\Windows\System32\clbcatq.dll                                                                                                 	0x7ffd13d50000        	1       	DelayloadDependency 
3212      	svchost.exe         	FWPolicyIOMgr.dll                                                     	0x51000         	C:\Windows\system32\FWPolicyIOMgr.dll                                                                                           	0x7ffd052b0000        	1       	DelayloadDependency 
3224      	vmtoolsd.exe        	ntdll.dll                                                             	0x1f8000        	C:\Windows\SYSTEM32\ntdll.dll                                                                                                   	0x7ffd157f0000        	2       	StaticDependency    
3224      	vmtoolsd.exe        	KERNEL32.DLL                                                          	0xbf000         	C:\Windows\System32\KERNEL32.DLL                                                                                                	0x7ffd155b0000        	2       	DynamicLoad         
3224      	vmtoolsd.exe        	KERNELBASE.dll                                                        	0x2f6000        	C:\Windows\System32\KERNELBASE.dll                                                                                              	0x7ffd133b0000        	1       	StaticDependency    
3224      	vmtoolsd.exe        	ADVAPI32.dll                                                          	0xaf000         	C:\Windows\System32\ADVAPI32.dll                                                                                                	0x7ffd15040000        	2       	StaticDependency    
3224      	vmtoolsd.exe        	msvcrt.dll                                                            	0x9e000         	C:\Windows\System32\msvcrt.dll                                                                                                  	0x7ffd13af0000        	2       	StaticDependency    
3224      	vmtoolsd.exe        	sechost.dll                                                           	0x9c000         	C:\Windows\System32\sechost.dll                                                                                                 	0x7ffd15450000        	2       	StaticDependency    
3224      	vmtoolsd.exe        	RPCRT4.dll                                                            	0x126000        	C:\Windows\System32\RPCRT4.dll                                                                                                  	0x7ffd13c20000        	2       	StaticDependency    
3224      	vmtoolsd.exe        	ole32.dll                                                             	0x12a000        	C:\Windows\System32\ole32.dll                                                                                                   	0x7ffd140d0000        	2       	StaticDependency    
3224      	vmtoolsd.exe        	ucrtbase.dll                                                          	0x100000        	C:\Windows\System32\ucrtbase.dll                                                                                                	0x7ffd13180000        	2       	StaticDependency    
3224      	vmtoolsd.exe        	combase.dll                                                           	0x354000        	C:\Windows\System32\combase.dll                                                                                                 	0x7ffd150f0000        	2       	StaticDependency    
3224      	vmtoolsd.exe        	GDI32.dll                                                             	0x2c000         	C:\Windows\System32\GDI32.dll                                                                                                   	0x7ffd13bf0000        	2       	StaticDependency    
3224      	vmtoolsd.exe        	win32u.dll                                                            	0x22000         	C:\Windows\System32\win32u.dll                                                                                                  	0x7ffd13820000        	2       	StaticDependency    
3224      	vmtoolsd.exe        	gdi32full.dll                                                         	0x115000        	C:\Windows\System32\gdi32full.dll                                                                                               	0x7ffd136b0000        	2       	StaticDependency    
3224      	vmtoolsd.exe        	msvcp_win.dll                                                         	0x9d000         	C:\Windows\System32\msvcp_win.dll                                                                                               	0x7ffd130e0000        	2       	StaticDependency    
3224      	vmtoolsd.exe        	USER32.dll                                                            	0x19d000        	C:\Windows\System32\USER32.dll                                                                                                  	0x7ffd14e90000        	2       	StaticDependency    
3224      	vmtoolsd.exe        	WS2_32.dll                                                            	0x6b000         	C:\Windows\System32\WS2_32.dll                                                                                                  	0x7ffd14dc0000        	2       	StaticDependency    
3224      	vmtoolsd.exe        	VERSION.dll                                                           	0xa000          	C:\Windows\SYSTEM32\VERSION.dll                                                                                                 	0x7ffd0b9b0000        	2       	StaticDependency    
3224      	vmtoolsd.exe        	intl.dll                                                              	0x18000         	C:\Program Files\VMware\VMware Tools\intl.dll                                                                                   	0x7ffd03c80000        	2       	StaticDependency    
3224      	vmtoolsd.exe        	glib-2.0-0.dll                                                        	0x14b000        	C:\Program Files\VMware\VMware Tools\glib-2.0-0.dll                                                                             	0x7ffd03b30000        	2       	StaticDependency    
3224      	vmtoolsd.exe        	SHELL32.dll                                                           	0x744000        	C:\Windows\System32\SHELL32.dll                                                                                                 	0x7ffd14200000        	2       	StaticDependency    
3224      	vmtoolsd.exe        	gmodule-2.0-0.dll                                                     	0xa000          	C:\Program Files\VMware\VMware Tools\gmodule-2.0-0.dll                                                                          	0x7ffd03a50000        	2       	StaticDependency    
3224      	vmtoolsd.exe        	gobject-2.0-0.dll                                                     	0x54000         	C:\Program Files\VMware\VMware Tools\gobject-2.0-0.dll                                                                          	0x7ffd039f0000        	2       	StaticDependency    
3224      	vmtoolsd.exe        	vmtools.dll                                                           	0xe4000         	C:\Program Files\VMware\VMware Tools\vmtools.dll                                                                                	0x7ffd036b0000        	2       	StaticDependency    
3224      	vmtoolsd.exe        	OLEAUT32.dll                                                          	0xcd000         	C:\Windows\System32\OLEAUT32.dll                                                                                                	0x7ffd13e00000        	2       	StaticDependency    
3224      	vmtoolsd.exe        	CRYPT32.dll                                                           	0x15e000        	C:\Windows\System32\CRYPT32.dll                                                                                                 	0x7ffd12f80000        	2       	StaticDependency    
3224      	vmtoolsd.exe        	WINTRUST.dll                                                          	0x67000         	C:\Windows\System32\WINTRUST.dll                                                                                                	0x7ffd13340000        	2       	StaticDependency    
3224      	vmtoolsd.exe        	VCRUNTIME140_1.dll                                                    	0xc000          	C:\Windows\SYSTEM32\VCRUNTIME140_1.dll                                                                                          	0x7ffd044d0000        	2       	StaticDependency    
3224      	vmtoolsd.exe        	VCRUNTIME140.dll                                                      	0x1f000         	C:\Windows\SYSTEM32\VCRUNTIME140.dll                                                                                            	0x7ffd044e0000        	2       	StaticDependency    
3224      	vmtoolsd.exe        	pcre2-8.dll                                                           	0x5a000         	C:\Program Files\VMware\VMware Tools\pcre2-8.dll                                                                                	0x7ffd03380000        	2       	StaticDependency    
3224      	vmtoolsd.exe        	MSASN1.dll                                                            	0x12000         	C:\Windows\SYSTEM32\MSASN1.dll                                                                                                  	0x7ffd12a50000        	1       	DelayloadDependency 
3224      	vmtoolsd.exe        	IpHlpApi.dll                                                          	0x3c000         	C:\Windows\SYSTEM32\IpHlpApi.dll                                                                                                	0x7ffd122a0000        	1       	DynamicLoad         
3224      	vmtoolsd.exe        	SspiCli.dll                                                           	0x32000         	C:\Windows\SYSTEM32\SspiCli.dll                                                                                                 	0x7ffd12dc0000        	1       	DelayloadDependency 
3224      	vmtoolsd.exe        	ntmarta.dll                                                           	0x33000         	C:\Windows\SYSTEM32\ntmarta.dll                                                                                                 	0x7ffd11f60000        	1       	DelayloadDependency 
3224      	vmtoolsd.exe        	windows.storage.dll                                                   	0x793000        	C:\Windows\SYSTEM32\windows.storage.dll                                                                                         	0x7ffd10fb0000        	1       	DelayloadDependency 
3224      	vmtoolsd.exe        	Wldp.dll                                                              	0x2e000         	C:\Windows\SYSTEM32\Wldp.dll                                                                                                    	0x7ffd12850000        	1       	StaticDependency    
3224      	vmtoolsd.exe        	SHCORE.dll                                                            	0xad000         	C:\Windows\System32\SHCORE.dll                                                                                                  	0x7ffd13880000        	1       	DelayloadDependency 
3224      	vmtoolsd.exe        	shlwapi.dll                                                           	0x55000         	C:\Windows\System32\shlwapi.dll                                                                                                 	0x7ffd15550000        	1       	DelayloadDependency 
3224      	vmtoolsd.exe        	profapi.dll                                                           	0x1f000         	C:\Windows\SYSTEM32\profapi.dll                                                                                                 	0x7ffd12e10000        	1       	DelayloadDependency 
3224      	vmtoolsd.exe        	kernel.appcore.dll                                                    	0x12000         	C:\Windows\SYSTEM32\kernel.appcore.dll                                                                                          	0x7ffd10db0000        	1       	DynamicLoad         
3224      	vmtoolsd.exe        	vsocklib.dll                                                          	0xa000          	C:\Windows\system32\vsocklib.dll                                                                                                	0x7ffd02c10000        	1       	DynamicLoad         
3224      	vmtoolsd.exe        	guestStoreClient.dll                                                  	0x59000         	C:\Program Files\VMware\VMware Tools\guestStoreClient.dll                                                                       	0x7ffd02950000        	1       	DynamicLoad         
3224      	vmtoolsd.exe        	hgfsServer.dll                                                        	0x89000         	C:\Program Files\VMware\VMware Tools\plugins\common\hgfsServer.dll                                                              	0x7ffd028c0000        	1       	DynamicLoad         
3224      	vmtoolsd.exe        	MPR.dll                                                               	0x1d000         	C:\Windows\SYSTEM32\MPR.dll                                                                                                     	0x7ffd02ca0000        	1       	StaticDependency    
3224      	vmtoolsd.exe        	hgfs.dll                                                              	0x2a000         	C:\Program Files\VMware\VMware Tools\hgfs.dll                                                                                   	0x7ffd02b00000        	1       	StaticDependency    
3224      	vmtoolsd.exe        	hgfsUsability.dll                                                     	0xd000          	C:\Program Files\VMware\VMware Tools\plugins\common\hgfsUsability.dll                                                           	0x7ffd028b0000        	1       	DynamicLoad         
3224      	vmtoolsd.exe        	USERENV.dll                                                           	0x2e000         	C:\Windows\SYSTEM32\USERENV.dll                                                                                                 	0x7ffd12d90000        	1       	StaticDependency    
3224      	vmtoolsd.exe        	vix.dll                                                               	0x103000        	C:\Program Files\VMware\VMware Tools\plugins\common\vix.dll                                                                     	0x7ffd027a0000        	1       	DynamicLoad         
3224      	vmtoolsd.exe        	Secur32.dll                                                           	0xc000          	C:\Windows\SYSTEM32\Secur32.dll                                                                                                 	0x7ffd05e80000        	1       	StaticDependency    
3224      	vmtoolsd.exe        	NETAPI32.dll                                                          	0x19000         	C:\Windows\SYSTEM32\NETAPI32.dll                                                                                                	0x7ffd041a0000        	1       	StaticDependency    
3224      	vmtoolsd.exe        	NETUTILS.DLL                                                          	0xc000          	C:\Windows\SYSTEM32\NETUTILS.DLL                                                                                                	0x7ffd123b0000        	1       	StaticForwarderDependency
3224      	vmtoolsd.exe        	SAMCLI.DLL                                                            	0x19000         	C:\Windows\SYSTEM32\SAMCLI.DLL                                                                                                  	0x7ffd092d0000        	1       	StaticForwarderDependency
3224      	vmtoolsd.exe        	appInfo.dll                                                           	0xb000          	C:\Program Files\VMware\VMware Tools\plugins\vmsvc\appInfo.dll                                                                  	0x7ffd02790000        	1       	DynamicLoad         
3224      	vmtoolsd.exe        	PSAPI.DLL                                                             	0x8000          	C:\Windows\System32\PSAPI.DLL                                                                                                   	0x7ffd13ae0000        	1       	StaticDependency    
3224      	vmtoolsd.exe        	autoLogon.dll                                                         	0xc000          	C:\Program Files\VMware\VMware Tools\plugins\vmsvc\autoLogon.dll                                                                	0x7ffd02780000        	1       	DynamicLoad         
3224      	vmtoolsd.exe        	MSVCP140.dll                                                          	0x88000         	C:\Windows\SYSTEM32\MSVCP140.dll                                                                                                	0x7ffd04500000        	1       	StaticDependency    
3224      	vmtoolsd.exe        	autoUpgrade.dll                                                       	0x9000          	C:\Program Files\VMware\VMware Tools\plugins\vmsvc\autoUpgrade.dll                                                              	0x7ffd02720000        	1       	DynamicLoad         
3224      	vmtoolsd.exe        	WTSAPI32.dll                                                          	0x14000         	C:\Windows\SYSTEM32\WTSAPI32.dll                                                                                                	0x7ffd0ebb0000        	1       	StaticDependency    
3224      	vmtoolsd.exe        	bitMapper.dll                                                         	0xa000          	C:\Program Files\VMware\VMware Tools\plugins\vmsvc\bitMapper.dll                                                                	0x7ffd02710000        	1       	DynamicLoad         
3224      	vmtoolsd.exe        	componentMgr.dll                                                      	0xb000          	C:\Program Files\VMware\VMware Tools\plugins\vmsvc\componentMgr.dll                                                             	0x7ffd02700000        	1       	DynamicLoad         
3224      	vmtoolsd.exe        	bcrypt.dll                                                            	0x27000         	C:\Windows\System32\bcrypt.dll                                                                                                  	0x7ffd13280000        	2       	StaticDependency    
3224      	vmtoolsd.exe        	deviceHelper.dll                                                      	0xe000          	C:\Program Files\VMware\VMware Tools\plugins\vmsvc\deviceHelper.dll                                                             	0x7ffd02580000        	1       	DynamicLoad         
3224      	vmtoolsd.exe        	CFGMGR32.dll                                                          	0x4e000         	C:\Windows\System32\CFGMGR32.dll                                                                                                	0x7ffd137d0000        	1       	StaticDependency    
3224      	vmtoolsd.exe        	mi.dll                                                                	0x23000         	C:\Windows\SYSTEM32\mi.dll                                                                                                      	0x7ffd02540000        	1       	StaticDependency    
3224      	vmtoolsd.exe        	miutils.dll                                                           	0x60000         	C:\Windows\SYSTEM32\miutils.dll                                                                                                 	0x7ffd024e0000        	1       	StaticDependency    
3224      	vmtoolsd.exe        	diskWiper.dll                                                         	0x9000          	C:\Program Files\VMware\VMware Tools\plugins\vmsvc\diskWiper.dll                                                                	0x7ffd02480000        	1       	DynamicLoad         
3224      	vmtoolsd.exe        	guestInfo.dll                                                         	0x32000         	C:\Program Files\VMware\VMware Tools\plugins\vmsvc\guestInfo.dll                                                                	0x7ffd02430000        	1       	DynamicLoad         
3224      	vmtoolsd.exe        	hwUpgradeHelper.dll                                                   	0x1f000         	C:\Program Files\VMware\VMware Tools\plugins\vmsvc\hwUpgradeHelper.dll                                                          	0x7ffd02250000        	1       	DynamicLoad         
3224      	vmtoolsd.exe        	SETUPAPI.dll                                                          	0x468000        	C:\Windows\System32\SETUPAPI.dll                                                                                                	0x7ffd14950000        	1       	StaticDependency    
3224      	vmtoolsd.exe        	powerOps.dll                                                          	0x9000          	C:\Program Files\VMware\VMware Tools\plugins\vmsvc\powerOps.dll                                                                 	0x7ffd02240000        	1       	DynamicLoad         
3224      	vmtoolsd.exe        	resolutionSet.dll                                                     	0xd000          	C:\Program Files\VMware\VMware Tools\plugins\vmsvc\resolutionSet.dll                                                            	0x7ffd02230000        	1       	DynamicLoad         
3224      	vmtoolsd.exe        	timeSync.dll                                                          	0xa000          	C:\Program Files\VMware\VMware Tools\plugins\vmsvc\timeSync.dll                                                                 	0x7ffd02220000        	1       	DynamicLoad         
3224      	vmtoolsd.exe        	vmbackup.dll                                                          	0x11000         	C:\Program Files\VMware\VMware Tools\plugins\vmsvc\vmbackup.dll                                                                 	0x7ffd02200000        	1       	DynamicLoad         
3224      	vmtoolsd.exe        	bcryptPrimitives.dll                                                  	0x82000         	C:\Windows\System32\bcryptPrimitives.dll                                                                                        	0x7ffd132b0000        	3       	DelayloadDependency 
3224      	vmtoolsd.exe        	clbcatq.dll                                                           	0xa9000         	C:\Windows\System32\clbcatq.dll                                                                                                 	0x7ffd13d50000        	1       	DelayloadDependency 
3224      	vmtoolsd.exe        	CRYPTBASE.DLL                                                         	0xc000          	C:\Windows\SYSTEM32\CRYPTBASE.DLL                                                                                               	0x7ffd127c0000        	1       	DynamicForwarderDependency
3224      	vmtoolsd.exe        	NSI.dll                                                               	0x8000          	C:\Windows\System32\NSI.dll                                                                                                     	0x7ffd13870000        	1       	DelayloadDependency 
3224      	vmtoolsd.exe        	dhcpcsvc6.DLL                                                         	0x17000         	C:\Windows\SYSTEM32\dhcpcsvc6.DLL                                                                                               	0x7ffd0b670000        	1       	DelayloadDependency 
3224      	vmtoolsd.exe        	dhcpcsvc.DLL                                                          	0x1d000         	C:\Windows\SYSTEM32\dhcpcsvc.DLL                                                                                                	0x7ffd0b650000        	1       	DelayloadDependency 
3224      	vmtoolsd.exe        	DNSAPI.dll                                                            	0xcb000         	C:\Windows\SYSTEM32\DNSAPI.dll                                                                                                  	0x7ffd122e0000        	2       	DelayloadDependency 
3224      	vmtoolsd.exe        	mswsock.dll                                                           	0x6a000         	C:\Windows\system32\mswsock.dll                                                                                                 	0x7ffd125b0000        	1       	DynamicLoad         
3224      	vmtoolsd.exe        	wbemprox.dll                                                          	0x11000         	C:\Windows\system32\wbem\wbemprox.dll                                                                                           	0x7ffd025c0000        	1       	DynamicLoad         
3224      	vmtoolsd.exe        	wbemcomn.dll                                                          	0x90000         	C:\Windows\SYSTEM32\wbemcomn.dll                                                                                                	0x7ffd04590000        	1       	StaticDependency    
3224      	vmtoolsd.exe        	wbemsvc.dll                                                           	0x14000         	C:\Windows\system32\wbem\wbemsvc.dll                                                                                            	0x7ffd00f00000        	1       	DynamicLoad         
3224      	vmtoolsd.exe        	comsvcs.dll                                                           	0x1aa000        	C:\Windows\System32\comsvcs.dll                                                                                                 	0x7ffd012e0000        	1       	DynamicLoad         
3224      	vmtoolsd.exe        	CRYPTSP.dll                                                           	0x18000         	C:\Windows\SYSTEM32\CRYPTSP.dll                                                                                                 	0x7ffd127a0000        	1       	DelayloadDependency 
3224      	vmtoolsd.exe        	rsaenh.dll                                                            	0x34000         	C:\Windows\system32\rsaenh.dll                                                                                                  	0x7ffd11ed0000        	1       	DynamicLoad         
3224      	vmtoolsd.exe        	sxs.dll                                                               	0xa2000         	C:\Windows\SYSTEM32\sxs.dll                                                                                                     	0x7ffd12ce0000        	1       	DelayloadDependency 
3224      	vmtoolsd.exe        	fastprox.dll                                                          	0x10b000        	C:\Windows\system32\wbem\fastprox.dll                                                                                           	0x7ffd00f20000        	1       	DynamicLoad         
3224      	vmtoolsd.exe        	amsi.dll                                                              	0x1f000         	C:\Windows\SYSTEM32\amsi.dll                                                                                                    	0x7ffd00410000        	1       	DynamicLoad         
3224      	vmtoolsd.exe        	MpOav.dll                                                             	0xa0000         	C:\ProgramData\Microsoft\Windows Defender\Platform\4.18.25060.7-0\MpOav.dll                                                     	0x7ffd00370000        	1       	DynamicLoad         
3224      	vmtoolsd.exe        	WINNSI.DLL                                                            	0xb000          	C:\Windows\SYSTEM32\WINNSI.DLL                                                                                                  	0x7ffd0b6b0000        	1       	DelayloadDependency 
3236      	vm3dservice.ex      	ntdll.dll                                                             	0x1f8000        	C:\Windows\SYSTEM32\ntdll.dll                                                                                                   	0x7ffd157f0000        	2       	StaticDependency    
3236      	vm3dservice.ex      	KERNEL32.DLL                                                          	0xbf000         	C:\Windows\System32\KERNEL32.DLL                                                                                                	0x7ffd155b0000        	2       	DynamicLoad         
3236      	vm3dservice.ex      	KERNELBASE.dll                                                        	0x2f6000        	C:\Windows\System32\KERNELBASE.dll                                                                                              	0x7ffd133b0000        	1       	StaticDependency    
3236      	vm3dservice.ex      	USER32.dll                                                            	0x19d000        	C:\Windows\System32\USER32.dll                                                                                                  	0x7ffd14e90000        	2       	StaticDependency    
3236      	vm3dservice.ex      	win32u.dll                                                            	0x22000         	C:\Windows\System32\win32u.dll                                                                                                  	0x7ffd13820000        	2       	StaticDependency    
3236      	vm3dservice.ex      	GDI32.dll                                                             	0x2c000         	C:\Windows\System32\GDI32.dll                                                                                                   	0x7ffd13bf0000        	2       	StaticDependency    
3236      	vm3dservice.ex      	gdi32full.dll                                                         	0x115000        	C:\Windows\System32\gdi32full.dll                                                                                               	0x7ffd136b0000        	2       	StaticDependency    
3236      	vm3dservice.ex      	msvcp_win.dll                                                         	0x9d000         	C:\Windows\System32\msvcp_win.dll                                                                                               	0x7ffd130e0000        	2       	StaticDependency    
3236      	vm3dservice.ex      	ucrtbase.dll                                                          	0x100000        	C:\Windows\System32\ucrtbase.dll                                                                                                	0x7ffd13180000        	2       	StaticDependency    
3236      	vm3dservice.ex      	ADVAPI32.dll                                                          	0xaf000         	C:\Windows\System32\ADVAPI32.dll                                                                                                	0x7ffd15040000        	2       	StaticDependency    
3236      	vm3dservice.ex      	msvcrt.dll                                                            	0x9e000         	C:\Windows\System32\msvcrt.dll                                                                                                  	0x7ffd13af0000        	2       	StaticDependency    
3236      	vm3dservice.ex      	sechost.dll                                                           	0x9c000         	C:\Windows\System32\sechost.dll                                                                                                 	0x7ffd15450000        	2       	StaticDependency    
3236      	vm3dservice.ex      	RPCRT4.dll                                                            	0x126000        	C:\Windows\System32\RPCRT4.dll                                                                                                  	0x7ffd13c20000        	2       	StaticDependency    
3236      	vm3dservice.ex      	SHELL32.dll                                                           	0x744000        	C:\Windows\System32\SHELL32.dll                                                                                                 	0x7ffd14200000        	2       	StaticDependency    
3236      	vm3dservice.ex      	dwmapi.dll                                                            	0x2f000         	C:\Windows\system32\dwmapi.dll                                                                                                  	0x7ffd10bd0000        	2       	StaticDependency    
3236      	vm3dservice.ex      	combase.dll                                                           	0x354000        	C:\Windows\System32\combase.dll                                                                                                 	0x7ffd150f0000        	2       	StaticDependency    
3236      	vm3dservice.ex      	WTSAPI32.dll                                                          	0x14000         	C:\Windows\system32\WTSAPI32.dll                                                                                                	0x7ffd0ebb0000        	2       	StaticDependency    
3236      	vm3dservice.ex      	WINMM.dll                                                             	0x27000         	C:\Windows\system32\WINMM.dll                                                                                                   	0x7ffd0b9c0000        	2       	StaticDependency    
3236      	vm3dservice.ex      	dbghelp.dll                                                           	0x1e4000        	C:\Windows\system32\dbghelp.dll                                                                                                 	0x7ffd03440000        	2       	StaticDependency    
3236      	vm3dservice.ex      	dbgcore.DLL                                                           	0x34000         	C:\Windows\system32\dbgcore.DLL                                                                                                 	0x7ffd03320000        	2       	StaticForwarderDependency
3236      	vm3dservice.ex      	powrprof.dll                                                          	0x4b000         	C:\Windows\SYSTEM32\powrprof.dll                                                                                                	0x7ffd12c90000        	1       	DelayloadDependency 
3236      	vm3dservice.ex      	UMPDC.dll                                                             	0x12000         	C:\Windows\system32\UMPDC.dll                                                                                                   	0x7ffd12a70000        	1       	DelayloadDependency 
3236      	vm3dservice.ex      	kernel.appcore.dll                                                    	0x12000         	C:\Windows\SYSTEM32\kernel.appcore.dll                                                                                          	0x7ffd10db0000        	1       	DynamicLoad         
3236      	vm3dservice.ex      	shcore.dll                                                            	0xad000         	C:\Windows\System32\shcore.dll                                                                                                  	0x7ffd13880000        	1       	DynamicLoad         
3236      	vm3dservice.ex      	WINSTA.dll                                                            	0x64000         	C:\Windows\system32\WINSTA.dll                                                                                                  	0x7ffd12880000        	1       	DelayloadDependency 
3260      	svchost.exe         	ntdll.dll                                                             	0x1f8000        	C:\Windows\SYSTEM32\ntdll.dll                                                                                                   	0x7ffd157f0000        	2       	StaticDependency    
3260      	svchost.exe         	KERNEL32.DLL                                                          	0xbf000         	C:\Windows\System32\KERNEL32.DLL                                                                                                	0x7ffd155b0000        	2       	DynamicLoad         
3260      	svchost.exe         	KERNELBASE.dll                                                        	0x2f6000        	C:\Windows\System32\KERNELBASE.dll                                                                                              	0x7ffd133b0000        	1       	StaticDependency    
3260      	svchost.exe         	sechost.dll                                                           	0x9c000         	C:\Windows\System32\sechost.dll                                                                                                 	0x7ffd15450000        	2       	StaticDependency    
3260      	svchost.exe         	RPCRT4.dll                                                            	0x126000        	C:\Windows\System32\RPCRT4.dll                                                                                                  	0x7ffd13c20000        	2       	StaticDependency    
3260      	svchost.exe         	ucrtbase.dll                                                          	0x100000        	C:\Windows\System32\ucrtbase.dll                                                                                                	0x7ffd13180000        	2       	StaticDependency    
3260      	svchost.exe         	combase.dll                                                           	0x354000        	C:\Windows\System32\combase.dll                                                                                                 	0x7ffd150f0000        	1       	DelayloadDependency 
3260      	svchost.exe         	kernel.appcore.dll                                                    	0x12000         	C:\Windows\SYSTEM32\kernel.appcore.dll                                                                                          	0x7ffd10db0000        	1       	DelayloadDependency 
3260      	svchost.exe         	msvcrt.dll                                                            	0x9e000         	C:\Windows\System32\msvcrt.dll                                                                                                  	0x7ffd13af0000        	1       	StaticDependency    
3260      	svchost.exe         	bcryptPrimitives.dll                                                  	0x82000         	C:\Windows\System32\bcryptPrimitives.dll                                                                                        	0x7ffd132b0000        	3       	DelayloadDependency 
3260      	svchost.exe         	user32.dll                                                            	0x19d000        	C:\Windows\System32\user32.dll                                                                                                  	0x7ffd14e90000        	1       	DelayloadDependency 
3260      	svchost.exe         	win32u.dll                                                            	0x22000         	C:\Windows\System32\win32u.dll                                                                                                  	0x7ffd13820000        	1       	StaticDependency    
3260      	svchost.exe         	GDI32.dll                                                             	0x2c000         	C:\Windows\System32\GDI32.dll                                                                                                   	0x7ffd13bf0000        	1       	StaticDependency    
3260      	svchost.exe         	gdi32full.dll                                                         	0x115000        	C:\Windows\System32\gdi32full.dll                                                                                               	0x7ffd136b0000        	1       	StaticDependency    
3260      	svchost.exe         	msvcp_win.dll                                                         	0x9d000         	C:\Windows\System32\msvcp_win.dll                                                                                               	0x7ffd130e0000        	1       	StaticDependency    
3260      	svchost.exe         	iphlpsvc.dll                                                          	0xd4000         	c:\windows\system32\iphlpsvc.dll                                                                                                	0x7ffd029f0000        	1       	DynamicLoad         
3260      	svchost.exe         	advapi32.dll                                                          	0xaf000         	C:\Windows\System32\advapi32.dll                                                                                                	0x7ffd15040000        	1       	StaticDependency    
3260      	svchost.exe         	NSI.dll                                                               	0x8000          	C:\Windows\System32\NSI.dll                                                                                                     	0x7ffd13870000        	1       	StaticDependency    
3260      	svchost.exe         	IPHLPAPI.DLL                                                          	0x3c000         	c:\windows\system32\IPHLPAPI.DLL                                                                                                	0x7ffd122a0000        	1       	StaticDependency    
3260      	svchost.exe         	MSWSOCK.dll                                                           	0x6a000         	c:\windows\system32\MSWSOCK.dll                                                                                                 	0x7ffd125b0000        	1       	StaticDependency    
3260      	svchost.exe         	WS2_32.dll                                                            	0x6b000         	C:\Windows\System32\WS2_32.dll                                                                                                  	0x7ffd14dc0000        	1       	StaticDependency    
3260      	svchost.exe         	WINNSI.DLL                                                            	0xb000          	c:\windows\system32\WINNSI.DLL                                                                                                  	0x7ffd0b6b0000        	1       	StaticDependency    
3260      	svchost.exe         	FirewallAPI.dll                                                       	0xa1000         	c:\windows\system32\FirewallAPI.dll                                                                                             	0x7ffd11af0000        	1       	StaticDependency    
3260      	svchost.exe         	fwpuclnt.dll                                                          	0x82000         	c:\windows\system32\fwpuclnt.dll                                                                                                	0x7ffd07b70000        	1       	StaticDependency    
3260      	svchost.exe         	bcrypt.dll                                                            	0x27000         	C:\Windows\System32\bcrypt.dll                                                                                                  	0x7ffd13280000        	2       	StaticDependency    
3260      	svchost.exe         	NetSetupApi.dll                                                       	0x26000         	c:\windows\system32\NetSetupApi.dll                                                                                             	0x7ffd02b80000        	1       	StaticDependency    
3260      	svchost.exe         	cfgmgr32.dll                                                          	0x4e000         	C:\Windows\System32\cfgmgr32.dll                                                                                                	0x7ffd137d0000        	1       	StaticDependency    
3260      	svchost.exe         	DNSAPI.dll                                                            	0xcb000         	c:\windows\system32\DNSAPI.dll                                                                                                  	0x7ffd122e0000        	1       	StaticDependency    
3260      	svchost.exe         	fwbase.dll                                                            	0x3a000         	c:\windows\system32\fwbase.dll                                                                                                  	0x7ffd11ab0000        	1       	DelayloadDependency 
3260      	svchost.exe         	WLDP.DLL                                                              	0x2e000         	C:\Windows\SYSTEM32\WLDP.DLL                                                                                                    	0x7ffd12850000        	1       	DynamicLoad         
3260      	svchost.exe         	httpprxm.dll                                                          	0x24000         	C:\Windows\system32\httpprxm.dll                                                                                                	0x7ffd02b50000        	1       	DynamicLoad         
3260      	svchost.exe         	adhsvc.dll                                                            	0x1e000         	C:\Windows\system32\adhsvc.dll                                                                                                  	0x7ffd02b30000        	1       	DynamicLoad         
3260      	svchost.exe         	WLDAP32.dll                                                           	0x56000         	C:\Windows\System32\WLDAP32.dll                                                                                                 	0x7ffd14e30000        	1       	StaticDependency    
3260      	svchost.exe         	OLEAUT32.dll                                                          	0xcd000         	C:\Windows\System32\OLEAUT32.dll                                                                                                	0x7ffd13e00000        	1       	StaticDependency    
3260      	svchost.exe         	httpprxc.dll                                                          	0x9000          	C:\Windows\SYSTEM32\httpprxc.dll                                                                                                	0x7ffd0e660000        	1       	DelayloadDependency 
3260      	svchost.exe         	SspiCli.dll                                                           	0x32000         	c:\windows\system32\SspiCli.dll                                                                                                 	0x7ffd12dc0000        	1       	StaticDependency    
3260      	svchost.exe         	powrprof.dll                                                          	0x4b000         	C:\Windows\SYSTEM32\powrprof.dll                                                                                                	0x7ffd12c90000        	1       	DelayloadDependency 
3260      	svchost.exe         	UMPDC.dll                                                             	0x12000         	C:\Windows\SYSTEM32\UMPDC.dll                                                                                                   	0x7ffd12a70000        	1       	DelayloadDependency 
3260      	svchost.exe         	wtsapi32.dll                                                          	0x14000         	C:\Windows\SYSTEM32\wtsapi32.dll                                                                                                	0x7ffd0ebb0000        	1       	DelayloadDependency 
3260      	svchost.exe         	WINSTA.dll                                                            	0x64000         	C:\Windows\SYSTEM32\WINSTA.dll                                                                                                  	0x7ffd12880000        	1       	DelayloadDependency 
3260      	svchost.exe         	wkscli.dll                                                            	0x19000         	C:\Windows\System32\wkscli.dll                                                                                                  	0x7ffd12030000        	1       	DelayloadDependency 
3260      	svchost.exe         	cryptsp.dll                                                           	0x18000         	C:\Windows\SYSTEM32\cryptsp.dll                                                                                                 	0x7ffd127a0000        	1       	DelayloadDependency 
3260      	svchost.exe         	rsaenh.dll                                                            	0x34000         	C:\Windows\system32\rsaenh.dll                                                                                                  	0x7ffd11ed0000        	1       	DynamicLoad         
3260      	svchost.exe         	CRYPTBASE.dll                                                         	0xc000          	C:\Windows\System32\CRYPTBASE.dll                                                                                               	0x7ffd127c0000        	1       	DelayloadDependency 
3260      	svchost.exe         	WMICLNT.dll                                                           	0x11000         	c:\windows\system32\WMICLNT.dll                                                                                                 	0x7ffd0e100000        	1       	DelayloadDependency 
3260      	svchost.exe         	clbcatq.dll                                                           	0xa9000         	C:\Windows\System32\clbcatq.dll                                                                                                 	0x7ffd13d50000        	1       	DelayloadDependency 
3260      	svchost.exe         	netprofm.dll                                                          	0x3f000         	C:\Windows\System32\netprofm.dll                                                                                                	0x7ffd0e540000        	1       	DynamicLoad         
3260      	svchost.exe         	WINHTTP.dll                                                           	0x10a000        	C:\Windows\System32\WINHTTP.dll                                                                                                 	0x7ffd0a550000        	1       	DelayloadDependency 
3260      	svchost.exe         	netutils.dll                                                          	0xc000          	C:\Windows\System32\netutils.dll                                                                                                	0x7ffd123b0000        	1       	DelayloadDependency 
3260      	svchost.exe         	npmproxy.dll                                                          	0x10000         	C:\Windows\System32\npmproxy.dll                                                                                                	0x7ffd06c00000        	1       	DynamicLoad         
3260      	svchost.exe         	logoncli.dll                                                          	0x43000         	C:\Windows\System32\logoncli.dll                                                                                                	0x7ffd123c0000        	1       	DelayloadDependency 
3260      	svchost.exe         	FWPolicyIOMgr.dll                                                     	0x51000         	c:\windows\system32\FWPolicyIOMgr.dll                                                                                           	0x7ffd052b0000        	1       	DelayloadDependency 
3260      	svchost.exe         	gpapi.dll                                                             	0x23000         	C:\Windows\SYSTEM32\gpapi.dll                                                                                                   	0x7ffd11760000        	1       	DelayloadDependency 
3260      	svchost.exe         	authz.dll                                                             	0x4e000         	C:\Windows\SYSTEM32\authz.dll                                                                                                   	0x7ffd11c10000        	1       	DelayloadDependency 
3260      	svchost.exe         	dhcpcsvc6.DLL                                                         	0x17000         	C:\Windows\SYSTEM32\dhcpcsvc6.DLL                                                                                               	0x7ffd0b670000        	1       	DelayloadDependency 
3260      	svchost.exe         	dhcpcsvc.DLL                                                          	0x1d000         	C:\Windows\SYSTEM32\dhcpcsvc.DLL                                                                                                	0x7ffd0b650000        	1       	DelayloadDependency 
3296      	svchost.exe         	ntdll.dll                                                             	0x1f8000        	C:\Windows\SYSTEM32\ntdll.dll                                                                                                   	0x7ffd157f0000        	2       	StaticDependency    
3296      	svchost.exe         	KERNEL32.DLL                                                          	0xbf000         	C:\Windows\System32\KERNEL32.DLL                                                                                                	0x7ffd155b0000        	2       	DynamicLoad         
3296      	svchost.exe         	KERNELBASE.dll                                                        	0x2f6000        	C:\Windows\System32\KERNELBASE.dll                                                                                              	0x7ffd133b0000        	1       	StaticDependency    
3296      	svchost.exe         	sechost.dll                                                           	0x9c000         	C:\Windows\System32\sechost.dll                                                                                                 	0x7ffd15450000        	2       	StaticDependency    
3296      	svchost.exe         	RPCRT4.dll                                                            	0x126000        	C:\Windows\System32\RPCRT4.dll                                                                                                  	0x7ffd13c20000        	2       	StaticDependency    
3296      	svchost.exe         	ucrtbase.dll                                                          	0x100000        	C:\Windows\System32\ucrtbase.dll                                                                                                	0x7ffd13180000        	2       	StaticDependency    
3296      	svchost.exe         	combase.dll                                                           	0x354000        	C:\Windows\System32\combase.dll                                                                                                 	0x7ffd150f0000        	1       	DelayloadDependency 
3296      	svchost.exe         	kernel.appcore.dll                                                    	0x12000         	C:\Windows\SYSTEM32\kernel.appcore.dll                                                                                          	0x7ffd10db0000        	1       	DelayloadDependency 
3296      	svchost.exe         	msvcrt.dll                                                            	0x9e000         	C:\Windows\System32\msvcrt.dll                                                                                                  	0x7ffd13af0000        	1       	StaticDependency    
3296      	svchost.exe         	bcryptPrimitives.dll                                                  	0x82000         	C:\Windows\System32\bcryptPrimitives.dll                                                                                        	0x7ffd132b0000        	3       	DelayloadDependency 
3296      	svchost.exe         	user32.dll                                                            	0x19d000        	C:\Windows\System32\user32.dll                                                                                                  	0x7ffd14e90000        	1       	DelayloadDependency 
3296      	svchost.exe         	win32u.dll                                                            	0x22000         	C:\Windows\System32\win32u.dll                                                                                                  	0x7ffd13820000        	1       	StaticDependency    
3296      	svchost.exe         	GDI32.dll                                                             	0x2c000         	C:\Windows\System32\GDI32.dll                                                                                                   	0x7ffd13bf0000        	1       	StaticDependency    
3296      	svchost.exe         	gdi32full.dll                                                         	0x115000        	C:\Windows\System32\gdi32full.dll                                                                                               	0x7ffd136b0000        	1       	StaticDependency    
3296      	svchost.exe         	msvcp_win.dll                                                         	0x9d000         	C:\Windows\System32\msvcp_win.dll                                                                                               	0x7ffd130e0000        	1       	StaticDependency    
3296      	svchost.exe         	wpnservice.dll                                                        	0x40000         	c:\windows\system32\wpnservice.dll                                                                                              	0x7ffd029b0000        	1       	DynamicLoad         
3296      	svchost.exe         	OLEAUT32.dll                                                          	0xcd000         	C:\Windows\System32\OLEAUT32.dll                                                                                                	0x7ffd13e00000        	1       	StaticDependency    
3296      	svchost.exe         	WLDP.DLL                                                              	0x2e000         	C:\Windows\SYSTEM32\WLDP.DLL                                                                                                    	0x7ffd12850000        	1       	DynamicLoad         
3296      	svchost.exe         	advapi32.dll                                                          	0xaf000         	C:\Windows\System32\advapi32.dll                                                                                                	0x7ffd15040000        	1       	StaticDependency    
3296      	svchost.exe         	clbcatq.dll                                                           	0xa9000         	C:\Windows\System32\clbcatq.dll                                                                                                 	0x7ffd13d50000        	1       	DelayloadDependency 
3296      	svchost.exe         	wpncore.dll                                                           	0x176000        	C:\Windows\System32\wpncore.dll                                                                                                 	0x7ffd01ec0000        	1       	DynamicLoad         
3296      	svchost.exe         	shcore.dll                                                            	0xad000         	C:\Windows\System32\shcore.dll                                                                                                  	0x7ffd13880000        	1       	StaticDependency    
3296      	svchost.exe         	winsqlite3.dll                                                        	0xdb000         	C:\Windows\System32\winsqlite3.dll                                                                                              	0x7ffd01de0000        	1       	StaticDependency    
3296      	svchost.exe         	WINHTTP.dll                                                           	0x10a000        	C:\Windows\System32\WINHTTP.dll                                                                                                 	0x7ffd0a550000        	1       	StaticDependency    
3296      	svchost.exe         	powrprof.dll                                                          	0x4b000         	C:\Windows\SYSTEM32\powrprof.dll                                                                                                	0x7ffd12c90000        	1       	StaticDependency    
3296      	svchost.exe         	urlmon.dll                                                            	0x1ec000        	C:\Windows\System32\urlmon.dll                                                                                                  	0x7ffd08ce0000        	1       	StaticDependency    
3296      	svchost.exe         	wintypes.dll                                                          	0x154000        	C:\Windows\SYSTEM32\wintypes.dll                                                                                                	0x7ffd0ebd0000        	1       	StaticDependency    
3296      	svchost.exe         	UMPDC.dll                                                             	0x12000         	C:\Windows\System32\UMPDC.dll                                                                                                   	0x7ffd12a70000        	1       	StaticDependency    
3296      	svchost.exe         	iertutil.dll                                                          	0x2b1000        	C:\Windows\System32\iertutil.dll                                                                                                	0x7ffd09010000        	1       	StaticDependency    
3296      	svchost.exe         	srvcli.dll                                                            	0x28000         	C:\Windows\System32\srvcli.dll                                                                                                  	0x7ffd08cb0000        	1       	StaticDependency    
3296      	svchost.exe         	netutils.dll                                                          	0xc000          	C:\Windows\System32\netutils.dll                                                                                                	0x7ffd123b0000        	1       	StaticDependency    
3296      	svchost.exe         	OneCoreUAPCommonProxyStub.dll                                         	0x7cb000        	C:\Windows\System32\OneCoreUAPCommonProxyStub.dll                                                                               	0x7ffd0c960000        	1       	DynamicLoad         
3296      	svchost.exe         	usermgrcli.dll                                                        	0x16000         	C:\Windows\SYSTEM32\usermgrcli.dll                                                                                              	0x7ffd0e580000        	1       	DelayloadDependency 
3296      	svchost.exe         	winsta.dll                                                            	0x64000         	C:\Windows\SYSTEM32\winsta.dll                                                                                                  	0x7ffd12880000        	1       	DelayloadDependency 
3296      	svchost.exe         	policymanager.dll                                                     	0xa3000         	C:\Windows\SYSTEM32\policymanager.dll                                                                                           	0x7ffd0c380000        	1       	DelayloadDependency 
3296      	svchost.exe         	msvcp110_win.dll                                                      	0x8a000         	C:\Windows\System32\msvcp110_win.dll                                                                                            	0x7ffd11fa0000        	1       	StaticDependency    
3296      	svchost.exe         	rmclient.dll                                                          	0x2a000         	C:\Windows\SYSTEM32\rmclient.dll                                                                                                	0x7ffd10ac0000        	1       	DelayloadDependency 
3296      	svchost.exe         	twinapi.appcore.dll                                                   	0x200000        	C:\Windows\SYSTEM32\twinapi.appcore.dll                                                                                         	0x7ffd0de50000        	1       	DelayloadDependency 
3296      	svchost.exe         	execmodelclient.dll                                                   	0x60000         	C:\Windows\System32\execmodelclient.dll                                                                                         	0x7ffcfb150000        	1       	DynamicLoad         
3296      	svchost.exe         	PROPSYS.dll                                                           	0xf6000         	C:\Windows\System32\PROPSYS.dll                                                                                                 	0x7ffd0ea50000        	1       	StaticDependency    
3296      	svchost.exe         	CoreMessaging.dll                                                     	0xf2000         	C:\Windows\System32\CoreMessaging.dll                                                                                           	0x7ffd103f0000        	1       	StaticDependency    
3296      	svchost.exe         	WS2_32.dll                                                            	0x6b000         	C:\Windows\System32\WS2_32.dll                                                                                                  	0x7ffd14dc0000        	1       	StaticDependency    
3296      	svchost.exe         	execmodelproxy.dll                                                    	0x18000         	C:\Windows\system32\execmodelproxy.dll                                                                                          	0x7ffcf9930000        	1       	DynamicLoad         
3296      	svchost.exe         	wtsapi32.dll                                                          	0x14000         	C:\Windows\SYSTEM32\wtsapi32.dll                                                                                                	0x7ffd0ebb0000        	1       	DelayloadDependency 
3296      	svchost.exe         	Windows.Networking.Connectivity.dll                                   	0xb9000         	C:\Windows\System32\Windows.Networking.Connectivity.dll                                                                         	0x7ffcf9950000        	1       	DynamicLoad         
3296      	svchost.exe         	npmproxy.dll                                                          	0x10000         	C:\Windows\System32\npmproxy.dll                                                                                                	0x7ffd06c00000        	1       	DynamicLoad         
3296      	svchost.exe         	wpnprv.dll                                                            	0xa7000         	C:\Windows\System32\wpnprv.dll                                                                                                  	0x7ffcd01c0000        	1       	DynamicLoad         
3296      	svchost.exe         	IPHLPAPI.DLL                                                          	0x3c000         	C:\Windows\System32\IPHLPAPI.DLL                                                                                                	0x7ffd122a0000        	1       	StaticDependency    
3296      	svchost.exe         	SspiCli.dll                                                           	0x32000         	C:\Windows\System32\SspiCli.dll                                                                                                 	0x7ffd12dc0000        	1       	StaticDependency    
3296      	svchost.exe         	nlaapi.dll                                                            	0x1d000         	C:\Windows\System32\nlaapi.dll                                                                                                  	0x7ffd0e700000        	1       	StaticDependency    
3296      	svchost.exe         	XmlLite.dll                                                           	0x36000         	C:\Windows\System32\XmlLite.dll                                                                                                 	0x7ffd0ea10000        	1       	StaticDependency    
3296      	svchost.exe         	EventAggregation.dll                                                  	0x19000         	C:\Windows\System32\EventAggregation.dll                                                                                        	0x7ffd12c60000        	1       	StaticDependency    
3296      	svchost.exe         	CRYPTBASE.DLL                                                         	0xc000          	C:\Windows\System32\CRYPTBASE.DLL                                                                                               	0x7ffd127c0000        	1       	StaticForwarderDependency
3296      	svchost.exe         	netprofm.dll                                                          	0x3f000         	C:\Windows\System32\netprofm.dll                                                                                                	0x7ffd0e540000        	1       	DynamicLoad         
3296      	svchost.exe         	wkscli.dll                                                            	0x19000         	C:\Windows\System32\wkscli.dll                                                                                                  	0x7ffd12030000        	1       	DelayloadDependency 
3296      	svchost.exe         	bcrypt.dll                                                            	0x27000         	C:\Windows\System32\bcrypt.dll                                                                                                  	0x7ffd13280000        	2       	StaticDependency    
3296      	svchost.exe         	NSI.dll                                                               	0x8000          	C:\Windows\System32\NSI.dll                                                                                                     	0x7ffd13870000        	1       	DelayloadDependency 
3296      	svchost.exe         	Windows.Networking.Sockets.PushEnabledApplication.dll                 	0x29000         	C:\Windows\System32\Windows.Networking.Sockets.PushEnabledApplication.dll                                                       	0x7ffcd77f0000        	1       	DynamicLoad         
3296      	svchost.exe         	mswsock.dll                                                           	0x6a000         	C:\Windows\system32\mswsock.dll                                                                                                 	0x7ffd125b0000        	1       	DynamicLoad         
3296      	svchost.exe         	DNSAPI.dll                                                            	0xcb000         	C:\Windows\SYSTEM32\DNSAPI.dll                                                                                                  	0x7ffd122e0000        	1       	DelayloadDependency 
3296      	svchost.exe         	rasadhlp.dll                                                          	0xa000          	C:\Windows\System32\rasadhlp.dll                                                                                                	0x7ffd06b20000        	1       	DynamicLoad         
3296      	svchost.exe         	fwpuclnt.dll                                                          	0x82000         	C:\Windows\System32\fwpuclnt.dll                                                                                                	0x7ffd07b70000        	1       	DynamicLoad         
3296      	svchost.exe         	schannel.DLL                                                          	0x99000         	C:\Windows\system32\schannel.DLL                                                                                                	0x7ffd11df0000        	1       	DynamicLoad         
3296      	svchost.exe         	mskeyprotect.dll                                                      	0x16000         	C:\Windows\SYSTEM32\mskeyprotect.dll                                                                                            	0x7ffd00d00000        	1       	DynamicLoad         
3296      	svchost.exe         	NTASN1.dll                                                            	0x3b000         	C:\Windows\SYSTEM32\NTASN1.dll                                                                                                  	0x7ffd128f0000        	1       	DelayloadDependency 
3296      	svchost.exe         	ncrypt.dll                                                            	0x28000         	C:\Windows\system32\ncrypt.dll                                                                                                  	0x7ffd12930000        	1       	DelayloadDependency 
3296      	svchost.exe         	ncryptsslp.dll                                                        	0x26000         	C:\Windows\system32\ncryptsslp.dll                                                                                              	0x7ffd00db0000        	1       	DynamicLoad         
3296      	svchost.exe         	cryptsp.dll                                                           	0x18000         	C:\Windows\SYSTEM32\cryptsp.dll                                                                                                 	0x7ffd127a0000        	1       	DelayloadDependency 
3296      	svchost.exe         	rsaenh.dll                                                            	0x34000         	C:\Windows\system32\rsaenh.dll                                                                                                  	0x7ffd11ed0000        	1       	DynamicLoad         
3296      	svchost.exe         	keepaliveprovider.dll                                                 	0x17000         	C:\Windows\system32\keepaliveprovider.dll                                                                                       	0x7ffd067f0000        	1       	DynamicLoad         
3344      	svchost.exe         	ntdll.dll                                                             	0x1f8000        	C:\Windows\SYSTEM32\ntdll.dll                                                                                                   	0x7ffd157f0000        	2       	StaticDependency    
3344      	svchost.exe         	KERNEL32.DLL                                                          	0xbf000         	C:\Windows\System32\KERNEL32.DLL                                                                                                	0x7ffd155b0000        	2       	DynamicLoad         
3344      	svchost.exe         	KERNELBASE.dll                                                        	0x2f6000        	C:\Windows\System32\KERNELBASE.dll                                                                                              	0x7ffd133b0000        	1       	StaticDependency    
3344      	svchost.exe         	sechost.dll                                                           	0x9c000         	C:\Windows\System32\sechost.dll                                                                                                 	0x7ffd15450000        	2       	StaticDependency    
3344      	svchost.exe         	RPCRT4.dll                                                            	0x126000        	C:\Windows\System32\RPCRT4.dll                                                                                                  	0x7ffd13c20000        	2       	StaticDependency    
3344      	svchost.exe         	ucrtbase.dll                                                          	0x100000        	C:\Windows\System32\ucrtbase.dll                                                                                                	0x7ffd13180000        	2       	StaticDependency    
3344      	svchost.exe         	combase.dll                                                           	0x354000        	C:\Windows\System32\combase.dll                                                                                                 	0x7ffd150f0000        	1       	DelayloadDependency 
3344      	svchost.exe         	kernel.appcore.dll                                                    	0x12000         	C:\Windows\SYSTEM32\kernel.appcore.dll                                                                                          	0x7ffd10db0000        	1       	DelayloadDependency 
3344      	svchost.exe         	msvcrt.dll                                                            	0x9e000         	C:\Windows\System32\msvcrt.dll                                                                                                  	0x7ffd13af0000        	1       	StaticDependency    
3344      	svchost.exe         	bcryptPrimitives.dll                                                  	0x82000         	C:\Windows\System32\bcryptPrimitives.dll                                                                                        	0x7ffd132b0000        	3       	DelayloadDependency 
3344      	svchost.exe         	user32.dll                                                            	0x19d000        	C:\Windows\System32\user32.dll                                                                                                  	0x7ffd14e90000        	1       	DelayloadDependency 
3344      	svchost.exe         	win32u.dll                                                            	0x22000         	C:\Windows\System32\win32u.dll                                                                                                  	0x7ffd13820000        	1       	StaticDependency    
3344      	svchost.exe         	GDI32.dll                                                             	0x2c000         	C:\Windows\System32\GDI32.dll                                                                                                   	0x7ffd13bf0000        	1       	StaticDependency    
3344      	svchost.exe         	gdi32full.dll                                                         	0x115000        	C:\Windows\System32\gdi32full.dll                                                                                               	0x7ffd136b0000        	1       	StaticDependency    
3344      	svchost.exe         	msvcp_win.dll                                                         	0x9d000         	C:\Windows\System32\msvcp_win.dll                                                                                               	0x7ffd130e0000        	1       	StaticDependency    
3344      	svchost.exe         	wdi.dll                                                               	0x1f000         	c:\windows\system32\wdi.dll                                                                                                     	0x7ffd03290000        	1       	DynamicLoad         
3344      	svchost.exe         	WLDP.DLL                                                              	0x2e000         	C:\Windows\SYSTEM32\WLDP.DLL                                                                                                    	0x7ffd12850000        	1       	DynamicLoad         
3344      	svchost.exe         	advapi32.dll                                                          	0xaf000         	C:\Windows\System32\advapi32.dll                                                                                                	0x7ffd15040000        	1       	StaticDependency    
3344      	svchost.exe         	perftrack.dll                                                         	0x18000         	C:\Windows\system32\perftrack.dll                                                                                               	0x7ffd026e0000        	1       	DynamicLoad         
3436      	vm3dservice.ex      	ntdll.dll                                                             	0x1f8000        	C:\Windows\SYSTEM32\ntdll.dll                                                                                                   	0x7ffd157f0000        	2       	StaticDependency    
3436      	vm3dservice.ex      	KERNEL32.DLL                                                          	0xbf000         	C:\Windows\System32\KERNEL32.DLL                                                                                                	0x7ffd155b0000        	2       	DynamicLoad         
3436      	vm3dservice.ex      	KERNELBASE.dll                                                        	0x2f6000        	C:\Windows\System32\KERNELBASE.dll                                                                                              	0x7ffd133b0000        	1       	StaticDependency    
3436      	vm3dservice.ex      	USER32.dll                                                            	0x19d000        	C:\Windows\System32\USER32.dll                                                                                                  	0x7ffd14e90000        	2       	StaticDependency    
3436      	vm3dservice.ex      	win32u.dll                                                            	0x22000         	C:\Windows\System32\win32u.dll                                                                                                  	0x7ffd13820000        	2       	StaticDependency    
3436      	vm3dservice.ex      	GDI32.dll                                                             	0x2c000         	C:\Windows\System32\GDI32.dll                                                                                                   	0x7ffd13bf0000        	2       	StaticDependency    
3436      	vm3dservice.ex      	gdi32full.dll                                                         	0x115000        	C:\Windows\System32\gdi32full.dll                                                                                               	0x7ffd136b0000        	2       	StaticDependency    
3436      	vm3dservice.ex      	msvcp_win.dll                                                         	0x9d000         	C:\Windows\System32\msvcp_win.dll                                                                                               	0x7ffd130e0000        	2       	StaticDependency    
3436      	vm3dservice.ex      	ucrtbase.dll                                                          	0x100000        	C:\Windows\System32\ucrtbase.dll                                                                                                	0x7ffd13180000        	2       	StaticDependency    
3436      	vm3dservice.ex      	ADVAPI32.dll                                                          	0xaf000         	C:\Windows\System32\ADVAPI32.dll                                                                                                	0x7ffd15040000        	2       	StaticDependency    
3436      	vm3dservice.ex      	msvcrt.dll                                                            	0x9e000         	C:\Windows\System32\msvcrt.dll                                                                                                  	0x7ffd13af0000        	2       	StaticDependency    
3436      	vm3dservice.ex      	sechost.dll                                                           	0x9c000         	C:\Windows\System32\sechost.dll                                                                                                 	0x7ffd15450000        	2       	StaticDependency    
3436      	vm3dservice.ex      	RPCRT4.dll                                                            	0x126000        	C:\Windows\System32\RPCRT4.dll                                                                                                  	0x7ffd13c20000        	2       	StaticDependency    
3436      	vm3dservice.ex      	SHELL32.dll                                                           	0x744000        	C:\Windows\System32\SHELL32.dll                                                                                                 	0x7ffd14200000        	2       	StaticDependency    
3436      	vm3dservice.ex      	dwmapi.dll                                                            	0x2f000         	C:\Windows\system32\dwmapi.dll                                                                                                  	0x7ffd10bd0000        	2       	StaticDependency    
3436      	vm3dservice.ex      	combase.dll                                                           	0x354000        	C:\Windows\System32\combase.dll                                                                                                 	0x7ffd150f0000        	2       	StaticDependency    
3436      	vm3dservice.ex      	WTSAPI32.dll                                                          	0x14000         	C:\Windows\system32\WTSAPI32.dll                                                                                                	0x7ffd0ebb0000        	2       	StaticDependency    
3436      	vm3dservice.ex      	WINMM.dll                                                             	0x27000         	C:\Windows\system32\WINMM.dll                                                                                                   	0x7ffd0b9c0000        	2       	StaticDependency    
3436      	vm3dservice.ex      	dbghelp.dll                                                           	0x1e4000        	C:\Windows\system32\dbghelp.dll                                                                                                 	0x7ffd03440000        	2       	StaticDependency    
3436      	vm3dservice.ex      	dbgcore.DLL                                                           	0x34000         	C:\Windows\system32\dbgcore.DLL                                                                                                 	0x7ffd03320000        	2       	StaticForwarderDependency
3436      	vm3dservice.ex      	IMM32.DLL                                                             	0x30000         	C:\Windows\System32\IMM32.DLL                                                                                                   	0x7ffd15780000        	1       	DynamicLoad         
3436      	vm3dservice.ex      	kernel.appcore.dll                                                    	0x12000         	C:\Windows\SYSTEM32\kernel.appcore.dll                                                                                          	0x7ffd10db0000        	1       	DynamicLoad         
3436      	vm3dservice.ex      	shcore.dll                                                            	0xad000         	C:\Windows\System32\shcore.dll                                                                                                  	0x7ffd13880000        	1       	DynamicLoad         
3436      	vm3dservice.ex      	uxtheme.dll                                                           	0x9e000         	C:\Windows\system32\uxtheme.dll                                                                                                 	0x7ffd108e0000        	1       	DynamicLoad         
3436      	vm3dservice.ex      	MSCTF.dll                                                             	0x114000        	C:\Windows\System32\MSCTF.dll                                                                                                   	0x7ffd13fb0000        	1       	DelayloadDependency 
3436      	vm3dservice.ex      	OLEAUT32.dll                                                          	0xcd000         	C:\Windows\System32\OLEAUT32.dll                                                                                                	0x7ffd13e00000        	1       	StaticDependency    
3436      	vm3dservice.ex      	powrprof.dll                                                          	0x4b000         	C:\Windows\SYSTEM32\powrprof.dll                                                                                                	0x7ffd12c90000        	1       	DelayloadDependency 
3436      	vm3dservice.ex      	UMPDC.dll                                                             	0x12000         	C:\Windows\system32\UMPDC.dll                                                                                                   	0x7ffd12a70000        	1       	DelayloadDependency 
4020      	dllhost.exe         	ntdll.dll                                                             	0x1f8000        	C:\Windows\SYSTEM32\ntdll.dll                                                                                                   	0x7ffd157f0000        	2       	StaticDependency    
4020      	dllhost.exe         	KERNEL32.DLL                                                          	0xbf000         	C:\Windows\System32\KERNEL32.DLL                                                                                                	0x7ffd155b0000        	2       	DynamicLoad         
4020      	dllhost.exe         	KERNELBASE.dll                                                        	0x2f6000        	C:\Windows\System32\KERNELBASE.dll                                                                                              	0x7ffd133b0000        	1       	StaticDependency    
4020      	dllhost.exe         	ucrtbase.dll                                                          	0x100000        	C:\Windows\System32\ucrtbase.dll                                                                                                	0x7ffd13180000        	2       	StaticDependency    
4020      	dllhost.exe         	combase.dll                                                           	0x354000        	C:\Windows\System32\combase.dll                                                                                                 	0x7ffd150f0000        	2       	StaticDependency    
4020      	dllhost.exe         	RPCRT4.dll                                                            	0x126000        	C:\Windows\System32\RPCRT4.dll                                                                                                  	0x7ffd13c20000        	2       	StaticDependency    
4020      	dllhost.exe         	kernel.appcore.dll                                                    	0x12000         	C:\Windows\SYSTEM32\kernel.appcore.dll                                                                                          	0x7ffd10db0000        	1       	DelayloadDependency 
4020      	dllhost.exe         	msvcrt.dll                                                            	0x9e000         	C:\Windows\System32\msvcrt.dll                                                                                                  	0x7ffd13af0000        	1       	StaticDependency    
4020      	dllhost.exe         	bcryptPrimitives.dll                                                  	0x82000         	C:\Windows\System32\bcryptPrimitives.dll                                                                                        	0x7ffd132b0000        	3       	DelayloadDependency 
4020      	dllhost.exe         	clbcatq.dll                                                           	0xa9000         	C:\Windows\System32\clbcatq.dll                                                                                                 	0x7ffd13d50000        	1       	DelayloadDependency 
4020      	dllhost.exe         	user32.dll                                                            	0x19d000        	C:\Windows\System32\user32.dll                                                                                                  	0x7ffd14e90000        	1       	DelayloadDependency 
4020      	dllhost.exe         	win32u.dll                                                            	0x22000         	C:\Windows\System32\win32u.dll                                                                                                  	0x7ffd13820000        	1       	StaticDependency    
4020      	dllhost.exe         	GDI32.dll                                                             	0x2c000         	C:\Windows\System32\GDI32.dll                                                                                                   	0x7ffd13bf0000        	1       	StaticDependency    
4020      	dllhost.exe         	gdi32full.dll                                                         	0x115000        	C:\Windows\System32\gdi32full.dll                                                                                               	0x7ffd136b0000        	1       	StaticDependency    
4020      	dllhost.exe         	msvcp_win.dll                                                         	0x9d000         	C:\Windows\System32\msvcp_win.dll                                                                                               	0x7ffd130e0000        	1       	StaticDependency    
4020      	dllhost.exe         	sechost.dll                                                           	0x9c000         	C:\Windows\System32\sechost.dll                                                                                                 	0x7ffd15450000        	1       	DelayloadDependency 
4020      	dllhost.exe         	COMSVCS.DLL                                                           	0x1aa000        	C:\Windows\system32\COMSVCS.DLL                                                                                                 	0x7ffd012e0000        	2       	DynamicLoad         
4020      	dllhost.exe         	OLEAUT32.dll                                                          	0xcd000         	C:\Windows\System32\OLEAUT32.dll                                                                                                	0x7ffd13e00000        	1       	StaticDependency    
4020      	dllhost.exe         	ole32.dll                                                             	0x12a000        	C:\Windows\System32\ole32.dll                                                                                                   	0x7ffd140d0000        	1       	StaticDependency    
4020      	dllhost.exe         	CRYPTSP.dll                                                           	0x18000         	C:\Windows\SYSTEM32\CRYPTSP.dll                                                                                                 	0x7ffd127a0000        	1       	DelayloadDependency 
4020      	dllhost.exe         	rsaenh.dll                                                            	0x34000         	C:\Windows\system32\rsaenh.dll                                                                                                  	0x7ffd11ed0000        	1       	DynamicLoad         
4020      	dllhost.exe         	bcrypt.dll                                                            	0x27000         	C:\Windows\System32\bcrypt.dll                                                                                                  	0x7ffd13280000        	2       	StaticDependency    
4020      	dllhost.exe         	CRYPTBASE.dll                                                         	0xc000          	C:\Windows\system32\CRYPTBASE.dll                                                                                               	0x7ffd127c0000        	1       	DelayloadDependency 
4020      	dllhost.exe         	txflog.dll                                                            	0x24000         	C:\Windows\system32\txflog.dll                                                                                                  	0x7ffd00e90000        	1       	DynamicLoad         
4020      	dllhost.exe         	es.dll                                                                	0x6c000         	C:\Windows\system32\es.dll                                                                                                      	0x7ffd0b7c0000        	1       	DynamicLoad         
4020      	dllhost.exe         	PROPSYS.dll                                                           	0xf6000         	C:\Windows\system32\PROPSYS.dll                                                                                                 	0x7ffd0ea50000        	1       	DelayloadDependency 
4020      	dllhost.exe         	sxs.dll                                                               	0xa2000         	C:\Windows\SYSTEM32\sxs.dll                                                                                                     	0x7ffd12ce0000        	1       	DelayloadDependency 
4020      	dllhost.exe         	ADVAPI32.dll                                                          	0xaf000         	C:\Windows\System32\ADVAPI32.dll                                                                                                	0x7ffd15040000        	1       	DelayloadDependency 
4020      	dllhost.exe         	XOLEHLP.dll                                                           	0x17000         	C:\Windows\SYSTEM32\XOLEHLP.dll                                                                                                 	0x7ffd00bd0000        	1       	DelayloadDependency 
4020      	dllhost.exe         	MSDTCPRX.DLL                                                          	0xe0000         	C:\Windows\SYSTEM32\MSDTCPRX.DLL                                                                                                	0x7ffd00af0000        	1       	DynamicLoad         
4020      	dllhost.exe         	WS2_32.dll                                                            	0x6b000         	C:\Windows\System32\WS2_32.dll                                                                                                  	0x7ffd14dc0000        	1       	StaticDependency    
4020      	dllhost.exe         	SHLWAPI.dll                                                           	0x55000         	C:\Windows\System32\SHLWAPI.dll                                                                                                 	0x7ffd15550000        	1       	StaticDependency    
4020      	dllhost.exe         	ktmw32.dll                                                            	0xb000          	C:\Windows\SYSTEM32\ktmw32.dll                                                                                                  	0x7ffd00ae0000        	1       	StaticDependency    
4020      	dllhost.exe         	CLUSAPI.dll                                                           	0x10a000        	C:\Windows\SYSTEM32\CLUSAPI.dll                                                                                                 	0x7ffd020f0000        	1       	StaticDependency    
4020      	dllhost.exe         	RESUTILS.dll                                                          	0x9c000         	C:\Windows\SYSTEM32\RESUTILS.dll                                                                                                	0x7ffd02640000        	1       	StaticDependency    
4020      	dllhost.exe         	DNSAPI.dll                                                            	0xcb000         	C:\Windows\SYSTEM32\DNSAPI.dll                                                                                                  	0x7ffd122e0000        	1       	StaticDependency    
4020      	dllhost.exe         	MTXCLU.DLL                                                            	0x71000         	C:\Windows\SYSTEM32\MTXCLU.DLL                                                                                                  	0x7ffd00a60000        	1       	StaticDependency    
4020      	dllhost.exe         	IPHLPAPI.DLL                                                          	0x3c000         	C:\Windows\SYSTEM32\IPHLPAPI.DLL                                                                                                	0x7ffd122a0000        	1       	DelayloadDependency 
4020      	dllhost.exe         	NSI.dll                                                               	0x8000          	C:\Windows\System32\NSI.dll                                                                                                     	0x7ffd13870000        	1       	DelayloadDependency 
4020      	dllhost.exe         	wkscli.dll                                                            	0x19000         	C:\Windows\SYSTEM32\wkscli.dll                                                                                                  	0x7ffd12030000        	1       	DelayloadDependency 
4020      	dllhost.exe         	cscapi.dll                                                            	0x12000         	C:\Windows\system32\cscapi.dll                                                                                                  	0x7ffd00a40000        	1       	DynamicLoad         
4020      	dllhost.exe         	netutils.dll                                                          	0xc000          	C:\Windows\SYSTEM32\netutils.dll                                                                                                	0x7ffd123b0000        	1       	DelayloadDependency 
4020      	dllhost.exe         	sspicli.dll                                                           	0x32000         	C:\Windows\system32\sspicli.dll                                                                                                 	0x7ffd12dc0000        	1       	DynamicLoad         
4020      	dllhost.exe         	mswsock.dll                                                           	0x6a000         	C:\Windows\System32\mswsock.dll                                                                                                 	0x7ffd125b0000        	1       	DynamicLoad         
4020      	dllhost.exe         	fwpuclnt.dll                                                          	0x82000         	C:\Windows\System32\fwpuclnt.dll                                                                                                	0x7ffd07b70000        	1       	DynamicLoad         
4020      	dllhost.exe         	rasadhlp.dll                                                          	0xa000          	C:\Windows\System32\rasadhlp.dll                                                                                                	0x7ffd06b20000        	1       	DynamicLoad         
4020      	dllhost.exe         	catsrv.dll                                                            	0x7d000         	C:\Windows\system32\catsrv.dll                                                                                                  	0x7ffd00690000        	1       	DynamicLoad         
4020      	dllhost.exe         	MfcSubs.dll                                                           	0xe000          	C:\Windows\system32\MfcSubs.dll                                                                                                 	0x7ffd00680000        	1       	StaticDependency    
4020      	dllhost.exe         	catsrvps.dll                                                          	0x10000         	C:\Windows\system32\catsrvps.dll                                                                                                	0x7ffd00670000        	1       	DynamicLoad         
4020      	dllhost.exe         	catsrvut.dll                                                          	0x86000         	C:\Windows\system32\catsrvut.dll                                                                                                	0x7ffd005e0000        	1       	DynamicLoad         
3096      	dllhost.exe         	ntdll.dll                                                             	0x1f8000        	C:\Windows\SYSTEM32\ntdll.dll                                                                                                   	0x7ffd157f0000        	2       	StaticDependency    
3096      	dllhost.exe         	KERNEL32.DLL                                                          	0xbf000         	C:\Windows\System32\KERNEL32.DLL                                                                                                	0x7ffd155b0000        	2       	DynamicLoad         
3096      	dllhost.exe         	KERNELBASE.dll                                                        	0x2f6000        	C:\Windows\System32\KERNELBASE.dll                                                                                              	0x7ffd133b0000        	1       	StaticDependency    
3096      	dllhost.exe         	ucrtbase.dll                                                          	0x100000        	C:\Windows\System32\ucrtbase.dll                                                                                                	0x7ffd13180000        	2       	StaticDependency    
3096      	dllhost.exe         	combase.dll                                                           	0x354000        	C:\Windows\System32\combase.dll                                                                                                 	0x7ffd150f0000        	2       	StaticDependency    
3096      	dllhost.exe         	RPCRT4.dll                                                            	0x126000        	C:\Windows\System32\RPCRT4.dll                                                                                                  	0x7ffd13c20000        	2       	StaticDependency    
3096      	dllhost.exe         	kernel.appcore.dll                                                    	0x12000         	C:\Windows\SYSTEM32\kernel.appcore.dll                                                                                          	0x7ffd10db0000        	1       	DelayloadDependency 
3096      	dllhost.exe         	msvcrt.dll                                                            	0x9e000         	C:\Windows\System32\msvcrt.dll                                                                                                  	0x7ffd13af0000        	1       	StaticDependency    
3096      	dllhost.exe         	bcryptPrimitives.dll                                                  	0x82000         	C:\Windows\System32\bcryptPrimitives.dll                                                                                        	0x7ffd132b0000        	3       	DelayloadDependency 
3096      	dllhost.exe         	clbcatq.dll                                                           	0xa9000         	C:\Windows\System32\clbcatq.dll                                                                                                 	0x7ffd13d50000        	1       	DelayloadDependency 
3096      	dllhost.exe         	sechost.dll                                                           	0x9c000         	C:\Windows\System32\sechost.dll                                                                                                 	0x7ffd15450000        	1       	DelayloadDependency 
3096      	dllhost.exe         	user32.dll                                                            	0x19d000        	C:\Windows\System32\user32.dll                                                                                                  	0x7ffd14e90000        	1       	DelayloadDependency 
3096      	dllhost.exe         	win32u.dll                                                            	0x22000         	C:\Windows\System32\win32u.dll                                                                                                  	0x7ffd13820000        	1       	StaticDependency    
3096      	dllhost.exe         	GDI32.dll                                                             	0x2c000         	C:\Windows\System32\GDI32.dll                                                                                                   	0x7ffd13bf0000        	1       	StaticDependency    
3096      	dllhost.exe         	gdi32full.dll                                                         	0x115000        	C:\Windows\System32\gdi32full.dll                                                                                               	0x7ffd136b0000        	1       	StaticDependency    
3096      	dllhost.exe         	msvcp_win.dll                                                         	0x9d000         	C:\Windows\System32\msvcp_win.dll                                                                                               	0x7ffd130e0000        	1       	StaticDependency    
3096      	dllhost.exe         	wininet.dll                                                           	0x4d9000        	C:\Windows\system32\wininet.dll                                                                                                 	0x7ffd04830000        	1       	DynamicLoad         
3096      	dllhost.exe         	advapi32.dll                                                          	0xaf000         	C:\Windows\System32\advapi32.dll                                                                                                	0x7ffd15040000        	1       	StaticDependency    
3096      	dllhost.exe         	windows.storage.dll                                                   	0x793000        	C:\Windows\SYSTEM32\windows.storage.dll                                                                                         	0x7ffd10fb0000        	1       	DelayloadDependency 
3096      	dllhost.exe         	Wldp.dll                                                              	0x2e000         	C:\Windows\SYSTEM32\Wldp.dll                                                                                                    	0x7ffd12850000        	1       	StaticDependency    
3096      	dllhost.exe         	SHCORE.dll                                                            	0xad000         	C:\Windows\System32\SHCORE.dll                                                                                                  	0x7ffd13880000        	1       	DelayloadDependency 
3096      	dllhost.exe         	shlwapi.dll                                                           	0x55000         	C:\Windows\System32\shlwapi.dll                                                                                                 	0x7ffd15550000        	1       	DelayloadDependency 
3096      	dllhost.exe         	profapi.dll                                                           	0x1f000         	C:\Windows\SYSTEM32\profapi.dll                                                                                                 	0x7ffd12e10000        	1       	DelayloadDependency 
3096      	dllhost.exe         	iertutil.dll                                                          	0x2b1000        	C:\Windows\SYSTEM32\iertutil.dll                                                                                                	0x7ffd09010000        	1       	DelayloadDependency 
3096      	dllhost.exe         	OLEAUT32.dll                                                          	0xcd000         	C:\Windows\System32\OLEAUT32.dll                                                                                                	0x7ffd13e00000        	1       	DelayloadDependency 
3096      	dllhost.exe         	ESENT.dll                                                             	0x335000        	C:\Windows\SYSTEM32\ESENT.dll                                                                                                   	0x7ffd01950000        	1       	DelayloadDependency 
3096      	dllhost.exe         	CRYPTBASE.DLL                                                         	0xc000          	C:\Windows\SYSTEM32\CRYPTBASE.DLL                                                                                               	0x7ffd127c0000        	1       	DynamicLoad         
3292      	msdtc.exe           	ntdll.dll                                                             	0x1f8000        	C:\Windows\SYSTEM32\ntdll.dll                                                                                                   	0x7ffd157f0000        	2       	StaticDependency    
3292      	msdtc.exe           	KERNEL32.DLL                                                          	0xbf000         	C:\Windows\System32\KERNEL32.DLL                                                                                                	0x7ffd155b0000        	2       	DynamicLoad         
3292      	msdtc.exe           	KERNELBASE.dll                                                        	0x2f6000        	C:\Windows\System32\KERNELBASE.dll                                                                                              	0x7ffd133b0000        	1       	StaticDependency    
3292      	msdtc.exe           	combase.dll                                                           	0x354000        	C:\Windows\System32\combase.dll                                                                                                 	0x7ffd150f0000        	2       	StaticDependency    
3292      	msdtc.exe           	ucrtbase.dll                                                          	0x100000        	C:\Windows\System32\ucrtbase.dll                                                                                                	0x7ffd13180000        	2       	StaticDependency    
3292      	msdtc.exe           	RPCRT4.dll                                                            	0x126000        	C:\Windows\System32\RPCRT4.dll                                                                                                  	0x7ffd13c20000        	2       	StaticDependency    
3292      	msdtc.exe           	msvcrt.dll                                                            	0x9e000         	C:\Windows\System32\msvcrt.dll                                                                                                  	0x7ffd13af0000        	2       	StaticDependency    
3292      	msdtc.exe           	MSDTCTM.dll                                                           	0x19e000        	C:\Windows\System32\MSDTCTM.dll                                                                                                 	0x7ffd008a0000        	2       	StaticDependency    
3292      	msdtc.exe           	OLEAUT32.dll                                                          	0xcd000         	C:\Windows\System32\OLEAUT32.dll                                                                                                	0x7ffd13e00000        	2       	StaticDependency    
3292      	msdtc.exe           	msvcp_win.dll                                                         	0x9d000         	C:\Windows\System32\msvcp_win.dll                                                                                               	0x7ffd130e0000        	2       	StaticDependency    
3292      	msdtc.exe           	sechost.dll                                                           	0x9c000         	C:\Windows\System32\sechost.dll                                                                                                 	0x7ffd15450000        	2       	StaticDependency    
3292      	msdtc.exe           	ole32.dll                                                             	0x12a000        	C:\Windows\System32\ole32.dll                                                                                                   	0x7ffd140d0000        	2       	StaticDependency    
3292      	msdtc.exe           	GDI32.dll                                                             	0x2c000         	C:\Windows\System32\GDI32.dll                                                                                                   	0x7ffd13bf0000        	2       	StaticDependency    
3292      	msdtc.exe           	win32u.dll                                                            	0x22000         	C:\Windows\System32\win32u.dll                                                                                                  	0x7ffd13820000        	2       	StaticDependency    
3292      	msdtc.exe           	gdi32full.dll                                                         	0x115000        	C:\Windows\System32\gdi32full.dll                                                                                               	0x7ffd136b0000        	2       	StaticDependency    
3292      	msdtc.exe           	USER32.dll                                                            	0x19d000        	C:\Windows\System32\USER32.dll                                                                                                  	0x7ffd14e90000        	2       	StaticDependency    
3292      	msdtc.exe           	WS2_32.dll                                                            	0x6b000         	C:\Windows\System32\WS2_32.dll                                                                                                  	0x7ffd14dc0000        	2       	StaticDependency    
3292      	msdtc.exe           	bcrypt.dll                                                            	0x27000         	C:\Windows\System32\bcrypt.dll                                                                                                  	0x7ffd13280000        	2       	StaticDependency    
3292      	msdtc.exe           	ADVAPI32.dll                                                          	0xaf000         	C:\Windows\System32\ADVAPI32.dll                                                                                                	0x7ffd15040000        	2       	StaticDependency    
3292      	msdtc.exe           	MSDTCPRX.dll                                                          	0xe0000         	C:\Windows\System32\MSDTCPRX.dll                                                                                                	0x7ffd00af0000        	2       	StaticDependency    
3292      	msdtc.exe           	SHLWAPI.dll                                                           	0x55000         	C:\Windows\System32\SHLWAPI.dll                                                                                                 	0x7ffd15550000        	2       	StaticDependency    
3292      	msdtc.exe           	MTXCLU.DLL                                                            	0x71000         	C:\Windows\System32\MTXCLU.DLL                                                                                                  	0x7ffd00a60000        	2       	StaticDependency    
3292      	msdtc.exe           	WINMM.dll                                                             	0x27000         	C:\Windows\System32\WINMM.dll                                                                                                   	0x7ffd0b9c0000        	2       	StaticDependency    
3292      	msdtc.exe           	CLUSAPI.dll                                                           	0x10a000        	C:\Windows\System32\CLUSAPI.dll                                                                                                 	0x7ffd020f0000        	2       	StaticDependency    
3292      	msdtc.exe           	MSDTCLOG.dll                                                          	0x27000         	C:\Windows\System32\MSDTCLOG.dll                                                                                                	0x7ffd00870000        	2       	StaticDependency    
3292      	msdtc.exe           	XOLEHLP.dll                                                           	0x17000         	C:\Windows\System32\XOLEHLP.dll                                                                                                 	0x7ffd00bd0000        	2       	StaticDependency    
3292      	msdtc.exe           	MSWSOCK.dll                                                           	0x6a000         	C:\Windows\System32\MSWSOCK.dll                                                                                                 	0x7ffd125b0000        	2       	StaticDependency    
3292      	msdtc.exe           	DNSAPI.dll                                                            	0xcb000         	C:\Windows\System32\DNSAPI.dll                                                                                                  	0x7ffd122e0000        	2       	StaticDependency    
3292      	msdtc.exe           	ktmw32.dll                                                            	0xb000          	C:\Windows\System32\ktmw32.dll                                                                                                  	0x7ffd00ae0000        	2       	StaticDependency    
3292      	msdtc.exe           	RESUTILS.dll                                                          	0x9c000         	C:\Windows\System32\RESUTILS.dll                                                                                                	0x7ffd02640000        	2       	StaticDependency    
3292      	msdtc.exe           	CRYPTSP.dll                                                           	0x18000         	C:\Windows\System32\CRYPTSP.dll                                                                                                 	0x7ffd127a0000        	2       	StaticDependency    
3292      	msdtc.exe           	IPHLPAPI.DLL                                                          	0x3c000         	C:\Windows\SYSTEM32\IPHLPAPI.DLL                                                                                                	0x7ffd122a0000        	1       	DelayloadDependency 
3292      	msdtc.exe           	NSI.dll                                                               	0x8000          	C:\Windows\System32\NSI.dll                                                                                                     	0x7ffd13870000        	1       	DelayloadDependency 
3292      	msdtc.exe           	kernel.appcore.dll                                                    	0x12000         	C:\Windows\SYSTEM32\kernel.appcore.dll                                                                                          	0x7ffd10db0000        	1       	DelayloadDependency 
3292      	msdtc.exe           	bcryptPrimitives.dll                                                  	0x82000         	C:\Windows\System32\bcryptPrimitives.dll                                                                                        	0x7ffd132b0000        	3       	DelayloadDependency 
3292      	msdtc.exe           	COMRES.DLL                                                            	0x3000          	C:\Windows\System32\COMRES.DLL                                                                                                  	0x1d122390000         	1       	DynamicLoad         
3292      	msdtc.exe           	msdtcVSp1res.dll                                                      	0x8000          	C:\Windows\System32\msdtcVSp1res.dll                                                                                            	0x1d1223a0000         	1       	DynamicLoad         
3292      	msdtc.exe           	mtxoci.dll                                                            	0x2f000         	C:\Windows\system32\mtxoci.dll                                                                                                  	0x7ffd00750000        	1       	DynamicLoad         
3292      	msdtc.exe           	wkscli.dll                                                            	0x19000         	C:\Windows\System32\wkscli.dll                                                                                                  	0x7ffd12030000        	1       	DelayloadDependency 
3292      	msdtc.exe           	cscapi.dll                                                            	0x12000         	C:\Windows\System32\cscapi.dll                                                                                                  	0x7ffd00a40000        	1       	DynamicLoad         
3292      	msdtc.exe           	netutils.dll                                                          	0xc000          	C:\Windows\System32\netutils.dll                                                                                                	0x7ffd123b0000        	1       	DelayloadDependency 
3292      	msdtc.exe           	sspicli.dll                                                           	0x32000         	C:\Windows\System32\sspicli.dll                                                                                                 	0x7ffd12dc0000        	1       	DynamicLoad         
3292      	msdtc.exe           	ntmarta.dll                                                           	0x33000         	C:\Windows\SYSTEM32\ntmarta.dll                                                                                                 	0x7ffd11f60000        	1       	DelayloadDependency 
3292      	msdtc.exe           	clbcatq.dll                                                           	0xa9000         	C:\Windows\System32\clbcatq.dll                                                                                                 	0x7ffd13d50000        	1       	DelayloadDependency 
3292      	msdtc.exe           	FirewallAPI.dll                                                       	0xa1000         	C:\Windows\System32\FirewallAPI.dll                                                                                             	0x7ffd11af0000        	1       	DynamicLoad         
3292      	msdtc.exe           	fwbase.dll                                                            	0x3a000         	C:\Windows\System32\fwbase.dll                                                                                                  	0x7ffd11ab0000        	1       	DelayloadDependency 
3292      	msdtc.exe           	FWPolicyIOMgr.dll                                                     	0x51000         	C:\Windows\System32\FWPolicyIOMgr.dll                                                                                           	0x7ffd052b0000        	1       	DelayloadDependency 
4512      	WmiPrvSE.exe        	ntdll.dll                                                             	0x1f8000        	C:\Windows\SYSTEM32\ntdll.dll                                                                                                   	0x7ffd157f0000        	2       	StaticDependency    
4512      	WmiPrvSE.exe        	KERNEL32.DLL                                                          	0xbf000         	C:\Windows\System32\KERNEL32.DLL                                                                                                	0x7ffd155b0000        	2       	DynamicLoad         
4512      	WmiPrvSE.exe        	KERNELBASE.dll                                                        	0x2f6000        	C:\Windows\System32\KERNELBASE.dll                                                                                              	0x7ffd133b0000        	1       	StaticDependency    
4512      	WmiPrvSE.exe        	msvcrt.dll                                                            	0x9e000         	C:\Windows\System32\msvcrt.dll                                                                                                  	0x7ffd13af0000        	2       	StaticDependency    
4512      	WmiPrvSE.exe        	NCObjAPI.DLL                                                          	0x18000         	C:\Windows\SYSTEM32\NCObjAPI.DLL                                                                                                	0x7ffd00190000        	2       	StaticDependency    
4512      	WmiPrvSE.exe        	wbemcomn.dll                                                          	0x90000         	C:\Windows\SYSTEM32\wbemcomn.dll                                                                                                	0x7ffd04590000        	2       	StaticDependency    
4512      	WmiPrvSE.exe        	FastProx.dll                                                          	0x10b000        	C:\Windows\system32\wbem\FastProx.dll                                                                                           	0x7ffd00f20000        	2       	StaticDependency    
4512      	WmiPrvSE.exe        	combase.dll                                                           	0x354000        	C:\Windows\System32\combase.dll                                                                                                 	0x7ffd150f0000        	2       	StaticDependency    
4512      	WmiPrvSE.exe        	ucrtbase.dll                                                          	0x100000        	C:\Windows\System32\ucrtbase.dll                                                                                                	0x7ffd13180000        	2       	StaticDependency    
4512      	WmiPrvSE.exe        	RPCRT4.dll                                                            	0x126000        	C:\Windows\System32\RPCRT4.dll                                                                                                  	0x7ffd13c20000        	2       	StaticDependency    
4512      	WmiPrvSE.exe        	advapi32.dll                                                          	0xaf000         	C:\Windows\System32\advapi32.dll                                                                                                	0x7ffd15040000        	1       	DelayloadDependency 
4512      	WmiPrvSE.exe        	sechost.dll                                                           	0x9c000         	C:\Windows\System32\sechost.dll                                                                                                 	0x7ffd15450000        	1       	StaticDependency    
4512      	WmiPrvSE.exe        	user32.dll                                                            	0x19d000        	C:\Windows\System32\user32.dll                                                                                                  	0x7ffd14e90000        	1       	DelayloadDependency 
4512      	WmiPrvSE.exe        	win32u.dll                                                            	0x22000         	C:\Windows\System32\win32u.dll                                                                                                  	0x7ffd13820000        	1       	StaticDependency    
4512      	WmiPrvSE.exe        	GDI32.dll                                                             	0x2c000         	C:\Windows\System32\GDI32.dll                                                                                                   	0x7ffd13bf0000        	1       	StaticDependency    
4512      	WmiPrvSE.exe        	gdi32full.dll                                                         	0x115000        	C:\Windows\System32\gdi32full.dll                                                                                               	0x7ffd136b0000        	1       	StaticDependency    
4512      	WmiPrvSE.exe        	msvcp_win.dll                                                         	0x9d000         	C:\Windows\System32\msvcp_win.dll                                                                                               	0x7ffd130e0000        	1       	StaticDependency    
4512      	WmiPrvSE.exe        	kernel.appcore.dll                                                    	0x12000         	C:\Windows\SYSTEM32\kernel.appcore.dll                                                                                          	0x7ffd10db0000        	1       	DelayloadDependency 
4512      	WmiPrvSE.exe        	bcryptPrimitives.dll                                                  	0x82000         	C:\Windows\System32\bcryptPrimitives.dll                                                                                        	0x7ffd132b0000        	3       	DelayloadDependency 
4512      	WmiPrvSE.exe        	clbcatq.dll                                                           	0xa9000         	C:\Windows\System32\clbcatq.dll                                                                                                 	0x7ffd13d50000        	1       	DelayloadDependency 
4512      	WmiPrvSE.exe        	WS2_32.dll                                                            	0x6b000         	C:\Windows\System32\WS2_32.dll                                                                                                  	0x7ffd14dc0000        	1       	StaticDependency    
4512      	WmiPrvSE.exe        	OLEAUT32.dll                                                          	0xcd000         	C:\Windows\System32\OLEAUT32.dll                                                                                                	0x7ffd13e00000        	1       	DelayloadDependency 
4512      	WmiPrvSE.exe        	wbemsvc.dll                                                           	0x14000         	C:\Windows\system32\wbem\wbemsvc.dll                                                                                            	0x7ffd00f00000        	1       	DynamicLoad         
4512      	WmiPrvSE.exe        	wmiutils.dll                                                          	0x28000         	C:\Windows\system32\wbem\wmiutils.dll                                                                                           	0x7ffd00e60000        	1       	DynamicLoad         
4512      	WmiPrvSE.exe        	cimwin32.dll                                                          	0x20c000        	C:\Windows\system32\wbem\cimwin32.dll                                                                                           	0x7ffcffa30000        	1       	DynamicLoad         
4512      	WmiPrvSE.exe        	powrprof.dll                                                          	0x4b000         	C:\Windows\SYSTEM32\powrprof.dll                                                                                                	0x7ffd12c90000        	1       	StaticDependency    
4512      	WmiPrvSE.exe        	framedynos.dll                                                        	0x52000         	C:\Windows\SYSTEM32\framedynos.dll                                                                                              	0x7ffcff9d0000        	1       	StaticDependency    
4512      	WmiPrvSE.exe        	SspiCli.dll                                                           	0x32000         	C:\Windows\SYSTEM32\SspiCli.dll                                                                                                 	0x7ffd12dc0000        	1       	StaticDependency    
4512      	WmiPrvSE.exe        	UMPDC.dll                                                             	0x12000         	C:\Windows\SYSTEM32\UMPDC.dll                                                                                                   	0x7ffd12a70000        	1       	DelayloadDependency 
4512      	WmiPrvSE.exe        	DEVOBJ.dll                                                            	0x2c000         	C:\Windows\SYSTEM32\DEVOBJ.dll                                                                                                  	0x7ffd12c30000        	1       	DynamicLoad         
4512      	WmiPrvSE.exe        	cfgmgr32.dll                                                          	0x4e000         	C:\Windows\System32\cfgmgr32.dll                                                                                                	0x7ffd137d0000        	1       	StaticDependency    
4512      	WmiPrvSE.exe        	NSI.dll                                                               	0x8000          	C:\Windows\System32\NSI.dll                                                                                                     	0x7ffd13870000        	1       	DynamicLoad         
4512      	WmiPrvSE.exe        	IPHLPAPI.DLL                                                          	0x3c000         	C:\Windows\SYSTEM32\IPHLPAPI.DLL                                                                                                	0x7ffd122a0000        	1       	DynamicLoad         
4512      	WmiPrvSE.exe        	dhcpcsvc6.DLL                                                         	0x17000         	C:\Windows\SYSTEM32\dhcpcsvc6.DLL                                                                                               	0x7ffd0b670000        	1       	DelayloadDependency 
4512      	WmiPrvSE.exe        	dhcpcsvc.DLL                                                          	0x1d000         	C:\Windows\SYSTEM32\dhcpcsvc.DLL                                                                                                	0x7ffd0b650000        	1       	DelayloadDependency 
4512      	WmiPrvSE.exe        	DNSAPI.dll                                                            	0xcb000         	C:\Windows\SYSTEM32\DNSAPI.dll                                                                                                  	0x7ffd122e0000        	1       	DelayloadDependency 
4512      	WmiPrvSE.exe        	wtsapi32.dll                                                          	0x14000         	C:\Windows\SYSTEM32\wtsapi32.dll                                                                                                	0x7ffd0ebb0000        	1       	DynamicLoad         
4512      	WmiPrvSE.exe        	WINSTA.dll                                                            	0x64000         	C:\Windows\SYSTEM32\WINSTA.dll                                                                                                  	0x7ffd12880000        	1       	DelayloadDependency 
4512      	WmiPrvSE.exe        	wmiclnt.DLL                                                           	0x11000         	C:\Windows\SYSTEM32\wmiclnt.DLL                                                                                                 	0x7ffd0e100000        	1       	DynamicForwarderDependency
4512      	WmiPrvSE.exe        	NETAPI32.DLL                                                          	0x19000         	C:\Windows\SYSTEM32\NETAPI32.DLL                                                                                                	0x7ffd041a0000        	1       	DynamicLoad         
4512      	WmiPrvSE.exe        	SAMCLI.DLL                                                            	0x19000         	C:\Windows\SYSTEM32\SAMCLI.DLL                                                                                                  	0x7ffd092d0000        	1       	DynamicForwarderDependency
4512      	WmiPrvSE.exe        	SRVCLI.DLL                                                            	0x28000         	C:\Windows\SYSTEM32\SRVCLI.DLL                                                                                                  	0x7ffd08cb0000        	1       	DynamicForwarderDependency
4512      	WmiPrvSE.exe        	NETUTILS.DLL                                                          	0xc000          	C:\Windows\SYSTEM32\NETUTILS.DLL                                                                                                	0x7ffd123b0000        	1       	DynamicForwarderDependency
4512      	WmiPrvSE.exe        	LOGONCLI.DLL                                                          	0x43000         	C:\Windows\SYSTEM32\LOGONCLI.DLL                                                                                                	0x7ffd123c0000        	1       	DynamicForwarderDependency
4512      	WmiPrvSE.exe        	SCHEDCLI.DLL                                                          	0xc000          	C:\Windows\SYSTEM32\SCHEDCLI.DLL                                                                                                	0x7ffcf87f0000        	1       	DynamicForwarderDependency
4512      	WmiPrvSE.exe        	WKSCLI.DLL                                                            	0x19000         	C:\Windows\SYSTEM32\WKSCLI.DLL                                                                                                  	0x7ffd12030000        	1       	DynamicForwarderDependency
4512      	WmiPrvSE.exe        	DSROLE.DLL                                                            	0xa000          	C:\Windows\SYSTEM32\DSROLE.DLL                                                                                                  	0x7ffd0e670000        	1       	DynamicForwarderDependency
4512      	WmiPrvSE.exe        	WmiPerfInst.dll                                                       	0x15000         	C:\Windows\System32\wbem\WmiPerfInst.dll                                                                                        	0x7ffcefe50000        	1       	DynamicLoad         
4512      	WmiPrvSE.exe        	pdh.dll                                                               	0x49000         	C:\Windows\SYSTEM32\pdh.dll                                                                                                     	0x7ffd02730000        	1       	StaticDependency    
4512      	WmiPrvSE.exe        	bcrypt.dll                                                            	0x27000         	C:\Windows\System32\bcrypt.dll                                                                                                  	0x7ffd13280000        	3       	DelayloadDependency 
4512      	WmiPrvSE.exe        	perfos.dll                                                            	0xf000          	C:\Windows\System32\perfos.dll                                                                                                  	0x7ffd01490000        	1       	DynamicLoad         
4512      	WmiPrvSE.exe        	perfdisk.dll                                                          	0x10000         	C:\Windows\System32\perfdisk.dll                                                                                                	0x7ffcf87e0000        	1       	DynamicLoad         
4512      	WmiPrvSE.exe        	winbrand.dll                                                          	0x35000         	C:\Windows\SYSTEM32\winbrand.dll                                                                                                	0x7ffcf14d0000        	1       	DynamicLoad         
4512      	WmiPrvSE.exe        	schannel.DLL                                                          	0x99000         	C:\Windows\system32\schannel.DLL                                                                                                	0x7ffd11df0000        	1       	DynamicLoad         
4512      	WmiPrvSE.exe        	cscapi.dll                                                            	0x12000         	C:\Windows\SYSTEM32\cscapi.dll                                                                                                  	0x7ffd00a40000        	1       	DynamicLoad         
4512      	WmiPrvSE.exe        	ntevt.dll                                                             	0x43000         	C:\Windows\system32\wbem\ntevt.dll                                                                                              	0x7ffce7c20000        	1       	DynamicLoad         
4512      	WmiPrvSE.exe        	ntmarta.dll                                                           	0x33000         	C:\Windows\SYSTEM32\ntmarta.dll                                                                                                 	0x7ffd11f60000        	1       	StaticDependency    
4512      	WmiPrvSE.exe        	wevtapi.dll                                                           	0x65000         	C:\Windows\SYSTEM32\wevtapi.dll                                                                                                 	0x7ffd0c760000        	1       	StaticDependency    
4512      	WmiPrvSE.exe        	PROVTHRD.dll                                                          	0x52000         	C:\Windows\SYSTEM32\PROVTHRD.dll                                                                                                	0x7ffce7bc0000        	1       	StaticDependency    
4512      	WmiPrvSE.exe        	ole32.dll                                                             	0x12a000        	C:\Windows\System32\ole32.dll                                                                                                   	0x7ffd140d0000        	1       	StaticDependency    
4512      	WmiPrvSE.exe        	SHLWAPI.dll                                                           	0x55000         	C:\Windows\System32\SHLWAPI.dll                                                                                                 	0x7ffd15550000        	1       	StaticDependency    
4512      	WmiPrvSE.exe        	CRYPT32.dll                                                           	0x15e000        	C:\Windows\System32\CRYPT32.dll                                                                                                 	0x7ffd12f80000        	1       	StaticDependency    
4512      	WmiPrvSE.exe        	SHELL32.dll                                                           	0x744000        	C:\Windows\System32\SHELL32.dll                                                                                                 	0x7ffd14200000        	1       	StaticDependency    
4512      	WmiPrvSE.exe        	MSASN1.dll                                                            	0x12000         	C:\Windows\System32\MSASN1.dll                                                                                                  	0x7ffd12a50000        	1       	DelayloadDependency 
4512      	WmiPrvSE.exe        	CRYPTSP.dll                                                           	0x18000         	C:\Windows\SYSTEM32\CRYPTSP.dll                                                                                                 	0x7ffd127a0000        	1       	DelayloadDependency 
4512      	WmiPrvSE.exe        	rsaenh.dll                                                            	0x34000         	C:\Windows\system32\rsaenh.dll                                                                                                  	0x7ffd11ed0000        	1       	DynamicLoad         
4512      	WmiPrvSE.exe        	CRYPTBASE.dll                                                         	0xc000          	C:\Windows\SYSTEM32\CRYPTBASE.dll                                                                                               	0x7ffd127c0000        	1       	DelayloadDependency 
4512      	WmiPrvSE.exe        	windows.storage.dll                                                   	0x793000        	C:\Windows\SYSTEM32\windows.storage.dll                                                                                         	0x7ffd10fb0000        	1       	DelayloadDependency 
4512      	WmiPrvSE.exe        	Wldp.dll                                                              	0x2e000         	C:\Windows\System32\Wldp.dll                                                                                                    	0x7ffd12850000        	1       	StaticDependency    
4512      	WmiPrvSE.exe        	SHCORE.dll                                                            	0xad000         	C:\Windows\System32\SHCORE.dll                                                                                                  	0x7ffd13880000        	1       	DelayloadDependency 
4512      	WmiPrvSE.exe        	gpapi.dll                                                             	0x23000         	C:\Windows\SYSTEM32\gpapi.dll                                                                                                   	0x7ffd11760000        	1       	DelayloadDependency 
4512      	WmiPrvSE.exe        	winspool.drv                                                          	0x98000         	C:\Windows\SYSTEM32\winspool.drv                                                                                                	0x7ffcfcae0000        	1       	DynamicLoad         
4512      	WmiPrvSE.exe        	tsprint.dll                                                           	0x2f000         	C:\Windows\system32\spool\DRIVERS\x64\3\tsprint.dll                                                                             	0x7ffcf11e0000        	1       	DynamicLoad         
4512      	WmiPrvSE.exe        	PrintConfig.dll                                                       	0x3b4000        	C:\Windows\System32\DriverStore\FileRepository\prnms003.inf_amd64_652bae8c71c2d959\Amd64\PrintConfig.dll                        	0x7ffccaee0000        	1       	DynamicLoad         
4512      	WmiPrvSE.exe        	prntvpt.dll                                                           	0x32000         	C:\Windows\SYSTEM32\prntvpt.dll                                                                                                 	0x7ffccaea0000        	1       	StaticDependency    
4512      	WmiPrvSE.exe        	USERENV.dll                                                           	0x2e000         	C:\Windows\SYSTEM32\USERENV.dll                                                                                                 	0x7ffd12d90000        	1       	StaticDependency    
4512      	WmiPrvSE.exe        	VERSION.dll                                                           	0xa000          	C:\Windows\SYSTEM32\VERSION.dll                                                                                                 	0x7ffd0b9b0000        	1       	StaticDependency    
4512      	WmiPrvSE.exe        	iertutil.dll                                                          	0x2b1000        	C:\Windows\System32\iertutil.dll                                                                                                	0x7ffd09010000        	1       	StaticDependency    
4512      	WmiPrvSE.exe        	jscript.dll                                                           	0xd6000         	C:\Windows\System32\jscript.dll                                                                                                 	0x7ffccadc0000        	1       	DynamicLoad         
4512      	WmiPrvSE.exe        	profapi.dll                                                           	0x1f000         	C:\Windows\SYSTEM32\profapi.dll                                                                                                 	0x7ffd12e10000        	1       	DelayloadDependency 
4512      	WmiPrvSE.exe        	MpOav.dll                                                             	0xa0000         	C:\ProgramData\Microsoft\Windows Defender\Platform\4.18.25060.7-0\MpOav.dll                                                     	0x7ffd00370000        	1       	DynamicLoad         
4512      	WmiPrvSE.exe        	sxs.dll                                                               	0xa2000         	C:\Windows\SYSTEM32\sxs.dll                                                                                                     	0x7ffd12ce0000        	1       	DelayloadDependency 
4512      	WmiPrvSE.exe        	FXSUI.DLL                                                             	0x2a000         	C:\Windows\system32\spool\DRIVERS\x64\3\FXSUI.DLL                                                                               	0x7ffccc830000        	1       	DynamicLoad         
4512      	WmiPrvSE.exe        	FXSWZRD.dll                                                           	0x29000         	C:\Windows\system32\spool\DRIVERS\x64\3\FXSWZRD.dll                                                                             	0x7ffccc800000        	1       	StaticDependency    
4512      	WmiPrvSE.exe        	IMM32.dll                                                             	0x30000         	C:\Windows\System32\IMM32.dll                                                                                                   	0x7ffd15780000        	1       	StaticDependency    
4512      	WmiPrvSE.exe        	TAPI32.dll                                                            	0x42000         	C:\Windows\SYSTEM32\TAPI32.dll                                                                                                  	0x7ffccc7b0000        	1       	StaticDependency    
4512      	WmiPrvSE.exe        	FXSTIFF.dll                                                           	0x6a000         	C:\Windows\system32\spool\DRIVERS\x64\3\FXSTIFF.dll                                                                             	0x7ffccad50000        	1       	StaticDependency    
4512      	WmiPrvSE.exe        	comctl32.dll                                                          	0x29a000        	C:\Windows\WinSxS\amd64_microsoft.windows.common-controls_6595b64144ccf1df_6.0.19041.1110_none_60b5254171f9507e\comctl32.dll    	0x7ffcfbf90000        	1       	DynamicLoad         
4512      	WmiPrvSE.exe        	FXSRES.DLL                                                            	0x6b3000        	C:\Windows\system32\spool\DRIVERS\x64\3\FXSRES.DLL                                                                              	0x1a8ccc10000         	1       	DynamicLoad         
4512      	WmiPrvSE.exe        	FXSAPI.DLL                                                            	0x4d000         	C:\Windows\system32\spool\DRIVERS\x64\3\FXSAPI.DLL                                                                              	0x7ffccad00000        	1       	DynamicLoad         
4512      	WmiPrvSE.exe        	cryptnet.dll                                                          	0x31000         	C:\Windows\SYSTEM32\cryptnet.dll                                                                                                	0x7ffd00c90000        	1       	DynamicLoad         
4512      	WmiPrvSE.exe        	WINNSI.DLL                                                            	0xb000          	C:\Windows\SYSTEM32\WINNSI.DLL                                                                                                  	0x7ffd0b6b0000        	1       	DelayloadDependency 
4512      	WmiPrvSE.exe        	mswsock.dll                                                           	0x6a000         	C:\Windows\system32\mswsock.dll                                                                                                 	0x7ffd125b0000        	1       	DynamicLoad         
4512      	WmiPrvSE.exe        	rasadhlp.dll                                                          	0xa000          	C:\Windows\System32\rasadhlp.dll                                                                                                	0x7ffd06b20000        	1       	DynamicLoad         
4512      	WmiPrvSE.exe        	SECURITY.DLL                                                          	0x3000          	C:\Windows\SYSTEM32\SECURITY.DLL                                                                                                	0x1a8cbc50000         	1       	DynamicLoad         
4512      	WmiPrvSE.exe        	SECUR32.DLL                                                           	0xc000          	C:\Windows\SYSTEM32\SECUR32.DLL                                                                                                 	0x7ffd05e80000        	1       	DynamicForwarderDependency
4748      	winlogon.exe        	ntdll.dll                                                             	0x1f8000        	C:\Windows\SYSTEM32\ntdll.dll                                                                                                   	0x7ffd157f0000        	2       	StaticDependency    
4748      	winlogon.exe        	KERNEL32.DLL                                                          	0xbf000         	C:\Windows\System32\KERNEL32.DLL                                                                                                	0x7ffd155b0000        	2       	DynamicLoad         
4748      	winlogon.exe        	KERNELBASE.dll                                                        	0x2f6000        	C:\Windows\System32\KERNELBASE.dll                                                                                              	0x7ffd133b0000        	1       	StaticDependency    
4748      	winlogon.exe        	msvcrt.dll                                                            	0x9e000         	C:\Windows\System32\msvcrt.dll                                                                                                  	0x7ffd13af0000        	2       	StaticDependency    
4748      	winlogon.exe        	sechost.dll                                                           	0x9c000         	C:\Windows\System32\sechost.dll                                                                                                 	0x7ffd15450000        	2       	StaticDependency    
4748      	winlogon.exe        	RPCRT4.dll                                                            	0x126000        	C:\Windows\System32\RPCRT4.dll                                                                                                  	0x7ffd13c20000        	2       	StaticDependency    
4748      	winlogon.exe        	combase.dll                                                           	0x354000        	C:\Windows\System32\combase.dll                                                                                                 	0x7ffd150f0000        	2       	StaticDependency    
4748      	winlogon.exe        	ucrtbase.dll                                                          	0x100000        	C:\Windows\System32\ucrtbase.dll                                                                                                	0x7ffd13180000        	2       	StaticDependency    
4748      	winlogon.exe        	advapi32.dll                                                          	0xaf000         	C:\Windows\System32\advapi32.dll                                                                                                	0x7ffd15040000        	2       	StaticDependency    
4748      	winlogon.exe        	powrprof.dll                                                          	0x4b000         	C:\Windows\SYSTEM32\powrprof.dll                                                                                                	0x7ffd12c90000        	2       	StaticDependency    
4748      	winlogon.exe        	UMPDC.dll                                                             	0x12000         	C:\Windows\system32\UMPDC.dll                                                                                                   	0x7ffd12a70000        	1       	DelayloadDependency 
4748      	winlogon.exe        	profapi.dll                                                           	0x1f000         	C:\Windows\system32\profapi.dll                                                                                                 	0x7ffd12e10000        	1       	DelayloadDependency 
4748      	winlogon.exe        	winsta.dll                                                            	0x64000         	C:\Windows\SYSTEM32\winsta.dll                                                                                                  	0x7ffd12880000        	1       	DelayloadDependency 
4748      	winlogon.exe        	user32.dll                                                            	0x19d000        	C:\Windows\System32\user32.dll                                                                                                  	0x7ffd14e90000        	1       	DelayloadDependency 
4748      	winlogon.exe        	win32u.dll                                                            	0x22000         	C:\Windows\System32\win32u.dll                                                                                                  	0x7ffd13820000        	1       	StaticDependency    
4748      	winlogon.exe        	GDI32.dll                                                             	0x2c000         	C:\Windows\System32\GDI32.dll                                                                                                   	0x7ffd13bf0000        	2       	StaticDependency    
4748      	winlogon.exe        	gdi32full.dll                                                         	0x115000        	C:\Windows\System32\gdi32full.dll                                                                                               	0x7ffd136b0000        	1       	StaticDependency    
4748      	winlogon.exe        	msvcp_win.dll                                                         	0x9d000         	C:\Windows\System32\msvcp_win.dll                                                                                               	0x7ffd130e0000        	1       	StaticDependency    
4748      	winlogon.exe        	IMM32.DLL                                                             	0x30000         	C:\Windows\System32\IMM32.DLL                                                                                                   	0x7ffd15780000        	1       	DynamicLoad         
4748      	winlogon.exe        	MSCTF.dll                                                             	0x114000        	C:\Windows\System32\MSCTF.dll                                                                                                   	0x7ffd13fb0000        	1       	DelayloadDependency 
4748      	winlogon.exe        	OLEAUT32.dll                                                          	0xcd000         	C:\Windows\System32\OLEAUT32.dll                                                                                                	0x7ffd13e00000        	1       	StaticDependency    
4748      	winlogon.exe        	SspiCli.dll                                                           	0x32000         	C:\Windows\system32\SspiCli.dll                                                                                                 	0x7ffd12dc0000        	1       	DelayloadDependency 
4748      	winlogon.exe        	USERENV.dll                                                           	0x2e000         	C:\Windows\system32\USERENV.dll                                                                                                 	0x7ffd12d90000        	1       	DelayloadDependency 
4748      	winlogon.exe        	profext.dll                                                           	0x29000         	C:\Windows\SYSTEM32\profext.dll                                                                                                 	0x7ffd11ba0000        	1       	DelayloadDependency 
4748      	winlogon.exe        	ntmarta.dll                                                           	0x33000         	C:\Windows\SYSTEM32\ntmarta.dll                                                                                                 	0x7ffd11f60000        	1       	StaticDependency    
4748      	winlogon.exe        	Bcrypt.dll                                                            	0x27000         	C:\Windows\System32\Bcrypt.dll                                                                                                  	0x7ffd13280000        	3       	DynamicLoad         
4748      	winlogon.exe        	bcryptprimitives.dll                                                  	0x82000         	C:\Windows\System32\bcryptprimitives.dll                                                                                        	0x7ffd132b0000        	3       	DynamicLoad         
4748      	winlogon.exe        	firewallapi.dll                                                       	0xa1000         	C:\Windows\SYSTEM32\firewallapi.dll                                                                                             	0x7ffd11af0000        	1       	DelayloadDependency 
4748      	winlogon.exe        	DNSAPI.dll                                                            	0xcb000         	C:\Windows\system32\DNSAPI.dll                                                                                                  	0x7ffd122e0000        	1       	StaticDependency    
4748      	winlogon.exe        	IPHLPAPI.DLL                                                          	0x3c000         	C:\Windows\SYSTEM32\IPHLPAPI.DLL                                                                                                	0x7ffd122a0000        	1       	DelayloadDependency 
4748      	winlogon.exe        	NSI.dll                                                               	0x8000          	C:\Windows\System32\NSI.dll                                                                                                     	0x7ffd13870000        	1       	DelayloadDependency 
4748      	winlogon.exe        	fwbase.dll                                                            	0x3a000         	C:\Windows\system32\fwbase.dll                                                                                                  	0x7ffd11ab0000        	1       	DelayloadDependency 
4748      	winlogon.exe        	uxinit.dll                                                            	0x1e000         	C:\Windows\SYSTEM32\uxinit.dll                                                                                                  	0x7ffd10980000        	1       	DelayloadDependency 
4748      	winlogon.exe        	shcore.dll                                                            	0xad000         	C:\Windows\System32\shcore.dll                                                                                                  	0x7ffd13880000        	1       	StaticDependency    
4748      	winlogon.exe        	dwmapi.dll                                                            	0x2f000         	C:\Windows\system32\dwmapi.dll                                                                                                  	0x7ffd10bd0000        	1       	StaticDependency    
4748      	winlogon.exe        	UxTheme.dll                                                           	0x9e000         	C:\Windows\system32\UxTheme.dll                                                                                                 	0x7ffd108e0000        	1       	DelayloadDependency 
4748      	winlogon.exe        	CRYPTBASE.DLL                                                         	0xc000          	C:\Windows\system32\CRYPTBASE.DLL                                                                                               	0x7ffd127c0000        	1       	DynamicLoad         
4748      	winlogon.exe        	dwminit.dll                                                           	0x14000         	C:\Windows\SYSTEM32\dwminit.dll                                                                                                 	0x7ffd107d0000        	1       	DelayloadDependency 
4748      	winlogon.exe        	apphelp.dll                                                           	0x91000         	C:\Windows\system32\apphelp.dll                                                                                                 	0x7ffd10730000        	2       	DynamicLoad         
4748      	winlogon.exe        	dsreg.dll                                                             	0x14d000        	C:\Windows\system32\dsreg.dll                                                                                                   	0x7ffd0fbb0000        	1       	DelayloadDependency 
4748      	winlogon.exe        	cryptsp.dll                                                           	0x18000         	C:\Windows\SYSTEM32\cryptsp.dll                                                                                                 	0x7ffd127a0000        	1       	StaticDependency    
4748      	winlogon.exe        	msvcp110_win.dll                                                      	0x8a000         	C:\Windows\system32\msvcp110_win.dll                                                                                            	0x7ffd11fa0000        	1       	StaticDependency    
4748      	winlogon.exe        	CRYPT32.dll                                                           	0x15e000        	C:\Windows\System32\CRYPT32.dll                                                                                                 	0x7ffd12f80000        	1       	DelayloadDependency 
4748      	winlogon.exe        	usermgrcli.dll                                                        	0x16000         	C:\Windows\SYSTEM32\usermgrcli.dll                                                                                              	0x7ffd0e580000        	1       	DelayloadDependency 
4748      	winlogon.exe        	kernel.appcore.dll                                                    	0x12000         	C:\Windows\SYSTEM32\kernel.appcore.dll                                                                                          	0x7ffd10db0000        	1       	DelayloadDependency 
4748      	winlogon.exe        	MPR.dll                                                               	0x1d000         	C:\Windows\system32\MPR.dll                                                                                                     	0x7ffd02ca0000        	1       	DelayloadDependency 
4748      	winlogon.exe        	AUTHZ.dll                                                             	0x4e000         	C:\Windows\system32\AUTHZ.dll                                                                                                   	0x7ffd11c10000        	1       	DelayloadDependency 
4800      	svchost.exe         	ntdll.dll                                                             	0x1f8000        	C:\Windows\SYSTEM32\ntdll.dll                                                                                                   	0x7ffd157f0000        	2       	StaticDependency    
4800      	svchost.exe         	KERNEL32.DLL                                                          	0xbf000         	C:\Windows\System32\KERNEL32.DLL                                                                                                	0x7ffd155b0000        	2       	DynamicLoad         
4800      	svchost.exe         	KERNELBASE.dll                                                        	0x2f6000        	C:\Windows\System32\KERNELBASE.dll                                                                                              	0x7ffd133b0000        	1       	StaticDependency    
4800      	svchost.exe         	sechost.dll                                                           	0x9c000         	C:\Windows\System32\sechost.dll                                                                                                 	0x7ffd15450000        	2       	StaticDependency    
4800      	svchost.exe         	RPCRT4.dll                                                            	0x126000        	C:\Windows\System32\RPCRT4.dll                                                                                                  	0x7ffd13c20000        	2       	StaticDependency    
4800      	svchost.exe         	ucrtbase.dll                                                          	0x100000        	C:\Windows\System32\ucrtbase.dll                                                                                                	0x7ffd13180000        	2       	StaticDependency    
4800      	svchost.exe         	combase.dll                                                           	0x354000        	C:\Windows\System32\combase.dll                                                                                                 	0x7ffd150f0000        	1       	DelayloadDependency 
4800      	svchost.exe         	kernel.appcore.dll                                                    	0x12000         	C:\Windows\SYSTEM32\kernel.appcore.dll                                                                                          	0x7ffd10db0000        	1       	DelayloadDependency 
4800      	svchost.exe         	msvcrt.dll                                                            	0x9e000         	C:\Windows\System32\msvcrt.dll                                                                                                  	0x7ffd13af0000        	1       	StaticDependency    
4800      	svchost.exe         	bcryptPrimitives.dll                                                  	0x82000         	C:\Windows\System32\bcryptPrimitives.dll                                                                                        	0x7ffd132b0000        	3       	DelayloadDependency 
4800      	svchost.exe         	user32.dll                                                            	0x19d000        	C:\Windows\System32\user32.dll                                                                                                  	0x7ffd14e90000        	1       	DelayloadDependency 
4800      	svchost.exe         	win32u.dll                                                            	0x22000         	C:\Windows\System32\win32u.dll                                                                                                  	0x7ffd13820000        	1       	StaticDependency    
4800      	svchost.exe         	GDI32.dll                                                             	0x2c000         	C:\Windows\System32\GDI32.dll                                                                                                   	0x7ffd13bf0000        	1       	StaticDependency    
4800      	svchost.exe         	gdi32full.dll                                                         	0x115000        	C:\Windows\System32\gdi32full.dll                                                                                               	0x7ffd136b0000        	1       	StaticDependency    
4800      	svchost.exe         	msvcp_win.dll                                                         	0x9d000         	C:\Windows\System32\msvcp_win.dll                                                                                               	0x7ffd130e0000        	1       	StaticDependency    
4800      	svchost.exe         	wdi.dll                                                               	0x1f000         	c:\windows\system32\wdi.dll                                                                                                     	0x7ffd03290000        	1       	DynamicLoad         
4800      	svchost.exe         	WLDP.DLL                                                              	0x2e000         	C:\Windows\SYSTEM32\WLDP.DLL                                                                                                    	0x7ffd12850000        	1       	DynamicLoad         
4800      	svchost.exe         	advapi32.dll                                                          	0xaf000         	C:\Windows\System32\advapi32.dll                                                                                                	0x7ffd15040000        	1       	StaticDependency    
4800      	svchost.exe         	bcrypt.dll                                                            	0x27000         	C:\Windows\System32\bcrypt.dll                                                                                                  	0x7ffd13280000        	2       	StaticDependency    
4800      	svchost.exe         	WTSAPI32.dll                                                          	0x14000         	C:\Windows\System32\WTSAPI32.dll                                                                                                	0x7ffd0ebb0000        	1       	StaticDependency    
4800      	svchost.exe         	WINSTA.dll                                                            	0x64000         	C:\Windows\System32\WINSTA.dll                                                                                                  	0x7ffd12880000        	1       	DelayloadDependency 
4800      	svchost.exe         	radardt.dll                                                           	0x1f000         	C:\Windows\system32\radardt.dll                                                                                                 	0x7ffcfd730000        	1       	DynamicLoad         
4800      	svchost.exe         	POWRPROF.dll                                                          	0x4b000         	C:\Windows\System32\POWRPROF.dll                                                                                                	0x7ffd12c90000        	1       	StaticDependency    
4800      	svchost.exe         	UMPDC.dll                                                             	0x12000         	C:\Windows\System32\UMPDC.dll                                                                                                   	0x7ffd12a70000        	1       	DelayloadDependency 
4800      	svchost.exe         	pcadm.dll                                                             	0x14000         	C:\Windows\system32\pcadm.dll                                                                                                   	0x7ffd02ea0000        	1       	DynamicLoad         
4800      	svchost.exe         	pcacli.dll                                                            	0x16000         	C:\Windows\System32\pcacli.dll                                                                                                  	0x7ffcf6210000        	1       	StaticDependency    
4800      	svchost.exe         	MPR.dll                                                               	0x1d000         	C:\Windows\System32\MPR.dll                                                                                                     	0x7ffd02ca0000        	1       	StaticDependency    
4912      	dwm.exe             	ntdll.dll                                                             	0x1f8000        	C:\Windows\SYSTEM32\ntdll.dll                                                                                                   	0x7ffd157f0000        	2       	StaticDependency    
4912      	dwm.exe             	KERNEL32.DLL                                                          	0xbf000         	C:\Windows\System32\KERNEL32.DLL                                                                                                	0x7ffd155b0000        	2       	DynamicLoad         
4912      	dwm.exe             	KERNELBASE.dll                                                        	0x2f6000        	C:\Windows\System32\KERNELBASE.dll                                                                                              	0x7ffd133b0000        	1       	StaticDependency    
4912      	dwm.exe             	apphelp.dll                                                           	0x91000         	C:\Windows\SYSTEM32\apphelp.dll                                                                                                 	0x7ffd10730000        	2       	DynamicLoad         
4912      	dwm.exe             	ucrtbase.dll                                                          	0x100000        	C:\Windows\System32\ucrtbase.dll                                                                                                	0x7ffd13180000        	2       	StaticDependency    
4912      	dwm.exe             	advapi32.dll                                                          	0xaf000         	C:\Windows\System32\advapi32.dll                                                                                                	0x7ffd15040000        	2       	StaticDependency    
4912      	dwm.exe             	msvcrt.dll                                                            	0x9e000         	C:\Windows\System32\msvcrt.dll                                                                                                  	0x7ffd13af0000        	2       	StaticDependency    
4912      	dwm.exe             	sechost.dll                                                           	0x9c000         	C:\Windows\System32\sechost.dll                                                                                                 	0x7ffd15450000        	2       	StaticDependency    
4912      	dwm.exe             	RPCRT4.dll                                                            	0x126000        	C:\Windows\System32\RPCRT4.dll                                                                                                  	0x7ffd13c20000        	2       	StaticDependency    
4912      	dwm.exe             	gdi32.dll                                                             	0x2c000         	C:\Windows\System32\gdi32.dll                                                                                                   	0x7ffd13bf0000        	2       	StaticDependency    
4912      	dwm.exe             	win32u.dll                                                            	0x22000         	C:\Windows\System32\win32u.dll                                                                                                  	0x7ffd13820000        	2       	StaticDependency    
4912      	dwm.exe             	gdi32full.dll                                                         	0x115000        	C:\Windows\System32\gdi32full.dll                                                                                               	0x7ffd136b0000        	2       	StaticDependency    
4912      	dwm.exe             	msvcp_win.dll                                                         	0x9d000         	C:\Windows\System32\msvcp_win.dll                                                                                               	0x7ffd130e0000        	2       	StaticDependency    
4912      	dwm.exe             	USER32.dll                                                            	0x19d000        	C:\Windows\System32\USER32.dll                                                                                                  	0x7ffd14e90000        	2       	StaticDependency    
4912      	dwm.exe             	combase.dll                                                           	0x354000        	C:\Windows\System32\combase.dll                                                                                                 	0x7ffd150f0000        	2       	StaticDependency    
4912      	dwm.exe             	dwmredir.dll                                                          	0x2f000         	C:\Windows\SYSTEM32\dwmredir.dll                                                                                                	0x7ffd105f0000        	2       	StaticDependency    
4912      	dwm.exe             	udwm.dll                                                              	0xfd000         	C:\Windows\SYSTEM32\udwm.dll                                                                                                    	0x7ffd104f0000        	2       	StaticDependency    
4912      	dwm.exe             	cfgmgr32.dll                                                          	0x4e000         	C:\Windows\System32\cfgmgr32.dll                                                                                                	0x7ffd137d0000        	2       	StaticDependency    
4912      	dwm.exe             	dxgi.dll                                                              	0xf3000         	C:\Windows\system32\dxgi.dll                                                                                                    	0x7ffd11790000        	2       	StaticDependency    
4912      	dwm.exe             	CoreMessaging.dll                                                     	0xf2000         	C:\Windows\system32\CoreMessaging.dll                                                                                           	0x7ffd103f0000        	2       	StaticDependency    
4912      	dwm.exe             	WS2_32.dll                                                            	0x6b000         	C:\Windows\System32\WS2_32.dll                                                                                                  	0x7ffd14dc0000        	2       	StaticDependency    
4912      	dwm.exe             	CoreUIComponents.dll                                                  	0x35e000        	C:\Windows\system32\CoreUIComponents.dll                                                                                        	0x7ffd0fd10000        	2       	StaticDependency    
4912      	dwm.exe             	SHCORE.dll                                                            	0xad000         	C:\Windows\System32\SHCORE.dll                                                                                                  	0x7ffd13880000        	2       	StaticDependency    
4912      	dwm.exe             	dwmcore.dll                                                           	0x372000        	C:\Windows\system32\dwmcore.dll                                                                                                 	0x7ffd10070000        	2       	StaticDependency    
4912      	dwm.exe             	dcomp.dll                                                             	0x1e3000        	C:\Windows\system32\dcomp.dll                                                                                                   	0x7ffd0f9c0000        	2       	StaticDependency    
4912      	dwm.exe             	ntmarta.dll                                                           	0x33000         	C:\Windows\SYSTEM32\ntmarta.dll                                                                                                 	0x7ffd11f60000        	2       	StaticDependency    
4912      	dwm.exe             	kernel.appcore.dll                                                    	0x12000         	C:\Windows\SYSTEM32\kernel.appcore.dll                                                                                          	0x7ffd10db0000        	2       	StaticDependency    
4912      	dwm.exe             	wintypes.dll                                                          	0x154000        	C:\Windows\SYSTEM32\wintypes.dll                                                                                                	0x7ffd0ebd0000        	2       	StaticDependency    
4912      	dwm.exe             	bcryptPrimitives.dll                                                  	0x82000         	C:\Windows\System32\bcryptPrimitives.dll                                                                                        	0x7ffd132b0000        	2       	StaticDependency    
4912      	dwm.exe             	powrprof.dll                                                          	0x4b000         	C:\Windows\SYSTEM32\powrprof.dll                                                                                                	0x7ffd12c90000        	2       	StaticDependency    
4912      	dwm.exe             	d2d1.dll                                                              	0x5c0000        	C:\Windows\system32\d2d1.dll                                                                                                    	0x7ffd0f190000        	2       	StaticDependency    
4912      	dwm.exe             	d3d11.dll                                                             	0x263000        	C:\Windows\system32\d3d11.dll                                                                                                   	0x7ffd0f750000        	2       	StaticDependency    
4912      	dwm.exe             	D3DCOMPILER_47.dll                                                    	0x45d000        	C:\Windows\system32\D3DCOMPILER_47.dll                                                                                          	0x7ffd0ed30000        	2       	StaticDependency    
4912      	dwm.exe             	CRYPTSP.dll                                                           	0x18000         	C:\Windows\system32\CRYPTSP.dll                                                                                                 	0x7ffd127a0000        	2       	StaticDependency    
4912      	dwm.exe             	IMM32.DLL                                                             	0x30000         	C:\Windows\System32\IMM32.DLL                                                                                                   	0x7ffd15780000        	1       	DynamicLoad         
4912      	dwm.exe             	UMPDC.dll                                                             	0x12000         	C:\Windows\system32\UMPDC.dll                                                                                                   	0x7ffd12a70000        	1       	DelayloadDependency 
4912      	dwm.exe             	XmlLite.dll                                                           	0x36000         	C:\Windows\system32\XmlLite.dll                                                                                                 	0x7ffd0ea10000        	1       	DelayloadDependency 
4912      	dwm.exe             	uxtheme.dll                                                           	0x9e000         	C:\Windows\system32\uxtheme.dll                                                                                                 	0x7ffd108e0000        	1       	DynamicLoad         
4912      	dwm.exe             	dwmghost.dll                                                          	0x15000         	C:\Windows\SYSTEM32\dwmghost.dll                                                                                                	0x7ffd0e9f0000        	1       	DelayloadDependency 
4912      	dwm.exe             	dwmapi.dll                                                            	0x2f000         	C:\Windows\system32\dwmapi.dll                                                                                                  	0x7ffd10bd0000        	1       	StaticDependency    
4912      	dwm.exe             	avrt.dll                                                              	0xa000          	C:\Windows\system32\avrt.dll                                                                                                    	0x7ffd0e510000        	1       	DynamicLoad         
4912      	dwm.exe             	ism.dll                                                               	0x22c000        	C:\Windows\SYSTEM32\ism.dll                                                                                                     	0x7ffd0e210000        	1       	DelayloadDependency 
4912      	dwm.exe             	WINTRUST.dll                                                          	0x67000         	C:\Windows\System32\WINTRUST.dll                                                                                                	0x7ffd13340000        	1       	StaticDependency    
4912      	dwm.exe             	CRYPT32.dll                                                           	0x15e000        	C:\Windows\System32\CRYPT32.dll                                                                                                 	0x7ffd12f80000        	1       	StaticDependency    
4912      	dwm.exe             	PROPSYS.dll                                                           	0xf6000         	C:\Windows\system32\PROPSYS.dll                                                                                                 	0x7ffd0ea50000        	1       	StaticDependency    
4912      	dwm.exe             	bcrypt.dll                                                            	0x27000         	C:\Windows\System32\bcrypt.dll                                                                                                  	0x7ffd13280000        	2       	StaticDependency    
4912      	dwm.exe             	OLEAUT32.dll                                                          	0xcd000         	C:\Windows\System32\OLEAUT32.dll                                                                                                	0x7ffd13e00000        	1       	StaticDependency    
4912      	dwm.exe             	HID.DLL                                                               	0xd000          	C:\Windows\system32\HID.DLL                                                                                                     	0x7ffd11750000        	1       	StaticDependency    
4912      	dwm.exe             	NInput.dll                                                            	0x6a000         	C:\Windows\system32\NInput.dll                                                                                                  	0x7ffd0e120000        	1       	StaticDependency    
4912      	dwm.exe             	MSASN1.dll                                                            	0x12000         	C:\Windows\system32\MSASN1.dll                                                                                                  	0x7ffd12a50000        	1       	DelayloadDependency 
4912      	dwm.exe             	WINSTA.dll                                                            	0x64000         	C:\Windows\system32\WINSTA.dll                                                                                                  	0x7ffd12880000        	1       	DelayloadDependency 
4912      	dwm.exe             	clbcatq.dll                                                           	0xa9000         	C:\Windows\System32\clbcatq.dll                                                                                                 	0x7ffd13d50000        	1       	DelayloadDependency 
4912      	dwm.exe             	windowmanagementapi.dll                                               	0xa1000         	C:\Windows\System32\windowmanagementapi.dll                                                                                     	0x7ffd0e050000        	1       	DynamicLoad         
4912      	dwm.exe             	twinapi.appcore.dll                                                   	0x200000        	C:\Windows\SYSTEM32\twinapi.appcore.dll                                                                                         	0x7ffd0de50000        	1       	StaticDependency    
4912      	dwm.exe             	WindowsCodecs.dll                                                     	0x1b4000        	C:\Windows\system32\WindowsCodecs.dll                                                                                           	0x7ffd0dba0000        	1       	DelayloadDependency 
4912      	dwm.exe             	rsaenh.dll                                                            	0x34000         	C:\Windows\system32\rsaenh.dll                                                                                                  	0x7ffd11ed0000        	1       	DynamicLoad         
4912      	dwm.exe             	CRYPTBASE.dll                                                         	0xc000          	C:\Windows\system32\CRYPTBASE.dll                                                                                               	0x7ffd127c0000        	1       	DelayloadDependency 
4912      	dwm.exe             	UIAnimation.dll                                                       	0x47000         	C:\Windows\System32\UIAnimation.dll                                                                                             	0x7ffd0dae0000        	1       	DynamicLoad         
4912      	dwm.exe             	imagehlp.dll                                                          	0x1d000         	C:\Windows\System32\imagehlp.dll                                                                                                	0x7ffd13850000        	1       	DelayloadDependency 
4912      	dwm.exe             	DispBroker.Desktop.dll                                                	0x61000         	C:\Windows\System32\DispBroker.Desktop.dll                                                                                      	0x7ffd0da70000        	1       	DynamicLoad         
4912      	dwm.exe             	mscms.dll                                                             	0xae000         	C:\Windows\System32\mscms.dll                                                                                                   	0x7ffd0d9c0000        	1       	StaticDependency    
4912      	dwm.exe             	USERENV.dll                                                           	0x2e000         	C:\Windows\System32\USERENV.dll                                                                                                 	0x7ffd12d90000        	1       	StaticDependency    
4912      	dwm.exe             	ColorAdapterClient.dll                                                	0x11000         	C:\Windows\System32\ColorAdapterClient.dll                                                                                      	0x7ffd0d9a0000        	1       	StaticDependency    
4912      	dwm.exe             	gpapi.dll                                                             	0x23000         	C:\Windows\SYSTEM32\gpapi.dll                                                                                                   	0x7ffd11760000        	1       	DelayloadDependency 
4912      	dwm.exe             	gameinput.dll                                                         	0x1d000         	c:\windows\system32\gameinput.dll                                                                                               	0x7ffd0d940000        	1       	DynamicLoad         
4912      	dwm.exe             	Windows.Gaming.Input.dll                                              	0xd8000         	C:\Windows\System32\Windows.Gaming.Input.dll                                                                                    	0x7ffd0d130000        	1       	DynamicLoad         
4912      	dwm.exe             	OneCoreUAPCommonProxyStub.dll                                         	0x7cb000        	C:\Windows\System32\OneCoreUAPCommonProxyStub.dll                                                                               	0x7ffd0c960000        	1       	DynamicLoad         
4912      	dwm.exe             	ActXPrxy.dll                                                          	0xa1000         	C:\Windows\System32\ActXPrxy.dll                                                                                                	0x7ffd0c6a0000        	1       	DynamicLoad         
4912      	dwm.exe             	DispBroker.dll                                                        	0x5e000         	C:\Windows\System32\DispBroker.dll                                                                                              	0x7ffd0c2e0000        	1       	DynamicLoad         
4912      	dwm.exe             	D3D10Warp.dll                                                         	0x6f6000        	C:\Windows\system32\D3D10Warp.dll                                                                                               	0x7ffd0bb50000        	1       	DynamicLoad         
4912      	dwm.exe             	dxcore.dll                                                            	0x3b000         	C:\Windows\SYSTEM32\dxcore.dll                                                                                                  	0x7ffd0db60000        	1       	DelayloadDependency 
4912      	dwm.exe             	Cabinet.dll                                                           	0x29000         	C:\Windows\system32\Cabinet.dll                                                                                                 	0x7ffd0b960000        	1       	DelayloadDependency 
4912      	dwm.exe             	Windows.Graphics.dll                                                  	0x8d000         	C:\Windows\System32\Windows.Graphics.dll                                                                                        	0x7ffd0c250000        	1       	DynamicLoad         
4912      	dwm.exe             	vm3dum64_loader.dll                                                   	0x4f000         	C:\Windows\system32\vm3dum64_loader.dll                                                                                         	0x7ffd0ba90000        	1       	DynamicLoad         
4912      	dwm.exe             	vm3dum64_10.dll                                                       	0x9a000         	C:\Windows\system32\vm3dum64_10.dll                                                                                             	0x7ffd0b9f0000        	1       	DynamicLoad         
4912      	dwm.exe             	WINMM.dll                                                             	0x27000         	C:\Windows\system32\WINMM.dll                                                                                                   	0x7ffd0b9c0000        	1       	StaticDependency    
4912      	dwm.exe             	VERSION.dll                                                           	0xa000          	C:\Windows\system32\VERSION.dll                                                                                                 	0x7ffd0b9b0000        	1       	StaticDependency    
4912      	dwm.exe             	wuceffects.dll                                                        	0x43000         	C:\Windows\system32\wuceffects.dll                                                                                              	0x7ffd06540000        	1       	DelayloadDependency 
4912      	dwm.exe             	Windows.UI.Xaml.Controls.dll                                          	0x3dc000        	C:\Windows\System32\Windows.UI.Xaml.Controls.dll                                                                                	0x7ffd07ed0000        	1       	DynamicLoad         
4912      	dwm.exe             	Bcp47Langs.dll                                                        	0x5b000         	C:\Windows\System32\Bcp47Langs.dll                                                                                              	0x7ffd0ad50000        	1       	StaticDependency    
4912      	dwm.exe             	Windows.UI.Xaml.dll                                                   	0x10bf000       	C:\Windows\System32\Windows.UI.Xaml.dll                                                                                         	0x7ffd09490000        	1       	DynamicLoad         
4912      	dwm.exe             	iertutil.dll                                                          	0x2b1000        	C:\Windows\System32\iertutil.dll                                                                                                	0x7ffd09010000        	1       	StaticDependency    
4912      	dwm.exe             	TextShaping.dll                                                       	0xac000         	C:\Windows\system32\TextShaping.dll                                                                                             	0x7ffd06b50000        	1       	DelayloadDependency 
4932      	fontdrvhost.ex      	ntdll.dll                                                             	0x1f8000        	C:\Windows\SYSTEM32\ntdll.dll                                                                                                   	0x7ffd157f0000        	2       	StaticDependency    
4932      	fontdrvhost.ex      	KERNEL32.DLL                                                          	0xbf000         	C:\Windows\System32\KERNEL32.DLL                                                                                                	0x7ffd155b0000        	2       	DynamicLoad         
4932      	fontdrvhost.ex      	KERNELBASE.dll                                                        	0x2f6000        	C:\Windows\System32\KERNELBASE.dll                                                                                              	0x7ffd133b0000        	1       	StaticDependency    
4932      	fontdrvhost.ex      	msvcp_win.dll                                                         	0x9d000         	C:\Windows\System32\msvcp_win.dll                                                                                               	0x7ffd130e0000        	2       	StaticDependency    
4932      	fontdrvhost.ex      	ucrtbase.dll                                                          	0x100000        	C:\Windows\System32\ucrtbase.dll                                                                                                	0x7ffd13180000        	2       	StaticDependency    
4932      	fontdrvhost.ex      	win32u.dll                                                            	0x22000         	C:\Windows\System32\win32u.dll                                                                                                  	0x7ffd13820000        	2       	StaticDependency    
4416      	svchost.exe         	ntdll.dll                                                             	0x1f8000        	C:\Windows\SYSTEM32\ntdll.dll                                                                                                   	0x7ffd157f0000        	2       	StaticDependency    
4416      	svchost.exe         	KERNEL32.DLL                                                          	0xbf000         	C:\Windows\System32\KERNEL32.DLL                                                                                                	0x7ffd155b0000        	2       	DynamicLoad         
4416      	svchost.exe         	KERNELBASE.dll                                                        	0x2f6000        	C:\Windows\System32\KERNELBASE.dll                                                                                              	0x7ffd133b0000        	1       	StaticDependency    
4416      	svchost.exe         	sechost.dll                                                           	0x9c000         	C:\Windows\System32\sechost.dll                                                                                                 	0x7ffd15450000        	2       	StaticDependency    
4416      	svchost.exe         	RPCRT4.dll                                                            	0x126000        	C:\Windows\System32\RPCRT4.dll                                                                                                  	0x7ffd13c20000        	2       	StaticDependency    
4416      	svchost.exe         	ucrtbase.dll                                                          	0x100000        	C:\Windows\System32\ucrtbase.dll                                                                                                	0x7ffd13180000        	2       	StaticDependency    
4416      	svchost.exe         	combase.dll                                                           	0x354000        	C:\Windows\System32\combase.dll                                                                                                 	0x7ffd150f0000        	1       	DelayloadDependency 
4416      	svchost.exe         	kernel.appcore.dll                                                    	0x12000         	C:\Windows\SYSTEM32\kernel.appcore.dll                                                                                          	0x7ffd10db0000        	1       	DelayloadDependency 
4416      	svchost.exe         	msvcrt.dll                                                            	0x9e000         	C:\Windows\System32\msvcrt.dll                                                                                                  	0x7ffd13af0000        	1       	StaticDependency    
4416      	svchost.exe         	bcryptPrimitives.dll                                                  	0x82000         	C:\Windows\System32\bcryptPrimitives.dll                                                                                        	0x7ffd132b0000        	3       	DelayloadDependency 
4416      	svchost.exe         	user32.dll                                                            	0x19d000        	C:\Windows\System32\user32.dll                                                                                                  	0x7ffd14e90000        	1       	DelayloadDependency 
4416      	svchost.exe         	win32u.dll                                                            	0x22000         	C:\Windows\System32\win32u.dll                                                                                                  	0x7ffd13820000        	1       	StaticDependency    
4416      	svchost.exe         	GDI32.dll                                                             	0x2c000         	C:\Windows\System32\GDI32.dll                                                                                                   	0x7ffd13bf0000        	1       	StaticDependency    
4416      	svchost.exe         	gdi32full.dll                                                         	0x115000        	C:\Windows\System32\gdi32full.dll                                                                                               	0x7ffd136b0000        	1       	StaticDependency    
4416      	svchost.exe         	msvcp_win.dll                                                         	0x9d000         	C:\Windows\System32\msvcp_win.dll                                                                                               	0x7ffd130e0000        	1       	StaticDependency    
4416      	svchost.exe         	scdeviceenum.dll                                                      	0x38000         	c:\windows\system32\scdeviceenum.dll                                                                                            	0x7ffcfdca0000        	1       	DynamicLoad         
4416      	svchost.exe         	cfgmgr32.dll                                                          	0x4e000         	C:\Windows\System32\cfgmgr32.dll                                                                                                	0x7ffd137d0000        	1       	StaticDependency    
4416      	svchost.exe         	CRYPT32.dll                                                           	0x15e000        	C:\Windows\System32\CRYPT32.dll                                                                                                 	0x7ffd12f80000        	1       	StaticDependency    
4416      	svchost.exe         	DEVOBJ.dll                                                            	0x2c000         	c:\windows\system32\DEVOBJ.dll                                                                                                  	0x7ffd12c30000        	1       	StaticDependency    
4416      	svchost.exe         	WTSAPI32.dll                                                          	0x14000         	c:\windows\system32\WTSAPI32.dll                                                                                                	0x7ffd0ebb0000        	1       	StaticDependency    
4416      	svchost.exe         	WinSCard.dll                                                          	0x43000         	c:\windows\system32\WinSCard.dll                                                                                                	0x7ffd0b590000        	1       	StaticDependency    
4416      	svchost.exe         	ncrypt.dll                                                            	0x28000         	c:\windows\system32\ncrypt.dll                                                                                                  	0x7ffd12930000        	1       	StaticDependency    
4416      	svchost.exe         	CRYPTSP.dll                                                           	0x18000         	c:\windows\system32\CRYPTSP.dll                                                                                                 	0x7ffd127a0000        	1       	StaticDependency    
4416      	svchost.exe         	NTASN1.dll                                                            	0x3b000         	c:\windows\system32\NTASN1.dll                                                                                                  	0x7ffd128f0000        	1       	DelayloadDependency 
4416      	svchost.exe         	WLDP.DLL                                                              	0x2e000         	C:\Windows\SYSTEM32\WLDP.DLL                                                                                                    	0x7ffd12850000        	1       	DynamicLoad         
4416      	svchost.exe         	advapi32.dll                                                          	0xaf000         	C:\Windows\System32\advapi32.dll                                                                                                	0x7ffd15040000        	1       	StaticDependency    
4416      	svchost.exe         	WINSTA.dll                                                            	0x64000         	c:\windows\system32\WINSTA.dll                                                                                                  	0x7ffd12880000        	1       	DelayloadDependency 
5408      	rdpclip.exe         	ntdll.dll                                                             	0x1f8000        	C:\Windows\SYSTEM32\ntdll.dll                                                                                                   	0x7ffd157f0000        	2       	StaticDependency    
5408      	rdpclip.exe         	KERNEL32.DLL                                                          	0xbf000         	C:\Windows\System32\KERNEL32.DLL                                                                                                	0x7ffd155b0000        	2       	DynamicLoad         
5408      	rdpclip.exe         	KERNELBASE.dll                                                        	0x2f6000        	C:\Windows\System32\KERNELBASE.dll                                                                                              	0x7ffd133b0000        	1       	StaticDependency    
5408      	rdpclip.exe         	ADVAPI32.dll                                                          	0xaf000         	C:\Windows\System32\ADVAPI32.dll                                                                                                	0x7ffd15040000        	2       	StaticDependency    
5408      	rdpclip.exe         	msvcrt.dll                                                            	0x9e000         	C:\Windows\System32\msvcrt.dll                                                                                                  	0x7ffd13af0000        	2       	StaticDependency    
5408      	rdpclip.exe         	sechost.dll                                                           	0x9c000         	C:\Windows\System32\sechost.dll                                                                                                 	0x7ffd15450000        	2       	StaticDependency    
5408      	rdpclip.exe         	RPCRT4.dll                                                            	0x126000        	C:\Windows\System32\RPCRT4.dll                                                                                                  	0x7ffd13c20000        	2       	StaticDependency    
5408      	rdpclip.exe         	USER32.dll                                                            	0x19d000        	C:\Windows\System32\USER32.dll                                                                                                  	0x7ffd14e90000        	2       	StaticDependency    
5408      	rdpclip.exe         	win32u.dll                                                            	0x22000         	C:\Windows\System32\win32u.dll                                                                                                  	0x7ffd13820000        	2       	StaticDependency    
5408      	rdpclip.exe         	GDI32.dll                                                             	0x2c000         	C:\Windows\System32\GDI32.dll                                                                                                   	0x7ffd13bf0000        	2       	StaticDependency    
5408      	rdpclip.exe         	gdi32full.dll                                                         	0x115000        	C:\Windows\System32\gdi32full.dll                                                                                               	0x7ffd136b0000        	2       	StaticDependency    
5408      	rdpclip.exe         	msvcp_win.dll                                                         	0x9d000         	C:\Windows\System32\msvcp_win.dll                                                                                               	0x7ffd130e0000        	2       	StaticDependency    
5408      	rdpclip.exe         	ucrtbase.dll                                                          	0x100000        	C:\Windows\System32\ucrtbase.dll                                                                                                	0x7ffd13180000        	2       	StaticDependency    
5408      	rdpclip.exe         	OLE32.dll                                                             	0x12a000        	C:\Windows\System32\OLE32.dll                                                                                                   	0x7ffd140d0000        	2       	StaticDependency    
5408      	rdpclip.exe         	combase.dll                                                           	0x354000        	C:\Windows\System32\combase.dll                                                                                                 	0x7ffd150f0000        	2       	StaticDependency    
5408      	rdpclip.exe         	CRYPT32.dll                                                           	0x15e000        	C:\Windows\System32\CRYPT32.dll                                                                                                 	0x7ffd12f80000        	2       	StaticDependency    
5408      	rdpclip.exe         	SHELL32.dll                                                           	0x744000        	C:\Windows\System32\SHELL32.dll                                                                                                 	0x7ffd14200000        	2       	StaticDependency    
5408      	rdpclip.exe         	setupapi.dll                                                          	0x468000        	C:\Windows\System32\setupapi.dll                                                                                                	0x7ffd14950000        	2       	StaticDependency    
5408      	rdpclip.exe         	cfgmgr32.dll                                                          	0x4e000         	C:\Windows\System32\cfgmgr32.dll                                                                                                	0x7ffd137d0000        	2       	StaticDependency    
5408      	rdpclip.exe         	bcrypt.dll                                                            	0x27000         	C:\Windows\System32\bcrypt.dll                                                                                                  	0x7ffd13280000        	2       	StaticDependency    
5408      	rdpclip.exe         	shcore.dll                                                            	0xad000         	C:\Windows\System32\shcore.dll                                                                                                  	0x7ffd13880000        	2       	StaticDependency    
5408      	rdpclip.exe         	WINSTA.dll                                                            	0x64000         	C:\Windows\System32\WINSTA.dll                                                                                                  	0x7ffd12880000        	2       	StaticDependency    
5408      	rdpclip.exe         	WTSAPI32.dll                                                          	0x14000         	C:\Windows\System32\WTSAPI32.dll                                                                                                	0x7ffd0ebb0000        	2       	StaticDependency    
5408      	rdpclip.exe         	MPR.dll                                                               	0x1d000         	C:\Windows\System32\MPR.dll                                                                                                     	0x7ffd02ca0000        	2       	StaticDependency    
5408      	rdpclip.exe         	WINSPOOL.DRV                                                          	0x98000         	C:\Windows\System32\WINSPOOL.DRV                                                                                                	0x7ffcfcae0000        	2       	StaticDependency    
5408      	rdpclip.exe         	dwmapi.dll                                                            	0x2f000         	C:\Windows\System32\dwmapi.dll                                                                                                  	0x7ffd10bd0000        	2       	StaticDependency    
5408      	rdpclip.exe         	DEVOBJ.dll                                                            	0x2c000         	C:\Windows\System32\DEVOBJ.dll                                                                                                  	0x7ffd12c30000        	2       	StaticDependency    
5408      	rdpclip.exe         	CRYPTBASE.DLL                                                         	0xc000          	C:\Windows\System32\CRYPTBASE.DLL                                                                                               	0x7ffd127c0000        	2       	StaticForwarderDependency
5408      	rdpclip.exe         	IMM32.DLL                                                             	0x30000         	C:\Windows\System32\IMM32.DLL                                                                                                   	0x7ffd15780000        	1       	DynamicLoad         
5408      	rdpclip.exe         	uxtheme.dll                                                           	0x9e000         	C:\Windows\system32\uxtheme.dll                                                                                                 	0x7ffd108e0000        	1       	DynamicLoad         
5408      	rdpclip.exe         	kernel.appcore.dll                                                    	0x12000         	C:\Windows\SYSTEM32\kernel.appcore.dll                                                                                          	0x7ffd10db0000        	1       	DelayloadDependency 
5408      	rdpclip.exe         	bcryptPrimitives.dll                                                  	0x82000         	C:\Windows\System32\bcryptPrimitives.dll                                                                                        	0x7ffd132b0000        	3       	DelayloadDependency 
5408      	rdpclip.exe         	clbcatq.dll                                                           	0xa9000         	C:\Windows\System32\clbcatq.dll                                                                                                 	0x7ffd13d50000        	1       	DelayloadDependency 
5408      	rdpclip.exe         	twinapi.dll                                                           	0xa9000         	C:\Windows\system32\twinapi.dll                                                                                                 	0x7ffcfbee0000        	1       	DynamicLoad         
5408      	rdpclip.exe         	SHLWAPI.dll                                                           	0x55000         	C:\Windows\System32\SHLWAPI.dll                                                                                                 	0x7ffd15550000        	1       	StaticDependency    
5408      	rdpclip.exe         	MSCTF.dll                                                             	0x114000        	C:\Windows\System32\MSCTF.dll                                                                                                   	0x7ffd13fb0000        	1       	DelayloadDependency 
5408      	rdpclip.exe         	OLEAUT32.dll                                                          	0xcd000         	C:\Windows\System32\OLEAUT32.dll                                                                                                	0x7ffd13e00000        	1       	StaticDependency    
5408      	rdpclip.exe         	WINTRUST.dll                                                          	0x67000         	C:\Windows\System32\WINTRUST.dll                                                                                                	0x7ffd13340000        	1       	DelayloadDependency 
5408      	rdpclip.exe         	MSASN1.dll                                                            	0x12000         	C:\Windows\System32\MSASN1.dll                                                                                                  	0x7ffd12a50000        	1       	DelayloadDependency 
5408      	rdpclip.exe         	windows.storage.dll                                                   	0x793000        	C:\Windows\system32\windows.storage.dll                                                                                         	0x7ffd10fb0000        	1       	DynamicLoad         
5408      	rdpclip.exe         	Wldp.dll                                                              	0x2e000         	C:\Windows\system32\Wldp.dll                                                                                                    	0x7ffd12850000        	1       	StaticDependency    
5408      	rdpclip.exe         	edputil.dll                                                           	0x24000         	C:\Windows\SYSTEM32\edputil.dll                                                                                                 	0x7ffcfb770000        	1       	DelayloadDependency 
5408      	rdpclip.exe         	vmhgfs.dll                                                            	0x15000         	C:\Windows\System32\vmhgfs.dll                                                                                                  	0x7ffcf1a60000        	1       	DynamicLoad         
5408      	rdpclip.exe         	VERSION.dll                                                           	0xa000          	C:\Windows\System32\VERSION.dll                                                                                                 	0x7ffd0b9b0000        	1       	StaticDependency    
5408      	rdpclip.exe         	VCRUNTIME140.dll                                                      	0x1f000         	C:\Windows\System32\VCRUNTIME140.dll                                                                                            	0x7ffd044e0000        	1       	StaticDependency    
5408      	rdpclip.exe         	drprov.dll                                                            	0xb000          	C:\Windows\System32\drprov.dll                                                                                                  	0x7ffcf1a50000        	1       	DynamicLoad         
5408      	rdpclip.exe         	ntlanman.dll                                                          	0x1f000         	C:\Windows\System32\ntlanman.dll                                                                                                	0x7ffcf1a30000        	1       	DynamicLoad         
5408      	rdpclip.exe         	davclnt.dll                                                           	0x1e000         	C:\Windows\System32\davclnt.dll                                                                                                 	0x7ffcf1a10000        	1       	DynamicLoad         
5408      	rdpclip.exe         	DAVHLPR.dll                                                           	0xd000          	C:\Windows\System32\DAVHLPR.dll                                                                                                 	0x7ffcf1a00000        	1       	StaticDependency    
5408      	rdpclip.exe         	PROPSYS.dll                                                           	0xf6000         	C:\Windows\system32\PROPSYS.dll                                                                                                 	0x7ffd0ea50000        	1       	DelayloadDependency 
5408      	rdpclip.exe         	apphelp.dll                                                           	0x91000         	C:\Windows\SYSTEM32\apphelp.dll                                                                                                 	0x7ffd10730000        	1       	DelayloadDependency 
5408      	rdpclip.exe         	NetworkExplorer.dll                                                   	0x17000         	C:\Windows\system32\NetworkExplorer.dll                                                                                         	0x7ffcf19e0000        	1       	DynamicLoad         
5408      	rdpclip.exe         	profapi.dll                                                           	0x1f000         	C:\Windows\system32\profapi.dll                                                                                                 	0x7ffd12e10000        	1       	DelayloadDependency 
5408      	rdpclip.exe         	netprofm.dll                                                          	0x3f000         	C:\Windows\System32\netprofm.dll                                                                                                	0x7ffd0e540000        	1       	DynamicLoad         
5408      	rdpclip.exe         	npmproxy.dll                                                          	0x10000         	C:\Windows\System32\npmproxy.dll                                                                                                	0x7ffd06c00000        	1       	DynamicLoad         
5408      	rdpclip.exe         	IPHLPAPI.DLL                                                          	0x3c000         	C:\Windows\System32\IPHLPAPI.DLL                                                                                                	0x7ffd122a0000        	1       	DelayloadDependency 
5408      	rdpclip.exe         	NSI.dll                                                               	0x8000          	C:\Windows\System32\NSI.dll                                                                                                     	0x7ffd13870000        	1       	DelayloadDependency 
5408      	rdpclip.exe         	dhcpcsvc6.DLL                                                         	0x17000         	C:\Windows\SYSTEM32\dhcpcsvc6.DLL                                                                                               	0x7ffd0b670000        	1       	DelayloadDependency 
5408      	rdpclip.exe         	dhcpcsvc.DLL                                                          	0x1d000         	C:\Windows\SYSTEM32\dhcpcsvc.DLL                                                                                                	0x7ffd0b650000        	1       	DelayloadDependency 
5408      	rdpclip.exe         	DNSAPI.dll                                                            	0xcb000         	C:\Windows\SYSTEM32\DNSAPI.dll                                                                                                  	0x7ffd122e0000        	1       	DelayloadDependency 
5408      	rdpclip.exe         	wkscli.dll                                                            	0x19000         	C:\Windows\System32\wkscli.dll                                                                                                  	0x7ffd12030000        	1       	DelayloadDependency 
5408      	rdpclip.exe         	cscapi.dll                                                            	0x12000         	C:\Windows\System32\cscapi.dll                                                                                                  	0x7ffd00a40000        	1       	DynamicLoad         
5408      	rdpclip.exe         	netutils.dll                                                          	0xc000          	C:\Windows\System32\netutils.dll                                                                                                	0x7ffd123b0000        	1       	DelayloadDependency 
5452      	sihost.exe          	ntdll.dll                                                             	0x1f8000        	C:\Windows\SYSTEM32\ntdll.dll                                                                                                   	0x7ffd157f0000        	2       	StaticDependency    
5452      	sihost.exe          	KERNEL32.DLL                                                          	0xbf000         	C:\Windows\System32\KERNEL32.DLL                                                                                                	0x7ffd155b0000        	2       	DynamicLoad         
5452      	sihost.exe          	KERNELBASE.dll                                                        	0x2f6000        	C:\Windows\System32\KERNELBASE.dll                                                                                              	0x7ffd133b0000        	1       	StaticDependency    
5452      	sihost.exe          	msvcp_win.dll                                                         	0x9d000         	C:\Windows\System32\msvcp_win.dll                                                                                               	0x7ffd130e0000        	2       	StaticDependency    
5452      	sihost.exe          	ucrtbase.dll                                                          	0x100000        	C:\Windows\System32\ucrtbase.dll                                                                                                	0x7ffd13180000        	2       	StaticDependency    
5452      	sihost.exe          	combase.dll                                                           	0x354000        	C:\Windows\System32\combase.dll                                                                                                 	0x7ffd150f0000        	2       	StaticDependency    
5452      	sihost.exe          	RPCRT4.dll                                                            	0x126000        	C:\Windows\System32\RPCRT4.dll                                                                                                  	0x7ffd13c20000        	2       	StaticDependency    
5452      	sihost.exe          	sechost.dll                                                           	0x9c000         	C:\Windows\System32\sechost.dll                                                                                                 	0x7ffd15450000        	2       	StaticDependency    
5452      	sihost.exe          	advapi32.dll                                                          	0xaf000         	C:\Windows\System32\advapi32.dll                                                                                                	0x7ffd15040000        	2       	StaticDependency    
5452      	sihost.exe          	msvcrt.dll                                                            	0x9e000         	C:\Windows\System32\msvcrt.dll                                                                                                  	0x7ffd13af0000        	2       	StaticDependency    
5452      	sihost.exe          	CoreMessaging.dll                                                     	0xf2000         	C:\Windows\system32\CoreMessaging.dll                                                                                           	0x7ffd103f0000        	2       	StaticDependency    
5452      	sihost.exe          	WS2_32.dll                                                            	0x6b000         	C:\Windows\System32\WS2_32.dll                                                                                                  	0x7ffd14dc0000        	2       	StaticDependency    
5452      	sihost.exe          	ntmarta.dll                                                           	0x33000         	C:\Windows\SYSTEM32\ntmarta.dll                                                                                                 	0x7ffd11f60000        	2       	StaticDependency    
5452      	sihost.exe          	kernel.appcore.dll                                                    	0x12000         	C:\Windows\SYSTEM32\kernel.appcore.dll                                                                                          	0x7ffd10db0000        	1       	DelayloadDependency 
5452      	sihost.exe          	bcryptPrimitives.dll                                                  	0x82000         	C:\Windows\System32\bcryptPrimitives.dll                                                                                        	0x7ffd132b0000        	3       	DelayloadDependency 
5452      	sihost.exe          	user32.dll                                                            	0x19d000        	C:\Windows\System32\user32.dll                                                                                                  	0x7ffd14e90000        	1       	DelayloadDependency 
5452      	sihost.exe          	win32u.dll                                                            	0x22000         	C:\Windows\System32\win32u.dll                                                                                                  	0x7ffd13820000        	1       	StaticDependency    
5452      	sihost.exe          	GDI32.dll                                                             	0x2c000         	C:\Windows\System32\GDI32.dll                                                                                                   	0x7ffd13bf0000        	1       	StaticDependency    
5452      	sihost.exe          	gdi32full.dll                                                         	0x115000        	C:\Windows\System32\gdi32full.dll                                                                                               	0x7ffd136b0000        	1       	StaticDependency    
5452      	sihost.exe          	IMM32.DLL                                                             	0x30000         	C:\Windows\System32\IMM32.DLL                                                                                                   	0x7ffd15780000        	1       	DynamicLoad         
5452      	sihost.exe          	clbcatq.dll                                                           	0xa9000         	C:\Windows\System32\clbcatq.dll                                                                                                 	0x7ffd13d50000        	1       	DelayloadDependency 
5452      	sihost.exe          	desktopshellext.dll                                                   	0x20000         	C:\Windows\system32\desktopshellext.dll                                                                                         	0x7ffcfbec0000        	1       	DynamicLoad         
5452      	sihost.exe          	shcore.dll                                                            	0xad000         	C:\Windows\System32\shcore.dll                                                                                                  	0x7ffd13880000        	1       	StaticDependency    
5452      	sihost.exe          	shlwapi.dll                                                           	0x55000         	C:\Windows\System32\shlwapi.dll                                                                                                 	0x7ffd15550000        	1       	StaticDependency    
5452      	sihost.exe          	wtsapi32.dll                                                          	0x14000         	C:\Windows\SYSTEM32\wtsapi32.dll                                                                                                	0x7ffd0ebb0000        	1       	DelayloadDependency 
5452      	sihost.exe          	WINSTA.dll                                                            	0x64000         	C:\Windows\SYSTEM32\WINSTA.dll                                                                                                  	0x7ffd12880000        	1       	DelayloadDependency 
5452      	sihost.exe          	Windows.Shell.ServiceHostBuilder.dll                                  	0x1d000         	C:\Windows\System32\Windows.Shell.ServiceHostBuilder.dll                                                                        	0x7ffcfbea0000        	1       	DynamicLoad         
5452      	sihost.exe          	OneCoreUAPCommonProxyStub.dll                                         	0x7cb000        	C:\Windows\System32\OneCoreUAPCommonProxyStub.dll                                                                               	0x7ffd0c960000        	1       	DynamicLoad         
5452      	sihost.exe          	uxtheme.dll                                                           	0x9e000         	C:\Windows\system32\uxtheme.dll                                                                                                 	0x7ffd108e0000        	1       	DynamicLoad         
5452      	sihost.exe          	ClipboardServer.dll                                                   	0x3c000         	C:\Windows\System32\ClipboardServer.dll                                                                                         	0x7ffcfb870000        	1       	DynamicLoad         
5452      	sihost.exe          	RMCLIENT.dll                                                          	0x2a000         	C:\Windows\System32\RMCLIENT.dll                                                                                                	0x7ffd10ac0000        	1       	StaticDependency    
5452      	sihost.exe          	activationmanager.dll                                                 	0xc9000         	C:\Windows\system32\activationmanager.dll                                                                                       	0x7ffcfb7a0000        	1       	DynamicLoad         
5452      	sihost.exe          	OLEAUT32.dll                                                          	0xcd000         	C:\Windows\System32\OLEAUT32.dll                                                                                                	0x7ffd13e00000        	1       	StaticDependency    
5452      	sihost.exe          	AppXDeploymentClient.dll                                              	0x104000        	C:\Windows\system32\AppXDeploymentClient.dll                                                                                    	0x7ffd0c590000        	1       	StaticDependency    
5452      	sihost.exe          	twinapi.appcore.dll                                                   	0x200000        	C:\Windows\system32\twinapi.appcore.dll                                                                                         	0x7ffd0de50000        	1       	StaticDependency    
5452      	sihost.exe          	wintypes.dll                                                          	0x154000        	C:\Windows\SYSTEM32\wintypes.dll                                                                                                	0x7ffd0ebd0000        	1       	StaticDependency    
5452      	sihost.exe          	profapi.dll                                                           	0x1f000         	C:\Windows\system32\profapi.dll                                                                                                 	0x7ffd12e10000        	1       	StaticDependency    
5452      	sihost.exe          	MPR.dll                                                               	0x1d000         	C:\Windows\system32\MPR.dll                                                                                                     	0x7ffd02ca0000        	1       	StaticDependency    
5452      	sihost.exe          	AppointmentActivation.dll                                             	0x29000         	C:\Windows\System32\AppointmentActivation.dll                                                                                   	0x7ffcfb740000        	1       	DynamicLoad         
5452      	sihost.exe          	windows.staterepositorycore.dll                                       	0x11000         	C:\Windows\SYSTEM32\windows.staterepositorycore.dll                                                                             	0x7ffd067c0000        	1       	DelayloadDependency 
5452      	sihost.exe          	modernexecserver.dll                                                  	0x7d000         	C:\Windows\System32\modernexecserver.dll                                                                                        	0x7ffcfb590000        	1       	DynamicLoad         
5452      	sihost.exe          	usermgrproxy.dll                                                      	0x54000         	C:\Windows\System32\usermgrproxy.dll                                                                                            	0x7ffd0c520000        	1       	DynamicLoad         
5452      	sihost.exe          	usermgrcli.dll                                                        	0x16000         	C:\Windows\SYSTEM32\usermgrcli.dll                                                                                              	0x7ffd0e580000        	1       	DelayloadDependency 
5452      	sihost.exe          	CoreUIComponents.dll                                                  	0x35e000        	C:\Windows\system32\CoreUIComponents.dll                                                                                        	0x7ffd0fd10000        	2       	DelayloadDependency 
5452      	sihost.exe          	ExecModelClient.dll                                                   	0x60000         	C:\Windows\system32\ExecModelClient.dll                                                                                         	0x7ffcfb150000        	1       	DynamicLoad         
5452      	sihost.exe          	PROPSYS.dll                                                           	0xf6000         	C:\Windows\system32\PROPSYS.dll                                                                                                 	0x7ffd0ea50000        	1       	StaticDependency    
5452      	sihost.exe          	windowmanagement.dll                                                  	0x1a0000        	C:\Windows\System32\windowmanagement.dll                                                                                        	0x7ffcfafb0000        	1       	DynamicLoad         
5452      	sihost.exe          	NotificationPlatformComponent.dll                                     	0xf000          	C:\Windows\System32\NotificationPlatformComponent.dll                                                                           	0x7ffcfaf60000        	1       	DynamicLoad         
5452      	sihost.exe          	AppContracts.dll                                                      	0xe0000         	C:\Windows\System32\AppContracts.dll                                                                                            	0x7ffcfae80000        	1       	DynamicLoad         
5452      	sihost.exe          	ShareHost.dll                                                         	0x117000        	C:\Windows\system32\ShareHost.dll                                                                                               	0x7ffcfad60000        	1       	DynamicLoad         
5452      	sihost.exe          	Windows.Storage.dll                                                   	0x793000        	C:\Windows\system32\Windows.Storage.dll                                                                                         	0x7ffd10fb0000        	1       	StaticDependency    
5452      	sihost.exe          	msvcp110_win.dll                                                      	0x8a000         	C:\Windows\system32\msvcp110_win.dll                                                                                            	0x7ffd11fa0000        	1       	StaticDependency    
5452      	sihost.exe          	Wldp.dll                                                              	0x2e000         	C:\Windows\system32\Wldp.dll                                                                                                    	0x7ffd12850000        	1       	StaticDependency    
5452      	sihost.exe          	Windows.System.Launcher.dll                                           	0xbd000         	C:\Windows\System32\Windows.System.Launcher.dll                                                                                 	0x7ffcfaca0000        	1       	DynamicLoad         
5452      	sihost.exe          	PackageStateChangeHandler.dll                                         	0x15000         	C:\Windows\system32\PackageStateChangeHandler.dll                                                                               	0x7ffcfabd0000        	1       	DynamicLoad         
5452      	sihost.exe          	twinui.appcore.dll                                                    	0xa6000         	C:\Windows\System32\twinui.appcore.dll                                                                                          	0x7ffcfab20000        	1       	DynamicLoad         
5452      	sihost.exe          	UiaManager.dll                                                        	0xa1000         	C:\Windows\System32\UiaManager.dll                                                                                              	0x7ffcfa5d0000        	1       	DynamicLoad         
5452      	sihost.exe          	AudioSes.dll                                                          	0x182000        	C:\Windows\System32\AudioSes.dll                                                                                                	0x7ffd07080000        	1       	DynamicLoad         
5452      	sihost.exe          	cfgmgr32.dll                                                          	0x4e000         	C:\Windows\System32\cfgmgr32.dll                                                                                                	0x7ffd137d0000        	1       	StaticDependency    
5452      	sihost.exe          	MMDevAPI.DLL                                                          	0x85000         	C:\Windows\System32\MMDevAPI.DLL                                                                                                	0x7ffd0b1d0000        	1       	StaticDependency    
5452      	sihost.exe          	powrprof.dll                                                          	0x4b000         	C:\Windows\SYSTEM32\powrprof.dll                                                                                                	0x7ffd12c90000        	1       	StaticDependency    
5452      	sihost.exe          	DEVOBJ.dll                                                            	0x2c000         	C:\Windows\System32\DEVOBJ.dll                                                                                                  	0x7ffd12c30000        	1       	StaticDependency    
5452      	sihost.exe          	UMPDC.dll                                                             	0x12000         	C:\Windows\SYSTEM32\UMPDC.dll                                                                                                   	0x7ffd12a70000        	1       	DelayloadDependency 
5452      	sihost.exe          	daxexec.dll                                                           	0xaf000         	C:\Windows\System32\daxexec.dll                                                                                                 	0x7ffcfa250000        	1       	DynamicLoad         
5452      	sihost.exe          	FLTLIB.DLL                                                            	0xb000          	C:\Windows\System32\FLTLIB.DLL                                                                                                  	0x7ffd00430000        	1       	StaticDependency    
5452      	sihost.exe          	container.dll                                                         	0x42000         	C:\Windows\System32\container.dll                                                                                               	0x7ffcfa200000        	1       	StaticDependency    
5452      	sihost.exe          	IPHLPAPI.DLL                                                          	0x3c000         	C:\Windows\System32\IPHLPAPI.DLL                                                                                                	0x7ffd122a0000        	1       	StaticDependency    
5452      	sihost.exe          	mssrch.dll                                                            	0x2df000        	C:\Windows\system32\mssrch.dll                                                                                                  	0x7ffcf9f20000        	1       	DynamicLoad         
5452      	sihost.exe          	cryptdll.dll                                                          	0x15000         	C:\Windows\system32\cryptdll.dll                                                                                                	0x7ffd12620000        	1       	StaticDependency    
5452      	sihost.exe          	TQUERY.DLL                                                            	0x32e000        	C:\Windows\system32\TQUERY.DLL                                                                                                  	0x7ffcf9bf0000        	1       	StaticDependency    
5452      	sihost.exe          	ESENT.dll                                                             	0x335000        	C:\Windows\system32\ESENT.dll                                                                                                   	0x7ffd01950000        	1       	StaticDependency    
5452      	sihost.exe          	OneCoreCommonProxyStub.dll                                            	0x7f000         	C:\Windows\System32\OneCoreCommonProxyStub.dll                                                                                  	0x7ffd055b0000        	1       	DynamicLoad         
5452      	sihost.exe          	CoreShellExtFramework.dll                                             	0x1e000         	C:\Windows\system32\CoreShellExtFramework.dll                                                                                   	0x7ffcf9b70000        	1       	DynamicLoad         
5452      	sihost.exe          	USERENV.dll                                                           	0x2e000         	C:\Windows\system32\USERENV.dll                                                                                                 	0x7ffd12d90000        	1       	StaticDependency    
5452      	sihost.exe          	execmodelproxy.dll                                                    	0x18000         	C:\Windows\system32\execmodelproxy.dll                                                                                          	0x7ffcf9930000        	1       	DynamicLoad         
5452      	sihost.exe          	InputHost.dll                                                         	0x152000        	C:\Windows\System32\InputHost.dll                                                                                               	0x7ffd0a7e0000        	1       	DynamicLoad         
5452      	sihost.exe          	bcrypt.dll                                                            	0x27000         	C:\Windows\System32\bcrypt.dll                                                                                                  	0x7ffd13280000        	3       	DelayloadDependency 
5452      	sihost.exe          	ole32.dll                                                             	0x12a000        	C:\Windows\System32\ole32.dll                                                                                                   	0x7ffd140d0000        	1       	DelayloadDependency 
5452      	sihost.exe          	urlmon.dll                                                            	0x1ec000        	C:\Windows\system32\urlmon.dll                                                                                                  	0x7ffd08ce0000        	1       	DelayloadDependency 
5452      	sihost.exe          	iertutil.dll                                                          	0x2b1000        	C:\Windows\system32\iertutil.dll                                                                                                	0x7ffd09010000        	1       	StaticDependency    
5452      	sihost.exe          	srvcli.dll                                                            	0x28000         	C:\Windows\system32\srvcli.dll                                                                                                  	0x7ffd08cb0000        	1       	StaticDependency    
5452      	sihost.exe          	netutils.dll                                                          	0xc000          	C:\Windows\system32\netutils.dll                                                                                                	0x7ffd123b0000        	1       	StaticDependency    
5452      	sihost.exe          	Windows.Security.Integrity.dll                                        	0x1b000         	C:\Windows\System32\Windows.Security.Integrity.dll                                                                              	0x7ffd02e10000        	1       	DynamicLoad         
5488      	svchost.exe         	ntdll.dll                                                             	0x1f8000        	C:\Windows\SYSTEM32\ntdll.dll                                                                                                   	0x7ffd157f0000        	2       	StaticDependency    
5488      	svchost.exe         	KERNEL32.DLL                                                          	0xbf000         	C:\Windows\System32\KERNEL32.DLL                                                                                                	0x7ffd155b0000        	2       	DynamicLoad         
5488      	svchost.exe         	KERNELBASE.dll                                                        	0x2f6000        	C:\Windows\System32\KERNELBASE.dll                                                                                              	0x7ffd133b0000        	1       	StaticDependency    
5488      	svchost.exe         	sechost.dll                                                           	0x9c000         	C:\Windows\System32\sechost.dll                                                                                                 	0x7ffd15450000        	2       	StaticDependency    
5488      	svchost.exe         	RPCRT4.dll                                                            	0x126000        	C:\Windows\System32\RPCRT4.dll                                                                                                  	0x7ffd13c20000        	2       	StaticDependency    
5488      	svchost.exe         	ucrtbase.dll                                                          	0x100000        	C:\Windows\System32\ucrtbase.dll                                                                                                	0x7ffd13180000        	2       	StaticDependency    
5488      	svchost.exe         	combase.dll                                                           	0x354000        	C:\Windows\System32\combase.dll                                                                                                 	0x7ffd150f0000        	1       	DelayloadDependency 
5488      	svchost.exe         	kernel.appcore.dll                                                    	0x12000         	C:\Windows\SYSTEM32\kernel.appcore.dll                                                                                          	0x7ffd10db0000        	1       	DelayloadDependency 
5488      	svchost.exe         	msvcrt.dll                                                            	0x9e000         	C:\Windows\System32\msvcrt.dll                                                                                                  	0x7ffd13af0000        	1       	StaticDependency    
5488      	svchost.exe         	bcryptPrimitives.dll                                                  	0x82000         	C:\Windows\System32\bcryptPrimitives.dll                                                                                        	0x7ffd132b0000        	3       	DelayloadDependency 
5488      	svchost.exe         	user32.dll                                                            	0x19d000        	C:\Windows\System32\user32.dll                                                                                                  	0x7ffd14e90000        	1       	DelayloadDependency 
5488      	svchost.exe         	win32u.dll                                                            	0x22000         	C:\Windows\System32\win32u.dll                                                                                                  	0x7ffd13820000        	1       	StaticDependency    
5488      	svchost.exe         	GDI32.dll                                                             	0x2c000         	C:\Windows\System32\GDI32.dll                                                                                                   	0x7ffd13bf0000        	1       	StaticDependency    
5488      	svchost.exe         	gdi32full.dll                                                         	0x115000        	C:\Windows\System32\gdi32full.dll                                                                                               	0x7ffd136b0000        	1       	StaticDependency    
5488      	svchost.exe         	msvcp_win.dll                                                         	0x9d000         	C:\Windows\System32\msvcp_win.dll                                                                                               	0x7ffd130e0000        	1       	StaticDependency    
5488      	svchost.exe         	IMM32.DLL                                                             	0x30000         	C:\Windows\System32\IMM32.DLL                                                                                                   	0x7ffd15780000        	1       	DynamicLoad         
5488      	svchost.exe         	cdpusersvc.dll                                                        	0x7f000         	c:\windows\system32\cdpusersvc.dll                                                                                              	0x7ffcfbe20000        	1       	DynamicLoad         
5488      	svchost.exe         	cfgmgr32.dll                                                          	0x4e000         	C:\Windows\System32\cfgmgr32.dll                                                                                                	0x7ffd137d0000        	1       	StaticDependency    
5488      	svchost.exe         	powrprof.dll                                                          	0x4b000         	C:\Windows\SYSTEM32\powrprof.dll                                                                                                	0x7ffd12c90000        	1       	StaticDependency    
5488      	svchost.exe         	cdp.dll                                                               	0x4ca000        	c:\windows\system32\cdp.dll                                                                                                     	0x7ffcfb950000        	1       	StaticDependency    
5488      	svchost.exe         	SHCORE.dll                                                            	0xad000         	C:\Windows\System32\SHCORE.dll                                                                                                  	0x7ffd13880000        	1       	StaticDependency    
5488      	svchost.exe         	advapi32.dll                                                          	0xaf000         	C:\Windows\System32\advapi32.dll                                                                                                	0x7ffd15040000        	1       	StaticDependency    
5488      	svchost.exe         	CRYPT32.dll                                                           	0x15e000        	C:\Windows\System32\CRYPT32.dll                                                                                                 	0x7ffd12f80000        	1       	StaticDependency    
5488      	svchost.exe         	UMPDC.dll                                                             	0x12000         	c:\windows\system32\UMPDC.dll                                                                                                   	0x7ffd12a70000        	1       	StaticDependency    
5488      	svchost.exe         	PROPSYS.dll                                                           	0xf6000         	c:\windows\system32\PROPSYS.dll                                                                                                 	0x7ffd0ea50000        	1       	StaticDependency    
5488      	svchost.exe         	dsreg.dll                                                             	0x14d000        	c:\windows\system32\dsreg.dll                                                                                                   	0x7ffd0fbb0000        	1       	StaticDependency    
5488      	svchost.exe         	OLEAUT32.dll                                                          	0xcd000         	C:\Windows\System32\OLEAUT32.dll                                                                                                	0x7ffd13e00000        	1       	StaticDependency    
5488      	svchost.exe         	msvcp110_win.dll                                                      	0x8a000         	c:\windows\system32\msvcp110_win.dll                                                                                            	0x7ffd11fa0000        	1       	StaticDependency    
5488      	svchost.exe         	cryptsp.dll                                                           	0x18000         	C:\Windows\SYSTEM32\cryptsp.dll                                                                                                 	0x7ffd127a0000        	1       	StaticDependency    
5488      	svchost.exe         	WLDP.DLL                                                              	0x2e000         	C:\Windows\SYSTEM32\WLDP.DLL                                                                                                    	0x7ffd12850000        	1       	DynamicLoad         
5488      	svchost.exe         	iertutil.dll                                                          	0x2b1000        	c:\windows\system32\iertutil.dll                                                                                                	0x7ffd09010000        	1       	DelayloadDependency 
5488      	svchost.exe         	policymanager.dll                                                     	0xa3000         	C:\Windows\SYSTEM32\policymanager.dll                                                                                           	0x7ffd0c380000        	1       	DelayloadDependency 
5488      	svchost.exe         	gamestreamingext.dll                                                  	0x7000          	C:\Windows\SYSTEM32\gamestreamingext.dll                                                                                        	0x7ffcfcef0000        	1       	DelayloadDependency 
5488      	svchost.exe         	bcrypt.dll                                                            	0x27000         	C:\Windows\System32\bcrypt.dll                                                                                                  	0x7ffd13280000        	3       	DelayloadDependency 
5488      	svchost.exe         	clbcatq.dll                                                           	0xa9000         	C:\Windows\System32\clbcatq.dll                                                                                                 	0x7ffd13d50000        	1       	DelayloadDependency 
5488      	svchost.exe         	OneCoreCommonProxyStub.dll                                            	0x7f000         	C:\Windows\System32\OneCoreCommonProxyStub.dll                                                                                  	0x7ffd055b0000        	1       	DynamicLoad         
5488      	svchost.exe         	Windows.Security.Authentication.Web.Core.dll                          	0x11d000        	C:\Windows\System32\Windows.Security.Authentication.Web.Core.dll                                                                	0x7ffcfb1b0000        	1       	DynamicLoad         
5488      	svchost.exe         	wintypes.dll                                                          	0x154000        	C:\Windows\SYSTEM32\wintypes.dll                                                                                                	0x7ffd0ebd0000        	1       	StaticDependency    
5488      	svchost.exe         	usermgrcli.dll                                                        	0x16000         	C:\Windows\SYSTEM32\usermgrcli.dll                                                                                              	0x7ffd0e580000        	1       	DelayloadDependency 
5488      	svchost.exe         	SspiCli.dll                                                           	0x32000         	C:\Windows\System32\SspiCli.dll                                                                                                 	0x7ffd12dc0000        	1       	DelayloadDependency 
5488      	svchost.exe         	MSASN1.dll                                                            	0x12000         	C:\Windows\System32\MSASN1.dll                                                                                                  	0x7ffd12a50000        	1       	DelayloadDependency 
5488      	svchost.exe         	ncrypt.dll                                                            	0x28000         	c:\windows\system32\ncrypt.dll                                                                                                  	0x7ffd12930000        	1       	DelayloadDependency 
5488      	svchost.exe         	NTASN1.dll                                                            	0x3b000         	c:\windows\system32\NTASN1.dll                                                                                                  	0x7ffd128f0000        	1       	DelayloadDependency 
5488      	svchost.exe         	ncryptprov.dll                                                        	0x5a000         	C:\Windows\system32\ncryptprov.dll                                                                                              	0x7ffd00d50000        	1       	DynamicLoad         
5488      	svchost.exe         	profapi.dll                                                           	0x1f000         	C:\Windows\system32\profapi.dll                                                                                                 	0x7ffd12e10000        	1       	StaticDependency    
5488      	svchost.exe         	CRYPTBASE.dll                                                         	0xc000          	C:\Windows\system32\CRYPTBASE.dll                                                                                               	0x7ffd127c0000        	1       	DelayloadDependency 
5488      	svchost.exe         	vaultcli.dll                                                          	0x51000         	C:\Windows\System32\vaultcli.dll                                                                                                	0x7ffcf9420000        	1       	DynamicLoad         
5488      	svchost.exe         	Windows.Networking.Connectivity.dll                                   	0xb9000         	C:\Windows\System32\Windows.Networking.Connectivity.dll                                                                         	0x7ffcf9950000        	1       	DynamicLoad         
5488      	svchost.exe         	npmproxy.dll                                                          	0x10000         	C:\Windows\System32\npmproxy.dll                                                                                                	0x7ffd06c00000        	1       	DynamicLoad         
5488      	svchost.exe         	WINHTTP.dll                                                           	0x10a000        	c:\windows\system32\WINHTTP.dll                                                                                                 	0x7ffd0a550000        	1       	DelayloadDependency 
5488      	svchost.exe         	WS2_32.dll                                                            	0x6b000         	C:\Windows\System32\WS2_32.dll                                                                                                  	0x7ffd14dc0000        	1       	DelayloadDependency 
5488      	svchost.exe         	mswsock.dll                                                           	0x6a000         	C:\Windows\system32\mswsock.dll                                                                                                 	0x7ffd125b0000        	1       	DynamicLoad         
5488      	svchost.exe         	IPHLPAPI.DLL                                                          	0x3c000         	c:\windows\system32\IPHLPAPI.DLL                                                                                                	0x7ffd122a0000        	1       	DelayloadDependency 
5488      	svchost.exe         	WINNSI.DLL                                                            	0xb000          	C:\Windows\SYSTEM32\WINNSI.DLL                                                                                                  	0x7ffd0b6b0000        	1       	DelayloadDependency 
5488      	svchost.exe         	NSI.dll                                                               	0x8000          	C:\Windows\System32\NSI.dll                                                                                                     	0x7ffd13870000        	1       	StaticDependency    
5488      	svchost.exe         	dhcpcsvc6.DLL                                                         	0x17000         	C:\Windows\SYSTEM32\dhcpcsvc6.DLL                                                                                               	0x7ffd0b670000        	1       	DelayloadDependency 
5488      	svchost.exe         	dhcpcsvc.DLL                                                          	0x1d000         	C:\Windows\SYSTEM32\dhcpcsvc.DLL                                                                                                	0x7ffd0b650000        	1       	DelayloadDependency 
5488      	svchost.exe         	winsqlite3.dll                                                        	0xdb000         	c:\windows\system32\winsqlite3.dll                                                                                              	0x7ffd01de0000        	1       	DelayloadDependency 
5488      	svchost.exe         	Windows.Devices.Radios.dll                                            	0x39000         	C:\Windows\System32\Windows.Devices.Radios.dll                                                                                  	0x7ffd05470000        	1       	DynamicLoad         
5488      	svchost.exe         	Windows.CloudStore.dll                                                	0x216000        	C:\Windows\System32\Windows.CloudStore.dll                                                                                      	0x7ffcfccc0000        	1       	DynamicLoad         
5488      	svchost.exe         	urlmon.dll                                                            	0x1ec000        	C:\Windows\System32\urlmon.dll                                                                                                  	0x7ffd08ce0000        	1       	StaticDependency    
5488      	svchost.exe         	srvcli.dll                                                            	0x28000         	C:\Windows\System32\srvcli.dll                                                                                                  	0x7ffd08cb0000        	1       	StaticDependency    
5488      	svchost.exe         	netutils.dll                                                          	0xc000          	C:\Windows\System32\netutils.dll                                                                                                	0x7ffd123b0000        	1       	StaticDependency    
5488      	svchost.exe         	AppExtension.dll                                                      	0x37000         	C:\Windows\System32\AppExtension.dll                                                                                            	0x7ffcf9710000        	1       	DynamicLoad         
5488      	svchost.exe         	twinapi.appcore.dll                                                   	0x200000        	C:\Windows\System32\twinapi.appcore.dll                                                                                         	0x7ffd0de50000        	1       	StaticDependency    
5488      	svchost.exe         	AppXDeploymentClient.dll                                              	0x104000        	C:\Windows\System32\AppXDeploymentClient.dll                                                                                    	0x7ffd0c590000        	1       	StaticDependency    
5488      	svchost.exe         	Windows.StateRepositoryPS.dll                                         	0x146000        	C:\Windows\System32\Windows.StateRepositoryPS.dll                                                                               	0x7ffd01c90000        	1       	DynamicLoad         
5488      	svchost.exe         	Windows.CloudStore.Schema.Shell.dll                                   	0xec000         	C:\Windows\System32\Windows.CloudStore.Schema.Shell.dll                                                                         	0x7ffcf95e0000        	1       	DynamicLoad         
5536      	svchost.exe         	ntdll.dll                                                             	0x1f8000        	C:\Windows\SYSTEM32\ntdll.dll                                                                                                   	0x7ffd157f0000        	2       	StaticDependency    
5536      	svchost.exe         	KERNEL32.DLL                                                          	0xbf000         	C:\Windows\System32\KERNEL32.DLL                                                                                                	0x7ffd155b0000        	2       	DynamicLoad         
5536      	svchost.exe         	KERNELBASE.dll                                                        	0x2f6000        	C:\Windows\System32\KERNELBASE.dll                                                                                              	0x7ffd133b0000        	1       	StaticDependency    
5536      	svchost.exe         	sechost.dll                                                           	0x9c000         	C:\Windows\System32\sechost.dll                                                                                                 	0x7ffd15450000        	2       	StaticDependency    
5536      	svchost.exe         	RPCRT4.dll                                                            	0x126000        	C:\Windows\System32\RPCRT4.dll                                                                                                  	0x7ffd13c20000        	2       	StaticDependency    
5536      	svchost.exe         	ucrtbase.dll                                                          	0x100000        	C:\Windows\System32\ucrtbase.dll                                                                                                	0x7ffd13180000        	2       	StaticDependency    
5536      	svchost.exe         	combase.dll                                                           	0x354000        	C:\Windows\System32\combase.dll                                                                                                 	0x7ffd150f0000        	1       	DelayloadDependency 
5536      	svchost.exe         	kernel.appcore.dll                                                    	0x12000         	C:\Windows\SYSTEM32\kernel.appcore.dll                                                                                          	0x7ffd10db0000        	1       	DelayloadDependency 
5536      	svchost.exe         	msvcrt.dll                                                            	0x9e000         	C:\Windows\System32\msvcrt.dll                                                                                                  	0x7ffd13af0000        	1       	StaticDependency    
5536      	svchost.exe         	bcryptPrimitives.dll                                                  	0x82000         	C:\Windows\System32\bcryptPrimitives.dll                                                                                        	0x7ffd132b0000        	3       	DelayloadDependency 
5536      	svchost.exe         	user32.dll                                                            	0x19d000        	C:\Windows\System32\user32.dll                                                                                                  	0x7ffd14e90000        	1       	DelayloadDependency 
5536      	svchost.exe         	win32u.dll                                                            	0x22000         	C:\Windows\System32\win32u.dll                                                                                                  	0x7ffd13820000        	1       	StaticDependency    
5536      	svchost.exe         	GDI32.dll                                                             	0x2c000         	C:\Windows\System32\GDI32.dll                                                                                                   	0x7ffd13bf0000        	1       	StaticDependency    
5536      	svchost.exe         	gdi32full.dll                                                         	0x115000        	C:\Windows\System32\gdi32full.dll                                                                                               	0x7ffd136b0000        	1       	StaticDependency    
5536      	svchost.exe         	msvcp_win.dll                                                         	0x9d000         	C:\Windows\System32\msvcp_win.dll                                                                                               	0x7ffd130e0000        	1       	StaticDependency    
5536      	svchost.exe         	IMM32.DLL                                                             	0x30000         	C:\Windows\System32\IMM32.DLL                                                                                                   	0x7ffd15780000        	1       	DynamicLoad         
5536      	svchost.exe         	wpnuserservice.dll                                                    	0x19000         	c:\windows\system32\wpnuserservice.dll                                                                                          	0x7ffcfb930000        	1       	DynamicLoad         
5536      	svchost.exe         	faultrep.dll                                                          	0x7a000         	c:\windows\system32\faultrep.dll                                                                                                	0x7ffcfb8b0000        	1       	StaticDependency    
5536      	svchost.exe         	advapi32.dll                                                          	0xaf000         	C:\Windows\System32\advapi32.dll                                                                                                	0x7ffd15040000        	1       	StaticDependency    
5536      	svchost.exe         	shcore.dll                                                            	0xad000         	C:\Windows\System32\shcore.dll                                                                                                  	0x7ffd13880000        	1       	StaticDependency    
5536      	svchost.exe         	iertutil.dll                                                          	0x2b1000        	c:\windows\system32\iertutil.dll                                                                                                	0x7ffd09010000        	1       	StaticDependency    
5536      	svchost.exe         	dbghelp.dll                                                           	0x1e4000        	c:\windows\system32\dbghelp.dll                                                                                                 	0x7ffd03440000        	1       	StaticDependency    
5536      	svchost.exe         	dbgcore.DLL                                                           	0x34000         	c:\windows\system32\dbgcore.DLL                                                                                                 	0x7ffd03320000        	1       	StaticForwarderDependency
5536      	svchost.exe         	WLDP.DLL                                                              	0x2e000         	C:\Windows\SYSTEM32\WLDP.DLL                                                                                                    	0x7ffd12850000        	1       	DynamicLoad         
5536      	svchost.exe         	clbcatq.dll                                                           	0xa9000         	C:\Windows\System32\clbcatq.dll                                                                                                 	0x7ffd13d50000        	1       	DelayloadDependency 
5536      	svchost.exe         	wpncore.dll                                                           	0x176000        	C:\Windows\System32\wpncore.dll                                                                                                 	0x7ffd01ec0000        	1       	DynamicLoad         
5536      	svchost.exe         	OLEAUT32.dll                                                          	0xcd000         	C:\Windows\System32\OLEAUT32.dll                                                                                                	0x7ffd13e00000        	1       	StaticDependency    
5536      	svchost.exe         	winsqlite3.dll                                                        	0xdb000         	C:\Windows\System32\winsqlite3.dll                                                                                              	0x7ffd01de0000        	1       	StaticDependency    
5536      	svchost.exe         	WINHTTP.dll                                                           	0x10a000        	C:\Windows\System32\WINHTTP.dll                                                                                                 	0x7ffd0a550000        	1       	StaticDependency    
5536      	svchost.exe         	powrprof.dll                                                          	0x4b000         	C:\Windows\SYSTEM32\powrprof.dll                                                                                                	0x7ffd12c90000        	1       	StaticDependency    
5536      	svchost.exe         	urlmon.dll                                                            	0x1ec000        	C:\Windows\System32\urlmon.dll                                                                                                  	0x7ffd08ce0000        	1       	StaticDependency    
5536      	svchost.exe         	wintypes.dll                                                          	0x154000        	C:\Windows\SYSTEM32\wintypes.dll                                                                                                	0x7ffd0ebd0000        	1       	StaticDependency    
5536      	svchost.exe         	UMPDC.dll                                                             	0x12000         	C:\Windows\System32\UMPDC.dll                                                                                                   	0x7ffd12a70000        	1       	StaticDependency    
5536      	svchost.exe         	srvcli.dll                                                            	0x28000         	C:\Windows\System32\srvcli.dll                                                                                                  	0x7ffd08cb0000        	1       	StaticDependency    
5536      	svchost.exe         	netutils.dll                                                          	0xc000          	C:\Windows\System32\netutils.dll                                                                                                	0x7ffd123b0000        	1       	StaticDependency    
5536      	svchost.exe         	NotificationController.dll                                            	0x130000        	C:\Windows\System32\NotificationController.dll                                                                                  	0x7ffcfb610000        	1       	DynamicLoad         
5536      	svchost.exe         	cfgmgr32.dll                                                          	0x4e000         	C:\Windows\System32\cfgmgr32.dll                                                                                                	0x7ffd137d0000        	1       	StaticDependency    
5536      	svchost.exe         	RMCLIENT.dll                                                          	0x2a000         	C:\Windows\System32\RMCLIENT.dll                                                                                                	0x7ffd10ac0000        	1       	StaticDependency    
5536      	svchost.exe         	usermgrcli.dll                                                        	0x16000         	C:\Windows\SYSTEM32\usermgrcli.dll                                                                                              	0x7ffd0e580000        	1       	DelayloadDependency 
5536      	svchost.exe         	OneCoreUAPCommonProxyStub.dll                                         	0x7cb000        	C:\Windows\System32\OneCoreUAPCommonProxyStub.dll                                                                               	0x7ffd0c960000        	1       	DynamicLoad         
5536      	svchost.exe         	QuietHours.dll                                                        	0x82000         	C:\Windows\System32\QuietHours.dll                                                                                              	0x7ffcfb2d0000        	1       	DynamicLoad         
5536      	svchost.exe         	windows.storage.dll                                                   	0x793000        	C:\Windows\SYSTEM32\windows.storage.dll                                                                                         	0x7ffd10fb0000        	1       	DelayloadDependency 
5536      	svchost.exe         	shlwapi.dll                                                           	0x55000         	C:\Windows\System32\shlwapi.dll                                                                                                 	0x7ffd15550000        	1       	DelayloadDependency 
5536      	svchost.exe         	profapi.dll                                                           	0x1f000         	C:\Windows\SYSTEM32\profapi.dll                                                                                                 	0x7ffd12e10000        	1       	DelayloadDependency 
5536      	svchost.exe         	winsta.dll                                                            	0x64000         	C:\Windows\SYSTEM32\winsta.dll                                                                                                  	0x7ffd12880000        	2       	DelayloadDependency 
5536      	svchost.exe         	policymanager.dll                                                     	0xa3000         	C:\Windows\SYSTEM32\policymanager.dll                                                                                           	0x7ffd0c380000        	1       	DelayloadDependency 
5536      	svchost.exe         	msvcp110_win.dll                                                      	0x8a000         	C:\Windows\System32\msvcp110_win.dll                                                                                            	0x7ffd11fa0000        	1       	StaticDependency    
5536      	svchost.exe         	twinapi.appcore.dll                                                   	0x200000        	C:\Windows\SYSTEM32\twinapi.appcore.dll                                                                                         	0x7ffd0de50000        	1       	DelayloadDependency 
5536      	svchost.exe         	execmodelclient.dll                                                   	0x60000         	C:\Windows\System32\execmodelclient.dll                                                                                         	0x7ffcfb150000        	1       	DynamicLoad         
5536      	svchost.exe         	PROPSYS.dll                                                           	0xf6000         	C:\Windows\System32\PROPSYS.dll                                                                                                 	0x7ffd0ea50000        	1       	StaticDependency    
5536      	svchost.exe         	CoreMessaging.dll                                                     	0xf2000         	C:\Windows\System32\CoreMessaging.dll                                                                                           	0x7ffd103f0000        	1       	StaticDependency    
5536      	svchost.exe         	WS2_32.dll                                                            	0x6b000         	C:\Windows\System32\WS2_32.dll                                                                                                  	0x7ffd14dc0000        	1       	StaticDependency    
5536      	svchost.exe         	OneCoreCommonProxyStub.dll                                            	0x7f000         	C:\Windows\System32\OneCoreCommonProxyStub.dll                                                                                  	0x7ffd055b0000        	1       	DynamicLoad         
5536      	svchost.exe         	execmodelproxy.dll                                                    	0x18000         	C:\Windows\system32\execmodelproxy.dll                                                                                          	0x7ffcf9930000        	1       	DynamicLoad         
5536      	svchost.exe         	uxtheme.dll                                                           	0x9e000         	C:\Windows\system32\uxtheme.dll                                                                                                 	0x7ffd108e0000        	1       	DynamicLoad         
5536      	svchost.exe         	MSCTF.dll                                                             	0x114000        	C:\Windows\System32\MSCTF.dll                                                                                                   	0x7ffd13fb0000        	1       	DelayloadDependency 
5536      	svchost.exe         	wtsapi32.dll                                                          	0x14000         	C:\Windows\SYSTEM32\wtsapi32.dll                                                                                                	0x7ffd0ebb0000        	1       	DelayloadDependency 
5536      	svchost.exe         	TileDataRepository.dll                                                	0x9a000         	C:\Windows\System32\TileDataRepository.dll                                                                                      	0x7ffcf9850000        	1       	DynamicLoad         
5536      	svchost.exe         	StateRepository.Core.dll                                              	0xb1000         	C:\Windows\System32\StateRepository.Core.dll                                                                                    	0x7ffd07410000        	1       	StaticDependency    
5536      	svchost.exe         	Windows.StateRepository.dll                                           	0x58f000        	C:\Windows\System32\Windows.StateRepository.dll                                                                                 	0x7ffd074e0000        	1       	StaticDependency    
5536      	svchost.exe         	Windows.StateRepositoryPS.dll                                         	0x146000        	C:\Windows\System32\Windows.StateRepositoryPS.dll                                                                               	0x7ffd01c90000        	1       	DynamicLoad         
5536      	svchost.exe         	Windows.Networking.Connectivity.dll                                   	0xb9000         	C:\Windows\System32\Windows.Networking.Connectivity.dll                                                                         	0x7ffcf9950000        	1       	DynamicLoad         
5536      	svchost.exe         	Windows.StateRepositoryClient.dll                                     	0x40000         	C:\Windows\System32\Windows.StateRepositoryClient.dll                                                                           	0x7ffcf97f0000        	1       	DynamicLoad         
5536      	svchost.exe         	appresolver.dll                                                       	0x90000         	C:\Windows\System32\appresolver.dll                                                                                             	0x7ffcf9750000        	1       	DynamicLoad         
5536      	svchost.exe         	ole32.dll                                                             	0x12a000        	C:\Windows\System32\ole32.dll                                                                                                   	0x7ffd140d0000        	1       	StaticDependency    
5536      	svchost.exe         	Bcp47Langs.dll                                                        	0x5b000         	C:\Windows\System32\Bcp47Langs.dll                                                                                              	0x7ffd0ad50000        	1       	StaticDependency    
5536      	svchost.exe         	SLC.dll                                                               	0x29000         	C:\Windows\System32\SLC.dll                                                                                                     	0x7ffd11a10000        	1       	StaticDependency    
5536      	svchost.exe         	USERENV.dll                                                           	0x2e000         	C:\Windows\System32\USERENV.dll                                                                                                 	0x7ffd12d90000        	1       	StaticDependency    
5536      	svchost.exe         	sppc.dll                                                              	0x25000         	C:\Windows\System32\sppc.dll                                                                                                    	0x7ffd119e0000        	1       	StaticDependency    
5536      	svchost.exe         	threadpoolwinrt.dll                                                   	0x14000         	C:\Windows\System32\threadpoolwinrt.dll                                                                                         	0x7ffd060a0000        	1       	DynamicLoad         
5536      	svchost.exe         	Windows.CloudStore.dll                                                	0x216000        	C:\Windows\System32\Windows.CloudStore.dll                                                                                      	0x7ffcfccc0000        	1       	DynamicLoad         
5536      	svchost.exe         	bcrypt.dll                                                            	0x27000         	C:\Windows\System32\bcrypt.dll                                                                                                  	0x7ffd13280000        	2       	StaticDependency    
5536      	svchost.exe         	AppExtension.dll                                                      	0x37000         	C:\Windows\System32\AppExtension.dll                                                                                            	0x7ffcf9710000        	1       	DynamicLoad         
5536      	svchost.exe         	AppXDeploymentClient.dll                                              	0x104000        	C:\Windows\System32\AppXDeploymentClient.dll                                                                                    	0x7ffd0c590000        	1       	StaticDependency    
5536      	svchost.exe         	IPHLPAPI.DLL                                                          	0x3c000         	C:\Windows\System32\IPHLPAPI.DLL                                                                                                	0x7ffd122a0000        	1       	DelayloadDependency 
5536      	svchost.exe         	NSI.dll                                                               	0x8000          	C:\Windows\System32\NSI.dll                                                                                                     	0x7ffd13870000        	1       	DelayloadDependency 
5536      	svchost.exe         	dusmapi.dll                                                           	0x11000         	C:\Windows\System32\dusmapi.dll                                                                                                 	0x7ffcf96d0000        	1       	DelayloadDependency 
5536      	svchost.exe         	wpnapps.dll                                                           	0x154000        	C:\Windows\System32\wpnapps.dll                                                                                                 	0x7ffcf9480000        	1       	DynamicLoad         
5536      	svchost.exe         	XmlLite.dll                                                           	0x36000         	C:\Windows\System32\XmlLite.dll                                                                                                 	0x7ffd0ea10000        	1       	StaticDependency    
5536      	svchost.exe         	windows.staterepositorycore.dll                                       	0x11000         	C:\Windows\SYSTEM32\windows.staterepositorycore.dll                                                                             	0x7ffd067c0000        	1       	DelayloadDependency 
5536      	svchost.exe         	mswsock.dll                                                           	0x6a000         	C:\Windows\system32\mswsock.dll                                                                                                 	0x7ffd125b0000        	1       	DynamicLoad         
5536      	svchost.exe         	WINNSI.DLL                                                            	0xb000          	C:\Windows\SYSTEM32\WINNSI.DLL                                                                                                  	0x7ffd0b6b0000        	1       	DelayloadDependency 
5536      	svchost.exe         	dhcpcsvc6.DLL                                                         	0x17000         	C:\Windows\SYSTEM32\dhcpcsvc6.DLL                                                                                               	0x7ffd0b670000        	1       	DelayloadDependency 
5536      	svchost.exe         	dhcpcsvc.DLL                                                          	0x1d000         	C:\Windows\SYSTEM32\dhcpcsvc.DLL                                                                                                	0x7ffd0b650000        	1       	DelayloadDependency 
5536      	svchost.exe         	NotificationControllerPS.dll                                          	0x61000         	C:\Windows\System32\NotificationControllerPS.dll                                                                                	0x7ffcf93b0000        	1       	DynamicLoad         
5536      	svchost.exe         	webio.dll                                                             	0x98000         	C:\Windows\System32\webio.dll                                                                                                   	0x7ffd00bf0000        	1       	DelayloadDependency 
5536      	svchost.exe         	SspiCli.dll                                                           	0x32000         	C:\Windows\System32\SspiCli.dll                                                                                                 	0x7ffd12dc0000        	1       	DelayloadDependency 
5536      	svchost.exe         	DNSAPI.dll                                                            	0xcb000         	C:\Windows\SYSTEM32\DNSAPI.dll                                                                                                  	0x7ffd122e0000        	1       	DelayloadDependency 
5536      	svchost.exe         	rasadhlp.dll                                                          	0xa000          	C:\Windows\System32\rasadhlp.dll                                                                                                	0x7ffd06b20000        	1       	DynamicLoad         
5536      	svchost.exe         	schannel.DLL                                                          	0x99000         	C:\Windows\system32\schannel.DLL                                                                                                	0x7ffd11df0000        	1       	DynamicLoad         
5536      	svchost.exe         	mskeyprotect.dll                                                      	0x16000         	C:\Windows\SYSTEM32\mskeyprotect.dll                                                                                            	0x7ffd00d00000        	1       	DynamicLoad         
5536      	svchost.exe         	NTASN1.dll                                                            	0x3b000         	C:\Windows\SYSTEM32\NTASN1.dll                                                                                                  	0x7ffd128f0000        	1       	DelayloadDependency 
5536      	svchost.exe         	ncrypt.dll                                                            	0x28000         	C:\Windows\system32\ncrypt.dll                                                                                                  	0x7ffd12930000        	1       	DelayloadDependency 
5536      	svchost.exe         	ncryptsslp.dll                                                        	0x26000         	C:\Windows\system32\ncryptsslp.dll                                                                                              	0x7ffd00db0000        	1       	DynamicLoad         
5536      	svchost.exe         	CRYPT32.dll                                                           	0x15e000        	C:\Windows\System32\CRYPT32.dll                                                                                                 	0x7ffd12f80000        	1       	DelayloadDependency 
5536      	svchost.exe         	MSASN1.dll                                                            	0x12000         	C:\Windows\system32\MSASN1.dll                                                                                                  	0x7ffd12a50000        	1       	DelayloadDependency 
5536      	svchost.exe         	DPAPI.DLL                                                             	0xa000          	C:\Windows\system32\DPAPI.DLL                                                                                                   	0x7ffd12c80000        	1       	DynamicForwarderDependency
5536      	svchost.exe         	TimeBrokerClient.dll                                                  	0xe000          	C:\Windows\System32\TimeBrokerClient.dll                                                                                        	0x7ffd0c750000        	1       	DelayloadDependency 
5536      	svchost.exe         	EventAggregation.dll                                                  	0x19000         	C:\Windows\System32\EventAggregation.dll                                                                                        	0x7ffd12c60000        	1       	StaticDependency    
5536      	svchost.exe         	SystemEventsBrokerClient.dll                                          	0xd000          	C:\Windows\System32\SystemEventsBrokerClient.dll                                                                                	0x7ffd0e680000        	1       	DelayloadDependency 
5536      	svchost.exe         	wpnclient.dll                                                         	0x5e000         	C:\Windows\System32\wpnclient.dll                                                                                               	0x7ffcf5fc0000        	1       	DynamicLoad         
5536      	svchost.exe         	ContentDeliveryManager.Utilities.dll                                  	0x1b8000        	C:\Windows\System32\ContentDeliveryManager.Utilities.dll                                                                        	0x7ffcc7070000        	1       	DynamicLoad         
5536      	svchost.exe         	cdp.dll                                                               	0x4ca000        	C:\Windows\System32\cdp.dll                                                                                                     	0x7ffcfb950000        	1       	StaticDependency    
5536      	svchost.exe         	dsreg.dll                                                             	0x14d000        	C:\Windows\System32\dsreg.dll                                                                                                   	0x7ffd0fbb0000        	1       	StaticDependency    
5536      	svchost.exe         	cryptsp.dll                                                           	0x18000         	C:\Windows\SYSTEM32\cryptsp.dll                                                                                                 	0x7ffd127a0000        	1       	StaticDependency    
5536      	svchost.exe         	twinui.pcshell.dll                                                    	0x628000        	C:\Windows\System32\twinui.pcshell.dll                                                                                          	0x7ffcf81b0000        	1       	DynamicLoad         
5536      	svchost.exe         	SHELL32.dll                                                           	0x744000        	C:\Windows\System32\SHELL32.dll                                                                                                 	0x7ffd14200000        	1       	StaticDependency    
5536      	svchost.exe         	dwmapi.dll                                                            	0x2f000         	C:\Windows\SYSTEM32\dwmapi.dll                                                                                                  	0x7ffd10bd0000        	1       	StaticDependency    
5536      	svchost.exe         	DWrite.dll                                                            	0x27f000        	C:\Windows\System32\DWrite.dll                                                                                                  	0x7ffd08800000        	1       	StaticDependency    
5536      	svchost.exe         	wkscli.dll                                                            	0x19000         	C:\Windows\System32\wkscli.dll                                                                                                  	0x7ffd12030000        	1       	StaticDependency    
5536      	svchost.exe         	dcomp.dll                                                             	0x1e3000        	C:\Windows\System32\dcomp.dll                                                                                                   	0x7ffd0f9c0000        	1       	StaticDependency    
5536      	svchost.exe         	WININET.dll                                                           	0x4d9000        	C:\Windows\System32\WININET.dll                                                                                                 	0x7ffd04830000        	1       	StaticDependency    
5536      	svchost.exe         	wincorlib.DLL                                                         	0x6f000         	C:\Windows\System32\wincorlib.DLL                                                                                               	0x7ffd0adb0000        	1       	StaticDependency    
5536      	svchost.exe         	ActXPrxy.dll                                                          	0xa1000         	C:\Windows\System32\ActXPrxy.dll                                                                                                	0x7ffd0c6a0000        	1       	DynamicLoad         
5536      	svchost.exe         	windowscodecs.dll                                                     	0x1b4000        	C:\Windows\system32\windowscodecs.dll                                                                                           	0x7ffd0dba0000        	1       	DynamicLoad         
5536      	svchost.exe         	msxml6.dll                                                            	0x25f000        	C:\Windows\System32\msxml6.dll                                                                                                  	0x7ffcfcf00000        	1       	DynamicLoad         
5536      	svchost.exe         	ntmarta.dll                                                           	0x33000         	C:\Windows\SYSTEM32\ntmarta.dll                                                                                                 	0x7ffd11f60000        	1       	DelayloadDependency 
5536      	svchost.exe         	twinapi.dll                                                           	0xa9000         	C:\Windows\system32\twinapi.dll                                                                                                 	0x7ffcfbee0000        	1       	DynamicLoad         
5536      	svchost.exe         	Windows.CloudStore.Schema.Shell.dll                                   	0xec000         	C:\Windows\System32\Windows.CloudStore.Schema.Shell.dll                                                                         	0x7ffcf95e0000        	1       	DynamicLoad         
5604      	taskhostw.exe       	ntdll.dll                                                             	0x1f8000        	C:\Windows\SYSTEM32\ntdll.dll                                                                                                   	0x7ffd157f0000        	2       	StaticDependency    
5604      	taskhostw.exe       	KERNEL32.DLL                                                          	0xbf000         	C:\Windows\System32\KERNEL32.DLL                                                                                                	0x7ffd155b0000        	2       	DynamicLoad         
5604      	taskhostw.exe       	KERNELBASE.dll                                                        	0x2f6000        	C:\Windows\System32\KERNELBASE.dll                                                                                              	0x7ffd133b0000        	1       	StaticDependency    
5604      	taskhostw.exe       	msvcrt.dll                                                            	0x9e000         	C:\Windows\System32\msvcrt.dll                                                                                                  	0x7ffd13af0000        	2       	StaticDependency    
5604      	taskhostw.exe       	RPCRT4.dll                                                            	0x126000        	C:\Windows\System32\RPCRT4.dll                                                                                                  	0x7ffd13c20000        	2       	StaticDependency    
5604      	taskhostw.exe       	combase.dll                                                           	0x354000        	C:\Windows\System32\combase.dll                                                                                                 	0x7ffd150f0000        	2       	StaticDependency    
5604      	taskhostw.exe       	ucrtbase.dll                                                          	0x100000        	C:\Windows\System32\ucrtbase.dll                                                                                                	0x7ffd13180000        	2       	StaticDependency    
5604      	taskhostw.exe       	OLEAUT32.dll                                                          	0xcd000         	C:\Windows\System32\OLEAUT32.dll                                                                                                	0x7ffd13e00000        	2       	StaticDependency    
5604      	taskhostw.exe       	msvcp_win.dll                                                         	0x9d000         	C:\Windows\System32\msvcp_win.dll                                                                                               	0x7ffd130e0000        	2       	StaticDependency    
5604      	taskhostw.exe       	imm32.dll                                                             	0x30000         	C:\Windows\System32\imm32.dll                                                                                                   	0x7ffd15780000        	1       	DelayloadDependency 
5604      	taskhostw.exe       	USER32.dll                                                            	0x19d000        	C:\Windows\System32\USER32.dll                                                                                                  	0x7ffd14e90000        	1       	StaticDependency    
5604      	taskhostw.exe       	win32u.dll                                                            	0x22000         	C:\Windows\System32\win32u.dll                                                                                                  	0x7ffd13820000        	1       	StaticDependency    
5604      	taskhostw.exe       	GDI32.dll                                                             	0x2c000         	C:\Windows\System32\GDI32.dll                                                                                                   	0x7ffd13bf0000        	1       	StaticDependency    
5604      	taskhostw.exe       	gdi32full.dll                                                         	0x115000        	C:\Windows\System32\gdi32full.dll                                                                                               	0x7ffd136b0000        	1       	StaticDependency    
5604      	taskhostw.exe       	kernel.appcore.dll                                                    	0x12000         	C:\Windows\SYSTEM32\kernel.appcore.dll                                                                                          	0x7ffd10db0000        	1       	DelayloadDependency 
5604      	taskhostw.exe       	bcryptPrimitives.dll                                                  	0x82000         	C:\Windows\System32\bcryptPrimitives.dll                                                                                        	0x7ffd132b0000        	3       	DelayloadDependency 
5604      	taskhostw.exe       	sechost.dll                                                           	0x9c000         	C:\Windows\System32\sechost.dll                                                                                                 	0x7ffd15450000        	1       	DelayloadDependency 
5604      	taskhostw.exe       	uxtheme.dll                                                           	0x9e000         	C:\Windows\system32\uxtheme.dll                                                                                                 	0x7ffd108e0000        	1       	DynamicLoad         
5604      	taskhostw.exe       	clbcatq.dll                                                           	0xa9000         	C:\Windows\System32\clbcatq.dll                                                                                                 	0x7ffd13d50000        	1       	DelayloadDependency 
5604      	taskhostw.exe       	MsCtfMonitor.dll                                                      	0x1d000         	C:\Windows\system32\MsCtfMonitor.dll                                                                                            	0x7ffcfb3f0000        	1       	DynamicLoad         
5604      	taskhostw.exe       	MSCTF.dll                                                             	0x114000        	C:\Windows\System32\MSCTF.dll                                                                                                   	0x7ffd13fb0000        	1       	StaticDependency    
5604      	taskhostw.exe       	MSUTB.dll                                                             	0x45000         	C:\Windows\system32\MSUTB.dll                                                                                                   	0x7ffcfb380000        	1       	StaticDependency    
5604      	taskhostw.exe       	WINSTA.dll                                                            	0x64000         	C:\Windows\system32\WINSTA.dll                                                                                                  	0x7ffd12880000        	1       	StaticDependency    
5604      	taskhostw.exe       	PlaySndSrv.dll                                                        	0x1b000         	C:\Windows\System32\PlaySndSrv.dll                                                                                              	0x7ffcfb360000        	1       	DynamicLoad         
5604      	taskhostw.exe       	wininet.dll                                                           	0x4d9000        	C:\Windows\system32\wininet.dll                                                                                                 	0x7ffd04830000        	1       	DynamicLoad         
5604      	taskhostw.exe       	advapi32.dll                                                          	0xaf000         	C:\Windows\System32\advapi32.dll                                                                                                	0x7ffd15040000        	1       	StaticDependency    
5604      	taskhostw.exe       	ESENT.dll                                                             	0x335000        	C:\Windows\system32\ESENT.dll                                                                                                   	0x7ffd01950000        	1       	DelayloadDependency 
5604      	taskhostw.exe       	windows.storage.dll                                                   	0x793000        	C:\Windows\SYSTEM32\windows.storage.dll                                                                                         	0x7ffd10fb0000        	1       	DelayloadDependency 
5604      	taskhostw.exe       	Wldp.dll                                                              	0x2e000         	C:\Windows\system32\Wldp.dll                                                                                                    	0x7ffd12850000        	1       	StaticDependency    
5604      	taskhostw.exe       	SHCORE.dll                                                            	0xad000         	C:\Windows\System32\SHCORE.dll                                                                                                  	0x7ffd13880000        	1       	DelayloadDependency 
5604      	taskhostw.exe       	shlwapi.dll                                                           	0x55000         	C:\Windows\System32\shlwapi.dll                                                                                                 	0x7ffd15550000        	1       	DelayloadDependency 
5604      	taskhostw.exe       	profapi.dll                                                           	0x1f000         	C:\Windows\SYSTEM32\profapi.dll                                                                                                 	0x7ffd12e10000        	1       	DelayloadDependency 
5604      	taskhostw.exe       	iertutil.dll                                                          	0x2b1000        	C:\Windows\system32\iertutil.dll                                                                                                	0x7ffd09010000        	1       	DelayloadDependency 
5604      	taskhostw.exe       	CRYPTBASE.DLL                                                         	0xc000          	C:\Windows\system32\CRYPTBASE.DLL                                                                                               	0x7ffd127c0000        	1       	DynamicLoad         
5604      	taskhostw.exe       	WINMM.dll                                                             	0x27000         	C:\Windows\System32\WINMM.dll                                                                                                   	0x7ffd0b9c0000        	1       	DelayloadDependency 
5604      	taskhostw.exe       	USERENV.dll                                                           	0x2e000         	C:\Windows\system32\USERENV.dll                                                                                                 	0x7ffd12d90000        	1       	DelayloadDependency 
5604      	taskhostw.exe       	bcrypt.dll                                                            	0x27000         	C:\Windows\System32\bcrypt.dll                                                                                                  	0x7ffd13280000        	3       	DelayloadDependency 
5604      	taskhostw.exe       	winmmbase.dll                                                         	0x26000         	C:\Windows\SYSTEM32\winmmbase.dll                                                                                               	0x7ffcf4f10000        	1       	DelayloadDependency 
5604      	taskhostw.exe       	MMDevAPI.DLL                                                          	0x85000         	C:\Windows\SYSTEM32\MMDevAPI.DLL                                                                                                	0x7ffd0b1d0000        	1       	DelayloadDependency 
5604      	taskhostw.exe       	DEVOBJ.dll                                                            	0x2c000         	C:\Windows\SYSTEM32\DEVOBJ.dll                                                                                                  	0x7ffd12c30000        	1       	StaticDependency    
5604      	taskhostw.exe       	cfgmgr32.dll                                                          	0x4e000         	C:\Windows\System32\cfgmgr32.dll                                                                                                	0x7ffd137d0000        	1       	StaticDependency    
5604      	taskhostw.exe       	wdmaud.drv                                                            	0x46000         	C:\Windows\system32\wdmaud.drv                                                                                                  	0x7ffccbf30000        	1       	DynamicLoad         
5604      	taskhostw.exe       	ksuser.dll                                                            	0x9000          	C:\Windows\system32\ksuser.dll                                                                                                  	0x7ffd00710000        	1       	StaticDependency    
5604      	taskhostw.exe       	AVRT.dll                                                              	0xa000          	C:\Windows\system32\AVRT.dll                                                                                                    	0x7ffd0e510000        	1       	StaticDependency    
5604      	taskhostw.exe       	rdpendp.dll                                                           	0x4e000         	C:\Windows\system32\rdpendp.dll                                                                                                 	0x7ffcfca90000        	1       	DynamicLoad         
5604      	taskhostw.exe       	WTSAPI32.dll                                                          	0x14000         	C:\Windows\system32\WTSAPI32.dll                                                                                                	0x7ffd0ebb0000        	1       	StaticDependency    
5604      	taskhostw.exe       	PROPSYS.dll                                                           	0xf6000         	C:\Windows\system32\PROPSYS.dll                                                                                                 	0x7ffd0ea50000        	1       	StaticDependency    
5604      	taskhostw.exe       	OLE32.dll                                                             	0x12a000        	C:\Windows\System32\OLE32.dll                                                                                                   	0x7ffd140d0000        	1       	DelayloadDependency 
5604      	taskhostw.exe       	AUDIOSES.DLL                                                          	0x182000        	C:\Windows\system32\AUDIOSES.DLL                                                                                                	0x7ffd07080000        	1       	DynamicLoad         
5604      	taskhostw.exe       	powrprof.dll                                                          	0x4b000         	C:\Windows\SYSTEM32\powrprof.dll                                                                                                	0x7ffd12c90000        	1       	StaticDependency    
5604      	taskhostw.exe       	UMPDC.dll                                                             	0x12000         	C:\Windows\system32\UMPDC.dll                                                                                                   	0x7ffd12a70000        	1       	DelayloadDependency 
5604      	taskhostw.exe       	msacm32.drv                                                           	0xd000          	C:\Windows\system32\msacm32.drv                                                                                                 	0x7ffd03250000        	1       	DynamicLoad         
5604      	taskhostw.exe       	MSACM32.dll                                                           	0x1e000         	C:\Windows\system32\MSACM32.dll                                                                                                 	0x7ffccbf10000        	1       	StaticDependency    
5604      	taskhostw.exe       	midimap.dll                                                           	0xb000          	C:\Windows\system32\midimap.dll                                                                                                 	0x7ffd002c0000        	1       	DynamicLoad         
5724      	svchost.exe         	ntdll.dll                                                             	0x1f8000        	C:\Windows\SYSTEM32\ntdll.dll                                                                                                   	0x7ffd157f0000        	2       	StaticDependency    
5724      	svchost.exe         	KERNEL32.DLL                                                          	0xbf000         	C:\Windows\System32\KERNEL32.DLL                                                                                                	0x7ffd155b0000        	2       	DynamicLoad         
5724      	svchost.exe         	KERNELBASE.dll                                                        	0x2f6000        	C:\Windows\System32\KERNELBASE.dll                                                                                              	0x7ffd133b0000        	1       	StaticDependency    
5724      	svchost.exe         	sechost.dll                                                           	0x9c000         	C:\Windows\System32\sechost.dll                                                                                                 	0x7ffd15450000        	2       	StaticDependency    
5724      	svchost.exe         	RPCRT4.dll                                                            	0x126000        	C:\Windows\System32\RPCRT4.dll                                                                                                  	0x7ffd13c20000        	2       	StaticDependency    
5724      	svchost.exe         	ucrtbase.dll                                                          	0x100000        	C:\Windows\System32\ucrtbase.dll                                                                                                	0x7ffd13180000        	2       	StaticDependency    
5724      	svchost.exe         	combase.dll                                                           	0x354000        	C:\Windows\System32\combase.dll                                                                                                 	0x7ffd150f0000        	1       	DelayloadDependency 
5724      	svchost.exe         	kernel.appcore.dll                                                    	0x12000         	C:\Windows\SYSTEM32\kernel.appcore.dll                                                                                          	0x7ffd10db0000        	1       	DelayloadDependency 
5724      	svchost.exe         	msvcrt.dll                                                            	0x9e000         	C:\Windows\System32\msvcrt.dll                                                                                                  	0x7ffd13af0000        	1       	StaticDependency    
5724      	svchost.exe         	bcryptPrimitives.dll                                                  	0x82000         	C:\Windows\System32\bcryptPrimitives.dll                                                                                        	0x7ffd132b0000        	3       	DelayloadDependency 
5724      	svchost.exe         	user32.dll                                                            	0x19d000        	C:\Windows\System32\user32.dll                                                                                                  	0x7ffd14e90000        	1       	DelayloadDependency 
5724      	svchost.exe         	win32u.dll                                                            	0x22000         	C:\Windows\System32\win32u.dll                                                                                                  	0x7ffd13820000        	1       	StaticDependency    
5724      	svchost.exe         	GDI32.dll                                                             	0x2c000         	C:\Windows\System32\GDI32.dll                                                                                                   	0x7ffd13bf0000        	1       	StaticDependency    
5724      	svchost.exe         	gdi32full.dll                                                         	0x115000        	C:\Windows\System32\gdi32full.dll                                                                                               	0x7ffd136b0000        	1       	StaticDependency    
5724      	svchost.exe         	msvcp_win.dll                                                         	0x9d000         	C:\Windows\System32\msvcp_win.dll                                                                                               	0x7ffd130e0000        	1       	StaticDependency    
5724      	svchost.exe         	tokenbroker.dll                                                       	0x178000        	c:\windows\system32\tokenbroker.dll                                                                                             	0x7ffcfb410000        	1       	DynamicLoad         
5724      	svchost.exe         	advapi32.dll                                                          	0xaf000         	C:\Windows\System32\advapi32.dll                                                                                                	0x7ffd15040000        	1       	StaticDependency    
5724      	svchost.exe         	shcore.dll                                                            	0xad000         	C:\Windows\System32\shcore.dll                                                                                                  	0x7ffd13880000        	1       	StaticDependency    
5724      	svchost.exe         	TOKENBINDING.dll                                                      	0x13000         	c:\windows\system32\TOKENBINDING.dll                                                                                            	0x7ffcfb3d0000        	1       	StaticDependency    
5724      	svchost.exe         	bcrypt.dll                                                            	0x27000         	C:\Windows\System32\bcrypt.dll                                                                                                  	0x7ffd13280000        	2       	StaticDependency    
5724      	svchost.exe         	RMCLIENT.dll                                                          	0x2a000         	c:\windows\system32\RMCLIENT.dll                                                                                                	0x7ffd10ac0000        	1       	StaticDependency    
5724      	svchost.exe         	wintypes.dll                                                          	0x154000        	C:\Windows\SYSTEM32\wintypes.dll                                                                                                	0x7ffd0ebd0000        	1       	StaticDependency    
5724      	svchost.exe         	WLDP.DLL                                                              	0x2e000         	C:\Windows\SYSTEM32\WLDP.DLL                                                                                                    	0x7ffd12850000        	1       	DynamicLoad         
5724      	svchost.exe         	clbcatq.dll                                                           	0xa9000         	C:\Windows\System32\clbcatq.dll                                                                                                 	0x7ffd13d50000        	1       	DelayloadDependency 
5724      	svchost.exe         	OneCoreCommonProxyStub.dll                                            	0x7f000         	C:\Windows\System32\OneCoreCommonProxyStub.dll                                                                                  	0x7ffd055b0000        	1       	DynamicLoad         
5724      	svchost.exe         	Windows.ApplicationModel.dll                                          	0xe6000         	C:\Windows\System32\Windows.ApplicationModel.dll                                                                                	0x7ffd06820000        	1       	DynamicLoad         
5724      	svchost.exe         	OLEAUT32.dll                                                          	0xcd000         	C:\Windows\System32\OLEAUT32.dll                                                                                                	0x7ffd13e00000        	1       	StaticDependency    
5724      	svchost.exe         	twinapi.appcore.dll                                                   	0x200000        	C:\Windows\System32\twinapi.appcore.dll                                                                                         	0x7ffd0de50000        	1       	StaticDependency    
5724      	svchost.exe         	AppXDeploymentClient.dll                                              	0x104000        	C:\Windows\System32\AppXDeploymentClient.dll                                                                                    	0x7ffd0c590000        	1       	DelayloadDependency 
5724      	svchost.exe         	usermgrcli.dll                                                        	0x16000         	C:\Windows\SYSTEM32\usermgrcli.dll                                                                                              	0x7ffd0e580000        	1       	DelayloadDependency 
5724      	svchost.exe         	wtsapi32.dll                                                          	0x14000         	C:\Windows\SYSTEM32\wtsapi32.dll                                                                                                	0x7ffd0ebb0000        	1       	DelayloadDependency 
5724      	svchost.exe         	WINSTA.dll                                                            	0x64000         	C:\Windows\SYSTEM32\WINSTA.dll                                                                                                  	0x7ffd12880000        	1       	DelayloadDependency 
5724      	svchost.exe         	mrmcorer.dll                                                          	0xf4000         	C:\Windows\SYSTEM32\mrmcorer.dll                                                                                                	0x7ffd0ac10000        	1       	DelayloadDependency 
5724      	svchost.exe         	iertutil.dll                                                          	0x2b1000        	C:\Windows\SYSTEM32\iertutil.dll                                                                                                	0x7ffd09010000        	1       	DelayloadDependency 
5724      	svchost.exe         	windows.staterepositorycore.dll                                       	0x11000         	C:\Windows\SYSTEM32\windows.staterepositorycore.dll                                                                             	0x7ffd067c0000        	1       	DelayloadDependency 
5724      	svchost.exe         	profapi.dll                                                           	0x1f000         	C:\Windows\SYSTEM32\profapi.dll                                                                                                 	0x7ffd12e10000        	1       	DelayloadDependency 
5724      	svchost.exe         	PROPSYS.dll                                                           	0xf6000         	C:\Windows\System32\PROPSYS.dll                                                                                                 	0x7ffd0ea50000        	1       	StaticDependency    
5724      	svchost.exe         	bcp47mrm.dll                                                          	0x2d000         	C:\Windows\SYSTEM32\bcp47mrm.dll                                                                                                	0x7ffd0a760000        	1       	DelayloadDependency 
5724      	svchost.exe         	CRYPT32.dll                                                           	0x15e000        	C:\Windows\System32\CRYPT32.dll                                                                                                 	0x7ffd12f80000        	1       	DelayloadDependency 
5724      	svchost.exe         	OnDemandBrokerClient.dll                                              	0x10000         	c:\windows\system32\OnDemandBrokerClient.dll                                                                                    	0x7ffcf1140000        	1       	DelayloadDependency 
5724      	svchost.exe         	ole32.dll                                                             	0x12a000        	C:\Windows\System32\ole32.dll                                                                                                   	0x7ffd140d0000        	1       	DelayloadDependency 
5724      	svchost.exe         	windows.storage.dll                                                   	0x793000        	C:\Windows\system32\windows.storage.dll                                                                                         	0x7ffd10fb0000        	1       	DynamicLoad         
5724      	svchost.exe         	windowscodecs.dll                                                     	0x1b4000        	C:\Windows\system32\windowscodecs.dll                                                                                           	0x7ffd0dba0000        	1       	DynamicLoad         
5724      	svchost.exe         	IDStore.dll                                                           	0x2b000         	C:\Windows\System32\IDStore.dll                                                                                                 	0x7ffd05440000        	1       	DynamicLoad         
5724      	svchost.exe         	SAMLIB.dll                                                            	0x27000         	C:\Windows\System32\SAMLIB.dll                                                                                                  	0x7ffd0eb50000        	1       	DelayloadDependency 
5724      	svchost.exe         	wlidprov.dll                                                          	0xaa000         	C:\Windows\System32\wlidprov.dll                                                                                                	0x7ffcfabf0000        	1       	DynamicLoad         
5724      	svchost.exe         	samcli.dll                                                            	0x19000         	C:\Windows\System32\samcli.dll                                                                                                  	0x7ffd092d0000        	1       	StaticDependency    
5816      	svchost.exe         	ntdll.dll                                                             	0x1f8000        	C:\Windows\SYSTEM32\ntdll.dll                                                                                                   	0x7ffd157f0000        	2       	StaticDependency    
5816      	svchost.exe         	KERNEL32.DLL                                                          	0xbf000         	C:\Windows\System32\KERNEL32.DLL                                                                                                	0x7ffd155b0000        	2       	DynamicLoad         
5816      	svchost.exe         	KERNELBASE.dll                                                        	0x2f6000        	C:\Windows\System32\KERNELBASE.dll                                                                                              	0x7ffd133b0000        	1       	StaticDependency    
5816      	svchost.exe         	sechost.dll                                                           	0x9c000         	C:\Windows\System32\sechost.dll                                                                                                 	0x7ffd15450000        	2       	StaticDependency    
5816      	svchost.exe         	RPCRT4.dll                                                            	0x126000        	C:\Windows\System32\RPCRT4.dll                                                                                                  	0x7ffd13c20000        	2       	StaticDependency    
5816      	svchost.exe         	ucrtbase.dll                                                          	0x100000        	C:\Windows\System32\ucrtbase.dll                                                                                                	0x7ffd13180000        	2       	StaticDependency    
5816      	svchost.exe         	combase.dll                                                           	0x354000        	C:\Windows\System32\combase.dll                                                                                                 	0x7ffd150f0000        	1       	DelayloadDependency 
5816      	svchost.exe         	kernel.appcore.dll                                                    	0x12000         	C:\Windows\SYSTEM32\kernel.appcore.dll                                                                                          	0x7ffd10db0000        	1       	DelayloadDependency 
5816      	svchost.exe         	msvcrt.dll                                                            	0x9e000         	C:\Windows\System32\msvcrt.dll                                                                                                  	0x7ffd13af0000        	1       	StaticDependency    
5816      	svchost.exe         	bcryptPrimitives.dll                                                  	0x82000         	C:\Windows\System32\bcryptPrimitives.dll                                                                                        	0x7ffd132b0000        	3       	DelayloadDependency 
5816      	svchost.exe         	user32.dll                                                            	0x19d000        	C:\Windows\System32\user32.dll                                                                                                  	0x7ffd14e90000        	1       	DelayloadDependency 
5816      	svchost.exe         	win32u.dll                                                            	0x22000         	C:\Windows\System32\win32u.dll                                                                                                  	0x7ffd13820000        	1       	StaticDependency    
5816      	svchost.exe         	GDI32.dll                                                             	0x2c000         	C:\Windows\System32\GDI32.dll                                                                                                   	0x7ffd13bf0000        	1       	StaticDependency    
5816      	svchost.exe         	gdi32full.dll                                                         	0x115000        	C:\Windows\System32\gdi32full.dll                                                                                               	0x7ffd136b0000        	1       	StaticDependency    
5816      	svchost.exe         	msvcp_win.dll                                                         	0x9d000         	C:\Windows\System32\msvcp_win.dll                                                                                               	0x7ffd130e0000        	1       	StaticDependency    
5816      	svchost.exe         	tabsvc.dll                                                            	0x3f000         	c:\windows\system32\tabsvc.dll                                                                                                  	0x7ffcfaf70000        	1       	DynamicLoad         
5816      	svchost.exe         	WLDP.DLL                                                              	0x2e000         	C:\Windows\SYSTEM32\WLDP.DLL                                                                                                    	0x7ffd12850000        	1       	DynamicLoad         
5816      	svchost.exe         	advapi32.dll                                                          	0xaf000         	C:\Windows\System32\advapi32.dll                                                                                                	0x7ffd15040000        	1       	StaticDependency    
5816      	svchost.exe         	HID.DLL                                                               	0xd000          	c:\windows\system32\HID.DLL                                                                                                     	0x7ffd11750000        	1       	DelayloadDependency 
5816      	svchost.exe         	cfgmgr32.dll                                                          	0x4e000         	C:\Windows\System32\cfgmgr32.dll                                                                                                	0x7ffd137d0000        	1       	DynamicLoad         
5816      	svchost.exe         	WTSAPI32.dll                                                          	0x14000         	c:\windows\system32\WTSAPI32.dll                                                                                                	0x7ffd0ebb0000        	1       	DelayloadDependency 
5816      	svchost.exe         	WINSTA.dll                                                            	0x64000         	c:\windows\system32\WINSTA.dll                                                                                                  	0x7ffd12880000        	1       	DelayloadDependency 
5816      	svchost.exe         	USERENV.dll                                                           	0x2e000         	c:\windows\system32\USERENV.dll                                                                                                 	0x7ffd12d90000        	1       	DelayloadDependency 
5816      	svchost.exe         	profapi.dll                                                           	0x1f000         	c:\windows\system32\profapi.dll                                                                                                 	0x7ffd12e10000        	1       	DelayloadDependency 
5816      	svchost.exe         	SspiCli.dll                                                           	0x32000         	C:\Windows\SYSTEM32\SspiCli.dll                                                                                                 	0x7ffd12dc0000        	1       	DelayloadDependency 
5816      	svchost.exe         	clbcatq.dll                                                           	0xa9000         	C:\Windows\System32\clbcatq.dll                                                                                                 	0x7ffd13d50000        	1       	DelayloadDependency 
5816      	svchost.exe         	oleaut32.dll                                                          	0xcd000         	C:\Windows\System32\oleaut32.dll                                                                                                	0x7ffd13e00000        	1       	DynamicLoad         
5816      	svchost.exe         	sxs.dll                                                               	0xa2000         	C:\Windows\SYSTEM32\sxs.dll                                                                                                     	0x7ffd12ce0000        	1       	DelayloadDependency 
5892      	ctfmon.exe          	ntdll.dll                                                             	0x1f8000        	C:\Windows\SYSTEM32\ntdll.dll                                                                                                   	0x7ffd157f0000        	2       	StaticDependency    
5892      	ctfmon.exe          	KERNEL32.DLL                                                          	0xbf000         	C:\Windows\System32\KERNEL32.DLL                                                                                                	0x7ffd155b0000        	2       	DynamicLoad         
5892      	ctfmon.exe          	KERNELBASE.dll                                                        	0x2f6000        	C:\Windows\System32\KERNELBASE.dll                                                                                              	0x7ffd133b0000        	1       	StaticDependency    
5892      	ctfmon.exe          	msvcrt.dll                                                            	0x9e000         	C:\Windows\System32\msvcrt.dll                                                                                                  	0x7ffd13af0000        	2       	StaticDependency    
5892      	ctfmon.exe          	MsCtfMonitor.DLL                                                      	0x1d000         	C:\Windows\system32\MsCtfMonitor.DLL                                                                                            	0x7ffcfb3f0000        	2       	StaticDependency    
5892      	ctfmon.exe          	MSCTF.dll                                                             	0x114000        	C:\Windows\System32\MSCTF.dll                                                                                                   	0x7ffd13fb0000        	2       	StaticDependency    
5892      	ctfmon.exe          	OLEAUT32.dll                                                          	0xcd000         	C:\Windows\System32\OLEAUT32.dll                                                                                                	0x7ffd13e00000        	2       	StaticDependency    
5892      	ctfmon.exe          	msvcp_win.dll                                                         	0x9d000         	C:\Windows\System32\msvcp_win.dll                                                                                               	0x7ffd130e0000        	2       	StaticDependency    
5892      	ctfmon.exe          	ucrtbase.dll                                                          	0x100000        	C:\Windows\System32\ucrtbase.dll                                                                                                	0x7ffd13180000        	2       	StaticDependency    
5892      	ctfmon.exe          	combase.dll                                                           	0x354000        	C:\Windows\System32\combase.dll                                                                                                 	0x7ffd150f0000        	2       	StaticDependency    
5892      	ctfmon.exe          	RPCRT4.dll                                                            	0x126000        	C:\Windows\System32\RPCRT4.dll                                                                                                  	0x7ffd13c20000        	2       	StaticDependency    
5892      	ctfmon.exe          	sechost.dll                                                           	0x9c000         	C:\Windows\System32\sechost.dll                                                                                                 	0x7ffd15450000        	2       	StaticDependency    
5892      	ctfmon.exe          	USER32.dll                                                            	0x19d000        	C:\Windows\System32\USER32.dll                                                                                                  	0x7ffd14e90000        	2       	StaticDependency    
5892      	ctfmon.exe          	win32u.dll                                                            	0x22000         	C:\Windows\System32\win32u.dll                                                                                                  	0x7ffd13820000        	2       	StaticDependency    
5892      	ctfmon.exe          	GDI32.dll                                                             	0x2c000         	C:\Windows\System32\GDI32.dll                                                                                                   	0x7ffd13bf0000        	2       	StaticDependency    
5892      	ctfmon.exe          	gdi32full.dll                                                         	0x115000        	C:\Windows\System32\gdi32full.dll                                                                                               	0x7ffd136b0000        	2       	StaticDependency    
5892      	ctfmon.exe          	IMM32.dll                                                             	0x30000         	C:\Windows\System32\IMM32.dll                                                                                                   	0x7ffd15780000        	2       	StaticDependency    
5892      	ctfmon.exe          	MSUTB.dll                                                             	0x45000         	C:\Windows\system32\MSUTB.dll                                                                                                   	0x7ffcfb380000        	2       	StaticDependency    
5892      	ctfmon.exe          	WINSTA.dll                                                            	0x64000         	C:\Windows\system32\WINSTA.dll                                                                                                  	0x7ffd12880000        	2       	StaticDependency    
5892      	ctfmon.exe          	ole32.dll                                                             	0x12a000        	C:\Windows\System32\ole32.dll                                                                                                   	0x7ffd140d0000        	1       	DynamicLoad         
5892      	ctfmon.exe          	kernel.appcore.dll                                                    	0x12000         	C:\Windows\SYSTEM32\kernel.appcore.dll                                                                                          	0x7ffd10db0000        	1       	DelayloadDependency 
5892      	ctfmon.exe          	bcryptPrimitives.dll                                                  	0x82000         	C:\Windows\System32\bcryptPrimitives.dll                                                                                        	0x7ffd132b0000        	3       	DelayloadDependency 
5892      	ctfmon.exe          	uxtheme.dll                                                           	0x9e000         	C:\Windows\system32\uxtheme.dll                                                                                                 	0x7ffd108e0000        	1       	DynamicLoad         
5892      	ctfmon.exe          	CoreMessaging.dll                                                     	0xf2000         	C:\Windows\system32\CoreMessaging.dll                                                                                           	0x7ffd103f0000        	2       	DelayloadDependency 
5892      	ctfmon.exe          	WS2_32.dll                                                            	0x6b000         	C:\Windows\System32\WS2_32.dll                                                                                                  	0x7ffd14dc0000        	1       	StaticDependency    
5892      	ctfmon.exe          	CoreUIComponents.dll                                                  	0x35e000        	C:\Windows\system32\CoreUIComponents.dll                                                                                        	0x7ffd0fd10000        	2       	DelayloadDependency 
5892      	ctfmon.exe          	SHCORE.dll                                                            	0xad000         	C:\Windows\System32\SHCORE.dll                                                                                                  	0x7ffd13880000        	1       	StaticDependency    
5892      	ctfmon.exe          	advapi32.dll                                                          	0xaf000         	C:\Windows\System32\advapi32.dll                                                                                                	0x7ffd15040000        	1       	StaticDependency    
5892      	ctfmon.exe          	ntmarta.dll                                                           	0x33000         	C:\Windows\SYSTEM32\ntmarta.dll                                                                                                 	0x7ffd11f60000        	1       	StaticDependency    
5892      	ctfmon.exe          	wintypes.dll                                                          	0x154000        	C:\Windows\SYSTEM32\wintypes.dll                                                                                                	0x7ffd0ebd0000        	1       	StaticDependency    
5892      	ctfmon.exe          	InputService.dll                                                      	0x49d000        	C:\Windows\system32\InputService.dll                                                                                            	0x7ffcfa680000        	1       	DynamicLoad         
5892      	ctfmon.exe          	profapi.dll                                                           	0x1f000         	C:\Windows\system32\profapi.dll                                                                                                 	0x7ffd12e10000        	1       	StaticDependency    
5892      	ctfmon.exe          	TextInputMethodFormatter.dll                                          	0x24a000        	C:\Windows\system32\TextInputMethodFormatter.dll                                                                                	0x7ffcfa380000        	1       	StaticDependency    
5892      	ctfmon.exe          	MTFServer.dll                                                         	0x49000         	C:\Windows\system32\MTFServer.dll                                                                                               	0x7ffcfa330000        	1       	DynamicLoad         
5892      	ctfmon.exe          	TextInputFramework.dll                                                	0xfa000         	C:\Windows\SYSTEM32\TextInputFramework.dll                                                                                      	0x7ffd0a940000        	1       	DynamicLoad         
5892      	ctfmon.exe          	InputLocaleManager.dll                                                	0x29000         	C:\Windows\system32\InputLocaleManager.dll                                                                                      	0x7ffcfa300000        	1       	DynamicLoad         
5892      	ctfmon.exe          	policymanager.dll                                                     	0xa3000         	C:\Windows\SYSTEM32\policymanager.dll                                                                                           	0x7ffd0c380000        	1       	DelayloadDependency 
5892      	ctfmon.exe          	msvcp110_win.dll                                                      	0x8a000         	C:\Windows\system32\msvcp110_win.dll                                                                                            	0x7ffd11fa0000        	1       	StaticDependency    
5892      	ctfmon.exe          	Bcp47Langs.dll                                                        	0x5b000         	C:\Windows\system32\Bcp47Langs.dll                                                                                              	0x7ffd0ad50000        	1       	DelayloadDependency 
5892      	ctfmon.exe          	KBDUS.DLL                                                             	0x9000          	C:\Windows\system32\KBDUS.DLL                                                                                                   	0x7ffcf9be0000        	1       	DynamicLoad         
5892      	ctfmon.exe          	clbcatq.dll                                                           	0xa9000         	C:\Windows\System32\clbcatq.dll                                                                                                 	0x7ffd13d50000        	1       	DelayloadDependency 
5892      	ctfmon.exe          	mtf.dll                                                               	0x47000         	C:\Windows\System32\mtf.dll                                                                                                     	0x7ffcf9b90000        	1       	DynamicLoad         
5892      	ctfmon.exe          	inputhost.dll                                                         	0x152000        	C:\Windows\SYSTEM32\inputhost.dll                                                                                               	0x7ffd0a7e0000        	1       	DelayloadDependency 
5892      	ctfmon.exe          	PROPSYS.dll                                                           	0xf6000         	C:\Windows\system32\PROPSYS.dll                                                                                                 	0x7ffd0ea50000        	1       	StaticDependency    
5892      	ctfmon.exe          	Windows.Web.dll                                                       	0xc3000         	C:\Windows\System32\Windows.Web.dll                                                                                             	0x7ffcf7e60000        	1       	DynamicLoad         
5892      	ctfmon.exe          	iertutil.dll                                                          	0x2b1000        	C:\Windows\System32\iertutil.dll                                                                                                	0x7ffd09010000        	1       	StaticDependency    
5892      	ctfmon.exe          	OneCoreUAPCommonProxyStub.dll                                         	0x7cb000        	C:\Windows\System32\OneCoreUAPCommonProxyStub.dll                                                                               	0x7ffd0c960000        	1       	DynamicLoad         
5892      	ctfmon.exe          	WordBreakers.dll                                                      	0xf000          	C:\Windows\System32\WordBreakers.dll                                                                                            	0x7ffd067e0000        	1       	DynamicLoad         
5892      	ctfmon.exe          	mtffuzzyds.dll                                                        	0x31000         	C:\Windows\System32\mtffuzzyds.dll                                                                                              	0x7ffd00310000        	1       	DynamicLoad         
5892      	ctfmon.exe          	trie.dll                                                              	0x31000         	C:\Windows\System32\trie.dll                                                                                                    	0x7ffd002d0000        	1       	DynamicLoad         
5892      	ctfmon.exe          	CRYPTBASE.DLL                                                         	0xc000          	C:\Windows\system32\CRYPTBASE.DLL                                                                                               	0x7ffd127c0000        	1       	DynamicLoad         
5960      	svchost.exe         	ntdll.dll                                                             	0x1f8000        	C:\Windows\SYSTEM32\ntdll.dll                                                                                                   	0x7ffd157f0000        	2       	StaticDependency    
5960      	svchost.exe         	KERNEL32.DLL                                                          	0xbf000         	C:\Windows\System32\KERNEL32.DLL                                                                                                	0x7ffd155b0000        	2       	DynamicLoad         
5960      	svchost.exe         	KERNELBASE.dll                                                        	0x2f6000        	C:\Windows\System32\KERNELBASE.dll                                                                                              	0x7ffd133b0000        	1       	StaticDependency    
5960      	svchost.exe         	sechost.dll                                                           	0x9c000         	C:\Windows\System32\sechost.dll                                                                                                 	0x7ffd15450000        	2       	StaticDependency    
5960      	svchost.exe         	RPCRT4.dll                                                            	0x126000        	C:\Windows\System32\RPCRT4.dll                                                                                                  	0x7ffd13c20000        	2       	StaticDependency    
5960      	svchost.exe         	ucrtbase.dll                                                          	0x100000        	C:\Windows\System32\ucrtbase.dll                                                                                                	0x7ffd13180000        	2       	StaticDependency    
5960      	svchost.exe         	combase.dll                                                           	0x354000        	C:\Windows\System32\combase.dll                                                                                                 	0x7ffd150f0000        	1       	DelayloadDependency 
5960      	svchost.exe         	kernel.appcore.dll                                                    	0x12000         	C:\Windows\SYSTEM32\kernel.appcore.dll                                                                                          	0x7ffd10db0000        	1       	DelayloadDependency 
5960      	svchost.exe         	msvcrt.dll                                                            	0x9e000         	C:\Windows\System32\msvcrt.dll                                                                                                  	0x7ffd13af0000        	1       	StaticDependency    
5960      	svchost.exe         	bcryptPrimitives.dll                                                  	0x82000         	C:\Windows\System32\bcryptPrimitives.dll                                                                                        	0x7ffd132b0000        	3       	DelayloadDependency 
5960      	svchost.exe         	user32.dll                                                            	0x19d000        	C:\Windows\System32\user32.dll                                                                                                  	0x7ffd14e90000        	1       	DelayloadDependency 
5960      	svchost.exe         	win32u.dll                                                            	0x22000         	C:\Windows\System32\win32u.dll                                                                                                  	0x7ffd13820000        	1       	StaticDependency    
5960      	svchost.exe         	GDI32.dll                                                             	0x2c000         	C:\Windows\System32\GDI32.dll                                                                                                   	0x7ffd13bf0000        	1       	StaticDependency    
5960      	svchost.exe         	gdi32full.dll                                                         	0x115000        	C:\Windows\System32\gdi32full.dll                                                                                               	0x7ffd136b0000        	1       	StaticDependency    
5960      	svchost.exe         	msvcp_win.dll                                                         	0x9d000         	C:\Windows\System32\msvcp_win.dll                                                                                               	0x7ffd130e0000        	1       	StaticDependency    
5960      	svchost.exe         	cdpsvc.dll                                                            	0x9b000         	c:\windows\system32\cdpsvc.dll                                                                                                  	0x7ffcf9ad0000        	1       	DynamicLoad         
5960      	svchost.exe         	cfgmgr32.dll                                                          	0x4e000         	C:\Windows\System32\cfgmgr32.dll                                                                                                	0x7ffd137d0000        	1       	StaticDependency    
5960      	svchost.exe         	powrprof.dll                                                          	0x4b000         	C:\Windows\SYSTEM32\powrprof.dll                                                                                                	0x7ffd12c90000        	1       	StaticDependency    
5960      	svchost.exe         	cdp.dll                                                               	0x4ca000        	c:\windows\system32\cdp.dll                                                                                                     	0x7ffcfb950000        	1       	StaticDependency    
5960      	svchost.exe         	SHCORE.dll                                                            	0xad000         	C:\Windows\System32\SHCORE.dll                                                                                                  	0x7ffd13880000        	1       	StaticDependency    
5960      	svchost.exe         	advapi32.dll                                                          	0xaf000         	C:\Windows\System32\advapi32.dll                                                                                                	0x7ffd15040000        	1       	StaticDependency    
5960      	svchost.exe         	CRYPT32.dll                                                           	0x15e000        	C:\Windows\System32\CRYPT32.dll                                                                                                 	0x7ffd12f80000        	1       	StaticDependency    
5960      	svchost.exe         	wintypes.dll                                                          	0x154000        	C:\Windows\SYSTEM32\wintypes.dll                                                                                                	0x7ffd0ebd0000        	1       	StaticDependency    
5960      	svchost.exe         	UMPDC.dll                                                             	0x12000         	c:\windows\system32\UMPDC.dll                                                                                                   	0x7ffd12a70000        	1       	StaticDependency    
5960      	svchost.exe         	PROPSYS.dll                                                           	0xf6000         	c:\windows\system32\PROPSYS.dll                                                                                                 	0x7ffd0ea50000        	1       	StaticDependency    
5960      	svchost.exe         	dsreg.dll                                                             	0x14d000        	c:\windows\system32\dsreg.dll                                                                                                   	0x7ffd0fbb0000        	1       	StaticDependency    
5960      	svchost.exe         	OLEAUT32.dll                                                          	0xcd000         	C:\Windows\System32\OLEAUT32.dll                                                                                                	0x7ffd13e00000        	1       	StaticDependency    
5960      	svchost.exe         	msvcp110_win.dll                                                      	0x8a000         	c:\windows\system32\msvcp110_win.dll                                                                                            	0x7ffd11fa0000        	1       	StaticDependency    
5960      	svchost.exe         	cryptsp.dll                                                           	0x18000         	C:\Windows\SYSTEM32\cryptsp.dll                                                                                                 	0x7ffd127a0000        	1       	StaticDependency    
5960      	svchost.exe         	WLDP.DLL                                                              	0x2e000         	C:\Windows\SYSTEM32\WLDP.DLL                                                                                                    	0x7ffd12850000        	1       	DynamicLoad         
5960      	svchost.exe         	gamestreamingext.dll                                                  	0x7000          	C:\Windows\SYSTEM32\gamestreamingext.dll                                                                                        	0x7ffcfcef0000        	1       	DelayloadDependency 
5960      	svchost.exe         	bcrypt.dll                                                            	0x27000         	C:\Windows\System32\bcrypt.dll                                                                                                  	0x7ffd13280000        	3       	DelayloadDependency 
5960      	svchost.exe         	policymanager.dll                                                     	0xa3000         	C:\Windows\SYSTEM32\policymanager.dll                                                                                           	0x7ffd0c380000        	1       	DelayloadDependency 
5960      	svchost.exe         	MSASN1.dll                                                            	0x12000         	C:\Windows\System32\MSASN1.dll                                                                                                  	0x7ffd12a50000        	1       	DelayloadDependency 
5960      	svchost.exe         	ncrypt.dll                                                            	0x28000         	c:\windows\system32\ncrypt.dll                                                                                                  	0x7ffd12930000        	1       	DelayloadDependency 
5960      	svchost.exe         	NTASN1.dll                                                            	0x3b000         	c:\windows\system32\NTASN1.dll                                                                                                  	0x7ffd128f0000        	1       	DelayloadDependency 
5960      	svchost.exe         	ncryptprov.dll                                                        	0x5a000         	C:\Windows\system32\ncryptprov.dll                                                                                              	0x7ffd00d50000        	1       	DynamicLoad         
5960      	svchost.exe         	profapi.dll                                                           	0x1f000         	C:\Windows\system32\profapi.dll                                                                                                 	0x7ffd12e10000        	1       	StaticDependency    
5960      	svchost.exe         	CRYPTBASE.dll                                                         	0xc000          	C:\Windows\system32\CRYPTBASE.dll                                                                                               	0x7ffd127c0000        	1       	DelayloadDependency 
5960      	svchost.exe         	clbcatq.dll                                                           	0xa9000         	C:\Windows\System32\clbcatq.dll                                                                                                 	0x7ffd13d50000        	1       	DelayloadDependency 
5960      	svchost.exe         	ShareHost.dll                                                         	0x117000        	C:\Windows\system32\ShareHost.dll                                                                                               	0x7ffcfad60000        	1       	DynamicLoad         
5960      	svchost.exe         	shlwapi.dll                                                           	0x55000         	C:\Windows\System32\shlwapi.dll                                                                                                 	0x7ffd15550000        	1       	StaticDependency    
5960      	svchost.exe         	Windows.Storage.dll                                                   	0x793000        	C:\Windows\system32\Windows.Storage.dll                                                                                         	0x7ffd10fb0000        	1       	StaticDependency    
5960      	svchost.exe         	CoreMessaging.dll                                                     	0xf2000         	C:\Windows\system32\CoreMessaging.dll                                                                                           	0x7ffd103f0000        	1       	StaticDependency    
5960      	svchost.exe         	WS2_32.dll                                                            	0x6b000         	C:\Windows\System32\WS2_32.dll                                                                                                  	0x7ffd14dc0000        	1       	StaticDependency    
5960      	svchost.exe         	CoreUIComponents.dll                                                  	0x35e000        	C:\Windows\system32\CoreUIComponents.dll                                                                                        	0x7ffd0fd10000        	1       	StaticDependency    
5960      	svchost.exe         	ntmarta.dll                                                           	0x33000         	C:\Windows\SYSTEM32\ntmarta.dll                                                                                                 	0x7ffd11f60000        	1       	StaticDependency    
5960      	svchost.exe         	Windows.Networking.Connectivity.dll                                   	0xb9000         	C:\Windows\System32\Windows.Networking.Connectivity.dll                                                                         	0x7ffcf9950000        	1       	DynamicLoad         
5960      	svchost.exe         	npmproxy.dll                                                          	0x10000         	C:\Windows\System32\npmproxy.dll                                                                                                	0x7ffd06c00000        	1       	DynamicLoad         
5960      	svchost.exe         	mswsock.dll                                                           	0x6a000         	C:\Windows\system32\mswsock.dll                                                                                                 	0x7ffd125b0000        	1       	DynamicLoad         
5960      	svchost.exe         	wshBth.dll                                                            	0x15000         	C:\Windows\System32\wshBth.dll                                                                                                  	0x7ffcf9900000        	1       	DynamicLoad         
5960      	svchost.exe         	sbservicetrigger.dll                                                  	0xa000          	c:\windows\system32\sbservicetrigger.dll                                                                                        	0x7ffcf98f0000        	1       	DelayloadDependency 
5960      	svchost.exe         	Windows.Devices.Radios.dll                                            	0x39000         	C:\Windows\System32\Windows.Devices.Radios.dll                                                                                  	0x7ffd05470000        	1       	DynamicLoad         
5960      	svchost.exe         	wtsapi32.dll                                                          	0x14000         	C:\Windows\SYSTEM32\wtsapi32.dll                                                                                                	0x7ffd0ebb0000        	1       	DelayloadDependency 
5960      	svchost.exe         	WINSTA.dll                                                            	0x64000         	C:\Windows\SYSTEM32\WINSTA.dll                                                                                                  	0x7ffd12880000        	1       	DelayloadDependency 
5960      	svchost.exe         	ole32.dll                                                             	0x12a000        	C:\Windows\System32\ole32.dll                                                                                                   	0x7ffd140d0000        	1       	DelayloadDependency 
5960      	svchost.exe         	coml2.dll                                                             	0x79000         	C:\Windows\System32\coml2.dll                                                                                                   	0x7ffd15700000        	1       	DelayloadDependency 
5960      	svchost.exe         	WINHTTP.dll                                                           	0x10a000        	c:\windows\system32\WINHTTP.dll                                                                                                 	0x7ffd0a550000        	1       	DelayloadDependency 
5960      	svchost.exe         	IPHLPAPI.DLL                                                          	0x3c000         	c:\windows\system32\IPHLPAPI.DLL                                                                                                	0x7ffd122a0000        	1       	DelayloadDependency 
5960      	svchost.exe         	WINNSI.DLL                                                            	0xb000          	C:\Windows\SYSTEM32\WINNSI.DLL                                                                                                  	0x7ffd0b6b0000        	1       	DelayloadDependency 
5960      	svchost.exe         	NSI.dll                                                               	0x8000          	C:\Windows\System32\NSI.dll                                                                                                     	0x7ffd13870000        	1       	StaticDependency    
5960      	svchost.exe         	dhcpcsvc6.DLL                                                         	0x17000         	C:\Windows\SYSTEM32\dhcpcsvc6.DLL                                                                                               	0x7ffd0b670000        	1       	DelayloadDependency 
5960      	svchost.exe         	dhcpcsvc.DLL                                                          	0x1d000         	C:\Windows\SYSTEM32\dhcpcsvc.DLL                                                                                                	0x7ffd0b650000        	1       	DelayloadDependency 
5960      	svchost.exe         	DNSAPI.dll                                                            	0xcb000         	C:\Windows\SYSTEM32\DNSAPI.dll                                                                                                  	0x7ffd122e0000        	1       	DelayloadDependency 
5960      	svchost.exe         	bluetoothapis.dll                                                     	0x37000         	C:\Windows\SYSTEM32\bluetoothapis.dll                                                                                           	0x7ffd054b0000        	1       	DelayloadDependency 
5960      	svchost.exe         	DEVOBJ.dll                                                            	0x2c000         	c:\windows\system32\DEVOBJ.dll                                                                                                  	0x7ffd12c30000        	1       	StaticDependency    
5960      	svchost.exe         	usermgrcli.dll                                                        	0x16000         	C:\Windows\SYSTEM32\usermgrcli.dll                                                                                              	0x7ffd0e580000        	1       	DelayloadDependency 
5960      	svchost.exe         	Windows.Networking.HostName.dll                                       	0x39000         	C:\Windows\System32\Windows.Networking.HostName.dll                                                                             	0x7ffcea3a0000        	1       	DelayloadDependency 
5960      	svchost.exe         	netprofm.dll                                                          	0x3f000         	C:\Windows\System32\netprofm.dll                                                                                                	0x7ffd0e540000        	1       	DynamicLoad         
5960      	svchost.exe         	sxs.dll                                                               	0xa2000         	C:\Windows\SYSTEM32\sxs.dll                                                                                                     	0x7ffd12ce0000        	1       	DelayloadDependency 
6108      	explorer.exe        	ntdll.dll                                                             	0x1f8000        	C:\Windows\SYSTEM32\ntdll.dll                                                                                                   	0x7ffd157f0000        	2       	StaticDependency    
6108      	explorer.exe        	KERNEL32.DLL                                                          	0xbf000         	C:\Windows\System32\KERNEL32.DLL                                                                                                	0x7ffd155b0000        	2       	DynamicLoad         
6108      	explorer.exe        	KERNELBASE.dll                                                        	0x2f6000        	C:\Windows\System32\KERNELBASE.dll                                                                                              	0x7ffd133b0000        	1       	StaticDependency    
6108      	explorer.exe        	msvcp_win.dll                                                         	0x9d000         	C:\Windows\System32\msvcp_win.dll                                                                                               	0x7ffd130e0000        	2       	StaticDependency    
6108      	explorer.exe        	ucrtbase.dll                                                          	0x100000        	C:\Windows\System32\ucrtbase.dll                                                                                                	0x7ffd13180000        	2       	StaticDependency    
6108      	explorer.exe        	combase.dll                                                           	0x354000        	C:\Windows\System32\combase.dll                                                                                                 	0x7ffd150f0000        	2       	StaticDependency    
6108      	explorer.exe        	RPCRT4.dll                                                            	0x126000        	C:\Windows\System32\RPCRT4.dll                                                                                                  	0x7ffd13c20000        	2       	StaticDependency    
6108      	explorer.exe        	OLEAUT32.dll                                                          	0xcd000         	C:\Windows\System32\OLEAUT32.dll                                                                                                	0x7ffd13e00000        	2       	StaticDependency    
6108      	explorer.exe        	shcore.dll                                                            	0xad000         	C:\Windows\System32\shcore.dll                                                                                                  	0x7ffd13880000        	2       	StaticDependency    
6108      	explorer.exe        	msvcrt.dll                                                            	0x9e000         	C:\Windows\System32\msvcrt.dll                                                                                                  	0x7ffd13af0000        	2       	StaticDependency    
6108      	explorer.exe        	advapi32.dll                                                          	0xaf000         	C:\Windows\System32\advapi32.dll                                                                                                	0x7ffd15040000        	2       	StaticDependency    
6108      	explorer.exe        	sechost.dll                                                           	0x9c000         	C:\Windows\System32\sechost.dll                                                                                                 	0x7ffd15450000        	2       	StaticDependency    
6108      	explorer.exe        	shlwapi.dll                                                           	0x55000         	C:\Windows\System32\shlwapi.dll                                                                                                 	0x7ffd15550000        	2       	StaticDependency    
6108      	explorer.exe        	user32.dll                                                            	0x19d000        	C:\Windows\System32\user32.dll                                                                                                  	0x7ffd14e90000        	2       	StaticDependency    
6108      	explorer.exe        	win32u.dll                                                            	0x22000         	C:\Windows\System32\win32u.dll                                                                                                  	0x7ffd13820000        	2       	StaticDependency    
6108      	explorer.exe        	GDI32.dll                                                             	0x2c000         	C:\Windows\System32\GDI32.dll                                                                                                   	0x7ffd13bf0000        	2       	StaticDependency    
6108      	explorer.exe        	gdi32full.dll                                                         	0x115000        	C:\Windows\System32\gdi32full.dll                                                                                               	0x7ffd136b0000        	2       	StaticDependency    
6108      	explorer.exe        	SHELL32.dll                                                           	0x744000        	C:\Windows\System32\SHELL32.dll                                                                                                 	0x7ffd14200000        	2       	StaticDependency    
6108      	explorer.exe        	AEPIC.dll                                                             	0x92000         	C:\Windows\SYSTEM32\AEPIC.dll                                                                                                   	0x7ffcffc90000        	2       	StaticDependency    
6108      	explorer.exe        	bcrypt.dll                                                            	0x27000         	C:\Windows\System32\bcrypt.dll                                                                                                  	0x7ffd13280000        	2       	StaticDependency    
6108      	explorer.exe        	TWINAPI.dll                                                           	0xa9000         	C:\Windows\SYSTEM32\TWINAPI.dll                                                                                                 	0x7ffcfbee0000        	2       	StaticDependency    
6108      	explorer.exe        	USERENV.dll                                                           	0x2e000         	C:\Windows\SYSTEM32\USERENV.dll                                                                                                 	0x7ffd12d90000        	2       	StaticDependency    
6108      	explorer.exe        	IPHLPAPI.DLL                                                          	0x3c000         	C:\Windows\SYSTEM32\IPHLPAPI.DLL                                                                                                	0x7ffd122a0000        	2       	StaticDependency    
6108      	explorer.exe        	powrprof.dll                                                          	0x4b000         	C:\Windows\SYSTEM32\powrprof.dll                                                                                                	0x7ffd12c90000        	2       	StaticDependency    
6108      	explorer.exe        	windows.storage.dll                                                   	0x793000        	C:\Windows\SYSTEM32\windows.storage.dll                                                                                         	0x7ffd10fb0000        	2       	StaticDependency    
6108      	explorer.exe        	dxgi.dll                                                              	0xf3000         	C:\Windows\SYSTEM32\dxgi.dll                                                                                                    	0x7ffd11790000        	2       	StaticDependency    
6108      	explorer.exe        	kernel.appcore.dll                                                    	0x12000         	C:\Windows\SYSTEM32\kernel.appcore.dll                                                                                          	0x7ffd10db0000        	2       	StaticDependency    
6108      	explorer.exe        	PROPSYS.dll                                                           	0xf6000         	C:\Windows\SYSTEM32\PROPSYS.dll                                                                                                 	0x7ffd0ea50000        	2       	StaticDependency    
6108      	explorer.exe        	CoreMessaging.dll                                                     	0xf2000         	C:\Windows\SYSTEM32\CoreMessaging.dll                                                                                           	0x7ffd103f0000        	2       	StaticDependency    
6108      	explorer.exe        	WS2_32.dll                                                            	0x6b000         	C:\Windows\System32\WS2_32.dll                                                                                                  	0x7ffd14dc0000        	2       	StaticDependency    
6108      	explorer.exe        	WTSAPI32.dll                                                          	0x14000         	C:\Windows\SYSTEM32\WTSAPI32.dll                                                                                                	0x7ffd0ebb0000        	2       	StaticDependency    
6108      	explorer.exe        	WININET.dll                                                           	0x4d9000        	C:\Windows\SYSTEM32\WININET.dll                                                                                                 	0x7ffd04830000        	2       	StaticDependency    
6108      	explorer.exe        	UxTheme.dll                                                           	0x9e000         	C:\Windows\SYSTEM32\UxTheme.dll                                                                                                 	0x7ffd108e0000        	2       	StaticDependency    
6108      	explorer.exe        	dwmapi.dll                                                            	0x2f000         	C:\Windows\SYSTEM32\dwmapi.dll                                                                                                  	0x7ffd10bd0000        	2       	StaticDependency    
6108      	explorer.exe        	SspiCli.dll                                                           	0x32000         	C:\Windows\SYSTEM32\SspiCli.dll                                                                                                 	0x7ffd12dc0000        	2       	StaticDependency    
6108      	explorer.exe        	twinapi.appcore.dll                                                   	0x200000        	C:\Windows\SYSTEM32\twinapi.appcore.dll                                                                                         	0x7ffd0de50000        	2       	StaticDependency    
6108      	explorer.exe        	ntmarta.dll                                                           	0x33000         	C:\Windows\SYSTEM32\ntmarta.dll                                                                                                 	0x7ffd11f60000        	2       	StaticDependency    
6108      	explorer.exe        	cryptsp.dll                                                           	0x18000         	C:\Windows\SYSTEM32\cryptsp.dll                                                                                                 	0x7ffd127a0000        	2       	StaticDependency    
6108      	explorer.exe        	Wldp.dll                                                              	0x2e000         	C:\Windows\SYSTEM32\Wldp.dll                                                                                                    	0x7ffd12850000        	2       	StaticDependency    
6108      	explorer.exe        	urlmon.dll                                                            	0x1ec000        	C:\Windows\SYSTEM32\urlmon.dll                                                                                                  	0x7ffd08ce0000        	2       	StaticDependency    
6108      	explorer.exe        	iertutil.dll                                                          	0x2b1000        	C:\Windows\SYSTEM32\iertutil.dll                                                                                                	0x7ffd09010000        	2       	StaticDependency    
6108      	explorer.exe        	srvcli.dll                                                            	0x28000         	C:\Windows\SYSTEM32\srvcli.dll                                                                                                  	0x7ffd08cb0000        	2       	StaticDependency    
6108      	explorer.exe        	netutils.dll                                                          	0xc000          	C:\Windows\SYSTEM32\netutils.dll                                                                                                	0x7ffd123b0000        	2       	StaticDependency    
6108      	explorer.exe        	bcryptPrimitives.dll                                                  	0x82000         	C:\Windows\System32\bcryptPrimitives.dll                                                                                        	0x7ffd132b0000        	3       	DelayloadDependency 
6108      	explorer.exe        	IMM32.DLL                                                             	0x30000         	C:\Windows\System32\IMM32.DLL                                                                                                   	0x7ffd15780000        	1       	DynamicLoad         
6108      	explorer.exe        	UMPDC.dll                                                             	0x12000         	C:\Windows\SYSTEM32\UMPDC.dll                                                                                                   	0x7ffd12a70000        	1       	DelayloadDependency 
6108      	explorer.exe        	NInput.dll                                                            	0x6a000         	C:\Windows\SYSTEM32\NInput.dll                                                                                                  	0x7ffd0e120000        	1       	DelayloadDependency 
6108      	explorer.exe        	MSCTF.dll                                                             	0x114000        	C:\Windows\System32\MSCTF.dll                                                                                                   	0x7ffd13fb0000        	1       	DelayloadDependency 
6108      	explorer.exe        	ole32.dll                                                             	0x12a000        	C:\Windows\System32\ole32.dll                                                                                                   	0x7ffd140d0000        	1       	DelayloadDependency 
6108      	explorer.exe        	comctl32.dll                                                          	0x29a000        	C:\Windows\WinSxS\amd64_microsoft.windows.common-controls_6595b64144ccf1df_6.0.19041.1110_none_60b5254171f9507e\comctl32.dll    	0x7ffcfbf90000        	1       	DynamicLoad         
6108      	explorer.exe        	clbcatq.dll                                                           	0xa9000         	C:\Windows\System32\clbcatq.dll                                                                                                 	0x7ffd13d50000        	1       	DelayloadDependency 
6108      	explorer.exe        	appresolver.dll                                                       	0x90000         	C:\Windows\System32\appresolver.dll                                                                                             	0x7ffcf9750000        	1       	DynamicLoad         
6108      	explorer.exe        	Bcp47Langs.dll                                                        	0x5b000         	C:\Windows\System32\Bcp47Langs.dll                                                                                              	0x7ffd0ad50000        	1       	StaticDependency    
6108      	explorer.exe        	SLC.dll                                                               	0x29000         	C:\Windows\System32\SLC.dll                                                                                                     	0x7ffd11a10000        	1       	StaticDependency    
6108      	explorer.exe        	sppc.dll                                                              	0x25000         	C:\Windows\System32\sppc.dll                                                                                                    	0x7ffd119e0000        	1       	StaticDependency    
6108      	explorer.exe        	profapi.dll                                                           	0x1f000         	C:\Windows\SYSTEM32\profapi.dll                                                                                                 	0x7ffd12e10000        	1       	DelayloadDependency 
6108      	explorer.exe        	OneCoreUAPCommonProxyStub.dll                                         	0x7cb000        	C:\Windows\System32\OneCoreUAPCommonProxyStub.dll                                                                               	0x7ffd0c960000        	1       	DynamicLoad         
6108      	explorer.exe        	StartTileData.dll                                                     	0x582000        	C:\Windows\System32\StartTileData.dll                                                                                           	0x7ffcf8db0000        	1       	DynamicLoad         
6108      	explorer.exe        	IDStore.dll                                                           	0x2b000         	C:\Windows\System32\IDStore.dll                                                                                                 	0x7ffd05440000        	1       	DynamicLoad         
6108      	explorer.exe        	SAMLIB.dll                                                            	0x27000         	C:\Windows\System32\SAMLIB.dll                                                                                                  	0x7ffd0eb50000        	1       	DelayloadDependency 
6108      	explorer.exe        	usermgrcli.dll                                                        	0x16000         	C:\Windows\SYSTEM32\usermgrcli.dll                                                                                              	0x7ffd0e580000        	1       	DelayloadDependency 
6108      	explorer.exe        	Windows.StateRepositoryPS.dll                                         	0x146000        	C:\Windows\System32\Windows.StateRepositoryPS.dll                                                                               	0x7ffd01c90000        	1       	DynamicLoad         
6108      	explorer.exe        	wlidprov.dll                                                          	0xaa000         	C:\Windows\System32\wlidprov.dll                                                                                                	0x7ffcfabf0000        	1       	DynamicLoad         
6108      	explorer.exe        	samcli.dll                                                            	0x19000         	C:\Windows\System32\samcli.dll                                                                                                  	0x7ffd092d0000        	1       	StaticDependency    
6108      	explorer.exe        	policymanager.dll                                                     	0xa3000         	C:\Windows\SYSTEM32\policymanager.dll                                                                                           	0x7ffd0c380000        	1       	DelayloadDependency 
6108      	explorer.exe        	msvcp110_win.dll                                                      	0x8a000         	C:\Windows\SYSTEM32\msvcp110_win.dll                                                                                            	0x7ffd11fa0000        	1       	StaticDependency    
6108      	explorer.exe        	Windows.ApplicationModel.dll                                          	0xe6000         	C:\Windows\System32\Windows.ApplicationModel.dll                                                                                	0x7ffd06820000        	1       	DynamicLoad         
6108      	explorer.exe        	AppXDeploymentClient.dll                                              	0x104000        	C:\Windows\System32\AppXDeploymentClient.dll                                                                                    	0x7ffd0c590000        	1       	DelayloadDependency 
6108      	explorer.exe        	SndVolSSO.DLL                                                         	0x50000         	C:\Windows\SYSTEM32\SndVolSSO.DLL                                                                                               	0x7ffcf8d20000        	1       	DelayloadDependency 
6108      	explorer.exe        	MMDevAPI.DLL                                                          	0x85000         	C:\Windows\SYSTEM32\MMDevAPI.DLL                                                                                                	0x7ffd0b1d0000        	1       	StaticDependency    
6108      	explorer.exe        	DEVOBJ.dll                                                            	0x2c000         	C:\Windows\SYSTEM32\DEVOBJ.dll                                                                                                  	0x7ffd12c30000        	1       	StaticDependency    
6108      	explorer.exe        	cfgmgr32.dll                                                          	0x4e000         	C:\Windows\System32\cfgmgr32.dll                                                                                                	0x7ffd137d0000        	1       	StaticDependency    
6108      	explorer.exe        	winsta.dll                                                            	0x64000         	C:\Windows\SYSTEM32\winsta.dll                                                                                                  	0x7ffd12880000        	2       	DelayloadDependency 
6108      	explorer.exe        	rdpendp.dll                                                           	0x4e000         	C:\Windows\SYSTEM32\rdpendp.dll                                                                                                 	0x7ffcfca90000        	1       	DynamicLoad         
6108      	explorer.exe        	Windows.CloudStore.dll                                                	0x216000        	C:\Windows\System32\Windows.CloudStore.dll                                                                                      	0x7ffcfccc0000        	1       	DynamicLoad         
6108      	explorer.exe        	OLEACC.dll                                                            	0x66000         	C:\Windows\SYSTEM32\OLEACC.dll                                                                                                  	0x7ffcf8cb0000        	1       	DelayloadDependency 
6108      	explorer.exe        	Windows.StateRepositoryClient.dll                                     	0x40000         	C:\Windows\System32\Windows.StateRepositoryClient.dll                                                                           	0x7ffcf97f0000        	1       	DynamicLoad         
6108      	explorer.exe        	WinTypes.dll                                                          	0x154000        	C:\Windows\System32\WinTypes.dll                                                                                                	0x7ffd0ebd0000        	1       	DynamicLoad         
6108      	explorer.exe        	TextShaping.dll                                                       	0xac000         	C:\Windows\SYSTEM32\TextShaping.dll                                                                                             	0x7ffd06b50000        	1       	DelayloadDependency 
6108      	explorer.exe        	Windows.UI.dll                                                        	0x141000        	C:\Windows\System32\Windows.UI.dll                                                                                              	0x7ffd0aa40000        	1       	DynamicLoad         
6108      	explorer.exe        	TextInputFramework.dll                                                	0xfa000         	C:\Windows\System32\TextInputFramework.dll                                                                                      	0x7ffd0a940000        	1       	StaticDependency    
6108      	explorer.exe        	InputHost.dll                                                         	0x152000        	C:\Windows\System32\InputHost.dll                                                                                               	0x7ffd0a7e0000        	1       	StaticDependency    
6108      	explorer.exe        	CoreUIComponents.dll                                                  	0x35e000        	C:\Windows\System32\CoreUIComponents.dll                                                                                        	0x7ffd0fd10000        	2       	StaticDependency    
6108      	explorer.exe        	WindowManagementAPI.dll                                               	0xa1000         	C:\Windows\System32\WindowManagementAPI.dll                                                                                     	0x7ffd0e050000        	1       	StaticDependency    
6108      	explorer.exe        	windowscodecs.dll                                                     	0x1b4000        	C:\Windows\system32\windowscodecs.dll                                                                                           	0x7ffd0dba0000        	1       	DynamicLoad         
6108      	explorer.exe        	dcomp.dll                                                             	0x1e3000        	C:\Windows\System32\dcomp.dll                                                                                                   	0x7ffd0f9c0000        	1       	DynamicLoad         
6108      	explorer.exe        	d3d11.dll                                                             	0x263000        	C:\Windows\SYSTEM32\d3d11.dll                                                                                                   	0x7ffd0f750000        	1       	DelayloadDependency 
6108      	explorer.exe        	vm3dum64_loader.dll                                                   	0x4f000         	C:\Windows\SYSTEM32\vm3dum64_loader.dll                                                                                         	0x7ffd0ba90000        	1       	DynamicLoad         
6108      	explorer.exe        	vm3dum64_10.dll                                                       	0x9a000         	C:\Windows\SYSTEM32\vm3dum64_10.dll                                                                                             	0x7ffd0b9f0000        	1       	DynamicLoad         
6108      	explorer.exe        	VERSION.dll                                                           	0xa000          	C:\Windows\SYSTEM32\VERSION.dll                                                                                                 	0x7ffd0b9b0000        	1       	StaticDependency    
6108      	explorer.exe        	WINMM.dll                                                             	0x27000         	C:\Windows\SYSTEM32\WINMM.dll                                                                                                   	0x7ffd0b9c0000        	1       	StaticDependency    
6108      	explorer.exe        	AppExtension.dll                                                      	0x37000         	C:\Windows\System32\AppExtension.dll                                                                                            	0x7ffcf9710000        	1       	DynamicLoad         
6108      	explorer.exe        	dxcore.dll                                                            	0x3b000         	C:\Windows\SYSTEM32\dxcore.dll                                                                                                  	0x7ffd0db60000        	1       	DelayloadDependency 
6108      	explorer.exe        	d2d1.dll                                                              	0x5c0000        	C:\Windows\SYSTEM32\d2d1.dll                                                                                                    	0x7ffd0f190000        	1       	DelayloadDependency 
6108      	explorer.exe        	DWrite.dll                                                            	0x27f000        	C:\Windows\SYSTEM32\DWrite.dll                                                                                                  	0x7ffd08800000        	1       	DelayloadDependency 
6108      	explorer.exe        	XmlLite.dll                                                           	0x36000         	C:\Windows\SYSTEM32\XmlLite.dll                                                                                                 	0x7ffd0ea10000        	1       	DelayloadDependency 
6108      	explorer.exe        	cldapi.dll                                                            	0x22000         	C:\Windows\SYSTEM32\cldapi.dll                                                                                                  	0x7ffcf8c60000        	3       	DelayloadDependency 
6108      	explorer.exe        	FLTLIB.DLL                                                            	0xb000          	C:\Windows\SYSTEM32\FLTLIB.DLL                                                                                                  	0x7ffd00430000        	1       	StaticDependency    
6108      	explorer.exe        	dataexchange.dll                                                      	0x3e000         	C:\Windows\system32\dataexchange.dll                                                                                            	0x7ffcf8c20000        	1       	DynamicLoad         
6108      	explorer.exe        	apphelp.dll                                                           	0x91000         	C:\Windows\SYSTEM32\apphelp.dll                                                                                                 	0x7ffd10730000        	2       	DelayloadDependency 
6108      	explorer.exe        	TileDataRepository.dll                                                	0x9a000         	C:\Windows\System32\TileDataRepository.dll                                                                                      	0x7ffcf9850000        	1       	DynamicLoad         
6108      	explorer.exe        	StateRepository.Core.dll                                              	0xb1000         	C:\Windows\System32\StateRepository.Core.dll                                                                                    	0x7ffd07410000        	1       	StaticDependency    
6108      	explorer.exe        	Windows.StateRepository.dll                                           	0x58f000        	C:\Windows\System32\Windows.StateRepository.dll                                                                                 	0x7ffd074e0000        	1       	StaticDependency    
6108      	explorer.exe        	explorerframe.dll                                                     	0x220000        	C:\Windows\system32\explorerframe.dll                                                                                           	0x7ffcf8a00000        	1       	DynamicLoad         
6108      	explorer.exe        	windows.staterepositorycore.dll                                       	0x11000         	C:\Windows\SYSTEM32\windows.staterepositorycore.dll                                                                             	0x7ffd067c0000        	1       	DelayloadDependency 
6108      	explorer.exe        	MrmCoreR.dll                                                          	0xf4000         	C:\Windows\System32\MrmCoreR.dll                                                                                                	0x7ffd0ac10000        	1       	DynamicLoad         
6108      	explorer.exe        	languageoverlayutil.dll                                               	0x41000         	C:\Windows\SYSTEM32\languageoverlayutil.dll                                                                                     	0x7ffd0a790000        	1       	DelayloadDependency 
6108      	explorer.exe        	bcp47mrm.dll                                                          	0x2d000         	C:\Windows\System32\bcp47mrm.dll                                                                                                	0x7ffd0a760000        	1       	DelayloadDependency 
6108      	explorer.exe        	thumbcache.dll                                                        	0x66000         	C:\Windows\System32\thumbcache.dll                                                                                              	0x7ffcf8990000        	1       	DynamicLoad         
6108      	explorer.exe        	edputil.dll                                                           	0x24000         	C:\Windows\SYSTEM32\edputil.dll                                                                                                 	0x7ffcfb770000        	1       	DelayloadDependency 
6108      	explorer.exe        	coml2.dll                                                             	0x79000         	C:\Windows\System32\coml2.dll                                                                                                   	0x7ffd15700000        	1       	DelayloadDependency 
6108      	explorer.exe        	twinui.pcshell.dll                                                    	0x628000        	C:\Windows\system32\twinui.pcshell.dll                                                                                          	0x7ffcf81b0000        	1       	DynamicLoad         
6108      	explorer.exe        	CRYPT32.dll                                                           	0x15e000        	C:\Windows\System32\CRYPT32.dll                                                                                                 	0x7ffd12f80000        	1       	StaticDependency    
6108      	explorer.exe        	wkscli.dll                                                            	0x19000         	C:\Windows\system32\wkscli.dll                                                                                                  	0x7ffd12030000        	1       	StaticDependency    
6108      	explorer.exe        	cdp.dll                                                               	0x4ca000        	C:\Windows\system32\cdp.dll                                                                                                     	0x7ffcfb950000        	1       	StaticDependency    
6108      	explorer.exe        	wincorlib.DLL                                                         	0x6f000         	C:\Windows\system32\wincorlib.DLL                                                                                               	0x7ffd0adb0000        	1       	StaticDependency    
6108      	explorer.exe        	dsreg.dll                                                             	0x14d000        	C:\Windows\system32\dsreg.dll                                                                                                   	0x7ffd0fbb0000        	1       	StaticDependency    
6108      	explorer.exe        	windows.immersiveshell.serviceprovider.dll                            	0xc2000         	C:\Windows\System32\windows.immersiveshell.serviceprovider.dll                                                                  	0x7ffcf80e0000        	1       	DynamicLoad         
6108      	explorer.exe        	OneCoreCommonProxyStub.dll                                            	0x7f000         	C:\Windows\System32\OneCoreCommonProxyStub.dll                                                                                  	0x7ffd055b0000        	1       	DynamicLoad         
6108      	explorer.exe        	twinui.appcore.dll                                                    	0xa6000         	C:\Windows\System32\twinui.appcore.dll                                                                                          	0x7ffcfab20000        	1       	DynamicLoad         
6108      	explorer.exe        	twinui.dll                                                            	0x5f3000        	C:\Windows\system32\twinui.dll                                                                                                  	0x7ffcf7680000        	1       	DynamicLoad         
6108      	explorer.exe        	pdh.dll                                                               	0x49000         	C:\Windows\system32\pdh.dll                                                                                                     	0x7ffd02730000        	1       	StaticDependency    
6108      	explorer.exe        	PhotoMetadataHandler.dll                                              	0x81000         	C:\Windows\SYSTEM32\PhotoMetadataHandler.dll                                                                                    	0x7ffd05f00000        	1       	DynamicLoad         
6108      	explorer.exe        	ntshrui.dll                                                           	0x7d000         	C:\Windows\SYSTEM32\ntshrui.dll                                                                                                 	0x7ffcf8840000        	1       	DelayloadDependency 
6108      	explorer.exe        	ApplicationFrame.dll                                                  	0xa9000         	C:\Windows\System32\ApplicationFrame.dll                                                                                        	0x7ffcf75d0000        	1       	DynamicLoad         
6108      	explorer.exe        	cscapi.dll                                                            	0x12000         	C:\Windows\SYSTEM32\cscapi.dll                                                                                                  	0x7ffd00a40000        	1       	DynamicLoad         
6108      	explorer.exe        	HolographicExtensions.dll                                             	0xd6000         	C:\Windows\System32\HolographicExtensions.dll                                                                                   	0x7ffcf8000000        	1       	DynamicLoad         
6108      	explorer.exe        	ResourcePolicyClient.dll                                              	0x14000         	C:\Windows\System32\ResourcePolicyClient.dll                                                                                    	0x7ffd109c0000        	1       	StaticDependency    
6108      	explorer.exe        	VirtualMonitorManager.dll                                             	0x1c000         	C:\Windows\System32\VirtualMonitorManager.dll                                                                                   	0x7ffcf9830000        	1       	StaticDependency    
6108      	explorer.exe        	LINKINFO.dll                                                          	0xd000          	C:\Windows\SYSTEM32\LINKINFO.dll                                                                                                	0x7ffcf9920000        	1       	DelayloadDependency 
6108      	explorer.exe        	Windows.UI.Immersive.dll                                              	0x139000        	C:\Windows\System32\Windows.UI.Immersive.dll                                                                                    	0x7ffd08ed0000        	1       	DynamicLoad         
6108      	explorer.exe        	AboveLockAppHost.dll                                                  	0x6b000         	C:\Windows\System32\AboveLockAppHost.dll                                                                                        	0x7ffcf7f90000        	1       	DynamicLoad         
6108      	explorer.exe        	npsm.dll                                                              	0x35000         	C:\Windows\System32\npsm.dll                                                                                                    	0x7ffcf8800000        	1       	DelayloadDependency 
6108      	explorer.exe        	Windows.Shell.BlueLightReduction.dll                                  	0x56000         	C:\Windows\System32\Windows.Shell.BlueLightReduction.dll                                                                        	0x7ffcf7f30000        	1       	DynamicLoad         
6108      	explorer.exe        	Windows.Web.dll                                                       	0xc3000         	C:\Windows\System32\Windows.Web.dll                                                                                             	0x7ffcf7e60000        	1       	DynamicLoad         
6108      	explorer.exe        	mscms.dll                                                             	0xae000         	C:\Windows\System32\mscms.dll                                                                                                   	0x7ffd0d9c0000        	1       	DelayloadDependency 
6108      	explorer.exe        	ColorAdapterClient.dll                                                	0x11000         	C:\Windows\System32\ColorAdapterClient.dll                                                                                      	0x7ffd0d9a0000        	1       	StaticDependency    
6108      	explorer.exe        	Windows.Internal.Signals.dll                                          	0x110000        	C:\Windows\System32\Windows.Internal.Signals.dll                                                                                	0x7ffcf74c0000        	1       	DynamicLoad         
6108      	explorer.exe        	tdh.dll                                                               	0x11b000        	C:\Windows\SYSTEM32\tdh.dll                                                                                                     	0x7ffd11890000        	1       	StaticDependency    
6108      	explorer.exe        	FileSyncShell64.dll                                                   	0x1eb000        	C:\Users\sharkvm\AppData\Local\Microsoft\OneDrive\25.127.0701.0006\FileSyncShell64.dll                                          	0x7ffcf72d0000        	1       	DynamicLoad         
6108      	explorer.exe        	Secur32.dll                                                           	0xc000          	C:\Windows\SYSTEM32\Secur32.dll                                                                                                 	0x7ffd05e80000        	1       	StaticDependency    
6108      	explorer.exe        	CRYPTBASE.DLL                                                         	0xc000          	C:\Windows\SYSTEM32\CRYPTBASE.DLL                                                                                               	0x7ffd127c0000        	1       	DynamicForwarderDependency
6108      	explorer.exe        	EhStorShell.dll                                                       	0x37000         	C:\Windows\System32\EhStorShell.dll                                                                                             	0x7ffcf7da0000        	1       	DynamicLoad         
6108      	explorer.exe        	SETUPAPI.dll                                                          	0x468000        	C:\Windows\System32\SETUPAPI.dll                                                                                                	0x7ffd14950000        	1       	StaticDependency    
6108      	explorer.exe        	cscui.dll                                                             	0xcd000         	C:\Windows\System32\cscui.dll                                                                                                   	0x7ffcf71d0000        	1       	DynamicLoad         
6108      	explorer.exe        	TaskFlowDataEngine.dll                                                	0x17e000        	C:\Windows\System32\TaskFlowDataEngine.dll                                                                                      	0x7ffcf7050000        	1       	DynamicLoad         
6108      	explorer.exe        	StructuredQuery.dll                                                   	0xa6000         	C:\Windows\System32\StructuredQuery.dll                                                                                         	0x7ffd06170000        	1       	DynamicLoad         
6108      	explorer.exe        	Windows.Security.Authentication.Web.Core.dll                          	0x11d000        	C:\Windows\System32\Windows.Security.Authentication.Web.Core.dll                                                                	0x7ffcfb1b0000        	1       	DynamicLoad         
6108      	explorer.exe        	Windows.Data.Activities.dll                                           	0x88000         	C:\Windows\System32\Windows.Data.Activities.dll                                                                                 	0x7ffcf6fc0000        	1       	DynamicLoad         
6108      	explorer.exe        	Windows.Devices.Enumeration.dll                                       	0x87000         	C:\Windows\System32\Windows.Devices.Enumeration.dll                                                                             	0x7ffd062f0000        	1       	DynamicLoad         
6108      	explorer.exe        	MSWB7.dll                                                             	0x46000         	C:\Windows\System32\MSWB7.dll                                                                                                   	0x7ffd05eb0000        	1       	DynamicLoad         
6108      	explorer.exe        	Windows.Internal.UI.Shell.WindowTabManager.dll                        	0x5c000         	C:\Windows\System32\Windows.Internal.UI.Shell.WindowTabManager.dll                                                              	0x7ffcf6f60000        	1       	DynamicLoad         
6108      	explorer.exe        	DevDispItemProvider.dll                                               	0x20000         	C:\Windows\System32\DevDispItemProvider.dll                                                                                     	0x7ffd05d60000        	1       	DynamicLoad         
6108      	explorer.exe        	NotificationControllerPS.dll                                          	0x61000         	C:\Windows\System32\NotificationControllerPS.dll                                                                                	0x7ffcf93b0000        	1       	DynamicLoad         
6108      	explorer.exe        	RMCLIENT.dll                                                          	0x2a000         	C:\Windows\System32\RMCLIENT.dll                                                                                                	0x7ffd10ac0000        	1       	StaticDependency    
6108      	explorer.exe        	ActXPrxy.dll                                                          	0xa1000         	C:\Windows\System32\ActXPrxy.dll                                                                                                	0x7ffd0c6a0000        	1       	DynamicLoad         
6108      	explorer.exe        	Windows.Networking.Connectivity.dll                                   	0xb9000         	C:\Windows\System32\Windows.Networking.Connectivity.dll                                                                         	0x7ffcf9950000        	1       	DynamicLoad         
6108      	explorer.exe        	Windows.UI.Core.TextInput.dll                                         	0x104000        	C:\Windows\System32\Windows.UI.Core.TextInput.dll                                                                               	0x7ffcf6e50000        	1       	DynamicLoad         
6108      	explorer.exe        	UIAnimation.dll                                                       	0x47000         	C:\Windows\System32\UIAnimation.dll                                                                                             	0x7ffd0dae0000        	1       	DynamicLoad         
6108      	explorer.exe        	windowsudk.shellcommon.dll                                            	0x247000        	C:\Windows\system32\windowsudk.shellcommon.dll                                                                                  	0x7ffcf6c00000        	1       	DynamicLoad         
6108      	explorer.exe        	DictationManager.dll                                                  	0x80000         	C:\Windows\system32\DictationManager.dll                                                                                        	0x7ffcf6b80000        	1       	StaticDependency    
6108      	explorer.exe        	npmproxy.dll                                                          	0x10000         	C:\Windows\System32\npmproxy.dll                                                                                                	0x7ffd06c00000        	1       	DynamicLoad         
6108      	explorer.exe        	Windows.Globalization.dll                                             	0x1a6000        	C:\Windows\System32\Windows.Globalization.dll                                                                                   	0x7ffd08650000        	1       	DynamicLoad         
6108      	explorer.exe        	ondemandconnroutehelper.dll                                           	0x17000         	C:\Windows\SYSTEM32\ondemandconnroutehelper.dll                                                                                 	0x7ffd00ee0000        	1       	DynamicLoad         
6108      	explorer.exe        	winhttp.dll                                                           	0x10a000        	C:\Windows\SYSTEM32\winhttp.dll                                                                                                 	0x7ffd0a550000        	1       	DynamicLoad         
6108      	explorer.exe        	mswsock.dll                                                           	0x6a000         	C:\Windows\system32\mswsock.dll                                                                                                 	0x7ffd125b0000        	1       	DynamicLoad         
6108      	explorer.exe        	NSI.dll                                                               	0x8000          	C:\Windows\System32\NSI.dll                                                                                                     	0x7ffd13870000        	1       	DelayloadDependency 
6108      	explorer.exe        	WINNSI.DLL                                                            	0xb000          	C:\Windows\SYSTEM32\WINNSI.DLL                                                                                                  	0x7ffd0b6b0000        	1       	DelayloadDependency 
6108      	explorer.exe        	DPAPI.DLL                                                             	0xa000          	C:\Windows\System32\DPAPI.DLL                                                                                                   	0x7ffd12c80000        	1       	DynamicForwarderDependency
6108      	explorer.exe        	MSASN1.dll                                                            	0x12000         	C:\Windows\System32\MSASN1.dll                                                                                                  	0x7ffd12a50000        	1       	DelayloadDependency 
6108      	explorer.exe        	WINTRUST.dll                                                          	0x67000         	C:\Windows\System32\WINTRUST.dll                                                                                                	0x7ffd13340000        	1       	DelayloadDependency 
6108      	explorer.exe        	rsaenh.dll                                                            	0x34000         	C:\Windows\system32\rsaenh.dll                                                                                                  	0x7ffd11ed0000        	1       	DynamicLoad         
6108      	explorer.exe        	DNSAPI.dll                                                            	0xcb000         	C:\Windows\SYSTEM32\DNSAPI.dll                                                                                                  	0x7ffd122e0000        	1       	DelayloadDependency 
6108      	explorer.exe        	rasadhlp.dll                                                          	0xa000          	C:\Windows\System32\rasadhlp.dll                                                                                                	0x7ffd06b20000        	1       	DynamicLoad         
6108      	explorer.exe        	fwpuclnt.dll                                                          	0x82000         	C:\Windows\System32\fwpuclnt.dll                                                                                                	0x7ffd07b70000        	1       	DynamicLoad         
6108      	explorer.exe        	schannel.DLL                                                          	0x99000         	C:\Windows\system32\schannel.DLL                                                                                                	0x7ffd11df0000        	1       	DynamicLoad         
6108      	explorer.exe        	mskeyprotect.dll                                                      	0x16000         	C:\Windows\SYSTEM32\mskeyprotect.dll                                                                                            	0x7ffd00d00000        	1       	DynamicLoad         
6108      	explorer.exe        	NTASN1.dll                                                            	0x3b000         	C:\Windows\SYSTEM32\NTASN1.dll                                                                                                  	0x7ffd128f0000        	1       	DelayloadDependency 
6108      	explorer.exe        	ncrypt.dll                                                            	0x28000         	C:\Windows\SYSTEM32\ncrypt.dll                                                                                                  	0x7ffd12930000        	1       	DelayloadDependency 
6108      	explorer.exe        	ncryptsslp.dll                                                        	0x26000         	C:\Windows\system32\ncryptsslp.dll                                                                                              	0x7ffd00db0000        	1       	DynamicLoad         
6108      	explorer.exe        	cryptnet.dll                                                          	0x31000         	C:\Windows\System32\cryptnet.dll                                                                                                	0x7ffd00c90000        	1       	DynamicLoad         
6108      	explorer.exe        	dhcpcsvc6.DLL                                                         	0x17000         	C:\Windows\SYSTEM32\dhcpcsvc6.DLL                                                                                               	0x7ffd0b670000        	1       	DelayloadDependency 
6108      	explorer.exe        	dhcpcsvc.DLL                                                          	0x1d000         	C:\Windows\SYSTEM32\dhcpcsvc.DLL                                                                                                	0x7ffd0b650000        	1       	DelayloadDependency 
6108      	explorer.exe        	webio.dll                                                             	0x98000         	C:\Windows\SYSTEM32\webio.dll                                                                                                   	0x7ffd00bf0000        	1       	DelayloadDependency 
6108      	explorer.exe        	PCShellCommonProxyStub.dll                                            	0x13000         	C:\Windows\System32\PCShellCommonProxyStub.dll                                                                                  	0x7ffcf6b60000        	1       	DynamicLoad         
6108      	explorer.exe        	daxexec.dll                                                           	0xaf000         	C:\Windows\SYSTEM32\daxexec.dll                                                                                                 	0x7ffcfa250000        	1       	DelayloadDependency 
6108      	explorer.exe        	container.dll                                                         	0x42000         	C:\Windows\System32\container.dll                                                                                               	0x7ffcfa200000        	1       	StaticDependency    
6108      	explorer.exe        	ShellCommonCommonProxyStub.dll                                        	0xd2000         	C:\Windows\System32\ShellCommonCommonProxyStub.dll                                                                              	0x7ffcf6a80000        	1       	DynamicLoad         
6108      	explorer.exe        	cryptngc.dll                                                          	0x73000         	C:\Windows\system32\cryptngc.dll                                                                                                	0x7ffd07260000        	1       	DelayloadDependency 
6108      	explorer.exe        	cflapi.dll                                                            	0x2f000         	C:\Windows\SYSTEM32\cflapi.dll                                                                                                  	0x7ffcf6a30000        	1       	DelayloadDependency 
6108      	explorer.exe        	MFPlat.DLL                                                            	0x1bc000        	C:\Windows\SYSTEM32\MFPlat.DLL                                                                                                  	0x7ffcfdd30000        	3       	DelayloadDependency 
6108      	explorer.exe        	RTWorkQ.DLL                                                           	0x34000         	C:\Windows\SYSTEM32\RTWorkQ.DLL                                                                                                 	0x7ffcfff00000        	3       	DelayloadDependency 
6108      	explorer.exe        	stobject.dll                                                          	0x52000         	C:\Windows\system32\stobject.dll                                                                                                	0x7ffcf2350000        	1       	DynamicLoad         
6108      	explorer.exe        	WMICLNT.dll                                                           	0x11000         	C:\Windows\system32\WMICLNT.dll                                                                                                 	0x7ffd0e100000        	1       	StaticDependency    
6108      	explorer.exe        	BatMeter.dll                                                          	0xf000          	C:\Windows\system32\BatMeter.dll                                                                                                	0x7ffcf2340000        	1       	DelayloadDependency 
6108      	explorer.exe        	sxs.dll                                                               	0xa2000         	C:\Windows\SYSTEM32\sxs.dll                                                                                                     	0x7ffd12ce0000        	1       	DelayloadDependency 
6108      	explorer.exe        	InputSwitch.dll                                                       	0x88000         	C:\Windows\System32\InputSwitch.dll                                                                                             	0x7ffcfdb20000        	1       	DynamicLoad         
6108      	explorer.exe        	Windows.UI.Shell.dll                                                  	0xe000          	C:\Windows\System32\Windows.UI.Shell.dll                                                                                        	0x7ffcf2330000        	1       	DynamicLoad         
6108      	explorer.exe        	es.dll                                                                	0x6c000         	C:\Windows\system32\es.dll                                                                                                      	0x7ffd0b7c0000        	1       	DynamicLoad         
6108      	explorer.exe        	wpnclient.dll                                                         	0x5e000         	C:\Windows\System32\wpnclient.dll                                                                                               	0x7ffcf5fc0000        	1       	DynamicLoad         
6108      	explorer.exe        	dxp.dll                                                               	0x83000         	C:\Windows\system32\dxp.dll                                                                                                     	0x7ffcf1c20000        	1       	DynamicLoad         
6108      	explorer.exe        	SHDOCVW.dll                                                           	0x47000         	C:\Windows\system32\SHDOCVW.dll                                                                                                 	0x7ffcf1bd0000        	1       	StaticDependency    
6108      	explorer.exe        	atlthunk.dll                                                          	0xd000          	C:\Windows\SYSTEM32\atlthunk.dll                                                                                                	0x7ffcf1bc0000        	1       	DynamicLoad         
6108      	explorer.exe        	Syncreg.dll                                                           	0x19000         	C:\Windows\system32\Syncreg.dll                                                                                                 	0x7ffcf1ba0000        	1       	DynamicLoad         
6108      	explorer.exe        	Actioncenter.dll                                                      	0x53000         	C:\Windows\System32\Actioncenter.dll                                                                                            	0x7ffcf1b40000        	1       	DynamicLoad         
6108      	explorer.exe        	wevtapi.dll                                                           	0x65000         	C:\Windows\System32\wevtapi.dll                                                                                                 	0x7ffd0c760000        	1       	StaticDependency    
6108      	explorer.exe        	Windows.FileExplorer.Common.dll                                       	0x61000         	C:\Windows\System32\Windows.FileExplorer.Common.dll                                                                             	0x7ffcf1ad0000        	1       	DynamicLoad         
6108      	explorer.exe        	AUDIOSES.DLL                                                          	0x182000        	C:\Windows\SYSTEM32\AUDIOSES.DLL                                                                                                	0x7ffd07080000        	1       	DynamicLoad         
6108      	explorer.exe        	CompPkgSup.DLL                                                        	0x37000         	C:\Windows\SYSTEM32\CompPkgSup.DLL                                                                                              	0x7ffd07c70000        	1       	DelayloadDependency 
6108      	explorer.exe        	Windows.Storage.Search.dll                                            	0xc9000         	C:\Windows\system32\Windows.Storage.Search.dll                                                                                  	0x7ffcf1cb0000        	1       	DynamicLoad         
6108      	explorer.exe        	mssprxy.dll                                                           	0x28000         	C:\Windows\system32\mssprxy.dll                                                                                                 	0x7ffcf4b40000        	1       	DynamicLoad         
6108      	explorer.exe        	MPR.dll                                                               	0x1d000         	C:\Windows\SYSTEM32\MPR.dll                                                                                                     	0x7ffd02ca0000        	1       	DelayloadDependency 
6108      	explorer.exe        	vmhgfs.dll                                                            	0x15000         	C:\Windows\System32\vmhgfs.dll                                                                                                  	0x7ffcf1a60000        	1       	DynamicLoad         
6108      	explorer.exe        	VCRUNTIME140.dll                                                      	0x1f000         	C:\Windows\System32\VCRUNTIME140.dll                                                                                            	0x7ffd044e0000        	1       	StaticDependency    
6108      	explorer.exe        	drprov.dll                                                            	0xb000          	C:\Windows\System32\drprov.dll                                                                                                  	0x7ffcf1a50000        	1       	DynamicLoad         
6108      	explorer.exe        	ntlanman.dll                                                          	0x1f000         	C:\Windows\System32\ntlanman.dll                                                                                                	0x7ffcf1a30000        	1       	DynamicLoad         
6108      	explorer.exe        	davclnt.dll                                                           	0x1e000         	C:\Windows\System32\davclnt.dll                                                                                                 	0x7ffcf1a10000        	1       	DynamicLoad         
6108      	explorer.exe        	DAVHLPR.dll                                                           	0xd000          	C:\Windows\System32\DAVHLPR.dll                                                                                                 	0x7ffcf1a00000        	1       	StaticDependency    
6108      	explorer.exe        	dusmapi.dll                                                           	0x11000         	C:\Windows\System32\dusmapi.dll                                                                                                 	0x7ffcf96d0000        	1       	DelayloadDependency 
6108      	explorer.exe        	wpdshserviceobj.dll                                                   	0x15000         	C:\Windows\system32\wpdshserviceobj.dll                                                                                         	0x7ffcf15a0000        	1       	DynamicLoad         
6108      	explorer.exe        	PortableDeviceTypes.dll                                               	0x32000         	C:\Windows\System32\PortableDeviceTypes.dll                                                                                     	0x7ffcf1560000        	1       	DynamicLoad         
6108      	explorer.exe        	PortableDeviceApi.dll                                                 	0xa3000         	C:\Windows\System32\PortableDeviceApi.dll                                                                                       	0x7ffd0b8b0000        	1       	DynamicLoad         
6108      	explorer.exe        	cscobj.dll                                                            	0x50000         	C:\Windows\System32\cscobj.dll                                                                                                  	0x7ffcf1510000        	1       	DynamicLoad         
6108      	explorer.exe        	srchadmin.dll                                                         	0x3a000         	C:\Windows\System32\srchadmin.dll                                                                                               	0x7ffcf1460000        	1       	DynamicLoad         
6108      	explorer.exe        	pnidui.dll                                                            	0x219000        	C:\Windows\System32\pnidui.dll                                                                                                  	0x7ffcf1210000        	1       	DynamicLoad         
6108      	explorer.exe        	MobileNetworking.dll                                                  	0xa000          	C:\Windows\System32\MobileNetworking.dll                                                                                        	0x7ffd07c00000        	1       	StaticDependency    
6108      	explorer.exe        	netprofm.dll                                                          	0x3f000         	C:\Windows\System32\netprofm.dll                                                                                                	0x7ffd0e540000        	1       	DynamicLoad         
6108      	explorer.exe        	SyncCenter.dll                                                        	0x83000         	C:\Windows\System32\SyncCenter.dll                                                                                              	0x7ffcf1150000        	1       	DynamicLoad         
6108      	explorer.exe        	NetworkUXBroker.dll                                                   	0x6d000         	C:\Windows\System32\NetworkUXBroker.dll                                                                                         	0x7ffd06750000        	1       	DynamicLoad         
6108      	explorer.exe        	EthernetMediaManager.dll                                              	0x34000         	C:\Windows\System32\EthernetMediaManager.dll                                                                                    	0x7ffd06710000        	1       	DynamicLoad         
6108      	explorer.exe        	imapi2.dll                                                            	0x84000         	C:\Windows\System32\imapi2.dll                                                                                                  	0x7ffcf10b0000        	1       	DynamicLoad         
6108      	explorer.exe        	wlanapi.dll                                                           	0x74000         	C:\Windows\System32\wlanapi.dll                                                                                                 	0x7ffd0ab90000        	1       	DelayloadDependency 
6108      	explorer.exe        	bthprops.cpl                                                          	0x46000         	C:\Windows\System32\bthprops.cpl                                                                                                	0x7ffcf1060000        	1       	DynamicLoad         
6108      	explorer.exe        	WorkfoldersShell.dll                                                  	0x3d000         	C:\Windows\System32\WorkfoldersShell.dll                                                                                        	0x7ffcf1020000        	1       	DynamicLoad         
6108      	explorer.exe        	gdiplus.dll                                                           	0x1a5000        	C:\Windows\WinSxS\amd64_microsoft.windows.gdiplus_6595b64144ccf1df_1.1.19041.2251_none_91a40448cc8846c1\gdiplus.dll             	0x7ffcf01a0000        	1       	StaticDependency    
6108      	explorer.exe        	virtdisk.dll                                                          	0x13000         	C:\Windows\SYSTEM32\virtdisk.dll                                                                                                	0x7ffd00470000        	2       	DynamicLoad         
6108      	explorer.exe        	SettingSync.dll                                                       	0xb9000         	C:\Windows\system32\SettingSync.dll                                                                                             	0x7ffcfcc00000        	1       	DynamicLoad         
6108      	explorer.exe        	SettingSyncCore.dll                                                   	0x119000        	C:\Windows\system32\SettingSyncCore.dll                                                                                         	0x7ffce7aa0000        	1       	DynamicLoad         
6108      	explorer.exe        	Windows.UI.Xaml.dll                                                   	0x10bf000       	C:\Windows\System32\Windows.UI.Xaml.dll                                                                                         	0x7ffd09490000        	1       	DynamicLoad         
6108      	explorer.exe        	WindowsInternal.ComposableShell.Experiences.Switcher.dll              	0x24d000        	C:\Windows\ShellComponents\WindowsInternal.ComposableShell.Experiences.Switcher.dll                                             	0x7ffce6a50000        	1       	DynamicLoad         
6108      	explorer.exe        	TileControl.dll                                                       	0x7d000         	C:\Windows\ShellExperiences\TileControl.dll                                                                                     	0x7ffce69d0000        	1       	DynamicLoad         
6108      	explorer.exe        	TaskFlowUI.dll                                                        	0x214000        	C:\Windows\ShellComponents\TaskFlowUI.dll                                                                                       	0x7ffce67b0000        	1       	DynamicLoad         
6108      	explorer.exe        	UiaManager.dll                                                        	0xa1000         	C:\Windows\System32\UiaManager.dll                                                                                              	0x7ffcfa5d0000        	1       	DynamicLoad         
6108      	explorer.exe        	msxml6.dll                                                            	0x25f000        	C:\Windows\System32\msxml6.dll                                                                                                  	0x7ffcfcf00000        	1       	DynamicLoad         
6108      	explorer.exe        	zipfldr.dll                                                           	0x49000         	C:\Windows\system32\zipfldr.dll                                                                                                 	0x7ffd06a60000        	1       	DynamicLoad         
6108      	explorer.exe        	7-zip.dll                                                             	0x1c000         	C:\Program Files\7-Zip\7-zip.dll                                                                                                	0x57550000            	1       	DynamicLoad         
6108      	explorer.exe        	DUI70.dll                                                             	0x1ae000        	C:\Windows\SYSTEM32\DUI70.dll                                                                                                   	0x7ffce2dc0000        	1       	DelayloadDependency 
6108      	explorer.exe        	DUser.dll                                                             	0x95000         	C:\Windows\SYSTEM32\DUser.dll                                                                                                   	0x7ffcefb70000        	1       	DelayloadDependency 
6108      	explorer.exe        	icu.dll                                                               	0x22e000        	C:\Windows\System32\icu.dll                                                                                                     	0x7ffcf24d0000        	1       	DelayloadDependency 
6108      	explorer.exe        	ieframe.dll                                                           	0x768000        	C:\Windows\System32\ieframe.dll                                                                                                 	0x7ffce3090000        	1       	DynamicLoad         
6108      	explorer.exe        	NETAPI32.dll                                                          	0x19000         	C:\Windows\System32\NETAPI32.dll                                                                                                	0x7ffd041a0000        	1       	StaticDependency    
6108      	explorer.exe        	msIso.dll                                                             	0x58000         	C:\Windows\SYSTEM32\msIso.dll                                                                                                   	0x7ffcef8b0000        	1       	DynamicLoad         
6108      	explorer.exe        	MLANG.dll                                                             	0x42000         	C:\Windows\SYSTEM32\MLANG.dll                                                                                                   	0x7ffcf0460000        	1       	DynamicLoad         
6108      	explorer.exe        	profext.dll                                                           	0x29000         	C:\Windows\SYSTEM32\profext.dll                                                                                                 	0x7ffd11ba0000        	1       	DelayloadDependency 
6108      	explorer.exe        	UserDataTimeUtil.dll                                                  	0x23000         	C:\Windows\System32\UserDataTimeUtil.dll                                                                                        	0x7ffcefce0000        	1       	DelayloadDependency 
6108      	explorer.exe        	D3D10Warp.dll                                                         	0x6f6000        	C:\Windows\SYSTEM32\D3D10Warp.dll                                                                                               	0x7ffd0bb50000        	1       	DynamicLoad         
6108      	explorer.exe        	UIAutomationCore.DLL                                                  	0x2f5000        	C:\Windows\SYSTEM32\UIAutomationCore.DLL                                                                                        	0x7ffcf5b90000        	1       	DynamicLoad         
6108      	explorer.exe        	wscinterop.dll                                                        	0x3d000         	C:\Windows\System32\wscinterop.dll                                                                                              	0x7ffccb4b0000        	1       	DynamicLoad         
6108      	explorer.exe        	WSCAPI.dll                                                            	0x4d000         	C:\Windows\System32\WSCAPI.dll                                                                                                  	0x7ffcfd780000        	1       	DelayloadDependency 
6108      	explorer.exe        	wscui.cpl                                                             	0x19000         	C:\Windows\System32\wscui.cpl                                                                                                   	0x7ffccb490000        	1       	DelayloadDependency 
6108      	explorer.exe        	werconcpl.dll                                                         	0xde000         	C:\Windows\System32\werconcpl.dll                                                                                               	0x7ffccb3b0000        	1       	DynamicLoad         
6108      	explorer.exe        	framedynos.dll                                                        	0x52000         	C:\Windows\System32\framedynos.dll                                                                                              	0x7ffcff9d0000        	1       	StaticDependency    
6108      	explorer.exe        	wer.dll                                                               	0xde000         	C:\Windows\System32\wer.dll                                                                                                     	0x7ffd10af0000        	1       	StaticDependency    
6108      	explorer.exe        	hcproviders.dll                                                       	0x14000         	C:\Windows\System32\hcproviders.dll                                                                                             	0x7ffccb390000        	1       	DynamicLoad         
6108      	explorer.exe        	ieproxy.dll                                                           	0xea000         	C:\Windows\System32\ieproxy.dll                                                                                                 	0x7ffccb2a0000        	1       	DynamicLoad         
6108      	explorer.exe        	pcacli.dll                                                            	0x16000         	C:\Windows\SYSTEM32\pcacli.dll                                                                                                  	0x7ffcf6210000        	1       	DelayloadDependency 
6108      	explorer.exe        	sfc_os.dll                                                            	0x12000         	C:\Windows\System32\sfc_os.dll                                                                                                  	0x7ffcfc910000        	1       	DynamicLoad         
6108      	explorer.exe        	mmcshext.dll                                                          	0x26000         	C:\Windows\system32\mmcshext.dll                                                                                                	0x7ffcf1a80000        	1       	DynamicLoad         
6108      	explorer.exe        	hhsetup.dll                                                           	0x12000         	C:\Windows\system32\hhsetup.dll                                                                                                 	0x7ffcf0da0000        	1       	StaticDependency    
6108      	explorer.exe        	storageusage.dll                                                      	0x2f000         	C:\Windows\SYSTEM32\storageusage.dll                                                                                            	0x7ffd0c4f0000        	1       	DelayloadDependency 
6108      	explorer.exe        	UserOOBE.dll                                                          	0x68000         	C:\Windows\System32\oobe\UserOOBE.dll                                                                                           	0x7ffce7c90000        	1       	DynamicLoad         
6108      	explorer.exe        	credui.dll                                                            	0x1c000         	C:\Windows\SYSTEM32\credui.dll                                                                                                  	0x7ffcecb40000        	1       	StaticDependency    
6108      	explorer.exe        	wdscore.dll                                                           	0x43000         	C:\Windows\SYSTEM32\wdscore.dll                                                                                                 	0x7ffcea580000        	1       	DynamicLoad         
6108      	explorer.exe        	dbghelp.dll                                                           	0x1e4000        	C:\Windows\system32\dbghelp.dll                                                                                                 	0x7ffd03440000        	1       	DynamicLoad         
6108      	explorer.exe        	dbgcore.DLL                                                           	0x34000         	C:\Windows\SYSTEM32\dbgcore.DLL                                                                                                 	0x7ffd03320000        	1       	DynamicForwarderDependency
6108      	explorer.exe        	NetworkExplorer.dll                                                   	0x17000         	C:\Windows\system32\NetworkExplorer.dll                                                                                         	0x7ffcf19e0000        	1       	DynamicLoad         
6108      	explorer.exe        	searchfolder.dll                                                      	0x6a000         	C:\Windows\SYSTEM32\searchfolder.dll                                                                                            	0x7ffcf1f90000        	1       	DelayloadDependency 
6108      	explorer.exe        	licensemanagerapi.dll                                                 	0x1d000         	C:\Windows\SYSTEM32\licensemanagerapi.dll                                                                                       	0x7ffcf6a10000        	1       	DelayloadDependency 
6108      	explorer.exe        	capauthz.dll                                                          	0x51000         	C:\Windows\SYSTEM32\capauthz.dll                                                                                                	0x7ffd06d20000        	1       	DelayloadDependency 
6108      	explorer.exe        	fhcfg.dll                                                             	0x70000         	C:\Windows\System32\fhcfg.dll                                                                                                   	0x7ffd0e930000        	1       	DynamicLoad         
6108      	explorer.exe        	EFSUTIL.dll                                                           	0x12000         	C:\Windows\System32\EFSUTIL.dll                                                                                                 	0x7ffd0e9c0000        	1       	StaticDependency    
6108      	explorer.exe        	DSROLE.dll                                                            	0xa000          	C:\Windows\System32\DSROLE.dll                                                                                                  	0x7ffd0e670000        	1       	StaticDependency    
6108      	explorer.exe        	Windows.Internal.System.UserProfile.dll                               	0x3e000         	C:\Windows\System32\Windows.Internal.System.UserProfile.dll                                                                     	0x7ffd0e8b0000        	1       	DynamicLoad         
6108      	explorer.exe        	CloudExperienceHostBroker.dll                                         	0x55000         	C:\Windows\System32\CloudExperienceHostBroker.dll                                                                               	0x7ffd06a00000        	1       	DynamicLoad         
6108      	explorer.exe        	dlnashext.dll                                                         	0x56000         	C:\Windows\System32\dlnashext.dll                                                                                               	0x7ffcff880000        	1       	DynamicLoad         
6108      	explorer.exe        	imagehlp.dll                                                          	0x1d000         	C:\Windows\System32\imagehlp.dll                                                                                                	0x7ffd13850000        	1       	DelayloadDependency 
6108      	explorer.exe        	gpapi.dll                                                             	0x23000         	C:\Windows\SYSTEM32\gpapi.dll                                                                                                   	0x7ffd11760000        	1       	DelayloadDependency 
6108      	explorer.exe        	windows.internal.shell.broker.dll                                     	0xd9000         	C:\Windows\System32\windows.internal.shell.broker.dll                                                                           	0x7ffcf6020000        	1       	DynamicLoad         
6108      	explorer.exe        	cdprt.dll                                                             	0x1bc000        	C:\Windows\System32\cdprt.dll                                                                                                   	0x7ffcc7d50000        	1       	DynamicLoad         
6108      	explorer.exe        	Windows.UI.FileExplorer.dll                                           	0x48000         	C:\Windows\System32\Windows.UI.FileExplorer.dll                                                                                 	0x7ffd02e50000        	1       	DynamicLoad         
6108      	explorer.exe        	UIRibbon.dll                                                          	0x3ec000        	C:\Windows\system32\UIRibbon.dll                                                                                                	0x7ffcc7960000        	1       	DynamicLoad         
6108      	explorer.exe        	smartscreenps.dll                                                     	0x52000         	C:\Windows\System32\smartscreenps.dll                                                                                           	0x7ffcefd50000        	1       	DynamicLoad         
6108      	explorer.exe        	EhStorAPI.dll                                                         	0x26000         	C:\Windows\System32\EhStorAPI.dll                                                                                               	0x7ffd022e0000        	1       	DynamicLoad         
6108      	explorer.exe        	IconCodecService.dll                                                  	0x9000          	C:\Windows\system32\IconCodecService.dll                                                                                        	0x7ffcf14a0000        	1       	DynamicLoad         
6108      	explorer.exe        	wpnapps.dll                                                           	0x154000        	C:\Windows\System32\wpnapps.dll                                                                                                 	0x7ffcf9480000        	1       	DynamicLoad         
6108      	explorer.exe        	execmodelproxy.dll                                                    	0x18000         	C:\Windows\system32\execmodelproxy.dll                                                                                          	0x7ffcf9930000        	1       	DynamicLoad         
6108      	explorer.exe        	provsvc.dll                                                           	0x7d000         	C:\Windows\System32\provsvc.dll                                                                                                 	0x7ffd02d10000        	1       	DynamicLoad         
6248      	svchost.exe         	ntdll.dll                                                             	0x1f8000        	C:\Windows\SYSTEM32\ntdll.dll                                                                                                   	0x7ffd157f0000        	2       	StaticDependency    
6248      	svchost.exe         	KERNEL32.DLL                                                          	0xbf000         	C:\Windows\System32\KERNEL32.DLL                                                                                                	0x7ffd155b0000        	2       	DynamicLoad         
6248      	svchost.exe         	KERNELBASE.dll                                                        	0x2f6000        	C:\Windows\System32\KERNELBASE.dll                                                                                              	0x7ffd133b0000        	1       	StaticDependency    
6248      	svchost.exe         	sechost.dll                                                           	0x9c000         	C:\Windows\System32\sechost.dll                                                                                                 	0x7ffd15450000        	2       	StaticDependency    
6248      	svchost.exe         	RPCRT4.dll                                                            	0x126000        	C:\Windows\System32\RPCRT4.dll                                                                                                  	0x7ffd13c20000        	2       	StaticDependency    
6248      	svchost.exe         	ucrtbase.dll                                                          	0x100000        	C:\Windows\System32\ucrtbase.dll                                                                                                	0x7ffd13180000        	2       	StaticDependency    
6248      	svchost.exe         	combase.dll                                                           	0x354000        	C:\Windows\System32\combase.dll                                                                                                 	0x7ffd150f0000        	1       	DelayloadDependency 
6248      	svchost.exe         	kernel.appcore.dll                                                    	0x12000         	C:\Windows\SYSTEM32\kernel.appcore.dll                                                                                          	0x7ffd10db0000        	1       	DelayloadDependency 
6248      	svchost.exe         	msvcrt.dll                                                            	0x9e000         	C:\Windows\System32\msvcrt.dll                                                                                                  	0x7ffd13af0000        	1       	StaticDependency    
6248      	svchost.exe         	bcryptPrimitives.dll                                                  	0x82000         	C:\Windows\System32\bcryptPrimitives.dll                                                                                        	0x7ffd132b0000        	3       	DelayloadDependency 
6248      	svchost.exe         	user32.dll                                                            	0x19d000        	C:\Windows\System32\user32.dll                                                                                                  	0x7ffd14e90000        	1       	DelayloadDependency 
6248      	svchost.exe         	win32u.dll                                                            	0x22000         	C:\Windows\System32\win32u.dll                                                                                                  	0x7ffd13820000        	1       	StaticDependency    
6248      	svchost.exe         	GDI32.dll                                                             	0x2c000         	C:\Windows\System32\GDI32.dll                                                                                                   	0x7ffd13bf0000        	1       	StaticDependency    
6248      	svchost.exe         	gdi32full.dll                                                         	0x115000        	C:\Windows\System32\gdi32full.dll                                                                                               	0x7ffd136b0000        	1       	StaticDependency    
6248      	svchost.exe         	msvcp_win.dll                                                         	0x9d000         	C:\Windows\System32\msvcp_win.dll                                                                                               	0x7ffd130e0000        	1       	StaticDependency    
6248      	svchost.exe         	IMM32.DLL                                                             	0x30000         	C:\Windows\System32\IMM32.DLL                                                                                                   	0x7ffd15780000        	1       	DynamicLoad         
6248      	svchost.exe         	cbdhsvc.dll                                                           	0xff000         	c:\windows\system32\cbdhsvc.dll                                                                                                 	0x7ffcf7c80000        	1       	DynamicLoad         
6248      	svchost.exe         	shcore.dll                                                            	0xad000         	C:\Windows\System32\shcore.dll                                                                                                  	0x7ffd13880000        	1       	StaticDependency    
6248      	svchost.exe         	powrprof.dll                                                          	0x4b000         	C:\Windows\SYSTEM32\powrprof.dll                                                                                                	0x7ffd12c90000        	1       	StaticDependency    
6248      	svchost.exe         	UMPDC.dll                                                             	0x12000         	C:\Windows\SYSTEM32\UMPDC.dll                                                                                                   	0x7ffd12a70000        	1       	DelayloadDependency 
6248      	svchost.exe         	WLDP.DLL                                                              	0x2e000         	C:\Windows\SYSTEM32\WLDP.DLL                                                                                                    	0x7ffd12850000        	1       	DynamicLoad         
6248      	svchost.exe         	advapi32.dll                                                          	0xaf000         	C:\Windows\System32\advapi32.dll                                                                                                	0x7ffd15040000        	1       	StaticDependency    
6248      	svchost.exe         	ole32.dll                                                             	0x12a000        	C:\Windows\System32\ole32.dll                                                                                                   	0x7ffd140d0000        	1       	DynamicLoad         
6248      	svchost.exe         	clbcatq.dll                                                           	0xa9000         	C:\Windows\System32\clbcatq.dll                                                                                                 	0x7ffd13d50000        	1       	DelayloadDependency 
6248      	svchost.exe         	usermgrproxy.dll                                                      	0x54000         	C:\Windows\System32\usermgrproxy.dll                                                                                            	0x7ffd0c520000        	1       	DynamicLoad         
6248      	svchost.exe         	OLEAUT32.dll                                                          	0xcd000         	C:\Windows\System32\OLEAUT32.dll                                                                                                	0x7ffd13e00000        	1       	StaticDependency    
6248      	svchost.exe         	OneCoreUAPCommonProxyStub.dll                                         	0x7cb000        	C:\Windows\System32\OneCoreUAPCommonProxyStub.dll                                                                               	0x7ffd0c960000        	1       	DynamicLoad         
6248      	svchost.exe         	twinapi.appcore.dll                                                   	0x200000        	C:\Windows\System32\twinapi.appcore.dll                                                                                         	0x7ffd0de50000        	1       	DynamicLoad         
6248      	svchost.exe         	WinTypes.dll                                                          	0x154000        	C:\Windows\System32\WinTypes.dll                                                                                                	0x7ffd0ebd0000        	1       	DynamicLoad         
6248      	svchost.exe         	policymanager.dll                                                     	0xa3000         	C:\Windows\SYSTEM32\policymanager.dll                                                                                           	0x7ffd0c380000        	1       	DelayloadDependency 
6248      	svchost.exe         	msvcp110_win.dll                                                      	0x8a000         	c:\windows\system32\msvcp110_win.dll                                                                                            	0x7ffd11fa0000        	1       	StaticDependency    
6248      	svchost.exe         	uxtheme.dll                                                           	0x9e000         	C:\Windows\system32\uxtheme.dll                                                                                                 	0x7ffd108e0000        	1       	DynamicLoad         
6248      	svchost.exe         	windows.applicationmodel.datatransfer.dll                             	0xc5000         	C:\Windows\System32\windows.applicationmodel.datatransfer.dll                                                                   	0x7ffcf88c0000        	1       	DynamicLoad         
6248      	svchost.exe         	coml2.dll                                                             	0x79000         	C:\Windows\System32\coml2.dll                                                                                                   	0x7ffd15700000        	1       	StaticDependency    
6248      	svchost.exe         	windows.storage.dll                                                   	0x793000        	C:\Windows\SYSTEM32\windows.storage.dll                                                                                         	0x7ffd10fb0000        	1       	StaticDependency    
6248      	svchost.exe         	ntmarta.dll                                                           	0x33000         	C:\Windows\SYSTEM32\ntmarta.dll                                                                                                 	0x7ffd11f60000        	1       	StaticDependency    
6248      	svchost.exe         	CoreMessaging.dll                                                     	0xf2000         	C:\Windows\System32\CoreMessaging.dll                                                                                           	0x7ffd103f0000        	2       	StaticDependency    
6248      	svchost.exe         	WS2_32.dll                                                            	0x6b000         	C:\Windows\System32\WS2_32.dll                                                                                                  	0x7ffd14dc0000        	1       	StaticDependency    
6248      	svchost.exe         	iertutil.dll                                                          	0x2b1000        	C:\Windows\System32\iertutil.dll                                                                                                	0x7ffd09010000        	1       	StaticDependency    
6248      	svchost.exe         	cdp.dll                                                               	0x4ca000        	c:\windows\system32\cdp.dll                                                                                                     	0x7ffcfb950000        	1       	DelayloadDependency 
6248      	svchost.exe         	CRYPT32.dll                                                           	0x15e000        	C:\Windows\System32\CRYPT32.dll                                                                                                 	0x7ffd12f80000        	1       	StaticDependency    
6248      	svchost.exe         	cfgmgr32.dll                                                          	0x4e000         	C:\Windows\System32\cfgmgr32.dll                                                                                                	0x7ffd137d0000        	1       	StaticDependency    
6248      	svchost.exe         	PROPSYS.dll                                                           	0xf6000         	c:\windows\system32\PROPSYS.dll                                                                                                 	0x7ffd0ea50000        	1       	StaticDependency    
6248      	svchost.exe         	dsreg.dll                                                             	0x14d000        	c:\windows\system32\dsreg.dll                                                                                                   	0x7ffd0fbb0000        	1       	StaticDependency    
6248      	svchost.exe         	cryptsp.dll                                                           	0x18000         	C:\Windows\SYSTEM32\cryptsp.dll                                                                                                 	0x7ffd127a0000        	1       	StaticDependency    
6248      	svchost.exe         	usermgrcli.dll                                                        	0x16000         	C:\Windows\SYSTEM32\usermgrcli.dll                                                                                              	0x7ffd0e580000        	1       	DelayloadDependency 
6248      	svchost.exe         	CoreUIComponents.dll                                                  	0x35e000        	c:\windows\system32\CoreUIComponents.dll                                                                                        	0x7ffd0fd10000        	2       	DelayloadDependency 
6248      	svchost.exe         	edputil.dll                                                           	0x24000         	C:\Windows\SYSTEM32\edputil.dll                                                                                                 	0x7ffcfb770000        	1       	DelayloadDependency 
6248      	svchost.exe         	bcrypt.dll                                                            	0x27000         	C:\Windows\System32\bcrypt.dll                                                                                                  	0x7ffd13280000        	3       	DelayloadDependency 
6248      	svchost.exe         	SHLWAPI.dll                                                           	0x55000         	C:\Windows\System32\SHLWAPI.dll                                                                                                 	0x7ffd15550000        	1       	StaticDependency    
6248      	svchost.exe         	SHELL32.dll                                                           	0x744000        	C:\Windows\System32\SHELL32.dll                                                                                                 	0x7ffd14200000        	1       	DelayloadDependency 
6248      	svchost.exe         	windows.staterepositorycore.dll                                       	0x11000         	C:\Windows\SYSTEM32\windows.staterepositorycore.dll                                                                             	0x7ffd067c0000        	1       	DelayloadDependency 
6248      	svchost.exe         	LINKINFO.dll                                                          	0xd000          	C:\Windows\System32\LINKINFO.dll                                                                                                	0x7ffcf9920000        	1       	DelayloadDependency 
6248      	svchost.exe         	Windows.Shell.ServiceHostBuilder.dll                                  	0x1d000         	C:\Windows\System32\Windows.Shell.ServiceHostBuilder.dll                                                                        	0x7ffcfbea0000        	1       	DynamicLoad         
6248      	svchost.exe         	appresolver.dll                                                       	0x90000         	C:\Windows\System32\appresolver.dll                                                                                             	0x7ffcf9750000        	1       	DynamicLoad         
6248      	svchost.exe         	Bcp47Langs.dll                                                        	0x5b000         	C:\Windows\System32\Bcp47Langs.dll                                                                                              	0x7ffd0ad50000        	1       	StaticDependency    
6248      	svchost.exe         	USERENV.dll                                                           	0x2e000         	C:\Windows\System32\USERENV.dll                                                                                                 	0x7ffd12d90000        	1       	StaticDependency    
6248      	svchost.exe         	SLC.dll                                                               	0x29000         	C:\Windows\System32\SLC.dll                                                                                                     	0x7ffd11a10000        	1       	StaticDependency    
6248      	svchost.exe         	sppc.dll                                                              	0x25000         	C:\Windows\System32\sppc.dll                                                                                                    	0x7ffd119e0000        	1       	StaticDependency    
6248      	svchost.exe         	Windows.StateRepositoryPS.dll                                         	0x146000        	C:\Windows\System32\Windows.StateRepositoryPS.dll                                                                               	0x7ffd01c90000        	1       	DynamicLoad         
6248      	svchost.exe         	Windows.Web.dll                                                       	0xc3000         	C:\Windows\System32\Windows.Web.dll                                                                                             	0x7ffcf7e60000        	1       	DynamicLoad         
6568      	StartMenuExper      	ntdll.dll                                                             	0x1f8000        	C:\Windows\SYSTEM32\ntdll.dll                                                                                                   	0x7ffd157f0000        	2       	StaticDependency    
6568      	StartMenuExper      	KERNEL32.DLL                                                          	0xbf000         	C:\Windows\System32\KERNEL32.DLL                                                                                                	0x7ffd155b0000        	2       	DynamicLoad         
6568      	StartMenuExper      	KERNELBASE.dll                                                        	0x2f6000        	C:\Windows\System32\KERNELBASE.dll                                                                                              	0x7ffd133b0000        	1       	StaticDependency    
6568      	StartMenuExper      	combase.dll                                                           	0x354000        	C:\Windows\System32\combase.dll                                                                                                 	0x7ffd150f0000        	2       	StaticDependency    
6568      	StartMenuExper      	ucrtbase.dll                                                          	0x100000        	C:\Windows\System32\ucrtbase.dll                                                                                                	0x7ffd13180000        	2       	StaticDependency    
6568      	StartMenuExper      	RPCRT4.dll                                                            	0x126000        	C:\Windows\System32\RPCRT4.dll                                                                                                  	0x7ffd13c20000        	2       	StaticDependency    
6568      	StartMenuExper      	wincorlib.DLL                                                         	0x6f000         	C:\Windows\SYSTEM32\wincorlib.DLL                                                                                               	0x7ffd0adb0000        	2       	StaticDependency    
6568      	StartMenuExper      	msvcrt.dll                                                            	0x9e000         	C:\Windows\System32\msvcrt.dll                                                                                                  	0x7ffd13af0000        	2       	StaticDependency    
6568      	StartMenuExper      	OLEAUT32.dll                                                          	0xcd000         	C:\Windows\System32\OLEAUT32.dll                                                                                                	0x7ffd13e00000        	2       	StaticDependency    
6568      	StartMenuExper      	msvcp_win.dll                                                         	0x9d000         	C:\Windows\System32\msvcp_win.dll                                                                                               	0x7ffd130e0000        	2       	StaticDependency    
6568      	StartMenuExper      	kernel.appcore.dll                                                    	0x12000         	C:\Windows\SYSTEM32\kernel.appcore.dll                                                                                          	0x7ffd10db0000        	1       	DelayloadDependency 
6568      	StartMenuExper      	bcryptPrimitives.dll                                                  	0x82000         	C:\Windows\System32\bcryptPrimitives.dll                                                                                        	0x7ffd132b0000        	3       	DelayloadDependency 
6568      	StartMenuExper      	Windows.UI.Xaml.dll                                                   	0x10bf000       	C:\Windows\System32\Windows.UI.Xaml.dll                                                                                         	0x7ffd09490000        	1       	DynamicLoad         
6568      	StartMenuExper      	shcore.dll                                                            	0xad000         	C:\Windows\System32\shcore.dll                                                                                                  	0x7ffd13880000        	1       	StaticDependency    
6568      	StartMenuExper      	user32.dll                                                            	0x19d000        	C:\Windows\System32\user32.dll                                                                                                  	0x7ffd14e90000        	1       	StaticDependency    
6568      	StartMenuExper      	win32u.dll                                                            	0x22000         	C:\Windows\System32\win32u.dll                                                                                                  	0x7ffd13820000        	1       	StaticDependency    
6568      	StartMenuExper      	CoreMessaging.dll                                                     	0xf2000         	C:\Windows\SYSTEM32\CoreMessaging.dll                                                                                           	0x7ffd103f0000        	2       	StaticDependency    
6568      	StartMenuExper      	GDI32.dll                                                             	0x2c000         	C:\Windows\System32\GDI32.dll                                                                                                   	0x7ffd13bf0000        	1       	StaticDependency    
6568      	StartMenuExper      	WS2_32.dll                                                            	0x6b000         	C:\Windows\System32\WS2_32.dll                                                                                                  	0x7ffd14dc0000        	1       	StaticDependency    
6568      	StartMenuExper      	gdi32full.dll                                                         	0x115000        	C:\Windows\System32\gdi32full.dll                                                                                               	0x7ffd136b0000        	1       	StaticDependency    
6568      	StartMenuExper      	sechost.dll                                                           	0x9c000         	C:\Windows\System32\sechost.dll                                                                                                 	0x7ffd15450000        	1       	StaticDependency    
6568      	StartMenuExper      	Bcp47Langs.dll                                                        	0x5b000         	C:\Windows\SYSTEM32\Bcp47Langs.dll                                                                                              	0x7ffd0ad50000        	1       	StaticDependency    
6568      	StartMenuExper      	iertutil.dll                                                          	0x2b1000        	C:\Windows\SYSTEM32\iertutil.dll                                                                                                	0x7ffd09010000        	1       	StaticDependency    
6568      	StartMenuExper      	dcomp.dll                                                             	0x1e3000        	C:\Windows\SYSTEM32\dcomp.dll                                                                                                   	0x7ffd0f9c0000        	1       	StaticDependency    
6568      	StartMenuExper      	advapi32.dll                                                          	0xaf000         	C:\Windows\System32\advapi32.dll                                                                                                	0x7ffd15040000        	1       	StaticDependency    
6568      	StartMenuExper      	IMM32.DLL                                                             	0x30000         	C:\Windows\System32\IMM32.DLL                                                                                                   	0x7ffd15780000        	1       	DynamicLoad         
6568      	StartMenuExper      	twinapi.appcore.dll                                                   	0x200000        	C:\Windows\System32\twinapi.appcore.dll                                                                                         	0x7ffd0de50000        	1       	DynamicLoad         
6568      	StartMenuExper      	WinTypes.dll                                                          	0x154000        	C:\Windows\System32\WinTypes.dll                                                                                                	0x7ffd0ebd0000        	1       	DynamicLoad         
6568      	StartMenuExper      	windows.staterepositorycore.dll                                       	0x11000         	C:\Windows\SYSTEM32\windows.staterepositorycore.dll                                                                             	0x7ffd067c0000        	1       	DelayloadDependency 
6568      	StartMenuExper      	Windows.UI.dll                                                        	0x141000        	C:\Windows\System32\Windows.UI.dll                                                                                              	0x7ffd0aa40000        	1       	DynamicLoad         
6568      	StartMenuExper      	WindowManagementAPI.dll                                               	0xa1000         	C:\Windows\SYSTEM32\WindowManagementAPI.dll                                                                                     	0x7ffd0e050000        	1       	StaticDependency    
6568      	StartMenuExper      	TextInputFramework.dll                                                	0xfa000         	C:\Windows\SYSTEM32\TextInputFramework.dll                                                                                      	0x7ffd0a940000        	1       	StaticDependency    
6568      	StartMenuExper      	InputHost.dll                                                         	0x152000        	C:\Windows\SYSTEM32\InputHost.dll                                                                                               	0x7ffd0a7e0000        	1       	StaticDependency    
6568      	StartMenuExper      	CoreUIComponents.dll                                                  	0x35e000        	C:\Windows\SYSTEM32\CoreUIComponents.dll                                                                                        	0x7ffd0fd10000        	2       	StaticDependency    
6568      	StartMenuExper      	PROPSYS.dll                                                           	0xf6000         	C:\Windows\SYSTEM32\PROPSYS.dll                                                                                                 	0x7ffd0ea50000        	1       	StaticDependency    
6568      	StartMenuExper      	ntmarta.dll                                                           	0x33000         	C:\Windows\SYSTEM32\ntmarta.dll                                                                                                 	0x7ffd11f60000        	1       	StaticDependency    
6568      	StartMenuExper      	OneCoreUAPCommonProxyStub.dll                                         	0x7cb000        	C:\Windows\System32\OneCoreUAPCommonProxyStub.dll                                                                               	0x7ffd0c960000        	1       	DynamicLoad         
6568      	StartMenuExper      	uxtheme.dll                                                           	0x9e000         	C:\Windows\system32\uxtheme.dll                                                                                                 	0x7ffd108e0000        	1       	DynamicLoad         
6568      	StartMenuExper      	urlmon.dll                                                            	0x1ec000        	C:\Windows\SYSTEM32\urlmon.dll                                                                                                  	0x7ffd08ce0000        	1       	DelayloadDependency 
6568      	StartMenuExper      	srvcli.dll                                                            	0x28000         	C:\Windows\SYSTEM32\srvcli.dll                                                                                                  	0x7ffd08cb0000        	1       	StaticDependency    
6568      	StartMenuExper      	netutils.dll                                                          	0xc000          	C:\Windows\SYSTEM32\netutils.dll                                                                                                	0x7ffd123b0000        	1       	StaticDependency    
6568      	StartMenuExper      	dxgi.dll                                                              	0xf3000         	C:\Windows\SYSTEM32\dxgi.dll                                                                                                    	0x7ffd11790000        	1       	DynamicLoad         
6568      	StartMenuExper      	StartUI.dll                                                           	0x79e000        	C:\Windows\SystemApps\Microsoft.Windows.StartMenuExperienceHost_cw5n1h2txyewy\StartUI.dll                                       	0x7ffcf6270000        	1       	DynamicLoad         
6568      	StartMenuExper      	wkscli.dll                                                            	0x19000         	C:\Windows\SYSTEM32\wkscli.dll                                                                                                  	0x7ffd12030000        	1       	StaticDependency    
6568      	StartMenuExper      	StartTileData.dll                                                     	0x582000        	C:\Windows\SYSTEM32\StartTileData.dll                                                                                           	0x7ffcf8db0000        	1       	StaticDependency    
6568      	StartMenuExper      	shlwapi.dll                                                           	0x55000         	C:\Windows\System32\shlwapi.dll                                                                                                 	0x7ffd15550000        	1       	StaticDependency    
6568      	StartMenuExper      	USERENV.dll                                                           	0x2e000         	C:\Windows\SYSTEM32\USERENV.dll                                                                                                 	0x7ffd12d90000        	1       	StaticDependency    
6568      	StartMenuExper      	SspiCli.dll                                                           	0x32000         	C:\Windows\SYSTEM32\SspiCli.dll                                                                                                 	0x7ffd12dc0000        	1       	StaticDependency    
6568      	StartMenuExper      	windows.storage.dll                                                   	0x793000        	C:\Windows\SYSTEM32\windows.storage.dll                                                                                         	0x7ffd10fb0000        	1       	StaticDependency    
6568      	StartMenuExper      	Wldp.dll                                                              	0x2e000         	C:\Windows\SYSTEM32\Wldp.dll                                                                                                    	0x7ffd12850000        	1       	StaticDependency    
6568      	StartMenuExper      	dsreg.dll                                                             	0x14d000        	C:\Windows\SYSTEM32\dsreg.dll                                                                                                   	0x7ffd0fbb0000        	1       	StaticDependency    
6568      	StartMenuExper      	msvcp110_win.dll                                                      	0x8a000         	C:\Windows\SYSTEM32\msvcp110_win.dll                                                                                            	0x7ffd11fa0000        	1       	StaticDependency    
6568      	StartMenuExper      	cryptsp.dll                                                           	0x18000         	C:\Windows\SYSTEM32\cryptsp.dll                                                                                                 	0x7ffd127a0000        	1       	StaticDependency    
6568      	StartMenuExper      	d3d11.dll                                                             	0x263000        	C:\Windows\SYSTEM32\d3d11.dll                                                                                                   	0x7ffd0f750000        	1       	DynamicLoad         
6568      	StartMenuExper      	Windows.UI.Shell.SharedUtilities.dll                                  	0x31000         	C:\Windows\System32\ShellExperiences\Windows.UI.Shell.SharedUtilities.dll                                                       	0x7ffcf6230000        	1       	DynamicLoad         
6568      	StartMenuExper      	MrmCoreR.dll                                                          	0xf4000         	C:\Windows\System32\MrmCoreR.dll                                                                                                	0x7ffd0ac10000        	1       	DynamicLoad         
6568      	StartMenuExper      	windows.staterepositoryclient.dll                                     	0x40000         	C:\Windows\SYSTEM32\windows.staterepositoryclient.dll                                                                           	0x7ffcf97f0000        	1       	DelayloadDependency 
6568      	StartMenuExper      	profapi.dll                                                           	0x1f000         	C:\Windows\SYSTEM32\profapi.dll                                                                                                 	0x7ffd12e10000        	1       	DelayloadDependency 
6568      	StartMenuExper      	languageoverlayutil.dll                                               	0x41000         	C:\Windows\SYSTEM32\languageoverlayutil.dll                                                                                     	0x7ffd0a790000        	1       	DelayloadDependency 
6568      	StartMenuExper      	dxcore.dll                                                            	0x3b000         	C:\Windows\SYSTEM32\dxcore.dll                                                                                                  	0x7ffd0db60000        	1       	DelayloadDependency 
6568      	StartMenuExper      	cfgmgr32.dll                                                          	0x4e000         	C:\Windows\System32\cfgmgr32.dll                                                                                                	0x7ffd137d0000        	1       	StaticDependency    
6568      	StartMenuExper      	bcp47mrm.dll                                                          	0x2d000         	C:\Windows\SYSTEM32\bcp47mrm.dll                                                                                                	0x7ffd0a760000        	1       	DelayloadDependency 
6568      	StartMenuExper      	d2d1.dll                                                              	0x5c0000        	C:\Windows\SYSTEM32\d2d1.dll                                                                                                    	0x7ffd0f190000        	1       	DynamicLoad         
6568      	StartMenuExper      	msctf.dll                                                             	0x114000        	C:\Windows\System32\msctf.dll                                                                                                   	0x7ffd13fb0000        	1       	DelayloadDependency 
6568      	StartMenuExper      	dwrite.dll                                                            	0x27f000        	C:\Windows\SYSTEM32\dwrite.dll                                                                                                  	0x7ffd08800000        	1       	DynamicLoad         
6568      	StartMenuExper      	TextShaping.dll                                                       	0xac000         	C:\Windows\SYSTEM32\TextShaping.dll                                                                                             	0x7ffd06b50000        	1       	DelayloadDependency 
6568      	StartMenuExper      	RMCLIENT.dll                                                          	0x2a000         	C:\Windows\SYSTEM32\RMCLIENT.dll                                                                                                	0x7ffd10ac0000        	1       	DelayloadDependency 
6568      	StartMenuExper      	UiaManager.dll                                                        	0xa1000         	C:\Windows\System32\UiaManager.dll                                                                                              	0x7ffcfa5d0000        	1       	DynamicLoad         
6568      	StartMenuExper      	windows.ui.core.textinput.dll                                         	0x104000        	C:\Windows\SYSTEM32\windows.ui.core.textinput.dll                                                                               	0x7ffcf6e50000        	1       	DynamicLoad         
6568      	StartMenuExper      	Windows.UI.Immersive.dll                                              	0x139000        	C:\Windows\System32\Windows.UI.Immersive.dll                                                                                    	0x7ffd08ed0000        	1       	DynamicLoad         
6568      	StartMenuExper      	DataExchange.dll                                                      	0x3e000         	C:\Windows\system32\DataExchange.dll                                                                                            	0x7ffcf8c20000        	1       	DynamicLoad         
6568      	StartMenuExper      	CRYPTBASE.dll                                                         	0xc000          	C:\Windows\SYSTEM32\CRYPTBASE.dll                                                                                               	0x7ffd127c0000        	1       	DelayloadDependency 
6568      	StartMenuExper      	Windows.Storage.ApplicationData.dll                                   	0x66000         	C:\Windows\System32\Windows.Storage.ApplicationData.dll                                                                         	0x7ffcf6180000        	1       	DynamicLoad         
6568      	StartMenuExper      	logoncli.dll                                                          	0x43000         	C:\Windows\SYSTEM32\logoncli.dll                                                                                                	0x7ffd123c0000        	1       	DynamicLoad         
6568      	StartMenuExper      	usermgrcli.dll                                                        	0x16000         	C:\Windows\SYSTEM32\usermgrcli.dll                                                                                              	0x7ffd0e580000        	1       	DelayloadDependency 
6568      	StartMenuExper      	usermgrproxy.dll                                                      	0x54000         	C:\Windows\System32\usermgrproxy.dll                                                                                            	0x7ffd0c520000        	1       	DynamicLoad         
6568      	StartMenuExper      	Windows.CloudStore.dll                                                	0x216000        	C:\Windows\System32\Windows.CloudStore.dll                                                                                      	0x7ffcfccc0000        	1       	DynamicLoad         
6568      	StartMenuExper      	bcrypt.dll                                                            	0x27000         	C:\Windows\System32\bcrypt.dll                                                                                                  	0x7ffd13280000        	2       	StaticDependency    
6568      	StartMenuExper      	biwinrt.dll                                                           	0x53000         	C:\Windows\System32\biwinrt.dll                                                                                                 	0x7ffcf6120000        	1       	DynamicLoad         
6568      	StartMenuExper      	ShellCommonCommonProxyStub.dll                                        	0xd2000         	C:\Windows\System32\ShellCommonCommonProxyStub.dll                                                                              	0x7ffcf6a80000        	1       	DynamicLoad         
6568      	StartMenuExper      	policymanager.dll                                                     	0xa3000         	C:\Windows\SYSTEM32\policymanager.dll                                                                                           	0x7ffd0c380000        	1       	DelayloadDependency 
6568      	StartMenuExper      	appresolver.dll                                                       	0x90000         	C:\Windows\System32\appresolver.dll                                                                                             	0x7ffcf9750000        	1       	DynamicLoad         
6568      	StartMenuExper      	ole32.dll                                                             	0x12a000        	C:\Windows\System32\ole32.dll                                                                                                   	0x7ffd140d0000        	1       	StaticDependency    
6568      	StartMenuExper      	SLC.dll                                                               	0x29000         	C:\Windows\SYSTEM32\SLC.dll                                                                                                     	0x7ffd11a10000        	1       	StaticDependency    
6568      	StartMenuExper      	sppc.dll                                                              	0x25000         	C:\Windows\SYSTEM32\sppc.dll                                                                                                    	0x7ffd119e0000        	1       	StaticDependency    
6568      	StartMenuExper      	Windows.Globalization.dll                                             	0x1a6000        	C:\Windows\System32\Windows.Globalization.dll                                                                                   	0x7ffd08650000        	1       	DynamicLoad         
6568      	StartMenuExper      	Windows.Graphics.dll                                                  	0x8d000         	C:\Windows\System32\Windows.Graphics.dll                                                                                        	0x7ffd0c250000        	1       	DynamicLoad         
6568      	StartMenuExper      	TileDataRepository.dll                                                	0x9a000         	C:\Windows\System32\TileDataRepository.dll                                                                                      	0x7ffcf9850000        	1       	DynamicLoad         
6568      	StartMenuExper      	StateRepository.Core.dll                                              	0xb1000         	C:\Windows\SYSTEM32\StateRepository.Core.dll                                                                                    	0x7ffd07410000        	1       	StaticDependency    
6568      	StartMenuExper      	Windows.StateRepository.dll                                           	0x58f000        	C:\Windows\SYSTEM32\Windows.StateRepository.dll                                                                                 	0x7ffd074e0000        	1       	StaticDependency    
6568      	StartMenuExper      	Windows.Globalization.Fontgroups.dll                                  	0x14000         	C:\Windows\System32\Windows.Globalization.Fontgroups.dll                                                                        	0x7ffcf6100000        	1       	DynamicLoad         
6568      	StartMenuExper      	fontgroupsoverride.dll                                                	0xa000          	C:\Windows\SYSTEM32\fontgroupsoverride.dll                                                                                      	0x7ffcf7d80000        	1       	DelayloadDependency 
6568      	StartMenuExper      	windows.internal.shell.broker.dll                                     	0xd9000         	C:\Windows\System32\windows.internal.shell.broker.dll                                                                           	0x7ffcf6020000        	1       	DynamicLoad         
6568      	StartMenuExper      	WININET.dll                                                           	0x4d9000        	C:\Windows\SYSTEM32\WININET.dll                                                                                                 	0x7ffd04830000        	1       	StaticDependency    
6568      	StartMenuExper      	twinapi.dll                                                           	0xa9000         	C:\Windows\system32\twinapi.dll                                                                                                 	0x7ffcfbee0000        	1       	DynamicLoad         
6568      	StartMenuExper      	ActXPrxy.dll                                                          	0xa1000         	C:\Windows\System32\ActXPrxy.dll                                                                                                	0x7ffd0c6a0000        	1       	DynamicLoad         
6568      	StartMenuExper      	Windows.StateRepositoryPS.dll                                         	0x146000        	C:\Windows\System32\Windows.StateRepositoryPS.dll                                                                               	0x7ffd01c90000        	1       	DynamicLoad         
6568      	StartMenuExper      	Windows.UI.Xaml.Controls.dll                                          	0x3dc000        	C:\Windows\SYSTEM32\Windows.UI.Xaml.Controls.dll                                                                                	0x7ffd07ed0000        	1       	DynamicLoad         
6568      	StartMenuExper      	wpnclient.dll                                                         	0x5e000         	C:\Windows\System32\wpnclient.dll                                                                                               	0x7ffcf5fc0000        	1       	DynamicLoad         
6568      	StartMenuExper      	directmanipulation.dll                                                	0x9e000         	C:\Windows\system32\directmanipulation.dll                                                                                      	0x7ffd07d90000        	1       	DynamicLoad         
6568      	StartMenuExper      	profext.dll                                                           	0x29000         	C:\Windows\SYSTEM32\profext.dll                                                                                                 	0x7ffd11ba0000        	1       	DelayloadDependency 
6568      	StartMenuExper      	windowscodecs.dll                                                     	0x1b4000        	C:\Windows\system32\windowscodecs.dll                                                                                           	0x7ffd0dba0000        	1       	DynamicLoad         
6568      	StartMenuExper      	Windows.ApplicationModel.dll                                          	0xe6000         	C:\Windows\System32\Windows.ApplicationModel.dll                                                                                	0x7ffd06820000        	1       	DynamicLoad         
6568      	StartMenuExper      	wuceffects.dll                                                        	0x43000         	C:\Windows\SYSTEM32\wuceffects.dll                                                                                              	0x7ffd06540000        	1       	DelayloadDependency 
6568      	StartMenuExper      	Windows.Services.TargetedContent.dll                                  	0x124000        	C:\Windows\System32\Windows.Services.TargetedContent.dll                                                                        	0x7ffcf5e90000        	1       	DynamicLoad         
6568      	StartMenuExper      	threadpoolwinrt.dll                                                   	0x14000         	C:\Windows\System32\threadpoolwinrt.dll                                                                                         	0x7ffd060a0000        	1       	DynamicLoad         
6568      	StartMenuExper      	winsta.dll                                                            	0x64000         	C:\Windows\SYSTEM32\winsta.dll                                                                                                  	0x7ffd12880000        	1       	DelayloadDependency 
6568      	StartMenuExper      	RTMediaFrame.dll                                                      	0x83000         	C:\Windows\System32\RTMediaFrame.dll                                                                                            	0x7ffcf4b70000        	1       	DynamicLoad         
6568      	StartMenuExper      	PhotoMetadataHandler.dll                                              	0x81000         	C:\Windows\SYSTEM32\PhotoMetadataHandler.dll                                                                                    	0x7ffd05f00000        	1       	DynamicLoad         
6568      	StartMenuExper      	vm3dum64_loader.dll                                                   	0x4f000         	C:\Windows\SYSTEM32\vm3dum64_loader.dll                                                                                         	0x7ffd0ba90000        	1       	DynamicLoad         
6568      	StartMenuExper      	vm3dum64_10.dll                                                       	0x9a000         	C:\Windows\SYSTEM32\vm3dum64_10.dll                                                                                             	0x7ffd0b9f0000        	1       	DynamicLoad         
6568      	StartMenuExper      	WINMM.dll                                                             	0x27000         	C:\Windows\SYSTEM32\WINMM.dll                                                                                                   	0x7ffd0b9c0000        	1       	StaticDependency    
6568      	StartMenuExper      	VERSION.dll                                                           	0xa000          	C:\Windows\SYSTEM32\VERSION.dll                                                                                                 	0x7ffd0b9b0000        	1       	StaticDependency    
6648      	RuntimeBroker.      	ntdll.dll                                                             	0x1f8000        	C:\Windows\SYSTEM32\ntdll.dll                                                                                                   	0x7ffd157f0000        	2       	StaticDependency    
6648      	RuntimeBroker.      	KERNEL32.DLL                                                          	0xbf000         	C:\Windows\System32\KERNEL32.DLL                                                                                                	0x7ffd155b0000        	2       	DynamicLoad         
6648      	RuntimeBroker.      	KERNELBASE.dll                                                        	0x2f6000        	C:\Windows\System32\KERNELBASE.dll                                                                                              	0x7ffd133b0000        	1       	StaticDependency    
6648      	RuntimeBroker.      	ucrtbase.dll                                                          	0x100000        	C:\Windows\System32\ucrtbase.dll                                                                                                	0x7ffd13180000        	2       	StaticDependency    
6648      	RuntimeBroker.      	combase.dll                                                           	0x354000        	C:\Windows\System32\combase.dll                                                                                                 	0x7ffd150f0000        	2       	StaticDependency    
6648      	RuntimeBroker.      	RPCRT4.dll                                                            	0x126000        	C:\Windows\System32\RPCRT4.dll                                                                                                  	0x7ffd13c20000        	2       	StaticDependency    
6648      	RuntimeBroker.      	sechost.dll                                                           	0x9c000         	C:\Windows\System32\sechost.dll                                                                                                 	0x7ffd15450000        	2       	StaticDependency    
6648      	RuntimeBroker.      	powrprof.dll                                                          	0x4b000         	C:\Windows\SYSTEM32\powrprof.dll                                                                                                	0x7ffd12c90000        	2       	StaticDependency    
6648      	RuntimeBroker.      	kernel.appcore.dll                                                    	0x12000         	C:\Windows\SYSTEM32\kernel.appcore.dll                                                                                          	0x7ffd10db0000        	2       	StaticDependency    
6648      	RuntimeBroker.      	RMCLIENT.dll                                                          	0x2a000         	C:\Windows\System32\RMCLIENT.dll                                                                                                	0x7ffd10ac0000        	2       	StaticDependency    
6648      	RuntimeBroker.      	msvcrt.dll                                                            	0x9e000         	C:\Windows\System32\msvcrt.dll                                                                                                  	0x7ffd13af0000        	2       	StaticDependency    
6648      	RuntimeBroker.      	UMPDC.dll                                                             	0x12000         	C:\Windows\System32\UMPDC.dll                                                                                                   	0x7ffd12a70000        	1       	DelayloadDependency 
6648      	RuntimeBroker.      	bcryptPrimitives.dll                                                  	0x82000         	C:\Windows\System32\bcryptPrimitives.dll                                                                                        	0x7ffd132b0000        	3       	DelayloadDependency 
6648      	RuntimeBroker.      	user32.dll                                                            	0x19d000        	C:\Windows\System32\user32.dll                                                                                                  	0x7ffd14e90000        	1       	DelayloadDependency 
6648      	RuntimeBroker.      	win32u.dll                                                            	0x22000         	C:\Windows\System32\win32u.dll                                                                                                  	0x7ffd13820000        	1       	StaticDependency    
6648      	RuntimeBroker.      	GDI32.dll                                                             	0x2c000         	C:\Windows\System32\GDI32.dll                                                                                                   	0x7ffd13bf0000        	1       	StaticDependency    
6648      	RuntimeBroker.      	gdi32full.dll                                                         	0x115000        	C:\Windows\System32\gdi32full.dll                                                                                               	0x7ffd136b0000        	1       	StaticDependency    
6648      	RuntimeBroker.      	msvcp_win.dll                                                         	0x9d000         	C:\Windows\System32\msvcp_win.dll                                                                                               	0x7ffd130e0000        	1       	StaticDependency    
6648      	RuntimeBroker.      	IMM32.DLL                                                             	0x30000         	C:\Windows\System32\IMM32.DLL                                                                                                   	0x7ffd15780000        	1       	DynamicLoad         
6648      	RuntimeBroker.      	clbcatq.dll                                                           	0xa9000         	C:\Windows\System32\clbcatq.dll                                                                                                 	0x7ffd13d50000        	1       	DelayloadDependency 
6648      	RuntimeBroker.      	AppExtension.dll                                                      	0x37000         	C:\Windows\System32\AppExtension.dll                                                                                            	0x7ffcf9710000        	1       	DynamicLoad         
6648      	RuntimeBroker.      	shcore.dll                                                            	0xad000         	C:\Windows\System32\shcore.dll                                                                                                  	0x7ffd13880000        	1       	StaticDependency    
6648      	RuntimeBroker.      	PROPSYS.dll                                                           	0xf6000         	C:\Windows\System32\PROPSYS.dll                                                                                                 	0x7ffd0ea50000        	1       	StaticDependency    
6648      	RuntimeBroker.      	twinapi.appcore.dll                                                   	0x200000        	C:\Windows\System32\twinapi.appcore.dll                                                                                         	0x7ffd0de50000        	1       	StaticDependency    
6648      	RuntimeBroker.      	AppXDeploymentClient.dll                                              	0x104000        	C:\Windows\System32\AppXDeploymentClient.dll                                                                                    	0x7ffd0c590000        	1       	StaticDependency    
6648      	RuntimeBroker.      	OneCoreUAPCommonProxyStub.dll                                         	0x7cb000        	C:\Windows\System32\OneCoreUAPCommonProxyStub.dll                                                                               	0x7ffd0c960000        	1       	DynamicLoad         
6648      	RuntimeBroker.      	StartTileData.dll                                                     	0x582000        	C:\Windows\System32\StartTileData.dll                                                                                           	0x7ffcf8db0000        	1       	DynamicLoad         
6648      	RuntimeBroker.      	OLEAUT32.dll                                                          	0xcd000         	C:\Windows\System32\OLEAUT32.dll                                                                                                	0x7ffd13e00000        	1       	StaticDependency    
6648      	RuntimeBroker.      	shlwapi.dll                                                           	0x55000         	C:\Windows\System32\shlwapi.dll                                                                                                 	0x7ffd15550000        	1       	StaticDependency    
6648      	RuntimeBroker.      	USERENV.dll                                                           	0x2e000         	C:\Windows\System32\USERENV.dll                                                                                                 	0x7ffd12d90000        	1       	StaticDependency    
6648      	RuntimeBroker.      	SspiCli.dll                                                           	0x32000         	C:\Windows\System32\SspiCli.dll                                                                                                 	0x7ffd12dc0000        	1       	StaticDependency    
6648      	RuntimeBroker.      	windows.storage.dll                                                   	0x793000        	C:\Windows\SYSTEM32\windows.storage.dll                                                                                         	0x7ffd10fb0000        	1       	StaticDependency    
6648      	RuntimeBroker.      	CoreMessaging.dll                                                     	0xf2000         	C:\Windows\System32\CoreMessaging.dll                                                                                           	0x7ffd103f0000        	1       	StaticDependency    
6648      	RuntimeBroker.      	Bcp47Langs.dll                                                        	0x5b000         	C:\Windows\System32\Bcp47Langs.dll                                                                                              	0x7ffd0ad50000        	1       	StaticDependency    
6648      	RuntimeBroker.      	WS2_32.dll                                                            	0x6b000         	C:\Windows\System32\WS2_32.dll                                                                                                  	0x7ffd14dc0000        	1       	StaticDependency    
6648      	RuntimeBroker.      	Wldp.dll                                                              	0x2e000         	C:\Windows\System32\Wldp.dll                                                                                                    	0x7ffd12850000        	1       	StaticDependency    
6648      	RuntimeBroker.      	advapi32.dll                                                          	0xaf000         	C:\Windows\System32\advapi32.dll                                                                                                	0x7ffd15040000        	1       	StaticDependency    
6648      	RuntimeBroker.      	uxtheme.dll                                                           	0x9e000         	C:\Windows\system32\uxtheme.dll                                                                                                 	0x7ffd108e0000        	1       	DynamicLoad         
6648      	RuntimeBroker.      	profapi.dll                                                           	0x1f000         	C:\Windows\System32\profapi.dll                                                                                                 	0x7ffd12e10000        	1       	DelayloadDependency 
6648      	RuntimeBroker.      	windows.staterepositorycore.dll                                       	0x11000         	C:\Windows\SYSTEM32\windows.staterepositorycore.dll                                                                             	0x7ffd067c0000        	1       	DelayloadDependency 
6648      	RuntimeBroker.      	Windows.Services.TargetedContent.dll                                  	0x124000        	C:\Windows\System32\Windows.Services.TargetedContent.dll                                                                        	0x7ffcf5e90000        	1       	DynamicLoad         
6648      	RuntimeBroker.      	Windows.ApplicationModel.dll                                          	0xe6000         	C:\Windows\System32\Windows.ApplicationModel.dll                                                                                	0x7ffd06820000        	1       	DynamicLoad         
6648      	RuntimeBroker.      	policymanager.dll                                                     	0xa3000         	C:\Windows\SYSTEM32\policymanager.dll                                                                                           	0x7ffd0c380000        	1       	DelayloadDependency 
6648      	RuntimeBroker.      	msvcp110_win.dll                                                      	0x8a000         	C:\Windows\System32\msvcp110_win.dll                                                                                            	0x7ffd11fa0000        	1       	StaticDependency    
6648      	RuntimeBroker.      	ole32.dll                                                             	0x12a000        	C:\Windows\System32\ole32.dll                                                                                                   	0x7ffd140d0000        	1       	DelayloadDependency 
6648      	RuntimeBroker.      	usermgrcli.dll                                                        	0x16000         	C:\Windows\SYSTEM32\usermgrcli.dll                                                                                              	0x7ffd0e580000        	1       	DelayloadDependency 
6648      	RuntimeBroker.      	edputil.dll                                                           	0x24000         	C:\Windows\SYSTEM32\edputil.dll                                                                                                 	0x7ffcfb770000        	1       	DelayloadDependency 
6648      	RuntimeBroker.      	CFGMGR32.dll                                                          	0x4e000         	C:\Windows\System32\CFGMGR32.dll                                                                                                	0x7ffd137d0000        	1       	DelayloadDependency 
6648      	RuntimeBroker.      	StructuredQuery.dll                                                   	0xa6000         	C:\Windows\System32\StructuredQuery.dll                                                                                         	0x7ffd06170000        	1       	DynamicLoad         
6648      	RuntimeBroker.      	Windows.Storage.Search.dll                                            	0xc9000         	C:\Windows\system32\Windows.Storage.Search.dll                                                                                  	0x7ffcf1cb0000        	1       	DynamicLoad         
6648      	RuntimeBroker.      	apphelp.dll                                                           	0x91000         	C:\Windows\SYSTEM32\apphelp.dll                                                                                                 	0x7ffd10730000        	1       	DelayloadDependency 
6648      	RuntimeBroker.      	shell32.dll                                                           	0x744000        	C:\Windows\System32\shell32.dll                                                                                                 	0x7ffd14200000        	1       	DelayloadDependency 
6648      	RuntimeBroker.      	comctl32.dll                                                          	0x29a000        	C:\Windows\WinSxS\amd64_microsoft.windows.common-controls_6595b64144ccf1df_6.0.19041.1110_none_60b5254171f9507e\comctl32.dll    	0x7ffcfbf90000        	1       	DynamicLoad         
6648      	RuntimeBroker.      	WindowsCodecs.dll                                                     	0x1b4000        	C:\Windows\SYSTEM32\WindowsCodecs.dll                                                                                           	0x7ffd0dba0000        	1       	DelayloadDependency 
6648      	RuntimeBroker.      	bcrypt.dll                                                            	0x27000         	C:\Windows\System32\bcrypt.dll                                                                                                  	0x7ffd13280000        	2       	StaticDependency    
6648      	RuntimeBroker.      	ntshrui.dll                                                           	0x7d000         	C:\Windows\SYSTEM32\ntshrui.dll                                                                                                 	0x7ffcf8840000        	1       	DelayloadDependency 
6648      	RuntimeBroker.      	srvcli.dll                                                            	0x28000         	C:\Windows\SYSTEM32\srvcli.dll                                                                                                  	0x7ffd08cb0000        	1       	DelayloadDependency 
6648      	RuntimeBroker.      	cscapi.dll                                                            	0x12000         	C:\Windows\System32\cscapi.dll                                                                                                  	0x7ffd00a40000        	1       	DynamicLoad         
6648      	RuntimeBroker.      	ShutdownUX.dll                                                        	0x52000         	C:\Windows\system32\ShutdownUX.dll                                                                                              	0x7ffccd1c0000        	1       	DynamicLoad         
6648      	RuntimeBroker.      	WINBRAND.dll                                                          	0x35000         	C:\Windows\system32\WINBRAND.dll                                                                                                	0x7ffcf14d0000        	1       	StaticDependency    
6648      	RuntimeBroker.      	winsta.dll                                                            	0x64000         	C:\Windows\SYSTEM32\winsta.dll                                                                                                  	0x7ffd12880000        	1       	DelayloadDependency 
6648      	RuntimeBroker.      	LINKINFO.dll                                                          	0xd000          	C:\Windows\System32\LINKINFO.dll                                                                                                	0x7ffcf9920000        	1       	DelayloadDependency 
6648      	RuntimeBroker.      	dxcore.dll                                                            	0x3b000         	C:\Windows\SYSTEM32\dxcore.dll                                                                                                  	0x7ffd0db60000        	1       	DelayloadDependency 
6928      	SearchIndexer.      	ntdll.dll                                                             	0x1f8000        	C:\Windows\SYSTEM32\ntdll.dll                                                                                                   	0x7ffd157f0000        	2       	StaticDependency    
6928      	SearchIndexer.      	KERNEL32.DLL                                                          	0xbf000         	C:\Windows\System32\KERNEL32.DLL                                                                                                	0x7ffd155b0000        	2       	DynamicLoad         
6928      	SearchIndexer.      	KERNELBASE.dll                                                        	0x2f6000        	C:\Windows\System32\KERNELBASE.dll                                                                                              	0x7ffd133b0000        	1       	StaticDependency    
6928      	SearchIndexer.      	msvcrt.dll                                                            	0x9e000         	C:\Windows\System32\msvcrt.dll                                                                                                  	0x7ffd13af0000        	2       	StaticDependency    
6928      	SearchIndexer.      	combase.dll                                                           	0x354000        	C:\Windows\System32\combase.dll                                                                                                 	0x7ffd150f0000        	2       	StaticDependency    
6928      	SearchIndexer.      	ucrtbase.dll                                                          	0x100000        	C:\Windows\System32\ucrtbase.dll                                                                                                	0x7ffd13180000        	2       	StaticDependency    
6928      	SearchIndexer.      	RPCRT4.dll                                                            	0x126000        	C:\Windows\System32\RPCRT4.dll                                                                                                  	0x7ffd13c20000        	2       	StaticDependency    
6928      	SearchIndexer.      	OLEAUT32.dll                                                          	0xcd000         	C:\Windows\System32\OLEAUT32.dll                                                                                                	0x7ffd13e00000        	2       	StaticDependency    
6928      	SearchIndexer.      	msvcp_win.dll                                                         	0x9d000         	C:\Windows\System32\msvcp_win.dll                                                                                               	0x7ffd130e0000        	2       	StaticDependency    
6928      	SearchIndexer.      	shcore.dll                                                            	0xad000         	C:\Windows\System32\shcore.dll                                                                                                  	0x7ffd13880000        	2       	StaticDependency    
6928      	SearchIndexer.      	sechost.dll                                                           	0x9c000         	C:\Windows\System32\sechost.dll                                                                                                 	0x7ffd15450000        	2       	StaticDependency    
6928      	SearchIndexer.      	TQUERY.DLL                                                            	0x32e000        	C:\Windows\system32\TQUERY.DLL                                                                                                  	0x7ffcf9bf0000        	2       	StaticDependency    
6928      	SearchIndexer.      	MSSRCH.DLL                                                            	0x2df000        	C:\Windows\system32\MSSRCH.DLL                                                                                                  	0x7ffcf9f20000        	2       	StaticDependency    
6928      	SearchIndexer.      	advapi32.dll                                                          	0xaf000         	C:\Windows\System32\advapi32.dll                                                                                                	0x7ffd15040000        	2       	StaticDependency    
6928      	SearchIndexer.      	kernel.appcore.dll                                                    	0x12000         	C:\Windows\SYSTEM32\kernel.appcore.dll                                                                                          	0x7ffd10db0000        	2       	StaticDependency    
6928      	SearchIndexer.      	cryptdll.dll                                                          	0x15000         	C:\Windows\system32\cryptdll.dll                                                                                                	0x7ffd12620000        	2       	StaticDependency    
6928      	SearchIndexer.      	windows.storage.dll                                                   	0x793000        	C:\Windows\SYSTEM32\windows.storage.dll                                                                                         	0x7ffd10fb0000        	2       	StaticDependency    
6928      	SearchIndexer.      	ESENT.dll                                                             	0x335000        	C:\Windows\system32\ESENT.dll                                                                                                   	0x7ffd01950000        	2       	StaticDependency    
6928      	SearchIndexer.      	Wldp.dll                                                              	0x2e000         	C:\Windows\system32\Wldp.dll                                                                                                    	0x7ffd12850000        	2       	StaticDependency    
6928      	SearchIndexer.      	bcryptPrimitives.dll                                                  	0x82000         	C:\Windows\System32\bcryptPrimitives.dll                                                                                        	0x7ffd132b0000        	3       	DelayloadDependency 
6928      	SearchIndexer.      	shlwapi.dll                                                           	0x55000         	C:\Windows\System32\shlwapi.dll                                                                                                 	0x7ffd15550000        	1       	DelayloadDependency 
6928      	SearchIndexer.      	profapi.dll                                                           	0x1f000         	C:\Windows\system32\profapi.dll                                                                                                 	0x7ffd12e10000        	1       	DelayloadDependency 
6928      	SearchIndexer.      	user32.dll                                                            	0x19d000        	C:\Windows\System32\user32.dll                                                                                                  	0x7ffd14e90000        	2       	DelayloadDependency 
6928      	SearchIndexer.      	win32u.dll                                                            	0x22000         	C:\Windows\System32\win32u.dll                                                                                                  	0x7ffd13820000        	1       	StaticDependency    
6928      	SearchIndexer.      	GDI32.dll                                                             	0x2c000         	C:\Windows\System32\GDI32.dll                                                                                                   	0x7ffd13bf0000        	1       	StaticDependency    
6928      	SearchIndexer.      	gdi32full.dll                                                         	0x115000        	C:\Windows\System32\gdi32full.dll                                                                                               	0x7ffd136b0000        	1       	StaticDependency    
6928      	SearchIndexer.      	sspicli.dll                                                           	0x32000         	C:\Windows\system32\sspicli.dll                                                                                                 	0x7ffd12dc0000        	1       	DynamicLoad         
6928      	SearchIndexer.      	policymanager.dll                                                     	0xa3000         	C:\Windows\SYSTEM32\policymanager.dll                                                                                           	0x7ffd0c380000        	1       	DelayloadDependency 
6928      	SearchIndexer.      	msvcp110_win.dll                                                      	0x8a000         	C:\Windows\system32\msvcp110_win.dll                                                                                            	0x7ffd11fa0000        	1       	StaticDependency    
6928      	SearchIndexer.      	wtsapi32.dll                                                          	0x14000         	C:\Windows\SYSTEM32\wtsapi32.dll                                                                                                	0x7ffd0ebb0000        	1       	DelayloadDependency 
6928      	SearchIndexer.      	WINSTA.dll                                                            	0x64000         	C:\Windows\system32\WINSTA.dll                                                                                                  	0x7ffd12880000        	1       	DelayloadDependency 
6928      	SearchIndexer.      	clbcatq.dll                                                           	0xa9000         	C:\Windows\System32\clbcatq.dll                                                                                                 	0x7ffd13d50000        	1       	DelayloadDependency 
6928      	SearchIndexer.      	powrprof.dll                                                          	0x4b000         	C:\Windows\SYSTEM32\powrprof.dll                                                                                                	0x7ffd12c90000        	1       	DelayloadDependency 
6928      	SearchIndexer.      	UMPDC.dll                                                             	0x12000         	C:\Windows\system32\UMPDC.dll                                                                                                   	0x7ffd12a70000        	1       	DelayloadDependency 
6928      	SearchIndexer.      	rmclient.dll                                                          	0x2a000         	C:\Windows\SYSTEM32\rmclient.dll                                                                                                	0x7ffd10ac0000        	1       	DelayloadDependency 
6928      	SearchIndexer.      	mssprxy.dll                                                           	0x28000         	C:\Windows\system32\mssprxy.dll                                                                                                 	0x7ffcf4b40000        	1       	DynamicLoad         
6928      	SearchIndexer.      	CRYPTBASE.DLL                                                         	0xc000          	C:\Windows\system32\CRYPTBASE.DLL                                                                                               	0x7ffd127c0000        	1       	DynamicLoad         
6928      	SearchIndexer.      	IpsPlugin.dll                                                         	0x26000         	C:\Program Files\Common Files\Microsoft Shared\Ink\IpsPlugin.dll                                                                	0x7ffcf2000000        	1       	DynamicLoad         
6928      	SearchIndexer.      	propsys.dll                                                           	0xf6000         	C:\Windows\system32\propsys.dll                                                                                                 	0x7ffd0ea50000        	1       	DynamicLoad         
6928      	SearchIndexer.      	USERENV.dll                                                           	0x2e000         	C:\Windows\system32\USERENV.dll                                                                                                 	0x7ffd12d90000        	1       	DelayloadDependency 
6928      	SearchIndexer.      	SHELL32.dll                                                           	0x744000        	C:\Windows\System32\SHELL32.dll                                                                                                 	0x7ffd14200000        	1       	DelayloadDependency 
6928      	SearchIndexer.      	ntmarta.dll                                                           	0x33000         	C:\Windows\SYSTEM32\ntmarta.dll                                                                                                 	0x7ffd11f60000        	1       	DelayloadDependency 
6928      	SearchIndexer.      	vssapi.dll                                                            	0x19e000        	C:\Windows\SYSTEM32\vssapi.dll                                                                                                  	0x7ffd04330000        	1       	DelayloadDependency 
6928      	SearchIndexer.      	WS2_32.dll                                                            	0x6b000         	C:\Windows\System32\WS2_32.dll                                                                                                  	0x7ffd14dc0000        	1       	StaticDependency    
6928      	SearchIndexer.      	VssTrace.DLL                                                          	0x18000         	C:\Windows\system32\VssTrace.DLL                                                                                                	0x7ffd04310000        	1       	StaticDependency    
6928      	SearchIndexer.      	samcli.dll                                                            	0x19000         	C:\Windows\system32\samcli.dll                                                                                                  	0x7ffd092d0000        	1       	DelayloadDependency 
6928      	SearchIndexer.      	netutils.dll                                                          	0xc000          	C:\Windows\system32\netutils.dll                                                                                                	0x7ffd123b0000        	1       	DelayloadDependency 
6928      	SearchIndexer.      	SAMLIB.dll                                                            	0x27000         	C:\Windows\system32\SAMLIB.dll                                                                                                  	0x7ffd0eb50000        	1       	DelayloadDependency 
6928      	SearchIndexer.      	ES.DLL                                                                	0x6c000         	C:\Windows\System32\ES.DLL                                                                                                      	0x7ffd0b7c0000        	1       	DynamicLoad         
6928      	SearchIndexer.      	Windows.StateRepositoryPS.dll                                         	0x146000        	C:\Windows\System32\Windows.StateRepositoryPS.dll                                                                               	0x7ffd01c90000        	1       	DynamicLoad         
6928      	SearchIndexer.      	cfgmgr32.dll                                                          	0x4e000         	C:\Windows\System32\cfgmgr32.dll                                                                                                	0x7ffd137d0000        	1       	DynamicLoad         
6928      	SearchIndexer.      	DEVOBJ.dll                                                            	0x2c000         	C:\Windows\system32\DEVOBJ.dll                                                                                                  	0x7ffd12c30000        	1       	DelayloadDependency 
6928      	SearchIndexer.      	efswrt.dll                                                            	0xdd000         	C:\Windows\system32\efswrt.dll                                                                                                  	0x7ffcf1900000        	1       	DelayloadDependency 
6928      	SearchIndexer.      	MPR.dll                                                               	0x1d000         	C:\Windows\system32\MPR.dll                                                                                                     	0x7ffd02ca0000        	1       	StaticDependency    
6928      	SearchIndexer.      	wintypes.dll                                                          	0x154000        	C:\Windows\SYSTEM32\wintypes.dll                                                                                                	0x7ffd0ebd0000        	1       	StaticDependency    
6928      	SearchIndexer.      	feclient.dll                                                          	0x43000         	C:\Windows\SYSTEM32\feclient.dll                                                                                                	0x7ffcf18b0000        	1       	DynamicLoad         
6928      	SearchIndexer.      	bcrypt.dll                                                            	0x27000         	C:\Windows\System32\bcrypt.dll                                                                                                  	0x7ffd13280000        	2       	StaticDependency    
6928      	SearchIndexer.      	iertutil.dll                                                          	0x2b1000        	C:\Windows\SYSTEM32\iertutil.dll                                                                                                	0x7ffd09010000        	1       	StaticDependency    
6928      	SearchIndexer.      	MSWB7.dll                                                             	0x46000         	C:\Windows\System32\MSWB7.dll                                                                                                   	0x7ffd05eb0000        	1       	DynamicLoad         
6928      	SearchIndexer.      	sxs.dll                                                               	0xa2000         	C:\Windows\SYSTEM32\sxs.dll                                                                                                     	0x7ffd12ce0000        	1       	DelayloadDependency 
6928      	SearchIndexer.      	elscore.dll                                                           	0x19000         	C:\Windows\SYSTEM32\elscore.dll                                                                                                 	0x7ffcfc830000        	1       	DelayloadDependency 
6928      	SearchIndexer.      	ElsLad.dll                                                            	0xb0000         	C:\Windows\system32\ElsLad.dll                                                                                                  	0x7ffcea5d0000        	1       	DynamicLoad         
6928      	SearchIndexer.      	Bcp47Langs.dll                                                        	0x5b000         	C:\Windows\system32\Bcp47Langs.dll                                                                                              	0x7ffd0ad50000        	1       	StaticDependency    
6928      	SearchIndexer.      	ole32.dll                                                             	0x12a000        	C:\Windows\System32\ole32.dll                                                                                                   	0x7ffd140d0000        	1       	DelayloadDependency 
6928      	SearchIndexer.      	Windows.Globalization.dll                                             	0x1a6000        	C:\Windows\System32\Windows.Globalization.dll                                                                                   	0x7ffd08650000        	1       	DynamicLoad         
6928      	SearchIndexer.      	bcp47mrm.dll                                                          	0x2d000         	C:\Windows\system32\bcp47mrm.dll                                                                                                	0x7ffd0a760000        	1       	StaticDependency    
6928      	SearchIndexer.      	query.dll                                                             	0x1f000         	C:\Windows\system32\query.dll                                                                                                   	0x7ffd02d90000        	1       	DynamicLoad         
6928      	SearchIndexer.      	icu.dll                                                               	0x22e000        	C:\Windows\system32\icu.dll                                                                                                     	0x7ffcf24d0000        	1       	DelayloadDependency 
6928      	SearchIndexer.      	StructuredQuery.dll                                                   	0xa6000         	C:\Windows\System32\StructuredQuery.dll                                                                                         	0x7ffd06170000        	1       	DynamicLoad         
6928      	SearchIndexer.      	OneCoreUAPCommonProxyStub.dll                                         	0x7cb000        	C:\Windows\System32\OneCoreUAPCommonProxyStub.dll                                                                               	0x7ffd0c960000        	1       	DynamicLoad         
6988      	RuntimeBroker.      	ntdll.dll                                                             	0x1f8000        	C:\Windows\SYSTEM32\ntdll.dll                                                                                                   	0x7ffd157f0000        	2       	StaticDependency    
6988      	RuntimeBroker.      	KERNEL32.DLL                                                          	0xbf000         	C:\Windows\System32\KERNEL32.DLL                                                                                                	0x7ffd155b0000        	2       	DynamicLoad         
6988      	RuntimeBroker.      	KERNELBASE.dll                                                        	0x2f6000        	C:\Windows\System32\KERNELBASE.dll                                                                                              	0x7ffd133b0000        	1       	StaticDependency    
6988      	RuntimeBroker.      	ucrtbase.dll                                                          	0x100000        	C:\Windows\System32\ucrtbase.dll                                                                                                	0x7ffd13180000        	2       	StaticDependency    
6988      	RuntimeBroker.      	combase.dll                                                           	0x354000        	C:\Windows\System32\combase.dll                                                                                                 	0x7ffd150f0000        	2       	StaticDependency    
6988      	RuntimeBroker.      	RPCRT4.dll                                                            	0x126000        	C:\Windows\System32\RPCRT4.dll                                                                                                  	0x7ffd13c20000        	2       	StaticDependency    
6988      	RuntimeBroker.      	sechost.dll                                                           	0x9c000         	C:\Windows\System32\sechost.dll                                                                                                 	0x7ffd15450000        	2       	StaticDependency    
6988      	RuntimeBroker.      	powrprof.dll                                                          	0x4b000         	C:\Windows\SYSTEM32\powrprof.dll                                                                                                	0x7ffd12c90000        	2       	StaticDependency    
6988      	RuntimeBroker.      	kernel.appcore.dll                                                    	0x12000         	C:\Windows\SYSTEM32\kernel.appcore.dll                                                                                          	0x7ffd10db0000        	2       	StaticDependency    
6988      	RuntimeBroker.      	msvcrt.dll                                                            	0x9e000         	C:\Windows\System32\msvcrt.dll                                                                                                  	0x7ffd13af0000        	2       	StaticDependency    
6988      	RuntimeBroker.      	RMCLIENT.dll                                                          	0x2a000         	C:\Windows\System32\RMCLIENT.dll                                                                                                	0x7ffd10ac0000        	2       	StaticDependency    
6988      	RuntimeBroker.      	UMPDC.dll                                                             	0x12000         	C:\Windows\System32\UMPDC.dll                                                                                                   	0x7ffd12a70000        	1       	DelayloadDependency 
6988      	RuntimeBroker.      	bcryptPrimitives.dll                                                  	0x82000         	C:\Windows\System32\bcryptPrimitives.dll                                                                                        	0x7ffd132b0000        	3       	DelayloadDependency 
6988      	RuntimeBroker.      	user32.dll                                                            	0x19d000        	C:\Windows\System32\user32.dll                                                                                                  	0x7ffd14e90000        	1       	DelayloadDependency 
6988      	RuntimeBroker.      	win32u.dll                                                            	0x22000         	C:\Windows\System32\win32u.dll                                                                                                  	0x7ffd13820000        	1       	StaticDependency    
6988      	RuntimeBroker.      	GDI32.dll                                                             	0x2c000         	C:\Windows\System32\GDI32.dll                                                                                                   	0x7ffd13bf0000        	1       	StaticDependency    
6988      	RuntimeBroker.      	gdi32full.dll                                                         	0x115000        	C:\Windows\System32\gdi32full.dll                                                                                               	0x7ffd136b0000        	1       	StaticDependency    
6988      	RuntimeBroker.      	msvcp_win.dll                                                         	0x9d000         	C:\Windows\System32\msvcp_win.dll                                                                                               	0x7ffd130e0000        	1       	StaticDependency    
6988      	RuntimeBroker.      	IMM32.DLL                                                             	0x30000         	C:\Windows\System32\IMM32.DLL                                                                                                   	0x7ffd15780000        	1       	DynamicLoad         
6988      	RuntimeBroker.      	clbcatq.dll                                                           	0xa9000         	C:\Windows\System32\clbcatq.dll                                                                                                 	0x7ffd13d50000        	1       	DelayloadDependency 
6988      	RuntimeBroker.      	windows.cortana.onecore.dll                                           	0x5b000         	C:\Windows\system32\windows.cortana.onecore.dll                                                                                 	0x7ffcf4ae0000        	1       	DynamicLoad         
6988      	RuntimeBroker.      	SHCORE.dll                                                            	0xad000         	C:\Windows\System32\SHCORE.dll                                                                                                  	0x7ffd13880000        	1       	StaticDependency    
6988      	RuntimeBroker.      	advapi32.dll                                                          	0xaf000         	C:\Windows\System32\advapi32.dll                                                                                                	0x7ffd15040000        	1       	StaticDependency    
6988      	RuntimeBroker.      	wintypes.dll                                                          	0x154000        	C:\Windows\SYSTEM32\wintypes.dll                                                                                                	0x7ffd0ebd0000        	1       	StaticDependency    
6988      	RuntimeBroker.      	XmlLite.dll                                                           	0x36000         	C:\Windows\system32\XmlLite.dll                                                                                                 	0x7ffd0ea10000        	1       	StaticDependency    
6988      	RuntimeBroker.      	windows.storage.dll                                                   	0x793000        	C:\Windows\SYSTEM32\windows.storage.dll                                                                                         	0x7ffd10fb0000        	1       	StaticDependency    
6988      	RuntimeBroker.      	Wldp.dll                                                              	0x2e000         	C:\Windows\system32\Wldp.dll                                                                                                    	0x7ffd12850000        	1       	StaticDependency    
6988      	RuntimeBroker.      	bcrypt.dll                                                            	0x27000         	C:\Windows\System32\bcrypt.dll                                                                                                  	0x7ffd13280000        	2       	StaticDependency    
6988      	RuntimeBroker.      	OneCoreUAPCommonProxyStub.dll                                         	0x7cb000        	C:\Windows\System32\OneCoreUAPCommonProxyStub.dll                                                                               	0x7ffd0c960000        	1       	DynamicLoad         
6988      	RuntimeBroker.      	windows.staterepositorycore.dll                                       	0x11000         	C:\Windows\SYSTEM32\windows.staterepositorycore.dll                                                                             	0x7ffd067c0000        	1       	DelayloadDependency 
6988      	RuntimeBroker.      	PROPSYS.dll                                                           	0xf6000         	C:\Windows\System32\PROPSYS.dll                                                                                                 	0x7ffd0ea50000        	1       	StaticDependency    
6988      	RuntimeBroker.      	CoreMessaging.dll                                                     	0xf2000         	C:\Windows\System32\CoreMessaging.dll                                                                                           	0x7ffd103f0000        	2       	StaticDependency    
6988      	RuntimeBroker.      	WS2_32.dll                                                            	0x6b000         	C:\Windows\System32\WS2_32.dll                                                                                                  	0x7ffd14dc0000        	1       	StaticDependency    
6988      	RuntimeBroker.      	twinapi.appcore.dll                                                   	0x200000        	C:\Windows\System32\twinapi.appcore.dll                                                                                         	0x7ffd0de50000        	1       	DynamicLoad         
6988      	RuntimeBroker.      	policymanager.dll                                                     	0xa3000         	C:\Windows\SYSTEM32\policymanager.dll                                                                                           	0x7ffd0c380000        	1       	DelayloadDependency 
6988      	RuntimeBroker.      	msvcp110_win.dll                                                      	0x8a000         	C:\Windows\System32\msvcp110_win.dll                                                                                            	0x7ffd11fa0000        	1       	StaticDependency    
6988      	RuntimeBroker.      	OLEAUT32.dll                                                          	0xcd000         	C:\Windows\System32\OLEAUT32.dll                                                                                                	0x7ffd13e00000        	1       	DelayloadDependency 
6988      	RuntimeBroker.      	ntmarta.dll                                                           	0x33000         	C:\Windows\SYSTEM32\ntmarta.dll                                                                                                 	0x7ffd11f60000        	1       	DelayloadDependency 
6988      	RuntimeBroker.      	AppExtension.dll                                                      	0x37000         	C:\Windows\System32\AppExtension.dll                                                                                            	0x7ffcf9710000        	1       	DynamicLoad         
6988      	RuntimeBroker.      	AppXDeploymentClient.dll                                              	0x104000        	C:\Windows\System32\AppXDeploymentClient.dll                                                                                    	0x7ffd0c590000        	1       	StaticDependency    
6988      	RuntimeBroker.      	uxtheme.dll                                                           	0x9e000         	C:\Windows\system32\uxtheme.dll                                                                                                 	0x7ffd108e0000        	1       	DynamicLoad         
6988      	RuntimeBroker.      	ole32.dll                                                             	0x12a000        	C:\Windows\System32\ole32.dll                                                                                                   	0x7ffd140d0000        	1       	DelayloadDependency 
6988      	RuntimeBroker.      	shlwapi.dll                                                           	0x55000         	C:\Windows\System32\shlwapi.dll                                                                                                 	0x7ffd15550000        	1       	DelayloadDependency 
6988      	RuntimeBroker.      	edputil.dll                                                           	0x24000         	C:\Windows\SYSTEM32\edputil.dll                                                                                                 	0x7ffcfb770000        	1       	DelayloadDependency 
6988      	RuntimeBroker.      	CFGMGR32.dll                                                          	0x4e000         	C:\Windows\System32\CFGMGR32.dll                                                                                                	0x7ffd137d0000        	1       	DelayloadDependency 
6988      	RuntimeBroker.      	StructuredQuery.dll                                                   	0xa6000         	C:\Windows\System32\StructuredQuery.dll                                                                                         	0x7ffd06170000        	1       	DynamicLoad         
6988      	RuntimeBroker.      	Windows.Storage.Search.dll                                            	0xc9000         	C:\Windows\system32\Windows.Storage.Search.dll                                                                                  	0x7ffcf1cb0000        	1       	DynamicLoad         
6988      	RuntimeBroker.      	apphelp.dll                                                           	0x91000         	C:\Windows\SYSTEM32\apphelp.dll                                                                                                 	0x7ffd10730000        	1       	DelayloadDependency 
6988      	RuntimeBroker.      	shell32.dll                                                           	0x744000        	C:\Windows\System32\shell32.dll                                                                                                 	0x7ffd14200000        	1       	DelayloadDependency 
6988      	RuntimeBroker.      	profapi.dll                                                           	0x1f000         	C:\Windows\SYSTEM32\profapi.dll                                                                                                 	0x7ffd12e10000        	1       	DelayloadDependency 
6988      	RuntimeBroker.      	comctl32.dll                                                          	0x29a000        	C:\Windows\WinSxS\amd64_microsoft.windows.common-controls_6595b64144ccf1df_6.0.19041.1110_none_60b5254171f9507e\comctl32.dll    	0x7ffcfbf90000        	1       	DynamicLoad         
6988      	RuntimeBroker.      	WindowsCodecs.dll                                                     	0x1b4000        	C:\Windows\SYSTEM32\WindowsCodecs.dll                                                                                           	0x7ffd0dba0000        	1       	DelayloadDependency 
6988      	RuntimeBroker.      	ntshrui.dll                                                           	0x7d000         	C:\Windows\SYSTEM32\ntshrui.dll                                                                                                 	0x7ffcf8840000        	1       	DelayloadDependency 
6988      	RuntimeBroker.      	SspiCli.dll                                                           	0x32000         	C:\Windows\SYSTEM32\SspiCli.dll                                                                                                 	0x7ffd12dc0000        	1       	StaticDependency    
6988      	RuntimeBroker.      	srvcli.dll                                                            	0x28000         	C:\Windows\SYSTEM32\srvcli.dll                                                                                                  	0x7ffd08cb0000        	1       	DelayloadDependency 
6988      	RuntimeBroker.      	cscapi.dll                                                            	0x12000         	C:\Windows\System32\cscapi.dll                                                                                                  	0x7ffd00a40000        	1       	DynamicLoad         
6988      	RuntimeBroker.      	coml2.dll                                                             	0x79000         	C:\Windows\System32\coml2.dll                                                                                                   	0x7ffd15700000        	1       	DelayloadDependency 
6988      	RuntimeBroker.      	LINKINFO.dll                                                          	0xd000          	C:\Windows\System32\LINKINFO.dll                                                                                                	0x7ffcf9920000        	1       	DelayloadDependency 
6988      	RuntimeBroker.      	windows.cortana.Desktop.dll                                           	0x96000         	C:\Windows\system32\windows.cortana.Desktop.dll                                                                                 	0x7ffcf0f80000        	1       	DynamicLoad         
6988      	RuntimeBroker.      	SystemSettings.DataModel.dll                                          	0x6b000         	C:\Windows\System32\SystemSettings.DataModel.dll                                                                                	0x7ffcf0f10000        	1       	DynamicLoad         
6988      	RuntimeBroker.      	SettingsEnvironment.Desktop.dll                                       	0x8d000         	C:\Windows\SYSTEM32\SettingsEnvironment.Desktop.dll                                                                             	0x7ffcf0e80000        	1       	DynamicLoad         
6988      	RuntimeBroker.      	REGAPI.dll                                                            	0x3b000         	C:\Windows\SYSTEM32\REGAPI.dll                                                                                                  	0x7ffd0d900000        	1       	StaticDependency    
6988      	RuntimeBroker.      	DEVOBJ.dll                                                            	0x2c000         	C:\Windows\SYSTEM32\DEVOBJ.dll                                                                                                  	0x7ffd12c30000        	1       	StaticDependency    
6988      	RuntimeBroker.      	SLC.dll                                                               	0x29000         	C:\Windows\SYSTEM32\SLC.dll                                                                                                     	0x7ffd11a10000        	1       	DelayloadDependency 
6988      	RuntimeBroker.      	sppc.dll                                                              	0x25000         	C:\Windows\SYSTEM32\sppc.dll                                                                                                    	0x7ffd119e0000        	1       	StaticDependency    
6988      	RuntimeBroker.      	inputhost.dll                                                         	0x152000        	C:\Windows\SYSTEM32\inputhost.dll                                                                                               	0x7ffd0a7e0000        	1       	DelayloadDependency 
6988      	RuntimeBroker.      	CoreUIComponents.dll                                                  	0x35e000        	C:\Windows\SYSTEM32\CoreUIComponents.dll                                                                                        	0x7ffd0fd10000        	1       	StaticDependency    
6988      	RuntimeBroker.      	MSCTF.dll                                                             	0x114000        	C:\Windows\System32\MSCTF.dll                                                                                                   	0x7ffd13fb0000        	1       	DelayloadDependency 
6988      	RuntimeBroker.      	wtsapi32.dll                                                          	0x14000         	C:\Windows\SYSTEM32\wtsapi32.dll                                                                                                	0x7ffd0ebb0000        	1       	DelayloadDependency 
6988      	RuntimeBroker.      	WINSTA.dll                                                            	0x64000         	C:\Windows\SYSTEM32\WINSTA.dll                                                                                                  	0x7ffd12880000        	2       	DelayloadDependency 
6988      	RuntimeBroker.      	NetworkUXBroker.dll                                                   	0x6d000         	C:\Windows\System32\NetworkUXBroker.dll                                                                                         	0x7ffd06750000        	1       	DynamicLoad         
6988      	RuntimeBroker.      	EthernetMediaManager.dll                                              	0x34000         	C:\Windows\System32\EthernetMediaManager.dll                                                                                    	0x7ffd06710000        	1       	DynamicLoad         
6988      	RuntimeBroker.      	IPHLPAPI.DLL                                                          	0x3c000         	C:\Windows\System32\IPHLPAPI.DLL                                                                                                	0x7ffd122a0000        	1       	StaticDependency    
6988      	RuntimeBroker.      	WINHTTP.dll                                                           	0x10a000        	C:\Windows\System32\WINHTTP.dll                                                                                                 	0x7ffd0a550000        	1       	StaticDependency    
6988      	RuntimeBroker.      	NSI.dll                                                               	0x8000          	C:\Windows\System32\NSI.dll                                                                                                     	0x7ffd13870000        	1       	DelayloadDependency 
6988      	RuntimeBroker.      	ShellCommonCommonProxyStub.dll                                        	0xd2000         	C:\Windows\System32\ShellCommonCommonProxyStub.dll                                                                              	0x7ffcf6a80000        	1       	DynamicLoad         
6988      	RuntimeBroker.      	Windows.Cortana.ProxyStub.dll                                         	0x25000         	C:\Windows\System32\Windows.Cortana.ProxyStub.dll                                                                               	0x7ffcf4ab0000        	1       	DynamicLoad         
6988      	RuntimeBroker.      	Windows.UI.dll                                                        	0x141000        	C:\Windows\System32\Windows.UI.dll                                                                                              	0x7ffd0aa40000        	1       	DynamicLoad         
6988      	RuntimeBroker.      	WindowManagementAPI.dll                                               	0xa1000         	C:\Windows\System32\WindowManagementAPI.dll                                                                                     	0x7ffd0e050000        	1       	StaticDependency    
6988      	RuntimeBroker.      	TextInputFramework.dll                                                	0xfa000         	C:\Windows\System32\TextInputFramework.dll                                                                                      	0x7ffd0a940000        	1       	StaticDependency    
6988      	RuntimeBroker.      	thumbcache.dll                                                        	0x66000         	C:\Windows\System32\thumbcache.dll                                                                                              	0x7ffcf8990000        	1       	DynamicLoad         
6988      	RuntimeBroker.      	wkscli.dll                                                            	0x19000         	C:\Windows\System32\wkscli.dll                                                                                                  	0x7ffd12030000        	1       	DelayloadDependency 
6988      	RuntimeBroker.      	netutils.dll                                                          	0xc000          	C:\Windows\System32\netutils.dll                                                                                                	0x7ffd123b0000        	1       	DelayloadDependency 
6988      	RuntimeBroker.      	StartTileData.dll                                                     	0x582000        	C:\Windows\System32\StartTileData.dll                                                                                           	0x7ffcf8db0000        	1       	DynamicLoad         
6988      	RuntimeBroker.      	USERENV.dll                                                           	0x2e000         	C:\Windows\System32\USERENV.dll                                                                                                 	0x7ffd12d90000        	1       	StaticDependency    
6988      	RuntimeBroker.      	Bcp47Langs.dll                                                        	0x5b000         	C:\Windows\System32\Bcp47Langs.dll                                                                                              	0x7ffd0ad50000        	1       	StaticDependency    
6988      	RuntimeBroker.      	appresolver.dll                                                       	0x90000         	C:\Windows\System32\appresolver.dll                                                                                             	0x7ffcf9750000        	1       	DynamicLoad         
6988      	RuntimeBroker.      	usermgrcli.dll                                                        	0x16000         	C:\Windows\SYSTEM32\usermgrcli.dll                                                                                              	0x7ffd0e580000        	1       	DelayloadDependency 
6988      	RuntimeBroker.      	usermgrproxy.dll                                                      	0x54000         	C:\Windows\System32\usermgrproxy.dll                                                                                            	0x7ffd0c520000        	1       	DynamicLoad         
6988      	RuntimeBroker.      	twext.dll                                                             	0x33000         	C:\Windows\system32\twext.dll                                                                                                   	0x7ffd02db0000        	1       	DynamicLoad         
6988      	RuntimeBroker.      	WorkfoldersShell.dll                                                  	0x3d000         	C:\Windows\System32\WorkfoldersShell.dll                                                                                        	0x7ffcf1020000        	1       	DynamicLoad         
6988      	RuntimeBroker.      	Windows.FileExplorer.Common.dll                                       	0x61000         	C:\Windows\System32\Windows.FileExplorer.Common.dll                                                                             	0x7ffcf1ad0000        	1       	DynamicLoad         
6988      	RuntimeBroker.      	iertutil.dll                                                          	0x2b1000        	C:\Windows\System32\iertutil.dll                                                                                                	0x7ffd09010000        	1       	DelayloadDependency 
6988      	RuntimeBroker.      	cscui.dll                                                             	0xcd000         	C:\Windows\System32\cscui.dll                                                                                                   	0x7ffcf71d0000        	1       	DynamicLoad         
6988      	RuntimeBroker.      	MSWB7.dll                                                             	0x46000         	C:\Windows\System32\MSWB7.dll                                                                                                   	0x7ffd05eb0000        	1       	DynamicLoad         
6988      	RuntimeBroker.      	urlmon.dll                                                            	0x1ec000        	C:\Windows\System32\urlmon.dll                                                                                                  	0x7ffd08ce0000        	1       	DynamicLoad         
6988      	RuntimeBroker.      	MPR.dll                                                               	0x1d000         	C:\Windows\SYSTEM32\MPR.dll                                                                                                     	0x7ffd02ca0000        	1       	DelayloadDependency 
6988      	RuntimeBroker.      	dlnashext.dll                                                         	0x56000         	C:\Windows\System32\dlnashext.dll                                                                                               	0x7ffcff880000        	1       	DynamicLoad         
6988      	RuntimeBroker.      	DevDispItemProvider.dll                                               	0x20000         	C:\Windows\System32\DevDispItemProvider.dll                                                                                     	0x7ffd05d60000        	1       	DynamicLoad         
6988      	RuntimeBroker.      	MMDevApi.dll                                                          	0x85000         	C:\Windows\System32\MMDevApi.dll                                                                                                	0x7ffd0b1d0000        	1       	DynamicLoad         
6988      	RuntimeBroker.      	rdpendp.dll                                                           	0x4e000         	C:\Windows\System32\rdpendp.dll                                                                                                 	0x7ffcfca90000        	1       	DynamicLoad         
6988      	RuntimeBroker.      	sxs.dll                                                               	0xa2000         	C:\Windows\SYSTEM32\sxs.dll                                                                                                     	0x7ffd12ce0000        	1       	DelayloadDependency 
6988      	RuntimeBroker.      	WINTRUST.dll                                                          	0x67000         	C:\Windows\System32\WINTRUST.dll                                                                                                	0x7ffd13340000        	1       	StaticDependency    
6988      	RuntimeBroker.      	CRYPT32.dll                                                           	0x15e000        	C:\Windows\System32\CRYPT32.dll                                                                                                 	0x7ffd12f80000        	1       	DelayloadDependency 
6988      	RuntimeBroker.      	MSASN1.dll                                                            	0x12000         	C:\Windows\System32\MSASN1.dll                                                                                                  	0x7ffd12a50000        	1       	DelayloadDependency 
6988      	RuntimeBroker.      	DPAPI.DLL                                                             	0xa000          	C:\Windows\System32\DPAPI.DLL                                                                                                   	0x7ffd12c80000        	1       	DynamicForwarderDependency
6988      	RuntimeBroker.      	CRYPTBASE.dll                                                         	0xc000          	C:\Windows\System32\CRYPTBASE.dll                                                                                               	0x7ffd127c0000        	1       	DelayloadDependency 
6988      	RuntimeBroker.      	windows.internal.shell.broker.dll                                     	0xd9000         	C:\Windows\System32\windows.internal.shell.broker.dll                                                                           	0x7ffcf6020000        	1       	DynamicLoad         
6988      	RuntimeBroker.      	d3d11.dll                                                             	0x263000        	C:\Windows\System32\d3d11.dll                                                                                                   	0x7ffd0f750000        	1       	StaticDependency    
6988      	RuntimeBroker.      	WININET.dll                                                           	0x4d9000        	C:\Windows\System32\WININET.dll                                                                                                 	0x7ffd04830000        	1       	StaticDependency    
6988      	RuntimeBroker.      	dxgi.dll                                                              	0xf3000         	C:\Windows\System32\dxgi.dll                                                                                                    	0x7ffd11790000        	1       	StaticDependency    
6988      	RuntimeBroker.      	MrmCoreR.dll                                                          	0xf4000         	C:\Windows\SYSTEM32\MrmCoreR.dll                                                                                                	0x7ffd0ac10000        	1       	DelayloadDependency 
6988      	RuntimeBroker.      	mfcore.dll                                                            	0x48e000        	C:\Windows\System32\mfcore.dll                                                                                                  	0x7ffcfdef0000        	3       	DynamicLoad         
6988      	RuntimeBroker.      	ksuser.dll                                                            	0x9000          	C:\Windows\System32\ksuser.dll                                                                                                  	0x7ffd00710000        	1       	StaticDependency    
6988      	RuntimeBroker.      	IconCodecService.dll                                                  	0x9000          	C:\Windows\system32\IconCodecService.dll                                                                                        	0x7ffcf14a0000        	1       	DynamicLoad         
6988      	RuntimeBroker.      	SETUPAPI.dll                                                          	0x468000        	C:\Windows\System32\SETUPAPI.dll                                                                                                	0x7ffd14950000        	1       	DelayloadDependency 
6988      	RuntimeBroker.      	cscobj.dll                                                            	0x50000         	C:\Windows\System32\cscobj.dll                                                                                                  	0x7ffcf1510000        	1       	DynamicLoad         
6988      	RuntimeBroker.      	acppage.dll                                                           	0x19000         	C:\Windows\system32\acppage.dll                                                                                                 	0x7ffd02620000        	1       	DynamicLoad         
6988      	RuntimeBroker.      	msi.dll                                                               	0x336000        	C:\Windows\system32\msi.dll                                                                                                     	0x7ffce26c0000        	1       	StaticDependency    
6988      	RuntimeBroker.      	AEPIC.dll                                                             	0x92000         	C:\Windows\system32\AEPIC.dll                                                                                                   	0x7ffcffc90000        	1       	StaticDependency    
6988      	RuntimeBroker.      	cryptsp.dll                                                           	0x18000         	C:\Windows\SYSTEM32\cryptsp.dll                                                                                                 	0x7ffd127a0000        	1       	StaticDependency    
6988      	RuntimeBroker.      	sfc.dll                                                               	0x3000          	C:\Windows\system32\sfc.dll                                                                                                     	0x26b3b740000         	1       	StaticDependency    
6988      	RuntimeBroker.      	sfc_os.DLL                                                            	0x12000         	C:\Windows\system32\sfc_os.DLL                                                                                                  	0x7ffcfc910000        	1       	StaticForwarderDependency
6988      	RuntimeBroker.      	TextShaping.dll                                                       	0xac000         	C:\Windows\System32\TextShaping.dll                                                                                             	0x7ffd06b50000        	1       	DelayloadDependency 
6988      	RuntimeBroker.      	vmhgfs.dll                                                            	0x15000         	C:\Windows\System32\vmhgfs.dll                                                                                                  	0x7ffcf1a60000        	1       	DynamicLoad         
6988      	RuntimeBroker.      	VERSION.dll                                                           	0xa000          	C:\Windows\System32\VERSION.dll                                                                                                 	0x7ffd0b9b0000        	1       	StaticDependency    
6988      	RuntimeBroker.      	VCRUNTIME140.dll                                                      	0x1f000         	C:\Windows\System32\VCRUNTIME140.dll                                                                                            	0x7ffd044e0000        	1       	StaticDependency    
6988      	RuntimeBroker.      	drprov.dll                                                            	0xb000          	C:\Windows\System32\drprov.dll                                                                                                  	0x7ffcf1a50000        	1       	DynamicLoad         
6988      	RuntimeBroker.      	ntlanman.dll                                                          	0x1f000         	C:\Windows\System32\ntlanman.dll                                                                                                	0x7ffcf1a30000        	1       	DynamicLoad         
6988      	RuntimeBroker.      	davclnt.dll                                                           	0x1e000         	C:\Windows\System32\davclnt.dll                                                                                                 	0x7ffcf1a10000        	1       	DynamicLoad         
6988      	RuntimeBroker.      	DAVHLPR.dll                                                           	0xd000          	C:\Windows\System32\DAVHLPR.dll                                                                                                 	0x7ffcf1a00000        	1       	StaticDependency    
6988      	RuntimeBroker.      	virtdisk.dll                                                          	0x13000         	C:\Windows\SYSTEM32\virtdisk.dll                                                                                                	0x7ffd00470000        	2       	DynamicLoad         
6988      	RuntimeBroker.      	FLTLIB.DLL                                                            	0xb000          	C:\Windows\SYSTEM32\FLTLIB.DLL                                                                                                  	0x7ffd00430000        	1       	StaticDependency    
6988      	RuntimeBroker.      	shdocvw.dll                                                           	0x47000         	C:\Windows\SYSTEM32\shdocvw.dll                                                                                                 	0x7ffcf1bd0000        	1       	DelayloadDependency 
6988      	RuntimeBroker.      	Windows.StateRepositoryPS.dll                                         	0x146000        	C:\Windows\System32\Windows.StateRepositoryPS.dll                                                                               	0x7ffd01c90000        	1       	DynamicLoad         
6988      	RuntimeBroker.      	Windows.CloudStore.dll                                                	0x216000        	C:\Windows\System32\Windows.CloudStore.dll                                                                                      	0x7ffcfccc0000        	1       	DynamicLoad         
6988      	RuntimeBroker.      	Windows.CloudStore.Schema.Shell.dll                                   	0xec000         	C:\Windows\System32\Windows.CloudStore.Schema.Shell.dll                                                                         	0x7ffcf95e0000        	1       	DynamicLoad         
7172      	svchost.exe         	ntdll.dll                                                             	0x1f8000        	C:\Windows\SYSTEM32\ntdll.dll                                                                                                   	0x7ffd157f0000        	2       	StaticDependency    
7172      	svchost.exe         	KERNEL32.DLL                                                          	0xbf000         	C:\Windows\System32\KERNEL32.DLL                                                                                                	0x7ffd155b0000        	2       	DynamicLoad         
7172      	svchost.exe         	KERNELBASE.dll                                                        	0x2f6000        	C:\Windows\System32\KERNELBASE.dll                                                                                              	0x7ffd133b0000        	1       	StaticDependency    
7172      	svchost.exe         	sechost.dll                                                           	0x9c000         	C:\Windows\System32\sechost.dll                                                                                                 	0x7ffd15450000        	2       	StaticDependency    
7172      	svchost.exe         	RPCRT4.dll                                                            	0x126000        	C:\Windows\System32\RPCRT4.dll                                                                                                  	0x7ffd13c20000        	2       	StaticDependency    
7172      	svchost.exe         	ucrtbase.dll                                                          	0x100000        	C:\Windows\System32\ucrtbase.dll                                                                                                	0x7ffd13180000        	2       	StaticDependency    
7172      	svchost.exe         	combase.dll                                                           	0x354000        	C:\Windows\System32\combase.dll                                                                                                 	0x7ffd150f0000        	1       	DelayloadDependency 
7172      	svchost.exe         	kernel.appcore.dll                                                    	0x12000         	C:\Windows\SYSTEM32\kernel.appcore.dll                                                                                          	0x7ffd10db0000        	1       	DelayloadDependency 
7172      	svchost.exe         	msvcrt.dll                                                            	0x9e000         	C:\Windows\System32\msvcrt.dll                                                                                                  	0x7ffd13af0000        	1       	StaticDependency    
7172      	svchost.exe         	bcryptPrimitives.dll                                                  	0x82000         	C:\Windows\System32\bcryptPrimitives.dll                                                                                        	0x7ffd132b0000        	3       	DelayloadDependency 
7172      	svchost.exe         	user32.dll                                                            	0x19d000        	C:\Windows\System32\user32.dll                                                                                                  	0x7ffd14e90000        	1       	DelayloadDependency 
7172      	svchost.exe         	win32u.dll                                                            	0x22000         	C:\Windows\System32\win32u.dll                                                                                                  	0x7ffd13820000        	1       	StaticDependency    
7172      	svchost.exe         	GDI32.dll                                                             	0x2c000         	C:\Windows\System32\GDI32.dll                                                                                                   	0x7ffd13bf0000        	1       	StaticDependency    
7172      	svchost.exe         	gdi32full.dll                                                         	0x115000        	C:\Windows\System32\gdi32full.dll                                                                                               	0x7ffd136b0000        	1       	StaticDependency    
7172      	svchost.exe         	msvcp_win.dll                                                         	0x9d000         	C:\Windows\System32\msvcp_win.dll                                                                                               	0x7ffd130e0000        	1       	StaticDependency    
7172      	svchost.exe         	ssdpsrv.dll                                                           	0x48000         	c:\windows\system32\ssdpsrv.dll                                                                                                 	0x7ffcf1d80000        	1       	DynamicLoad         
7172      	svchost.exe         	WS2_32.dll                                                            	0x6b000         	C:\Windows\System32\WS2_32.dll                                                                                                  	0x7ffd14dc0000        	1       	StaticDependency    
7172      	svchost.exe         	NSI.dll                                                               	0x8000          	C:\Windows\System32\NSI.dll                                                                                                     	0x7ffd13870000        	1       	StaticDependency    
7172      	svchost.exe         	cryptsp.dll                                                           	0x18000         	C:\Windows\SYSTEM32\cryptsp.dll                                                                                                 	0x7ffd127a0000        	1       	StaticDependency    
7172      	svchost.exe         	WLDP.DLL                                                              	0x2e000         	C:\Windows\SYSTEM32\WLDP.DLL                                                                                                    	0x7ffd12850000        	1       	DynamicLoad         
7172      	svchost.exe         	advapi32.dll                                                          	0xaf000         	C:\Windows\System32\advapi32.dll                                                                                                	0x7ffd15040000        	1       	StaticDependency    
7172      	svchost.exe         	FirewallAPI.dll                                                       	0xa1000         	C:\Windows\system32\FirewallAPI.dll                                                                                             	0x7ffd11af0000        	1       	DynamicLoad         
7172      	svchost.exe         	DNSAPI.dll                                                            	0xcb000         	C:\Windows\system32\DNSAPI.dll                                                                                                  	0x7ffd122e0000        	1       	StaticDependency    
7172      	svchost.exe         	IPHLPAPI.DLL                                                          	0x3c000         	C:\Windows\SYSTEM32\IPHLPAPI.DLL                                                                                                	0x7ffd122a0000        	1       	DelayloadDependency 
7172      	svchost.exe         	fwbase.dll                                                            	0x3a000         	C:\Windows\system32\fwbase.dll                                                                                                  	0x7ffd11ab0000        	1       	DelayloadDependency 
7172      	svchost.exe         	dhcpcsvc6.DLL                                                         	0x17000         	C:\Windows\SYSTEM32\dhcpcsvc6.DLL                                                                                               	0x7ffd0b670000        	1       	DelayloadDependency 
7172      	svchost.exe         	dhcpcsvc.DLL                                                          	0x1d000         	C:\Windows\SYSTEM32\dhcpcsvc.DLL                                                                                                	0x7ffd0b650000        	1       	DelayloadDependency 
7172      	svchost.exe         	rsaenh.dll                                                            	0x34000         	C:\Windows\system32\rsaenh.dll                                                                                                  	0x7ffd11ed0000        	1       	DynamicLoad         
7172      	svchost.exe         	bcrypt.dll                                                            	0x27000         	C:\Windows\System32\bcrypt.dll                                                                                                  	0x7ffd13280000        	2       	StaticDependency    
7172      	svchost.exe         	CRYPTBASE.dll                                                         	0xc000          	C:\Windows\system32\CRYPTBASE.dll                                                                                               	0x7ffd127c0000        	1       	DelayloadDependency 
7172      	svchost.exe         	mswsock.dll                                                           	0x6a000         	C:\Windows\system32\mswsock.dll                                                                                                 	0x7ffd125b0000        	1       	DynamicLoad         
7172      	svchost.exe         	sspicli.dll                                                           	0x32000         	C:\Windows\system32\sspicli.dll                                                                                                 	0x7ffd12dc0000        	1       	DynamicLoad         
7172      	svchost.exe         	WINNSI.DLL                                                            	0xb000          	C:\Windows\SYSTEM32\WINNSI.DLL                                                                                                  	0x7ffd0b6b0000        	1       	DelayloadDependency 
7172      	svchost.exe         	POWRPROF.dll                                                          	0x4b000         	c:\windows\system32\POWRPROF.dll                                                                                                	0x7ffd12c90000        	1       	DelayloadDependency 
7172      	svchost.exe         	UMPDC.dll                                                             	0x12000         	c:\windows\system32\UMPDC.dll                                                                                                   	0x7ffd12a70000        	1       	DelayloadDependency 
7412      	RuntimeBroker.      	ntdll.dll                                                             	0x1f8000        	C:\Windows\SYSTEM32\ntdll.dll                                                                                                   	0x7ffd157f0000        	2       	StaticDependency    
7412      	RuntimeBroker.      	KERNEL32.DLL                                                          	0xbf000         	C:\Windows\System32\KERNEL32.DLL                                                                                                	0x7ffd155b0000        	2       	DynamicLoad         
7412      	RuntimeBroker.      	KERNELBASE.dll                                                        	0x2f6000        	C:\Windows\System32\KERNELBASE.dll                                                                                              	0x7ffd133b0000        	1       	StaticDependency    
7412      	RuntimeBroker.      	ucrtbase.dll                                                          	0x100000        	C:\Windows\System32\ucrtbase.dll                                                                                                	0x7ffd13180000        	2       	StaticDependency    
7412      	RuntimeBroker.      	combase.dll                                                           	0x354000        	C:\Windows\System32\combase.dll                                                                                                 	0x7ffd150f0000        	2       	StaticDependency    
7412      	RuntimeBroker.      	RPCRT4.dll                                                            	0x126000        	C:\Windows\System32\RPCRT4.dll                                                                                                  	0x7ffd13c20000        	2       	StaticDependency    
7412      	RuntimeBroker.      	sechost.dll                                                           	0x9c000         	C:\Windows\System32\sechost.dll                                                                                                 	0x7ffd15450000        	2       	StaticDependency    
7412      	RuntimeBroker.      	powrprof.dll                                                          	0x4b000         	C:\Windows\SYSTEM32\powrprof.dll                                                                                                	0x7ffd12c90000        	2       	StaticDependency    
7412      	RuntimeBroker.      	kernel.appcore.dll                                                    	0x12000         	C:\Windows\SYSTEM32\kernel.appcore.dll                                                                                          	0x7ffd10db0000        	2       	StaticDependency    
7412      	RuntimeBroker.      	msvcrt.dll                                                            	0x9e000         	C:\Windows\System32\msvcrt.dll                                                                                                  	0x7ffd13af0000        	2       	StaticDependency    
7412      	RuntimeBroker.      	RMCLIENT.dll                                                          	0x2a000         	C:\Windows\System32\RMCLIENT.dll                                                                                                	0x7ffd10ac0000        	2       	StaticDependency    
7412      	RuntimeBroker.      	UMPDC.dll                                                             	0x12000         	C:\Windows\System32\UMPDC.dll                                                                                                   	0x7ffd12a70000        	1       	DelayloadDependency 
7412      	RuntimeBroker.      	bcryptPrimitives.dll                                                  	0x82000         	C:\Windows\System32\bcryptPrimitives.dll                                                                                        	0x7ffd132b0000        	3       	DelayloadDependency 
7412      	RuntimeBroker.      	user32.dll                                                            	0x19d000        	C:\Windows\System32\user32.dll                                                                                                  	0x7ffd14e90000        	1       	DelayloadDependency 
7412      	RuntimeBroker.      	win32u.dll                                                            	0x22000         	C:\Windows\System32\win32u.dll                                                                                                  	0x7ffd13820000        	1       	StaticDependency    
7412      	RuntimeBroker.      	GDI32.dll                                                             	0x2c000         	C:\Windows\System32\GDI32.dll                                                                                                   	0x7ffd13bf0000        	1       	StaticDependency    
7412      	RuntimeBroker.      	gdi32full.dll                                                         	0x115000        	C:\Windows\System32\gdi32full.dll                                                                                               	0x7ffd136b0000        	1       	StaticDependency    
7412      	RuntimeBroker.      	msvcp_win.dll                                                         	0x9d000         	C:\Windows\System32\msvcp_win.dll                                                                                               	0x7ffd130e0000        	1       	StaticDependency    
7412      	RuntimeBroker.      	IMM32.DLL                                                             	0x30000         	C:\Windows\System32\IMM32.DLL                                                                                                   	0x7ffd15780000        	1       	DynamicLoad         
7412      	RuntimeBroker.      	clbcatq.dll                                                           	0xa9000         	C:\Windows\System32\clbcatq.dll                                                                                                 	0x7ffd13d50000        	1       	DelayloadDependency 
7412      	RuntimeBroker.      	windows.internal.shell.broker.dll                                     	0xd9000         	C:\Windows\System32\windows.internal.shell.broker.dll                                                                           	0x7ffcf6020000        	1       	DynamicLoad         
7412      	RuntimeBroker.      	SHCORE.dll                                                            	0xad000         	C:\Windows\System32\SHCORE.dll                                                                                                  	0x7ffd13880000        	1       	StaticDependency    
7412      	RuntimeBroker.      	OLEAUT32.dll                                                          	0xcd000         	C:\Windows\System32\OLEAUT32.dll                                                                                                	0x7ffd13e00000        	1       	StaticDependency    
7412      	RuntimeBroker.      	shlwapi.dll                                                           	0x55000         	C:\Windows\System32\shlwapi.dll                                                                                                 	0x7ffd15550000        	1       	StaticDependency    
7412      	RuntimeBroker.      	UxTheme.dll                                                           	0x9e000         	C:\Windows\System32\UxTheme.dll                                                                                                 	0x7ffd108e0000        	1       	StaticDependency    
7412      	RuntimeBroker.      	d3d11.dll                                                             	0x263000        	C:\Windows\System32\d3d11.dll                                                                                                   	0x7ffd0f750000        	1       	StaticDependency    
7412      	RuntimeBroker.      	PROPSYS.dll                                                           	0xf6000         	C:\Windows\System32\PROPSYS.dll                                                                                                 	0x7ffd0ea50000        	1       	StaticDependency    
7412      	RuntimeBroker.      	WININET.dll                                                           	0x4d9000        	C:\Windows\System32\WININET.dll                                                                                                 	0x7ffd04830000        	2       	StaticDependency    
7412      	RuntimeBroker.      	advapi32.dll                                                          	0xaf000         	C:\Windows\System32\advapi32.dll                                                                                                	0x7ffd15040000        	1       	StaticDependency    
7412      	RuntimeBroker.      	dxgi.dll                                                              	0xf3000         	C:\Windows\System32\dxgi.dll                                                                                                    	0x7ffd11790000        	1       	StaticDependency    
7412      	RuntimeBroker.      	windows.staterepositorycore.dll                                       	0x11000         	C:\Windows\SYSTEM32\windows.staterepositorycore.dll                                                                             	0x7ffd067c0000        	1       	DelayloadDependency 
7412      	RuntimeBroker.      	windows.storage.dll                                                   	0x793000        	C:\Windows\system32\windows.storage.dll                                                                                         	0x7ffd10fb0000        	1       	DynamicLoad         
7412      	RuntimeBroker.      	Wldp.dll                                                              	0x2e000         	C:\Windows\system32\Wldp.dll                                                                                                    	0x7ffd12850000        	1       	StaticDependency    
7412      	RuntimeBroker.      	policymanager.dll                                                     	0xa3000         	C:\Windows\SYSTEM32\policymanager.dll                                                                                           	0x7ffd0c380000        	1       	DelayloadDependency 
7412      	RuntimeBroker.      	msvcp110_win.dll                                                      	0x8a000         	C:\Windows\System32\msvcp110_win.dll                                                                                            	0x7ffd11fa0000        	1       	StaticDependency    
7412      	RuntimeBroker.      	shell32.dll                                                           	0x744000        	C:\Windows\System32\shell32.dll                                                                                                 	0x7ffd14200000        	1       	DelayloadDependency 
7412      	RuntimeBroker.      	LINKINFO.dll                                                          	0xd000          	C:\Windows\System32\LINKINFO.dll                                                                                                	0x7ffcf9920000        	1       	DelayloadDependency 
7412      	RuntimeBroker.      	ole32.dll                                                             	0x12a000        	C:\Windows\System32\ole32.dll                                                                                                   	0x7ffd140d0000        	1       	DelayloadDependency 
7412      	RuntimeBroker.      	apphelp.dll                                                           	0x91000         	C:\Windows\SYSTEM32\apphelp.dll                                                                                                 	0x7ffd10730000        	1       	DelayloadDependency 
7412      	RuntimeBroker.      	appresolver.dll                                                       	0x90000         	C:\Windows\System32\appresolver.dll                                                                                             	0x7ffcf9750000        	1       	DynamicLoad         
7412      	RuntimeBroker.      	Bcp47Langs.dll                                                        	0x5b000         	C:\Windows\System32\Bcp47Langs.dll                                                                                              	0x7ffd0ad50000        	1       	StaticDependency    
7412      	RuntimeBroker.      	SLC.dll                                                               	0x29000         	C:\Windows\System32\SLC.dll                                                                                                     	0x7ffd11a10000        	1       	StaticDependency    
7412      	RuntimeBroker.      	USERENV.dll                                                           	0x2e000         	C:\Windows\System32\USERENV.dll                                                                                                 	0x7ffd12d90000        	1       	StaticDependency    
7412      	RuntimeBroker.      	sppc.dll                                                              	0x25000         	C:\Windows\System32\sppc.dll                                                                                                    	0x7ffd119e0000        	1       	StaticDependency    
7412      	RuntimeBroker.      	coml2.dll                                                             	0x79000         	C:\Windows\System32\coml2.dll                                                                                                   	0x7ffd15700000        	1       	DelayloadDependency 
7412      	RuntimeBroker.      	CFGMGR32.dll                                                          	0x4e000         	C:\Windows\System32\CFGMGR32.dll                                                                                                	0x7ffd137d0000        	1       	DelayloadDependency 
7412      	RuntimeBroker.      	profapi.dll                                                           	0x1f000         	C:\Windows\system32\profapi.dll                                                                                                 	0x7ffd12e10000        	1       	DelayloadDependency 
7412      	RuntimeBroker.      	MrmCoreR.dll                                                          	0xf4000         	C:\Windows\System32\MrmCoreR.dll                                                                                                	0x7ffd0ac10000        	1       	DynamicLoad         
7412      	RuntimeBroker.      	languageoverlayutil.dll                                               	0x41000         	C:\Windows\SYSTEM32\languageoverlayutil.dll                                                                                     	0x7ffd0a790000        	1       	DelayloadDependency 
7412      	RuntimeBroker.      	bcp47mrm.dll                                                          	0x2d000         	C:\Windows\System32\bcp47mrm.dll                                                                                                	0x7ffd0a760000        	1       	DelayloadDependency 
7412      	RuntimeBroker.      	iertutil.dll                                                          	0x2b1000        	C:\Windows\System32\iertutil.dll                                                                                                	0x7ffd09010000        	1       	StaticDependency    
7412      	RuntimeBroker.      	comctl32.dll                                                          	0x29a000        	C:\Windows\WinSxS\amd64_microsoft.windows.common-controls_6595b64144ccf1df_6.0.19041.1110_none_60b5254171f9507e\comctl32.dll    	0x7ffcfbf90000        	1       	DynamicLoad         
7412      	RuntimeBroker.      	Secur32.dll                                                           	0xc000          	C:\Windows\System32\Secur32.dll                                                                                                 	0x7ffd05e80000        	1       	DynamicLoad         
7412      	RuntimeBroker.      	SSPICLI.DLL                                                           	0x32000         	C:\Windows\System32\SSPICLI.DLL                                                                                                 	0x7ffd12dc0000        	1       	DynamicForwarderDependency
7412      	RuntimeBroker.      	MLANG.dll                                                             	0x42000         	C:\Windows\System32\MLANG.dll                                                                                                   	0x7ffcf0460000        	1       	DynamicLoad         
7412      	RuntimeBroker.      	windowscodecs.dll                                                     	0x1b4000        	C:\Windows\system32\windowscodecs.dll                                                                                           	0x7ffd0dba0000        	1       	DynamicLoad         
7412      	RuntimeBroker.      	bcrypt.dll                                                            	0x27000         	C:\Windows\System32\bcrypt.dll                                                                                                  	0x7ffd13280000        	2       	StaticDependency    
7412      	RuntimeBroker.      	OneCoreUAPCommonProxyStub.dll                                         	0x7cb000        	C:\Windows\System32\OneCoreUAPCommonProxyStub.dll                                                                               	0x7ffd0c960000        	1       	DynamicLoad         
7412      	RuntimeBroker.      	thumbcache.dll                                                        	0x66000         	C:\Windows\System32\thumbcache.dll                                                                                              	0x7ffcf8990000        	1       	DynamicLoad         
744       	SecurityHealth      	ntdll.dll                                                             	0x1f8000        	C:\Windows\SYSTEM32\ntdll.dll                                                                                                   	0x7ffd157f0000        	2       	StaticDependency    
744       	SecurityHealth      	KERNEL32.DLL                                                          	0xbf000         	C:\Windows\System32\KERNEL32.DLL                                                                                                	0x7ffd155b0000        	2       	DynamicLoad         
744       	SecurityHealth      	KERNELBASE.dll                                                        	0x2f6000        	C:\Windows\System32\KERNELBASE.dll                                                                                              	0x7ffd133b0000        	1       	StaticDependency    
744       	SecurityHealth      	USER32.dll                                                            	0x19d000        	C:\Windows\System32\USER32.dll                                                                                                  	0x7ffd14e90000        	2       	StaticDependency    
744       	SecurityHealth      	win32u.dll                                                            	0x22000         	C:\Windows\System32\win32u.dll                                                                                                  	0x7ffd13820000        	2       	StaticDependency    
744       	SecurityHealth      	GDI32.dll                                                             	0x2c000         	C:\Windows\System32\GDI32.dll                                                                                                   	0x7ffd13bf0000        	2       	StaticDependency    
744       	SecurityHealth      	gdi32full.dll                                                         	0x115000        	C:\Windows\System32\gdi32full.dll                                                                                               	0x7ffd136b0000        	2       	StaticDependency    
744       	SecurityHealth      	msvcp_win.dll                                                         	0x9d000         	C:\Windows\System32\msvcp_win.dll                                                                                               	0x7ffd130e0000        	2       	StaticDependency    
744       	SecurityHealth      	ucrtbase.dll                                                          	0x100000        	C:\Windows\System32\ucrtbase.dll                                                                                                	0x7ffd13180000        	2       	StaticDependency    
744       	SecurityHealth      	ole32.dll                                                             	0x12a000        	C:\Windows\System32\ole32.dll                                                                                                   	0x7ffd140d0000        	2       	StaticDependency    
744       	SecurityHealth      	RPCRT4.dll                                                            	0x126000        	C:\Windows\System32\RPCRT4.dll                                                                                                  	0x7ffd13c20000        	2       	StaticDependency    
744       	SecurityHealth      	combase.dll                                                           	0x354000        	C:\Windows\System32\combase.dll                                                                                                 	0x7ffd150f0000        	2       	StaticDependency    
744       	SecurityHealth      	ADVAPI32.dll                                                          	0xaf000         	C:\Windows\System32\ADVAPI32.dll                                                                                                	0x7ffd15040000        	2       	StaticDependency    
744       	SecurityHealth      	msvcrt.dll                                                            	0x9e000         	C:\Windows\System32\msvcrt.dll                                                                                                  	0x7ffd13af0000        	2       	StaticDependency    
744       	SecurityHealth      	sechost.dll                                                           	0x9c000         	C:\Windows\System32\sechost.dll                                                                                                 	0x7ffd15450000        	2       	StaticDependency    
744       	SecurityHealth      	IMM32.DLL                                                             	0x30000         	C:\Windows\System32\IMM32.DLL                                                                                                   	0x7ffd15780000        	1       	DynamicLoad         
744       	SecurityHealth      	kernel.appcore.dll                                                    	0x12000         	C:\Windows\SYSTEM32\kernel.appcore.dll                                                                                          	0x7ffd10db0000        	1       	DelayloadDependency 
744       	SecurityHealth      	bcryptPrimitives.dll                                                  	0x82000         	C:\Windows\System32\bcryptPrimitives.dll                                                                                        	0x7ffd132b0000        	3       	DelayloadDependency 
744       	SecurityHealth      	atlthunk.dll                                                          	0xd000          	C:\Windows\SYSTEM32\atlthunk.dll                                                                                                	0x7ffcf1bc0000        	1       	DynamicLoad         
744       	SecurityHealth      	uxtheme.dll                                                           	0x9e000         	C:\Windows\system32\uxtheme.dll                                                                                                 	0x7ffd108e0000        	1       	DynamicLoad         
744       	SecurityHealth      	MSCTF.dll                                                             	0x114000        	C:\Windows\System32\MSCTF.dll                                                                                                   	0x7ffd13fb0000        	1       	DelayloadDependency 
744       	SecurityHealth      	OLEAUT32.dll                                                          	0xcd000         	C:\Windows\System32\OLEAUT32.dll                                                                                                	0x7ffd13e00000        	1       	StaticDependency    
744       	SecurityHealth      	clbcatq.dll                                                           	0xa9000         	C:\Windows\System32\clbcatq.dll                                                                                                 	0x7ffd13d50000        	1       	DelayloadDependency 
744       	SecurityHealth      	SecurityHealthSSO.dll                                                 	0xef000         	C:\Windows\System32\SecurityHealthSSO.dll                                                                                       	0x7ffcea400000        	1       	DynamicLoad         
744       	SecurityHealth      	shcore.dll                                                            	0xad000         	C:\Windows\System32\shcore.dll                                                                                                  	0x7ffd13880000        	1       	StaticDependency    
744       	SecurityHealth      	SHELL32.dll                                                           	0x744000        	C:\Windows\System32\SHELL32.dll                                                                                                 	0x7ffd14200000        	1       	DelayloadDependency 
744       	SecurityHealth      	windows.storage.dll                                                   	0x793000        	C:\Windows\SYSTEM32\windows.storage.dll                                                                                         	0x7ffd10fb0000        	1       	DelayloadDependency 
744       	SecurityHealth      	Wldp.dll                                                              	0x2e000         	C:\Windows\System32\Wldp.dll                                                                                                    	0x7ffd12850000        	1       	StaticDependency    
744       	SecurityHealth      	shlwapi.dll                                                           	0x55000         	C:\Windows\System32\shlwapi.dll                                                                                                 	0x7ffd15550000        	1       	DelayloadDependency 
744       	SecurityHealth      	SecurityHealthProxyStub.dll                                           	0x1f000         	C:\Windows\system32\SecurityHealthProxyStub.dll                                                                                 	0x7ffcea380000        	1       	DynamicLoad         
1300      	vmtoolsd.exe        	ntdll.dll                                                             	0x1f8000        	C:\Windows\SYSTEM32\ntdll.dll                                                                                                   	0x7ffd157f0000        	2       	StaticDependency    
1300      	vmtoolsd.exe        	KERNEL32.DLL                                                          	0xbf000         	C:\Windows\System32\KERNEL32.DLL                                                                                                	0x7ffd155b0000        	2       	DynamicLoad         
1300      	vmtoolsd.exe        	KERNELBASE.dll                                                        	0x2f6000        	C:\Windows\System32\KERNELBASE.dll                                                                                              	0x7ffd133b0000        	1       	StaticDependency    
1300      	vmtoolsd.exe        	ADVAPI32.dll                                                          	0xaf000         	C:\Windows\System32\ADVAPI32.dll                                                                                                	0x7ffd15040000        	2       	StaticDependency    
1300      	vmtoolsd.exe        	msvcrt.dll                                                            	0x9e000         	C:\Windows\System32\msvcrt.dll                                                                                                  	0x7ffd13af0000        	2       	StaticDependency    
1300      	vmtoolsd.exe        	sechost.dll                                                           	0x9c000         	C:\Windows\System32\sechost.dll                                                                                                 	0x7ffd15450000        	2       	StaticDependency    
1300      	vmtoolsd.exe        	RPCRT4.dll                                                            	0x126000        	C:\Windows\System32\RPCRT4.dll                                                                                                  	0x7ffd13c20000        	2       	StaticDependency    
1300      	vmtoolsd.exe        	ole32.dll                                                             	0x12a000        	C:\Windows\System32\ole32.dll                                                                                                   	0x7ffd140d0000        	2       	StaticDependency    
1300      	vmtoolsd.exe        	ucrtbase.dll                                                          	0x100000        	C:\Windows\System32\ucrtbase.dll                                                                                                	0x7ffd13180000        	2       	StaticDependency    
1300      	vmtoolsd.exe        	combase.dll                                                           	0x354000        	C:\Windows\System32\combase.dll                                                                                                 	0x7ffd150f0000        	2       	StaticDependency    
1300      	vmtoolsd.exe        	GDI32.dll                                                             	0x2c000         	C:\Windows\System32\GDI32.dll                                                                                                   	0x7ffd13bf0000        	2       	StaticDependency    
1300      	vmtoolsd.exe        	win32u.dll                                                            	0x22000         	C:\Windows\System32\win32u.dll                                                                                                  	0x7ffd13820000        	2       	StaticDependency    
1300      	vmtoolsd.exe        	gdi32full.dll                                                         	0x115000        	C:\Windows\System32\gdi32full.dll                                                                                               	0x7ffd136b0000        	2       	StaticDependency    
1300      	vmtoolsd.exe        	msvcp_win.dll                                                         	0x9d000         	C:\Windows\System32\msvcp_win.dll                                                                                               	0x7ffd130e0000        	2       	StaticDependency    
1300      	vmtoolsd.exe        	USER32.dll                                                            	0x19d000        	C:\Windows\System32\USER32.dll                                                                                                  	0x7ffd14e90000        	2       	StaticDependency    
1300      	vmtoolsd.exe        	WS2_32.dll                                                            	0x6b000         	C:\Windows\System32\WS2_32.dll                                                                                                  	0x7ffd14dc0000        	2       	StaticDependency    
1300      	vmtoolsd.exe        	VERSION.dll                                                           	0xa000          	C:\Windows\SYSTEM32\VERSION.dll                                                                                                 	0x7ffd0b9b0000        	2       	StaticDependency    
1300      	vmtoolsd.exe        	intl.dll                                                              	0x18000         	C:\Program Files\VMware\VMware Tools\intl.dll                                                                                   	0x7ffd03c80000        	2       	StaticDependency    
1300      	vmtoolsd.exe        	glib-2.0-0.dll                                                        	0x14b000        	C:\Program Files\VMware\VMware Tools\glib-2.0-0.dll                                                                             	0x7ffd03b30000        	2       	StaticDependency    
1300      	vmtoolsd.exe        	SHELL32.dll                                                           	0x744000        	C:\Windows\System32\SHELL32.dll                                                                                                 	0x7ffd14200000        	2       	StaticDependency    
1300      	vmtoolsd.exe        	gmodule-2.0-0.dll                                                     	0xa000          	C:\Program Files\VMware\VMware Tools\gmodule-2.0-0.dll                                                                          	0x7ffd03a50000        	2       	StaticDependency    
1300      	vmtoolsd.exe        	vmtools.dll                                                           	0xe4000         	C:\Program Files\VMware\VMware Tools\vmtools.dll                                                                                	0x7ffd036b0000        	2       	StaticDependency    
1300      	vmtoolsd.exe        	gobject-2.0-0.dll                                                     	0x54000         	C:\Program Files\VMware\VMware Tools\gobject-2.0-0.dll                                                                          	0x7ffd039f0000        	2       	StaticDependency    
1300      	vmtoolsd.exe        	VCRUNTIME140_1.dll                                                    	0xc000          	C:\Windows\SYSTEM32\VCRUNTIME140_1.dll                                                                                          	0x7ffd044d0000        	2       	StaticDependency    
1300      	vmtoolsd.exe        	VCRUNTIME140.dll                                                      	0x1f000         	C:\Windows\SYSTEM32\VCRUNTIME140.dll                                                                                            	0x7ffd044e0000        	2       	StaticDependency    
1300      	vmtoolsd.exe        	OLEAUT32.dll                                                          	0xcd000         	C:\Windows\System32\OLEAUT32.dll                                                                                                	0x7ffd13e00000        	2       	StaticDependency    
1300      	vmtoolsd.exe        	CRYPT32.dll                                                           	0x15e000        	C:\Windows\System32\CRYPT32.dll                                                                                                 	0x7ffd12f80000        	2       	StaticDependency    
1300      	vmtoolsd.exe        	WINTRUST.dll                                                          	0x67000         	C:\Windows\System32\WINTRUST.dll                                                                                                	0x7ffd13340000        	2       	StaticDependency    
1300      	vmtoolsd.exe        	pcre2-8.dll                                                           	0x5a000         	C:\Program Files\VMware\VMware Tools\pcre2-8.dll                                                                                	0x7ffd03380000        	2       	StaticDependency    
1300      	vmtoolsd.exe        	IMM32.DLL                                                             	0x30000         	C:\Windows\System32\IMM32.DLL                                                                                                   	0x7ffd15780000        	1       	DynamicLoad         
1300      	vmtoolsd.exe        	MSASN1.dll                                                            	0x12000         	C:\Windows\SYSTEM32\MSASN1.dll                                                                                                  	0x7ffd12a50000        	1       	DelayloadDependency 
1300      	vmtoolsd.exe        	IpHlpApi.dll                                                          	0x3c000         	C:\Windows\SYSTEM32\IpHlpApi.dll                                                                                                	0x7ffd122a0000        	1       	DynamicLoad         
1300      	vmtoolsd.exe        	SspiCli.dll                                                           	0x32000         	C:\Windows\SYSTEM32\SspiCli.dll                                                                                                 	0x7ffd12dc0000        	1       	DelayloadDependency 
1300      	vmtoolsd.exe        	ntmarta.dll                                                           	0x33000         	C:\Windows\SYSTEM32\ntmarta.dll                                                                                                 	0x7ffd11f60000        	1       	DelayloadDependency 
1300      	vmtoolsd.exe        	windows.storage.dll                                                   	0x793000        	C:\Windows\SYSTEM32\windows.storage.dll                                                                                         	0x7ffd10fb0000        	1       	DelayloadDependency 
1300      	vmtoolsd.exe        	Wldp.dll                                                              	0x2e000         	C:\Windows\SYSTEM32\Wldp.dll                                                                                                    	0x7ffd12850000        	1       	StaticDependency    
1300      	vmtoolsd.exe        	SHCORE.dll                                                            	0xad000         	C:\Windows\System32\SHCORE.dll                                                                                                  	0x7ffd13880000        	1       	DelayloadDependency 
1300      	vmtoolsd.exe        	shlwapi.dll                                                           	0x55000         	C:\Windows\System32\shlwapi.dll                                                                                                 	0x7ffd15550000        	1       	DelayloadDependency 
1300      	vmtoolsd.exe        	profapi.dll                                                           	0x1f000         	C:\Windows\SYSTEM32\profapi.dll                                                                                                 	0x7ffd12e10000        	1       	DelayloadDependency 
1300      	vmtoolsd.exe        	uxtheme.dll                                                           	0x9e000         	C:\Windows\system32\uxtheme.dll                                                                                                 	0x7ffd108e0000        	1       	DynamicLoad         
1300      	vmtoolsd.exe        	MSCTF.dll                                                             	0x114000        	C:\Windows\System32\MSCTF.dll                                                                                                   	0x7ffd13fb0000        	1       	DelayloadDependency 
1300      	vmtoolsd.exe        	vsocklib.dll                                                          	0xa000          	C:\Windows\system32\vsocklib.dll                                                                                                	0x7ffd02c10000        	1       	DynamicLoad         
1300      	vmtoolsd.exe        	kernel.appcore.dll                                                    	0x12000         	C:\Windows\SYSTEM32\kernel.appcore.dll                                                                                          	0x7ffd10db0000        	1       	DynamicLoad         
1300      	vmtoolsd.exe        	hgfsServer.dll                                                        	0x89000         	C:\Program Files\VMware\VMware Tools\plugins\common\hgfsServer.dll                                                              	0x7ffd028c0000        	1       	DynamicLoad         
1300      	vmtoolsd.exe        	hgfs.dll                                                              	0x2a000         	C:\Program Files\VMware\VMware Tools\hgfs.dll                                                                                   	0x7ffd02b00000        	1       	StaticDependency    
1300      	vmtoolsd.exe        	MPR.dll                                                               	0x1d000         	C:\Windows\SYSTEM32\MPR.dll                                                                                                     	0x7ffd02ca0000        	1       	StaticDependency    
1300      	vmtoolsd.exe        	hgfsUsability.dll                                                     	0xd000          	C:\Program Files\VMware\VMware Tools\plugins\common\hgfsUsability.dll                                                           	0x7ffd028b0000        	1       	DynamicLoad         
1300      	vmtoolsd.exe        	USERENV.dll                                                           	0x2e000         	C:\Windows\SYSTEM32\USERENV.dll                                                                                                 	0x7ffd12d90000        	1       	StaticDependency    
1300      	vmtoolsd.exe        	vix.dll                                                               	0x103000        	C:\Program Files\VMware\VMware Tools\plugins\common\vix.dll                                                                     	0x7ffd027a0000        	1       	DynamicLoad         
1300      	vmtoolsd.exe        	Secur32.dll                                                           	0xc000          	C:\Windows\SYSTEM32\Secur32.dll                                                                                                 	0x7ffd05e80000        	1       	StaticDependency    
1300      	vmtoolsd.exe        	NETAPI32.dll                                                          	0x19000         	C:\Windows\SYSTEM32\NETAPI32.dll                                                                                                	0x7ffd041a0000        	1       	StaticDependency    
1300      	vmtoolsd.exe        	NETUTILS.DLL                                                          	0xc000          	C:\Windows\SYSTEM32\NETUTILS.DLL                                                                                                	0x7ffd123b0000        	1       	StaticForwarderDependency
1300      	vmtoolsd.exe        	SAMCLI.DLL                                                            	0x19000         	C:\Windows\SYSTEM32\SAMCLI.DLL                                                                                                  	0x7ffd092d0000        	1       	StaticForwarderDependency
1300      	vmtoolsd.exe        	darkModeSync.dll                                                      	0x9000          	C:\Program Files\VMware\VMware Tools\plugins\vmusr\darkModeSync.dll                                                             	0x7ffcefe20000        	1       	DynamicLoad         
1300      	vmtoolsd.exe        	MSVCP140.dll                                                          	0x88000         	C:\Windows\SYSTEM32\MSVCP140.dll                                                                                                	0x7ffd04500000        	1       	StaticDependency    
1300      	vmtoolsd.exe        	dndcp.dll                                                             	0x87000         	C:\Program Files\VMware\VMware Tools\plugins\vmusr\dndcp.dll                                                                    	0x7ffce9a30000        	1       	DynamicLoad         
1300      	vmtoolsd.exe        	sigc-3.0-0.dll                                                        	0xe000          	C:\Program Files\VMware\VMware Tools\sigc-3.0-0.dll                                                                             	0x7ffcefe10000        	1       	StaticDependency    
1300      	vmtoolsd.exe        	unity.dll                                                             	0x2fa000        	C:\Program Files\VMware\VMware Tools\plugins\vmusr\unity.dll                                                                    	0x7ffce9730000        	1       	DynamicLoad         
1300      	vmtoolsd.exe        	PSAPI.DLL                                                             	0x8000          	C:\Windows\System32\PSAPI.DLL                                                                                                   	0x7ffd13ae0000        	1       	StaticDependency    
1300      	vmtoolsd.exe        	dwmapi.dll                                                            	0x2f000         	C:\Windows\SYSTEM32\dwmapi.dll                                                                                                  	0x7ffd10bd0000        	1       	StaticDependency    
1300      	vmtoolsd.exe        	glibmm-2.68-1.dll                                                     	0x6a000         	C:\Program Files\VMware\VMware Tools\glibmm-2.68-1.dll                                                                          	0x7ffce96c0000        	1       	StaticDependency    
1300      	vmtoolsd.exe        	vmtray.dll                                                            	0x20000         	C:\Program Files\VMware\VMware Tools\plugins\vmusr\vmtray.dll                                                                   	0x7ffcea3e0000        	1       	DynamicLoad         
1300      	vmtoolsd.exe        	mfc140u.dll                                                           	0x56d000        	C:\Windows\SYSTEM32\mfc140u.dll                                                                                                 	0x7ffce9150000        	1       	StaticDependency    
1300      	vmtoolsd.exe        	Comctl32.dll                                                          	0xb0000         	C:\Windows\WinSxS\amd64_microsoft.windows.common-controls_6595b64144ccf1df_5.82.19041.1110_none_792d1c772443f647\Comctl32.dll   	0x7ffce90a0000        	1       	DynamicLoad         
1300      	vmtoolsd.exe        	bcryptPrimitives.dll                                                  	0x82000         	C:\Windows\System32\bcryptPrimitives.dll                                                                                        	0x7ffd132b0000        	3       	DelayloadDependency 
1300      	vmtoolsd.exe        	textinputframework.dll                                                	0xfa000         	C:\Windows\SYSTEM32\textinputframework.dll                                                                                      	0x7ffd0a940000        	1       	DelayloadDependency 
1300      	vmtoolsd.exe        	CoreMessaging.dll                                                     	0xf2000         	C:\Windows\System32\CoreMessaging.dll                                                                                           	0x7ffd103f0000        	2       	StaticDependency    
1300      	vmtoolsd.exe        	CoreUIComponents.dll                                                  	0x35e000        	C:\Windows\System32\CoreUIComponents.dll                                                                                        	0x7ffd0fd10000        	2       	StaticDependency    
1300      	vmtoolsd.exe        	wintypes.dll                                                          	0x154000        	C:\Windows\SYSTEM32\wintypes.dll                                                                                                	0x7ffd0ebd0000        	1       	StaticDependency    
1300      	vmtoolsd.exe        	clbcatq.dll                                                           	0xa9000         	C:\Windows\System32\clbcatq.dll                                                                                                 	0x7ffd13d50000        	1       	DelayloadDependency 
1300      	vmtoolsd.exe        	dataexchange.dll                                                      	0x3e000         	C:\Windows\system32\dataexchange.dll                                                                                            	0x7ffcf8c20000        	1       	DynamicLoad         
1300      	vmtoolsd.exe        	d3d11.dll                                                             	0x263000        	C:\Windows\system32\d3d11.dll                                                                                                   	0x7ffd0f750000        	1       	StaticDependency    
1300      	vmtoolsd.exe        	dcomp.dll                                                             	0x1e3000        	C:\Windows\system32\dcomp.dll                                                                                                   	0x7ffd0f9c0000        	1       	StaticDependency    
1300      	vmtoolsd.exe        	dxgi.dll                                                              	0xf3000         	C:\Windows\system32\dxgi.dll                                                                                                    	0x7ffd11790000        	1       	StaticDependency    
1300      	vmtoolsd.exe        	twinapi.appcore.dll                                                   	0x200000        	C:\Windows\system32\twinapi.appcore.dll                                                                                         	0x7ffd0de50000        	1       	DelayloadDependency 
1300      	vmtoolsd.exe        	VMToolsHook64.dll                                                     	0x88000         	C:\Program Files\VMware\VMware Tools\VMToolsHook64.dll                                                                          	0x7ffce9010000        	1       	DynamicLoad         
1300      	vmtoolsd.exe        	gdiplus.dll                                                           	0x1a5000        	C:\Windows\WinSxS\amd64_microsoft.windows.gdiplus_6595b64144ccf1df_1.1.19041.2251_none_91a40448cc8846c1\gdiplus.dll             	0x7ffcf01a0000        	1       	DynamicLoad         
1300      	vmtoolsd.exe        	PROPSYS.dll                                                           	0xf6000         	C:\Windows\SYSTEM32\PROPSYS.dll                                                                                                 	0x7ffd0ea50000        	1       	DelayloadDependency 
1300      	vmtoolsd.exe        	CFGMGR32.dll                                                          	0x4e000         	C:\Windows\System32\CFGMGR32.dll                                                                                                	0x7ffd137d0000        	1       	DelayloadDependency 
1300      	vmtoolsd.exe        	msxml3.dll                                                            	0x20c000        	C:\Windows\System32\msxml3.dll                                                                                                  	0x7ffce7890000        	1       	DynamicLoad         
1300      	vmtoolsd.exe        	bcrypt.dll                                                            	0x27000         	C:\Windows\System32\bcrypt.dll                                                                                                  	0x7ffd13280000        	2       	StaticDependency    
1300      	vmtoolsd.exe        	AppxPackaging.dll                                                     	0x1c5000        	C:\Windows\System32\AppxPackaging.dll                                                                                           	0x7ffce6fa0000        	1       	DynamicLoad         
1300      	vmtoolsd.exe        	urlmon.dll                                                            	0x1ec000        	C:\Windows\System32\urlmon.dll                                                                                                  	0x7ffd08ce0000        	1       	StaticDependency    
1300      	vmtoolsd.exe        	XmlLite.dll                                                           	0x36000         	C:\Windows\System32\XmlLite.dll                                                                                                 	0x7ffd0ea10000        	1       	StaticDependency    
1300      	vmtoolsd.exe        	iertutil.dll                                                          	0x2b1000        	C:\Windows\System32\iertutil.dll                                                                                                	0x7ffd09010000        	1       	StaticDependency    
1300      	vmtoolsd.exe        	srvcli.dll                                                            	0x28000         	C:\Windows\System32\srvcli.dll                                                                                                  	0x7ffd08cb0000        	1       	StaticDependency    
1300      	vmtoolsd.exe        	OpcServices.DLL                                                       	0x21d000        	C:\Windows\System32\OpcServices.DLL                                                                                             	0x7ffce6d80000        	1       	StaticDependency    
1300      	vmtoolsd.exe        	CRYPTXML.dll                                                          	0x23000         	C:\Windows\System32\CRYPTXML.dll                                                                                                	0x7ffcefc50000        	1       	DelayloadDependency 
1300      	vmtoolsd.exe        	webservices.dll                                                       	0x153000        	C:\Windows\System32\webservices.dll                                                                                             	0x7ffcefa10000        	1       	StaticDependency    
1300      	vmtoolsd.exe        	msxml6.dll                                                            	0x25f000        	C:\Windows\System32\msxml6.dll                                                                                                  	0x7ffcfcf00000        	1       	DynamicLoad         
1300      	vmtoolsd.exe        	mrmcorer.dll                                                          	0xf4000         	C:\Windows\SYSTEM32\mrmcorer.dll                                                                                                	0x7ffd0ac10000        	1       	DelayloadDependency 
1300      	vmtoolsd.exe        	windows.staterepositorycore.dll                                       	0x11000         	C:\Windows\SYSTEM32\windows.staterepositorycore.dll                                                                             	0x7ffd067c0000        	1       	DelayloadDependency 
1300      	vmtoolsd.exe        	Windows.UI.dll                                                        	0x141000        	C:\Windows\System32\Windows.UI.dll                                                                                              	0x7ffd0aa40000        	1       	DynamicLoad         
1300      	vmtoolsd.exe        	WindowManagementAPI.dll                                               	0xa1000         	C:\Windows\System32\WindowManagementAPI.dll                                                                                     	0x7ffd0e050000        	1       	StaticDependency    
1300      	vmtoolsd.exe        	InputHost.dll                                                         	0x152000        	C:\Windows\System32\InputHost.dll                                                                                               	0x7ffd0a7e0000        	1       	StaticDependency    
1300      	vmtoolsd.exe        	bcp47mrm.dll                                                          	0x2d000         	C:\Windows\SYSTEM32\bcp47mrm.dll                                                                                                	0x7ffd0a760000        	1       	DelayloadDependency 
1300      	vmtoolsd.exe        	languageoverlayutil.dll                                               	0x41000         	C:\Windows\SYSTEM32\languageoverlayutil.dll                                                                                     	0x7ffd0a790000        	1       	DelayloadDependency 
1300      	vmtoolsd.exe        	edputil.dll                                                           	0x24000         	C:\Windows\SYSTEM32\edputil.dll                                                                                                 	0x7ffcfb770000        	1       	DelayloadDependency 
1300      	vmtoolsd.exe        	WindowsCodecs.dll                                                     	0x1b4000        	C:\Windows\SYSTEM32\WindowsCodecs.dll                                                                                           	0x7ffd0dba0000        	1       	DynamicLoad         
1300      	vmtoolsd.exe        	LINKINFO.dll                                                          	0xd000          	C:\Windows\SYSTEM32\LINKINFO.dll                                                                                                	0x7ffcf9920000        	1       	DelayloadDependency 
1300      	vmtoolsd.exe        	IconCodecService.dll                                                  	0x9000          	C:\Windows\system32\IconCodecService.dll                                                                                        	0x7ffcf14a0000        	1       	DynamicLoad         
1300      	vmtoolsd.exe        	comctl32.dll                                                          	0x29a000        	C:\Windows\WinSxS\amd64_microsoft.windows.common-controls_6595b64144ccf1df_6.0.19041.1110_none_60b5254171f9507e\comctl32.dll    	0x7ffcfbf90000        	1       	DynamicLoad         
1300      	vmtoolsd.exe        	thumbcache.dll                                                        	0x66000         	C:\Windows\System32\thumbcache.dll                                                                                              	0x7ffcf8990000        	1       	DynamicLoad         
1300      	vmtoolsd.exe        	policymanager.dll                                                     	0xa3000         	C:\Windows\SYSTEM32\policymanager.dll                                                                                           	0x7ffd0c380000        	1       	DelayloadDependency 
1300      	vmtoolsd.exe        	msvcp110_win.dll                                                      	0x8a000         	C:\Windows\SYSTEM32\msvcp110_win.dll                                                                                            	0x7ffd11fa0000        	1       	StaticDependency    
1300      	vmtoolsd.exe        	apphelp.dll                                                           	0x91000         	C:\Windows\SYSTEM32\apphelp.dll                                                                                                 	0x7ffd10730000        	1       	DelayloadDependency 
1300      	vmtoolsd.exe        	ieframe.dll                                                           	0x768000        	C:\Windows\System32\ieframe.dll                                                                                                 	0x7ffce3090000        	1       	DynamicLoad         
1300      	vmtoolsd.exe        	WINHTTP.dll                                                           	0x10a000        	C:\Windows\System32\WINHTTP.dll                                                                                                 	0x7ffd0a550000        	1       	StaticDependency    
1300      	vmtoolsd.exe        	WKSCLI.DLL                                                            	0x19000         	C:\Windows\System32\WKSCLI.DLL                                                                                                  	0x7ffd12030000        	1       	StaticForwarderDependency
1300      	vmtoolsd.exe        	msIso.dll                                                             	0x58000         	C:\Windows\SYSTEM32\msIso.dll                                                                                                   	0x7ffcef8b0000        	1       	DynamicLoad         
1300      	vmtoolsd.exe        	MLANG.dll                                                             	0x42000         	C:\Windows\SYSTEM32\MLANG.dll                                                                                                   	0x7ffcf0460000        	1       	DynamicLoad         
1300      	vmtoolsd.exe        	WININET.dll                                                           	0x4d9000        	C:\Windows\SYSTEM32\WININET.dll                                                                                                 	0x7ffd04830000        	2       	DynamicLoad         
1300      	vmtoolsd.exe        	TextShaping.dll                                                       	0xac000         	C:\Windows\SYSTEM32\TextShaping.dll                                                                                             	0x7ffd06b50000        	1       	DelayloadDependency 
6424      	Everything.exe      	ntdll.dll                                                             	0x1f8000        	C:\Windows\SYSTEM32\ntdll.dll                                                                                                   	0x7ffd157f0000        	2       	StaticDependency    
6424      	Everything.exe      	wow64.dll                                                             	0x59000         	C:\Windows\System32\wow64.dll                                                                                                   	0x7ffd154f0000        	2       	DynamicLoad         
6424      	Everything.exe      	wow64win.dll                                                          	0x83000         	C:\Windows\System32\wow64win.dll                                                                                                	0x7ffd15670000        	1       	StaticDependency    
6424      	Everything.exe      	wow64cpu.dll                                                          	0xa000          	C:\Windows\System32\wow64cpu.dll                                                                                                	0x77da0000            	1       	DynamicLoad         
4312      	svchost.exe         	ntdll.dll                                                             	0x1f8000        	C:\Windows\SYSTEM32\ntdll.dll                                                                                                   	0x7ffd157f0000        	2       	StaticDependency    
4312      	svchost.exe         	KERNEL32.DLL                                                          	0xbf000         	C:\Windows\System32\KERNEL32.DLL                                                                                                	0x7ffd155b0000        	2       	DynamicLoad         
4312      	svchost.exe         	KERNELBASE.dll                                                        	0x2f6000        	C:\Windows\System32\KERNELBASE.dll                                                                                              	0x7ffd133b0000        	1       	StaticDependency    
4312      	svchost.exe         	sechost.dll                                                           	0x9c000         	C:\Windows\System32\sechost.dll                                                                                                 	0x7ffd15450000        	2       	StaticDependency    
4312      	svchost.exe         	RPCRT4.dll                                                            	0x126000        	C:\Windows\System32\RPCRT4.dll                                                                                                  	0x7ffd13c20000        	2       	StaticDependency    
4312      	svchost.exe         	ucrtbase.dll                                                          	0x100000        	C:\Windows\System32\ucrtbase.dll                                                                                                	0x7ffd13180000        	2       	StaticDependency    
4312      	svchost.exe         	combase.dll                                                           	0x354000        	C:\Windows\System32\combase.dll                                                                                                 	0x7ffd150f0000        	1       	DelayloadDependency 
4312      	svchost.exe         	kernel.appcore.dll                                                    	0x12000         	C:\Windows\SYSTEM32\kernel.appcore.dll                                                                                          	0x7ffd10db0000        	1       	DelayloadDependency 
4312      	svchost.exe         	msvcrt.dll                                                            	0x9e000         	C:\Windows\System32\msvcrt.dll                                                                                                  	0x7ffd13af0000        	1       	StaticDependency    
4312      	svchost.exe         	bcryptPrimitives.dll                                                  	0x82000         	C:\Windows\System32\bcryptPrimitives.dll                                                                                        	0x7ffd132b0000        	3       	DelayloadDependency 
4312      	svchost.exe         	user32.dll                                                            	0x19d000        	C:\Windows\System32\user32.dll                                                                                                  	0x7ffd14e90000        	1       	DelayloadDependency 
4312      	svchost.exe         	win32u.dll                                                            	0x22000         	C:\Windows\System32\win32u.dll                                                                                                  	0x7ffd13820000        	1       	StaticDependency    
4312      	svchost.exe         	GDI32.dll                                                             	0x2c000         	C:\Windows\System32\GDI32.dll                                                                                                   	0x7ffd13bf0000        	1       	StaticDependency    
4312      	svchost.exe         	gdi32full.dll                                                         	0x115000        	C:\Windows\System32\gdi32full.dll                                                                                               	0x7ffd136b0000        	1       	StaticDependency    
4312      	svchost.exe         	msvcp_win.dll                                                         	0x9d000         	C:\Windows\System32\msvcp_win.dll                                                                                               	0x7ffd130e0000        	1       	StaticDependency    
4312      	svchost.exe         	pcasvc.dll                                                            	0xdb000         	c:\windows\system32\pcasvc.dll                                                                                                  	0x7ffce6ca0000        	1       	DynamicLoad         
4312      	svchost.exe         	OLEAUT32.dll                                                          	0xcd000         	C:\Windows\System32\OLEAUT32.dll                                                                                                	0x7ffd13e00000        	1       	StaticDependency    
4312      	svchost.exe         	CRYPT32.dll                                                           	0x15e000        	C:\Windows\System32\CRYPT32.dll                                                                                                 	0x7ffd12f80000        	1       	StaticDependency    
4312      	svchost.exe         	cfgmgr32.dll                                                          	0x4e000         	C:\Windows\System32\cfgmgr32.dll                                                                                                	0x7ffd137d0000        	1       	StaticDependency    
4312      	svchost.exe         	advapi32.dll                                                          	0xaf000         	C:\Windows\System32\advapi32.dll                                                                                                	0x7ffd15040000        	1       	StaticDependency    
4312      	svchost.exe         	SETUPAPI.dll                                                          	0x468000        	C:\Windows\System32\SETUPAPI.dll                                                                                                	0x7ffd14950000        	1       	StaticDependency    
4312      	svchost.exe         	bcrypt.dll                                                            	0x27000         	C:\Windows\System32\bcrypt.dll                                                                                                  	0x7ffd13280000        	2       	StaticDependency    
4312      	svchost.exe         	shcore.dll                                                            	0xad000         	C:\Windows\System32\shcore.dll                                                                                                  	0x7ffd13880000        	1       	StaticDependency    
4312      	svchost.exe         	powrprof.dll                                                          	0x4b000         	C:\Windows\SYSTEM32\powrprof.dll                                                                                                	0x7ffd12c90000        	1       	StaticDependency    
4312      	svchost.exe         	WINHTTP.dll                                                           	0x10a000        	c:\windows\system32\WINHTTP.dll                                                                                                 	0x7ffd0a550000        	1       	StaticDependency    
4312      	svchost.exe         	tdh.dll                                                               	0x11b000        	c:\windows\system32\tdh.dll                                                                                                     	0x7ffd11890000        	1       	StaticDependency    
4312      	svchost.exe         	apphelp.dll                                                           	0x91000         	c:\windows\system32\apphelp.dll                                                                                                 	0x7ffd10730000        	1       	StaticDependency    
4312      	svchost.exe         	cryptsp.dll                                                           	0x18000         	C:\Windows\SYSTEM32\cryptsp.dll                                                                                                 	0x7ffd127a0000        	1       	StaticDependency    
4312      	svchost.exe         	USERENV.dll                                                           	0x2e000         	c:\windows\system32\USERENV.dll                                                                                                 	0x7ffd12d90000        	1       	StaticDependency    
4312      	svchost.exe         	UMPDC.dll                                                             	0x12000         	C:\Windows\SYSTEM32\UMPDC.dll                                                                                                   	0x7ffd12a70000        	1       	DelayloadDependency 
4312      	svchost.exe         	WLDP.DLL                                                              	0x2e000         	C:\Windows\SYSTEM32\WLDP.DLL                                                                                                    	0x7ffd12850000        	1       	DynamicLoad         
4312      	svchost.exe         	clbcatq.dll                                                           	0xa9000         	C:\Windows\System32\clbcatq.dll                                                                                                 	0x7ffd13d50000        	1       	DelayloadDependency 
4312      	svchost.exe         	taskschd.dll                                                          	0xac000         	C:\Windows\System32\taskschd.dll                                                                                                	0x7ffd0e5a0000        	1       	DynamicLoad         
4312      	svchost.exe         	SspiCli.dll                                                           	0x32000         	C:\Windows\System32\SspiCli.dll                                                                                                 	0x7ffd12dc0000        	1       	DelayloadDependency 
4312      	svchost.exe         	XmlLite.dll                                                           	0x36000         	C:\Windows\System32\XmlLite.dll                                                                                                 	0x7ffd0ea10000        	1       	DelayloadDependency 
4312      	svchost.exe         	WTSAPI32.dll                                                          	0x14000         	c:\windows\system32\WTSAPI32.dll                                                                                                	0x7ffd0ebb0000        	1       	DelayloadDependency 
4312      	svchost.exe         	WINSTA.dll                                                            	0x64000         	c:\windows\system32\WINSTA.dll                                                                                                  	0x7ffd12880000        	1       	DelayloadDependency 
4312      	svchost.exe         	ntmarta.dll                                                           	0x33000         	C:\Windows\SYSTEM32\ntmarta.dll                                                                                                 	0x7ffd11f60000        	1       	DelayloadDependency 
4312      	svchost.exe         	rsaenh.dll                                                            	0x34000         	C:\Windows\system32\rsaenh.dll                                                                                                  	0x7ffd11ed0000        	1       	DynamicLoad         
4312      	svchost.exe         	CRYPTBASE.dll                                                         	0xc000          	C:\Windows\system32\CRYPTBASE.dll                                                                                               	0x7ffd127c0000        	1       	DelayloadDependency 
948       	OneDrive.exe        	ntdll.dll                                                             	0x1f8000        	C:\Windows\SYSTEM32\ntdll.dll                                                                                                   	0x7ffd157f0000        	2       	StaticDependency    
948       	OneDrive.exe        	KERNEL32.DLL                                                          	0xbf000         	C:\Windows\System32\KERNEL32.DLL                                                                                                	0x7ffd155b0000        	2       	DynamicLoad         
948       	OneDrive.exe        	KERNELBASE.dll                                                        	0x2f6000        	C:\Windows\System32\KERNELBASE.dll                                                                                              	0x7ffd133b0000        	1       	StaticDependency    
948       	OneDrive.exe        	apphelp.dll                                                           	0x91000         	C:\Windows\SYSTEM32\apphelp.dll                                                                                                 	0x7ffd10730000        	2       	DynamicLoad         
948       	OneDrive.exe        	USER32.dll                                                            	0x19d000        	C:\Windows\System32\USER32.dll                                                                                                  	0x7ffd14e90000        	2       	StaticDependency    
948       	OneDrive.exe        	win32u.dll                                                            	0x22000         	C:\Windows\System32\win32u.dll                                                                                                  	0x7ffd13820000        	2       	StaticDependency    
948       	OneDrive.exe        	GDI32.dll                                                             	0x2c000         	C:\Windows\System32\GDI32.dll                                                                                                   	0x7ffd13bf0000        	2       	StaticDependency    
948       	OneDrive.exe        	gdi32full.dll                                                         	0x115000        	C:\Windows\System32\gdi32full.dll                                                                                               	0x7ffd136b0000        	2       	StaticDependency    
948       	OneDrive.exe        	msvcp_win.dll                                                         	0x9d000         	C:\Windows\System32\msvcp_win.dll                                                                                               	0x7ffd130e0000        	2       	StaticDependency    
948       	OneDrive.exe        	ucrtbase.dll                                                          	0x100000        	C:\Windows\System32\ucrtbase.dll                                                                                                	0x7ffd13180000        	2       	StaticDependency    
948       	OneDrive.exe        	ADVAPI32.dll                                                          	0xaf000         	C:\Windows\System32\ADVAPI32.dll                                                                                                	0x7ffd15040000        	2       	StaticDependency    
948       	OneDrive.exe        	msvcrt.dll                                                            	0x9e000         	C:\Windows\System32\msvcrt.dll                                                                                                  	0x7ffd13af0000        	2       	StaticDependency    
948       	OneDrive.exe        	sechost.dll                                                           	0x9c000         	C:\Windows\System32\sechost.dll                                                                                                 	0x7ffd15450000        	2       	StaticDependency    
948       	OneDrive.exe        	RPCRT4.dll                                                            	0x126000        	C:\Windows\System32\RPCRT4.dll                                                                                                  	0x7ffd13c20000        	2       	StaticDependency    
948       	OneDrive.exe        	SHELL32.dll                                                           	0x744000        	C:\Windows\System32\SHELL32.dll                                                                                                 	0x7ffd14200000        	2       	StaticDependency    
948       	OneDrive.exe        	ole32.dll                                                             	0x12a000        	C:\Windows\System32\ole32.dll                                                                                                   	0x7ffd140d0000        	2       	StaticDependency    
948       	OneDrive.exe        	combase.dll                                                           	0x354000        	C:\Windows\System32\combase.dll                                                                                                 	0x7ffd150f0000        	2       	StaticDependency    
948       	OneDrive.exe        	OLEAUT32.dll                                                          	0xcd000         	C:\Windows\System32\OLEAUT32.dll                                                                                                	0x7ffd13e00000        	2       	StaticDependency    
948       	OneDrive.exe        	CRYPT32.dll                                                           	0x15e000        	C:\Windows\System32\CRYPT32.dll                                                                                                 	0x7ffd12f80000        	2       	StaticDependency    
948       	OneDrive.exe        	SHLWAPI.dll                                                           	0x55000         	C:\Windows\System32\SHLWAPI.dll                                                                                                 	0x7ffd15550000        	2       	StaticDependency    
948       	OneDrive.exe        	Secur32.dll                                                           	0xc000          	C:\Windows\SYSTEM32\Secur32.dll                                                                                                 	0x7ffd05e80000        	2       	StaticDependency    
948       	OneDrive.exe        	VERSION.dll                                                           	0xa000          	C:\Windows\SYSTEM32\VERSION.dll                                                                                                 	0x7ffd0b9b0000        	2       	StaticDependency    
948       	OneDrive.exe        	WININET.dll                                                           	0x4d9000        	C:\Windows\SYSTEM32\WININET.dll                                                                                                 	0x7ffd04830000        	2       	StaticDependency    
948       	OneDrive.exe        	WTSAPI32.dll                                                          	0x14000         	C:\Windows\SYSTEM32\WTSAPI32.dll                                                                                                	0x7ffd0ebb0000        	2       	StaticDependency    
948       	OneDrive.exe        	USERENV.dll                                                           	0x2e000         	C:\Windows\SYSTEM32\USERENV.dll                                                                                                 	0x7ffd12d90000        	2       	StaticDependency    
948       	OneDrive.exe        	SSPICLI.DLL                                                           	0x32000         	C:\Windows\SYSTEM32\SSPICLI.DLL                                                                                                 	0x7ffd12dc0000        	2       	StaticForwarderDependency
948       	OneDrive.exe        	IMM32.DLL                                                             	0x30000         	C:\Windows\System32\IMM32.DLL                                                                                                   	0x7ffd15780000        	1       	DynamicLoad         
948       	OneDrive.exe        	shcore.dll                                                            	0xad000         	C:\Windows\System32\shcore.dll                                                                                                  	0x7ffd13880000        	1       	DelayloadDependency 
948       	OneDrive.exe        	kernel.appcore.dll                                                    	0x12000         	C:\Windows\SYSTEM32\kernel.appcore.dll                                                                                          	0x7ffd10db0000        	1       	DelayloadDependency 
948       	OneDrive.exe        	bcryptPrimitives.dll                                                  	0x82000         	C:\Windows\System32\bcryptPrimitives.dll                                                                                        	0x7ffd132b0000        	3       	DelayloadDependency 
948       	OneDrive.exe        	uxtheme.dll                                                           	0x9e000         	C:\Windows\system32\uxtheme.dll                                                                                                 	0x7ffd108e0000        	1       	DynamicLoad         
948       	OneDrive.exe        	windows.storage.dll                                                   	0x793000        	C:\Windows\SYSTEM32\windows.storage.dll                                                                                         	0x7ffd10fb0000        	1       	DelayloadDependency 
948       	OneDrive.exe        	Wldp.dll                                                              	0x2e000         	C:\Windows\SYSTEM32\Wldp.dll                                                                                                    	0x7ffd12850000        	1       	StaticDependency    
948       	OneDrive.exe        	ucrtbase.dll                                                          	0x111000        	C:\Users\sharkvm\AppData\Local\Microsoft\OneDrive\25.130.0706.0004\ucrtbase.dll                                                 	0x7ffcef730000        	1       	DynamicLoad         
948       	OneDrive.exe        	FileSyncRNWin32Lib.dll                                                	0x54000         	C:\Users\sharkvm\AppData\Local\Microsoft\OneDrive\25.130.0706.0004\FileSyncRNWin32Lib.dll                                       	0x7ffcefc80000        	1       	DynamicLoad         
948       	OneDrive.exe        	MSVCP140.dll                                                          	0x8d000         	C:\Users\sharkvm\AppData\Local\Microsoft\OneDrive\25.130.0706.0004\MSVCP140.dll                                                 	0x7ffcef6a0000        	1       	StaticDependency    
948       	OneDrive.exe        	VCRUNTIME140_1.dll                                                    	0xc000          	C:\Users\sharkvm\AppData\Local\Microsoft\OneDrive\25.130.0706.0004\VCRUNTIME140_1.dll                                           	0x7ffcf97e0000        	1       	StaticDependency    
948       	OneDrive.exe        	VCRUNTIME140.dll                                                      	0x1e000         	C:\Users\sharkvm\AppData\Local\Microsoft\OneDrive\25.130.0706.0004\VCRUNTIME140.dll                                             	0x7ffcf14b0000        	1       	StaticDependency    
948       	OneDrive.exe        	LoggingPlatform.dll                                                   	0xac000         	C:\Users\sharkvm\AppData\Local\Microsoft\OneDrive\25.130.0706.0004\LoggingPlatform.dll                                          	0x7ffcef5f0000        	1       	DynamicLoad         
948       	OneDrive.exe        	bcrypt.dll                                                            	0x27000         	C:\Windows\System32\bcrypt.dll                                                                                                  	0x7ffd13280000        	2       	StaticDependency    
948       	OneDrive.exe        	WS2_32.dll                                                            	0x6b000         	C:\Windows\System32\WS2_32.dll                                                                                                  	0x7ffd14dc0000        	1       	StaticDependency    
948       	OneDrive.exe        	CRYPTBASE.DLL                                                         	0xc000          	C:\Windows\SYSTEM32\CRYPTBASE.DLL                                                                                               	0x7ffd127c0000        	1       	DynamicForwarderDependency
948       	OneDrive.exe        	CRYPTSP.dll                                                           	0x18000         	C:\Windows\SYSTEM32\CRYPTSP.dll                                                                                                 	0x7ffd127a0000        	1       	DelayloadDependency 
948       	OneDrive.exe        	rsaenh.dll                                                            	0x34000         	C:\Windows\system32\rsaenh.dll                                                                                                  	0x7ffd11ed0000        	1       	DynamicLoad         
948       	OneDrive.exe        	profapi.dll                                                           	0x1f000         	C:\Windows\SYSTEM32\profapi.dll                                                                                                 	0x7ffd12e10000        	1       	DelayloadDependency 
948       	OneDrive.exe        	OneDriveTelemetryStable.dll                                           	0x244000        	C:\Users\sharkvm\AppData\Local\Microsoft\OneDrive\25.130.0706.0004\OneDriveTelemetryStable.dll                                  	0x7ffcef3a0000        	1       	DynamicLoad         
948       	OneDrive.exe        	IPHLPAPI.DLL                                                          	0x3c000         	C:\Windows\SYSTEM32\IPHLPAPI.DLL                                                                                                	0x7ffd122a0000        	1       	StaticDependency    
948       	OneDrive.exe        	FileSyncTelemetryExtensions.dll                                       	0x7a000         	C:\Users\sharkvm\AppData\Local\Microsoft\OneDrive\25.130.0706.0004\FileSyncTelemetryExtensions.dll                              	0x7ffcef320000        	1       	DynamicLoad         
948       	OneDrive.exe        	NSI.dll                                                               	0x8000          	C:\Windows\System32\NSI.dll                                                                                                     	0x7ffd13870000        	1       	DelayloadDependency 
948       	OneDrive.exe        	dhcpcsvc.DLL                                                          	0x1d000         	C:\Windows\SYSTEM32\dhcpcsvc.DLL                                                                                                	0x7ffd0b650000        	1       	DelayloadDependency 
948       	OneDrive.exe        	clbcatq.dll                                                           	0xa9000         	C:\Windows\System32\clbcatq.dll                                                                                                 	0x7ffd13d50000        	1       	DelayloadDependency 
948       	OneDrive.exe        	Windows.Networking.Connectivity.dll                                   	0xb9000         	C:\Windows\System32\Windows.Networking.Connectivity.dll                                                                         	0x7ffcf9950000        	1       	DynamicLoad         
948       	OneDrive.exe        	netprofm.dll                                                          	0x3f000         	C:\Windows\System32\netprofm.dll                                                                                                	0x7ffd0e540000        	1       	DynamicLoad         
948       	OneDrive.exe        	npmproxy.dll                                                          	0x10000         	C:\Windows\System32\npmproxy.dll                                                                                                	0x7ffd06c00000        	1       	DynamicLoad         
948       	OneDrive.exe        	Windows.System.Diagnostics.Telemetry.PlatformTelemetryClient.dll      	0x12000         	C:\Windows\System32\Windows.System.Diagnostics.Telemetry.PlatformTelemetryClient.dll                                            	0x7ffcf61f0000        	1       	DynamicLoad         
948       	OneDrive.exe        	FileSyncClient.dll                                                    	0xbd8000        	C:\Users\sharkvm\AppData\Local\Microsoft\OneDrive\25.130.0706.0004\FileSyncClient.dll                                           	0x7ffcee740000        	1       	DynamicLoad         
948       	OneDrive.exe        	WINTRUST.dll                                                          	0x67000         	C:\Windows\System32\WINTRUST.dll                                                                                                	0x7ffd13340000        	1       	StaticDependency    
948       	OneDrive.exe        	UpdateRingSettings.dll                                                	0xa5000         	C:\Users\sharkvm\AppData\Local\Microsoft\OneDrive\25.130.0706.0004\UpdateRingSettings.dll                                       	0x7ffcee690000        	1       	StaticDependency    
948       	OneDrive.exe        	FileSyncHost.DLL                                                      	0x76000         	C:\Users\sharkvm\AppData\Local\Microsoft\OneDrive\25.130.0706.0004\FileSyncHost.DLL                                             	0x7ffcee610000        	1       	StaticDependency    
948       	OneDrive.exe        	MSVCP140_ATOMIC_WAIT.dll                                              	0x14000         	C:\Users\sharkvm\AppData\Local\Microsoft\OneDrive\25.130.0706.0004\MSVCP140_ATOMIC_WAIT.dll                                     	0x7ffcefdb0000        	1       	StaticDependency    
948       	OneDrive.exe        	gdiplus.dll                                                           	0x1a5000        	C:\Windows\WinSxS\amd64_microsoft.windows.gdiplus_6595b64144ccf1df_1.1.19041.2251_none_91a40448cc8846c1\gdiplus.dll             	0x7ffcf01a0000        	1       	StaticDependency    
948       	OneDrive.exe        	COMCTL32.dll                                                          	0x29a000        	C:\Windows\WinSxS\amd64_microsoft.windows.common-controls_6595b64144ccf1df_6.0.19041.1110_none_60b5254171f9507e\COMCTL32.dll    	0x7ffcfbf90000        	1       	StaticDependency    
948       	OneDrive.exe        	LogUploader.dll                                                       	0x12d000        	C:\Users\sharkvm\AppData\Local\Microsoft\OneDrive\25.130.0706.0004\LogUploader.dll                                              	0x7ffcee4e0000        	1       	StaticDependency    
948       	OneDrive.exe        	FileSyncEvents.dll                                                    	0x24000         	C:\Users\sharkvm\AppData\Local\Microsoft\OneDrive\25.130.0706.0004\FileSyncEvents.dll                                           	0x7ffcee4b0000        	1       	StaticDependency    
948       	OneDrive.exe        	FileSyncSessions.dll                                                  	0x617000        	C:\Users\sharkvm\AppData\Local\Microsoft\OneDrive\25.130.0706.0004\FileSyncSessions.dll                                         	0x7ffcede90000        	1       	StaticDependency    
948       	OneDrive.exe        	FileSyncFS.DLL                                                        	0xf7000         	C:\Users\sharkvm\AppData\Local\Microsoft\OneDrive\25.130.0706.0004\FileSyncFS.DLL                                               	0x7ffcedd90000        	1       	StaticDependency    
948       	OneDrive.exe        	FileSyncViews.dll                                                     	0x349000        	C:\Users\sharkvm\AppData\Local\Microsoft\OneDrive\25.130.0706.0004\FileSyncViews.dll                                            	0x7ffceda40000        	1       	StaticDependency    
948       	OneDrive.exe        	dwmapi.dll                                                            	0x2f000         	C:\Windows\SYSTEM32\dwmapi.dll                                                                                                  	0x7ffd10bd0000        	1       	StaticDependency    
948       	OneDrive.exe        	UIAutomationCore.DLL                                                  	0x2f5000        	C:\Windows\SYSTEM32\UIAutomationCore.DLL                                                                                        	0x7ffcf5b90000        	1       	StaticDependency    
948       	OneDrive.exe        	wer.dll                                                               	0xde000         	C:\Windows\SYSTEM32\wer.dll                                                                                                     	0x7ffd10af0000        	1       	StaticDependency    
948       	OneDrive.exe        	WINHTTP.dll                                                           	0x10a000        	C:\Windows\SYSTEM32\WINHTTP.dll                                                                                                 	0x7ffd0a550000        	1       	StaticDependency    
948       	OneDrive.exe        	SyncEngine.DLL                                                        	0xc98000        	C:\Users\sharkvm\AppData\Local\Microsoft\OneDrive\25.130.0706.0004\SyncEngine.DLL                                               	0x7ffcecda0000        	1       	StaticDependency    
948       	OneDrive.exe        	Telemetry.dll                                                         	0xfe000         	C:\Users\sharkvm\AppData\Local\Microsoft\OneDrive\25.130.0706.0004\Telemetry.dll                                                	0x7ffcecca0000        	1       	StaticDependency    
948       	OneDrive.exe        	FileSyncCxP.dll                                                       	0x8c000         	C:\Users\sharkvm\AppData\Local\Microsoft\OneDrive\25.130.0706.0004\FileSyncCxP.dll                                              	0x7ffcecc10000        	1       	StaticDependency    
948       	OneDrive.exe        	FileSyncSqlite3.dll                                                   	0xae000         	C:\Users\sharkvm\AppData\Local\Microsoft\OneDrive\25.130.0706.0004\FileSyncSqlite3.dll                                          	0x7ffcecb60000        	1       	StaticDependency    
948       	OneDrive.exe        	XmlLite.dll                                                           	0x36000         	C:\Windows\SYSTEM32\XmlLite.dll                                                                                                 	0x7ffd0ea10000        	1       	StaticDependency    
948       	OneDrive.exe        	urlmon.dll                                                            	0x1ec000        	C:\Windows\SYSTEM32\urlmon.dll                                                                                                  	0x7ffd08ce0000        	1       	StaticDependency    
948       	OneDrive.exe        	credui.dll                                                            	0x1c000         	C:\Windows\SYSTEM32\credui.dll                                                                                                  	0x7ffcecb40000        	1       	StaticDependency    
948       	OneDrive.exe        	ncrypt.dll                                                            	0x28000         	C:\Windows\SYSTEM32\ncrypt.dll                                                                                                  	0x7ffd12930000        	1       	StaticDependency    
948       	OneDrive.exe        	adal.dll                                                              	0x176000        	C:\Users\sharkvm\AppData\Local\Microsoft\OneDrive\25.130.0706.0004\adal.dll                                                     	0x7ffcec9c0000        	1       	StaticDependency    
948       	OneDrive.exe        	WebView2Loader.dll                                                    	0x2e000         	C:\Users\sharkvm\AppData\Local\Microsoft\OneDrive\25.130.0706.0004\WebView2Loader.dll                                           	0x7ffcec3b0000        	1       	StaticDependency    
948       	OneDrive.exe        	Qt5Core.dll                                                           	0x5d1000        	C:\Users\sharkvm\AppData\Local\Microsoft\OneDrive\25.130.0706.0004\Qt5Core.dll                                                  	0x7ffcec3e0000        	1       	StaticDependency    
948       	OneDrive.exe        	Qt5Qml.dll                                                            	0x36a000        	C:\Users\sharkvm\AppData\Local\Microsoft\OneDrive\25.130.0706.0004\Qt5Qml.dll                                                   	0x7ffcec040000        	1       	StaticDependency    
948       	OneDrive.exe        	Qt5Quick.dll                                                          	0x3ff000        	C:\Users\sharkvm\AppData\Local\Microsoft\OneDrive\25.130.0706.0004\Qt5Quick.dll                                                 	0x7ffcebc40000        	1       	StaticDependency    
948       	OneDrive.exe        	Qt5Gui.dll                                                            	0x685000        	C:\Users\sharkvm\AppData\Local\Microsoft\OneDrive\25.130.0706.0004\Qt5Gui.dll                                                   	0x7ffceb5b0000        	1       	StaticDependency    
948       	OneDrive.exe        	Qt5Widgets.dll                                                        	0x548000        	C:\Users\sharkvm\AppData\Local\Microsoft\OneDrive\25.130.0706.0004\Qt5Widgets.dll                                               	0x7ffceb060000        	1       	StaticDependency    
948       	OneDrive.exe        	Qt5WinExtras.dll                                                      	0x3d000         	C:\Users\sharkvm\AppData\Local\Microsoft\OneDrive\25.130.0706.0004\Qt5WinExtras.dll                                             	0x7ffceb020000        	1       	StaticDependency    
948       	OneDrive.exe        	libcrypto-3-x64.dll                                                   	0x643000        	C:\Users\sharkvm\AppData\Local\Microsoft\OneDrive\25.130.0706.0004\libcrypto-3-x64.dll                                          	0x7ffce89c0000        	2       	StaticDependency    
948       	OneDrive.exe        	PROPSYS.dll                                                           	0xf6000         	C:\Windows\SYSTEM32\PROPSYS.dll                                                                                                 	0x7ffd0ea50000        	1       	StaticDependency    
948       	OneDrive.exe        	RstrtMgr.DLL                                                          	0x39000         	C:\Windows\SYSTEM32\RstrtMgr.DLL                                                                                                	0x7ffceabc0000        	1       	StaticDependency    
948       	OneDrive.exe        	WnsClientApi.dll                                                      	0xd8000         	C:\Users\sharkvm\AppData\Local\Microsoft\OneDrive\25.130.0706.0004\WnsClientApi.dll                                             	0x7ffceaf40000        	1       	StaticDependency    
948       	OneDrive.exe        	iertutil.dll                                                          	0x2b1000        	C:\Windows\SYSTEM32\iertutil.dll                                                                                                	0x7ffd09010000        	1       	StaticDependency    
948       	OneDrive.exe        	netutils.dll                                                          	0xc000          	C:\Windows\SYSTEM32\netutils.dll                                                                                                	0x7ffd123b0000        	1       	StaticDependency    
948       	OneDrive.exe        	srvcli.dll                                                            	0x28000         	C:\Windows\SYSTEM32\srvcli.dll                                                                                                  	0x7ffd08cb0000        	1       	StaticDependency    
948       	OneDrive.exe        	MPR.dll                                                               	0x1d000         	C:\Windows\SYSTEM32\MPR.dll                                                                                                     	0x7ffd02ca0000        	1       	StaticDependency    
948       	OneDrive.exe        	NETAPI32.dll                                                          	0x19000         	C:\Windows\SYSTEM32\NETAPI32.dll                                                                                                	0x7ffd041a0000        	1       	StaticDependency    
948       	OneDrive.exe        	WINMM.dll                                                             	0x27000         	C:\Windows\SYSTEM32\WINMM.dll                                                                                                   	0x7ffd0b9c0000        	1       	StaticDependency    
948       	OneDrive.exe        	MSVCP140_1.dll                                                        	0x9000          	C:\Users\sharkvm\AppData\Local\Microsoft\OneDrive\25.130.0706.0004\MSVCP140_1.dll                                               	0x7ffcf7d90000        	1       	StaticDependency    
948       	OneDrive.exe        	Qt5Network.dll                                                        	0x144000        	C:\Users\sharkvm\AppData\Local\Microsoft\OneDrive\25.130.0706.0004\Qt5Network.dll                                               	0x7ffceadf0000        	1       	StaticDependency    
948       	OneDrive.exe        	Qt5QmlModels.dll                                                      	0x6e000         	C:\Users\sharkvm\AppData\Local\Microsoft\OneDrive\25.130.0706.0004\Qt5QmlModels.dll                                             	0x7ffcead80000        	1       	StaticDependency    
948       	OneDrive.exe        	d3d11.dll                                                             	0x263000        	C:\Windows\SYSTEM32\d3d11.dll                                                                                                   	0x7ffd0f750000        	1       	StaticDependency    
948       	OneDrive.exe        	dxgi.dll                                                              	0xf3000         	C:\Windows\SYSTEM32\dxgi.dll                                                                                                    	0x7ffd11790000        	1       	StaticDependency    
948       	OneDrive.exe        	DNSAPI.dll                                                            	0xcb000         	C:\Windows\SYSTEM32\DNSAPI.dll                                                                                                  	0x7ffd122e0000        	1       	StaticDependency    
948       	OneDrive.exe        	libssl-3-x64.dll                                                      	0x136000        	C:\Users\sharkvm\AppData\Local\Microsoft\OneDrive\25.130.0706.0004\libssl-3-x64.dll                                             	0x7ffceac40000        	1       	StaticDependency    
948       	OneDrive.exe        	NTASN1.dll                                                            	0x3b000         	C:\Windows\SYSTEM32\NTASN1.dll                                                                                                  	0x7ffd128f0000        	1       	DelayloadDependency 
948       	OneDrive.exe        	Wscapi.dll                                                            	0x4d000         	C:\Windows\SYSTEM32\Wscapi.dll                                                                                                  	0x7ffcfd780000        	1       	DynamicLoad         
948       	OneDrive.exe        	MSASN1.dll                                                            	0x12000         	C:\Windows\SYSTEM32\MSASN1.dll                                                                                                  	0x7ffd12a50000        	1       	DelayloadDependency 
948       	OneDrive.exe        	WINSTA.dll                                                            	0x64000         	C:\Windows\SYSTEM32\WINSTA.dll                                                                                                  	0x7ffd12880000        	1       	DelayloadDependency 
948       	OneDrive.exe        	FileSyncCxPImpl.DLL                                                   	0xd7000         	C:\Users\sharkvm\AppData\Local\Microsoft\OneDrive\25.130.0706.0004\FileSyncCxPImpl.DLL                                          	0x7ffceaae0000        	1       	DynamicLoad         
948       	OneDrive.exe        	atlthunk.dll                                                          	0xd000          	C:\Windows\SYSTEM32\atlthunk.dll                                                                                                	0x7ffcf1bc0000        	1       	DynamicLoad         
948       	OneDrive.exe        	MSCTF.dll                                                             	0x114000        	C:\Windows\System32\MSCTF.dll                                                                                                   	0x7ffd13fb0000        	1       	DelayloadDependency 
948       	OneDrive.exe        	FileSyncFSNtfs.DLL                                                    	0xc0000         	C:\Users\sharkvm\AppData\Local\Microsoft\OneDrive\25.130.0706.0004\FileSyncFSNtfs.DLL                                           	0x7ffce8900000        	1       	DynamicLoad         
948       	OneDrive.exe        	FileSyncFSNtfsWB.dll                                                  	0x7f000         	C:\Users\sharkvm\AppData\Local\Microsoft\OneDrive\25.130.0706.0004\FileSyncFSNtfsWB.dll                                         	0x7ffce8880000        	1       	DynamicLoad         
948       	OneDrive.exe        	FileSyncFSDbfsWB.dll                                                  	0x37000         	C:\Users\sharkvm\AppData\Local\Microsoft\OneDrive\25.130.0706.0004\FileSyncFSDbfsWB.dll                                         	0x7ffceac00000        	1       	DynamicLoad         
948       	OneDrive.exe        	FileSyncFSCache.dll                                                   	0x7b000         	C:\Users\sharkvm\AppData\Local\Microsoft\OneDrive\25.130.0706.0004\FileSyncFSCache.dll                                          	0x7ffce8800000        	1       	DynamicLoad         
948       	OneDrive.exe        	FileSyncFALWB.dll                                                     	0xab000         	C:\Users\sharkvm\AppData\Local\Microsoft\OneDrive\25.130.0706.0004\FileSyncFALWB.dll                                            	0x7ffce8750000        	1       	DynamicLoad         
948       	OneDrive.exe        	cldapi.dll                                                            	0x22000         	C:\Windows\SYSTEM32\cldapi.dll                                                                                                  	0x7ffcf8c60000        	2       	StaticDependency    
948       	OneDrive.exe        	FLTLIB.DLL                                                            	0xb000          	C:\Windows\SYSTEM32\FLTLIB.DLL                                                                                                  	0x7ffd00430000        	1       	StaticDependency    
948       	OneDrive.exe        	WindowsCodecs.dll                                                     	0x1b4000        	C:\Windows\SYSTEM32\WindowsCodecs.dll                                                                                           	0x7ffd0dba0000        	1       	DelayloadDependency 
948       	OneDrive.exe        	FileSync.Resources.dll                                                	0x431000        	C:\Users\sharkvm\AppData\Local\Microsoft\OneDrive\25.130.0706.0004\FileSync.Resources.dll                                       	0x1d8b6430000         	1       	DynamicLoad         
948       	OneDrive.exe        	mlang.dll                                                             	0x42000         	C:\Windows\system32\mlang.dll                                                                                                   	0x7ffcf0460000        	1       	DynamicLoad         
948       	OneDrive.exe        	FileSync.LocalizedResources.dll                                       	0x50000         	C:\Users\sharkvm\AppData\Local\Microsoft\OneDrive\25.130.0706.0004\FileSync.LocalizedResources.dll                              	0x1d8b68c0000         	1       	DynamicLoad         
948       	OneDrive.exe        	OneCoreUAPCommonProxyStub.dll                                         	0x7cb000        	C:\Windows\System32\OneCoreUAPCommonProxyStub.dll                                                                               	0x7ffd0c960000        	1       	DynamicLoad         
948       	OneDrive.exe        	Windows.UI.dll                                                        	0x141000        	C:\Windows\System32\Windows.UI.dll                                                                                              	0x7ffd0aa40000        	1       	DynamicLoad         
948       	OneDrive.exe        	WindowManagementAPI.dll                                               	0xa1000         	C:\Windows\System32\WindowManagementAPI.dll                                                                                     	0x7ffd0e050000        	1       	StaticDependency    
948       	OneDrive.exe        	TextInputFramework.dll                                                	0xfa000         	C:\Windows\System32\TextInputFramework.dll                                                                                      	0x7ffd0a940000        	1       	StaticDependency    
948       	OneDrive.exe        	InputHost.dll                                                         	0x152000        	C:\Windows\System32\InputHost.dll                                                                                               	0x7ffd0a7e0000        	1       	StaticDependency    
948       	OneDrive.exe        	wintypes.dll                                                          	0x154000        	C:\Windows\SYSTEM32\wintypes.dll                                                                                                	0x7ffd0ebd0000        	1       	StaticDependency    
948       	OneDrive.exe        	twinapi.appcore.dll                                                   	0x200000        	C:\Windows\SYSTEM32\twinapi.appcore.dll                                                                                         	0x7ffd0de50000        	1       	StaticDependency    
948       	OneDrive.exe        	CoreMessaging.dll                                                     	0xf2000         	C:\Windows\System32\CoreMessaging.dll                                                                                           	0x7ffd103f0000        	2       	StaticDependency    
948       	OneDrive.exe        	CoreUIComponents.dll                                                  	0x35e000        	C:\Windows\System32\CoreUIComponents.dll                                                                                        	0x7ffd0fd10000        	2       	StaticDependency    
948       	OneDrive.exe        	ntmarta.dll                                                           	0x33000         	C:\Windows\SYSTEM32\ntmarta.dll                                                                                                 	0x7ffd11f60000        	1       	StaticDependency    
948       	OneDrive.exe        	qwindows.dll                                                          	0x16c000        	C:\Users\sharkvm\AppData\Local\Microsoft\OneDrive\25.130.0706.0004\platforms\qwindows.dll                                       	0x7ffce85e0000        	2       	DynamicLoad         
948       	OneDrive.exe        	powrprof.dll                                                          	0x4b000         	C:\Windows\SYSTEM32\powrprof.dll                                                                                                	0x7ffd12c90000        	1       	DelayloadDependency 
948       	OneDrive.exe        	UMPDC.dll                                                             	0x12000         	C:\Windows\SYSTEM32\UMPDC.dll                                                                                                   	0x7ffd12a70000        	1       	DelayloadDependency 
948       	OneDrive.exe        	msxml6.dll                                                            	0x25f000        	C:\Windows\System32\msxml6.dll                                                                                                  	0x7ffcfcf00000        	1       	DynamicLoad         
948       	OneDrive.exe        	mswsock.dll                                                           	0x6a000         	C:\Windows\system32\mswsock.dll                                                                                                 	0x7ffd125b0000        	1       	DynamicLoad         
948       	OneDrive.exe        	WINNSI.DLL                                                            	0xb000          	C:\Windows\SYSTEM32\WINNSI.DLL                                                                                                  	0x7ffd0b6b0000        	1       	DelayloadDependency 
948       	OneDrive.exe        	dhcpcsvc6.DLL                                                         	0x17000         	C:\Windows\SYSTEM32\dhcpcsvc6.DLL                                                                                               	0x7ffd0b670000        	1       	DelayloadDependency 
948       	OneDrive.exe        	webio.dll                                                             	0x98000         	C:\Windows\SYSTEM32\webio.dll                                                                                                   	0x7ffd00bf0000        	1       	DelayloadDependency 
948       	OneDrive.exe        	Microsoft.UI.Xaml.dll                                                 	0x628000        	C:\Users\sharkvm\AppData\Local\Microsoft\OneDrive\25.130.0706.0004\Microsoft.UI.Xaml.dll                                        	0x7ffcf05f0000        	1       	DynamicLoad         
948       	OneDrive.exe        	d2d1.dll                                                              	0x5c0000        	C:\Windows\SYSTEM32\d2d1.dll                                                                                                    	0x7ffd0f190000        	1       	StaticDependency    
948       	OneDrive.exe        	Windows.Security.Authentication.Web.Core.dll                          	0x11d000        	C:\Windows\System32\Windows.Security.Authentication.Web.Core.dll                                                                	0x7ffcfb1b0000        	1       	DynamicLoad         
948       	OneDrive.exe        	Windows.UI.Xaml.dll                                                   	0x10bf000       	C:\Windows\System32\Windows.UI.Xaml.dll                                                                                         	0x7ffd09490000        	1       	DynamicLoad         
948       	OneDrive.exe        	Bcp47Langs.dll                                                        	0x5b000         	C:\Windows\System32\Bcp47Langs.dll                                                                                              	0x7ffd0ad50000        	1       	StaticDependency    
948       	OneDrive.exe        	dcomp.dll                                                             	0x1e3000        	C:\Windows\System32\dcomp.dll                                                                                                   	0x7ffd0f9c0000        	1       	StaticDependency    
948       	OneDrive.exe        	UiaManager.dll                                                        	0xa1000         	C:\Windows\System32\UiaManager.dll                                                                                              	0x7ffcfa5d0000        	1       	DynamicLoad         
948       	OneDrive.exe        	Windows.Web.dll                                                       	0xc3000         	C:\Windows\System32\Windows.Web.dll                                                                                             	0x7ffcf7e60000        	1       	DynamicLoad         
948       	OneDrive.exe        	rasadhlp.dll                                                          	0xa000          	C:\Windows\System32\rasadhlp.dll                                                                                                	0x7ffd06b20000        	1       	DynamicLoad         
948       	OneDrive.exe        	DPAPI.dll                                                             	0xa000          	C:\Windows\SYSTEM32\DPAPI.dll                                                                                                   	0x7ffd12c80000        	1       	DelayloadDependency 
948       	OneDrive.exe        	fwpuclnt.dll                                                          	0x82000         	C:\Windows\System32\fwpuclnt.dll                                                                                                	0x7ffd07b70000        	1       	DynamicLoad         
948       	OneDrive.exe        	ondemandconnroutehelper.dll                                           	0x17000         	C:\Windows\SYSTEM32\ondemandconnroutehelper.dll                                                                                 	0x7ffd00ee0000        	1       	DynamicLoad         
948       	OneDrive.exe        	schannel.DLL                                                          	0x99000         	C:\Windows\system32\schannel.DLL                                                                                                	0x7ffd11df0000        	1       	DynamicLoad         
948       	OneDrive.exe        	mskeyprotect.dll                                                      	0x16000         	C:\Windows\SYSTEM32\mskeyprotect.dll                                                                                            	0x7ffd00d00000        	1       	DynamicLoad         
948       	OneDrive.exe        	ncryptsslp.dll                                                        	0x26000         	C:\Windows\system32\ncryptsslp.dll                                                                                              	0x7ffd00db0000        	1       	DynamicLoad         
948       	OneDrive.exe        	MrmCoreR.dll                                                          	0xf4000         	C:\Windows\System32\MrmCoreR.dll                                                                                                	0x7ffd0ac10000        	1       	DynamicLoad         
948       	OneDrive.exe        	bcp47mrm.dll                                                          	0x2d000         	C:\Windows\System32\bcp47mrm.dll                                                                                                	0x7ffd0a760000        	1       	DelayloadDependency 
948       	OneDrive.exe        	Windows.UI.Immersive.dll                                              	0x139000        	C:\Windows\System32\Windows.UI.Immersive.dll                                                                                    	0x7ffd08ed0000        	1       	DynamicLoad         
948       	OneDrive.exe        	DataExchange.dll                                                      	0x3e000         	C:\Windows\system32\DataExchange.dll                                                                                            	0x7ffcf8c20000        	1       	DynamicLoad         
948       	OneDrive.exe        	vm3dum64_loader.dll                                                   	0x4f000         	C:\Windows\SYSTEM32\vm3dum64_loader.dll                                                                                         	0x7ffd0ba90000        	1       	DynamicLoad         
948       	OneDrive.exe        	vm3dum64_10.dll                                                       	0x9a000         	C:\Windows\SYSTEM32\vm3dum64_10.dll                                                                                             	0x7ffd0b9f0000        	1       	DynamicLoad         
948       	OneDrive.exe        	dxcore.dll                                                            	0x3b000         	C:\Windows\SYSTEM32\dxcore.dll                                                                                                  	0x7ffd0db60000        	1       	DelayloadDependency 
948       	OneDrive.exe        	cfgmgr32.dll                                                          	0x4e000         	C:\Windows\System32\cfgmgr32.dll                                                                                                	0x7ffd137d0000        	1       	StaticDependency    
948       	OneDrive.exe        	dwrite.dll                                                            	0x27f000        	C:\Windows\SYSTEM32\dwrite.dll                                                                                                  	0x7ffd08800000        	1       	DynamicLoad         
948       	OneDrive.exe        	TextShaping.dll                                                       	0xac000         	C:\Windows\SYSTEM32\TextShaping.dll                                                                                             	0x7ffd06b50000        	1       	DelayloadDependency 
948       	OneDrive.exe        	cryptnet.dll                                                          	0x31000         	C:\Windows\System32\cryptnet.dll                                                                                                	0x7ffd00c90000        	1       	DynamicLoad         
948       	OneDrive.exe        	Windows.UI.Xaml.Controls.dll                                          	0x3dc000        	C:\Windows\SYSTEM32\Windows.UI.Xaml.Controls.dll                                                                                	0x7ffd07ed0000        	1       	DynamicLoad         
948       	OneDrive.exe        	Microsoft.ReactNative.dll                                             	0x2f5000        	C:\Users\sharkvm\AppData\Local\Microsoft\OneDrive\25.130.0706.0004\Microsoft.ReactNative.dll                                    	0x7ffce82e0000        	1       	DynamicLoad         
948       	OneDrive.exe        	MSVCP140_APP.dll                                                      	0x3e000         	C:\Users\sharkvm\AppData\Local\Microsoft\OneDrive\25.130.0706.0004\MSVCP140_APP.dll                                             	0x1d8bbd40000         	1       	StaticDependency    
948       	OneDrive.exe        	VCRUNTIME140_1_APP.dll                                                	0x3000          	C:\Users\sharkvm\AppData\Local\Microsoft\OneDrive\25.130.0706.0004\VCRUNTIME140_1_APP.dll                                       	0x1d8bbd90000         	1       	StaticDependency    
948       	OneDrive.exe        	VCRUNTIME140_APP.dll                                                  	0x4000          	C:\Users\sharkvm\AppData\Local\Microsoft\OneDrive\25.130.0706.0004\VCRUNTIME140_APP.dll                                         	0x1d8bbdb0000         	1       	StaticDependency    
948       	OneDrive.exe        	CheckboxWindows.dll                                                   	0x37000         	C:\Users\sharkvm\AppData\Local\Microsoft\OneDrive\25.130.0706.0004\CheckboxWindows.dll                                          	0x7ffcf0520000        	1       	DynamicLoad         
948       	OneDrive.exe        	DateTimePicker.dll                                                    	0x44000         	C:\Users\sharkvm\AppData\Local\Microsoft\OneDrive\25.130.0706.0004\DateTimePicker.dll                                           	0x7ffcf04d0000        	1       	DynamicLoad         
948       	OneDrive.exe        	ReactNativePicker.dll                                                 	0x3f000         	C:\Users\sharkvm\AppData\Local\Microsoft\OneDrive\25.130.0706.0004\ReactNativePicker.dll                                        	0x7ffcefd10000        	1       	DynamicLoad         
948       	OneDrive.exe        	rometadata.dll                                                        	0x3b000         	C:\Windows\SYSTEM32\rometadata.dll                                                                                              	0x7ffcf2700000        	1       	DelayloadDependency 
948       	OneDrive.exe        	RNSVG.dll                                                             	0xf5000         	C:\Users\sharkvm\AppData\Local\Microsoft\OneDrive\25.130.0706.0004\RNSVG.dll                                                    	0x7ffcef910000        	1       	DynamicLoad         
948       	OneDrive.exe        	sxs.dll                                                               	0xa2000         	C:\Windows\SYSTEM32\sxs.dll                                                                                                     	0x7ffd12ce0000        	1       	DelayloadDependency 
948       	OneDrive.exe        	familysafetyext.dll                                                   	0x8000          	C:\Windows\SYSTEM32\familysafetyext.dll                                                                                         	0x7ffcf04c0000        	1       	DelayloadDependency 
948       	OneDrive.exe        	wpc.dll                                                               	0x198000        	C:\Windows\System32\wpc.dll                                                                                                     	0x7ffce8140000        	1       	DynamicLoad         
948       	OneDrive.exe        	Normaliz.dll                                                          	0x8000          	C:\Windows\System32\Normaliz.dll                                                                                                	0x7ffd15030000        	1       	StaticDependency    
948       	OneDrive.exe        	wlidprov.dll                                                          	0xaa000         	C:\Windows\System32\wlidprov.dll                                                                                                	0x7ffcfabf0000        	1       	DynamicLoad         
948       	OneDrive.exe        	samcli.dll                                                            	0x19000         	C:\Windows\System32\samcli.dll                                                                                                  	0x7ffd092d0000        	1       	StaticDependency    
948       	OneDrive.exe        	Windows.Services.TargetedContent.dll                                  	0x124000        	C:\Windows\System32\Windows.Services.TargetedContent.dll                                                                        	0x7ffcf5e90000        	1       	DynamicLoad         
948       	OneDrive.exe        	taskschd.dll                                                          	0xac000         	C:\Windows\System32\taskschd.dll                                                                                                	0x7ffd0e5a0000        	1       	DynamicLoad         
948       	OneDrive.exe        	Windows.Graphics.dll                                                  	0x8d000         	C:\Windows\System32\Windows.Graphics.dll                                                                                        	0x7ffd0c250000        	1       	DynamicLoad         
948       	OneDrive.exe        	hermes.dll                                                            	0x432000        	C:\Users\sharkvm\AppData\Local\Microsoft\OneDrive\25.130.0706.0004\hermes.dll                                                   	0x7ffce7d00000        	1       	DynamicLoad         
948       	OneDrive.exe        	directmanipulation.dll                                                	0x9e000         	C:\Windows\system32\directmanipulation.dll                                                                                      	0x7ffd07d90000        	1       	DynamicLoad         
948       	OneDrive.exe        	Windows.UI.Core.TextInput.dll                                         	0x104000        	C:\Windows\System32\Windows.UI.Core.TextInput.dll                                                                               	0x7ffcf6e50000        	1       	DynamicLoad         
948       	OneDrive.exe        	StructuredQuery.dll                                                   	0xa6000         	C:\Windows\System32\StructuredQuery.dll                                                                                         	0x7ffd06170000        	1       	DynamicLoad         
948       	OneDrive.exe        	DSREG.DLL                                                             	0x14d000        	C:\Windows\SYSTEM32\DSREG.DLL                                                                                                   	0x7ffd0fbb0000        	1       	DynamicForwarderDependency
948       	OneDrive.exe        	msvcp110_win.dll                                                      	0x8a000         	C:\Windows\SYSTEM32\msvcp110_win.dll                                                                                            	0x7ffd11fa0000        	1       	StaticDependency    
948       	OneDrive.exe        	edputil.dll                                                           	0x24000         	C:\Windows\SYSTEM32\edputil.dll                                                                                                 	0x7ffcfb770000        	1       	DelayloadDependency 
948       	OneDrive.exe        	Windows.Storage.Search.dll                                            	0xc9000         	C:\Windows\system32\Windows.Storage.Search.dll                                                                                  	0x7ffcf1cb0000        	1       	DynamicLoad         
948       	OneDrive.exe        	ntshrui.dll                                                           	0x7d000         	C:\Windows\SYSTEM32\ntshrui.dll                                                                                                 	0x7ffcf8840000        	1       	DelayloadDependency 
948       	OneDrive.exe        	Windows.Globalization.dll                                             	0x1a6000        	C:\Windows\System32\Windows.Globalization.dll                                                                                   	0x7ffd08650000        	1       	DynamicLoad         
948       	OneDrive.exe        	cscapi.dll                                                            	0x12000         	C:\Windows\SYSTEM32\cscapi.dll                                                                                                  	0x7ffd00a40000        	1       	DynamicLoad         
948       	OneDrive.exe        	icu.dll                                                               	0x22e000        	C:\Windows\SYSTEM32\icu.dll                                                                                                     	0x7ffcf24d0000        	1       	DynamicLoad         
948       	OneDrive.exe        	d3d9.dll                                                              	0x1cd000        	C:\Windows\system32\d3d9.dll                                                                                                    	0x7ffcc7790000        	1       	DynamicLoad         
948       	OneDrive.exe        	qgif.dll                                                              	0xd000          	C:\Users\sharkvm\AppData\Local\Microsoft\OneDrive\25.130.0706.0004\imageformats\qgif.dll                                        	0x7ffd0e910000        	2       	DynamicLoad         
948       	OneDrive.exe        	qjpeg.dll                                                             	0x75000         	C:\Users\sharkvm\AppData\Local\Microsoft\OneDrive\25.130.0706.0004\imageformats\qjpeg.dll                                       	0x7ffcff3a0000        	2       	DynamicLoad         
948       	OneDrive.exe        	qsvg.dll                                                              	0xc000          	C:\Users\sharkvm\AppData\Local\Microsoft\OneDrive\25.130.0706.0004\imageformats\qsvg.dll                                        	0x7ffd0e200000        	2       	DynamicLoad         
948       	OneDrive.exe        	Qt5Svg.dll                                                            	0x53000         	C:\Users\sharkvm\AppData\Local\Microsoft\OneDrive\25.130.0706.0004\Qt5Svg.dll                                                   	0x7ffcff340000        	1       	StaticDependency    
948       	OneDrive.exe        	qwebp.dll                                                             	0x84000         	C:\Users\sharkvm\AppData\Local\Microsoft\OneDrive\25.130.0706.0004\imageformats\qwebp.dll                                       	0x7ffcfe8d0000        	2       	DynamicLoad         
948       	OneDrive.exe        	qtquick2plugin.dll                                                    	0xa000          	C:\Users\sharkvm\AppData\Local\Microsoft\OneDrive\25.130.0706.0004\qml\QtQuick.2\qtquick2plugin.dll                             	0x7ffd03280000        	2       	DynamicLoad         
948       	OneDrive.exe        	Qt5QmlWorkerScript.dll                                                	0x11000         	C:\Users\sharkvm\AppData\Local\Microsoft\OneDrive\25.130.0706.0004\Qt5QmlWorkerScript.dll                                       	0x7ffd00580000        	1       	StaticDependency    
948       	OneDrive.exe        	qtquickcontrols2plugin.dll                                            	0x41000         	C:\Users\sharkvm\AppData\Local\Microsoft\OneDrive\25.130.0706.0004\qml\QtQuick\Controls.2\qtquickcontrols2plugin.dll            	0x7ffcfd230000        	2       	DynamicLoad         
948       	OneDrive.exe        	Qt5QuickControls2.dll                                                 	0x2d000         	C:\Users\sharkvm\AppData\Local\Microsoft\OneDrive\25.130.0706.0004\Qt5QuickControls2.dll                                        	0x7ffcff490000        	1       	StaticDependency    
948       	OneDrive.exe        	Qt5QuickTemplates2.dll                                                	0x116000        	C:\Users\sharkvm\AppData\Local\Microsoft\OneDrive\25.130.0706.0004\Qt5QuickTemplates2.dll                                       	0x7ffcefe80000        	1       	StaticDependency    
948       	OneDrive.exe        	windowplugin.dll                                                      	0x10000         	C:\Users\sharkvm\AppData\Local\Microsoft\OneDrive\25.130.0706.0004\qml\QtQuick\Window.2\windowplugin.dll                        	0x7ffd02e40000        	2       	DynamicLoad         
948       	OneDrive.exe        	qtquicktemplates2plugin.dll                                           	0x5a000         	C:\Users\sharkvm\AppData\Local\Microsoft\OneDrive\25.130.0706.0004\qml\QtQuick\Templates.2\qtquicktemplates2plugin.dll          	0x7ffcf2160000        	2       	DynamicLoad         
948       	OneDrive.exe        	EmbeddedBrowserWebView.dll                                            	0x551000        	C:\Program Files (x86)\Microsoft\EdgeWebView\Application\138.0.3351.121\EBWebView\x64\EmbeddedBrowserWebView.dll                	0x7ffcc7230000        	1       	DynamicLoad         
7684      	Microsoft.Shar      	ntdll.dll                                                             	0x1f8000        	C:\Windows\SYSTEM32\ntdll.dll                                                                                                   	0x7ffd157f0000        	2       	StaticDependency    
7684      	Microsoft.Shar      	KERNEL32.DLL                                                          	0xbf000         	C:\Windows\System32\KERNEL32.DLL                                                                                                	0x7ffd155b0000        	2       	DynamicLoad         
7684      	Microsoft.Shar      	KERNELBASE.dll                                                        	0x2f6000        	C:\Windows\System32\KERNELBASE.dll                                                                                              	0x7ffd133b0000        	1       	StaticDependency    
7684      	Microsoft.Shar      	apphelp.dll                                                           	0x91000         	C:\Windows\SYSTEM32\apphelp.dll                                                                                                 	0x7ffd10730000        	2       	DynamicLoad         
7684      	Microsoft.Shar      	USER32.dll                                                            	0x19d000        	C:\Windows\System32\USER32.dll                                                                                                  	0x7ffd14e90000        	2       	StaticDependency    
7684      	Microsoft.Shar      	win32u.dll                                                            	0x22000         	C:\Windows\System32\win32u.dll                                                                                                  	0x7ffd13820000        	2       	StaticDependency    
7684      	Microsoft.Shar      	GDI32.dll                                                             	0x2c000         	C:\Windows\System32\GDI32.dll                                                                                                   	0x7ffd13bf0000        	2       	StaticDependency    
7684      	Microsoft.Shar      	gdi32full.dll                                                         	0x115000        	C:\Windows\System32\gdi32full.dll                                                                                               	0x7ffd136b0000        	2       	StaticDependency    
7684      	Microsoft.Shar      	msvcp_win.dll                                                         	0x9d000         	C:\Windows\System32\msvcp_win.dll                                                                                               	0x7ffd130e0000        	2       	StaticDependency    
7684      	Microsoft.Shar      	ucrtbase.dll                                                          	0x100000        	C:\Windows\System32\ucrtbase.dll                                                                                                	0x7ffd13180000        	2       	StaticDependency    
7684      	Microsoft.Shar      	ADVAPI32.dll                                                          	0xaf000         	C:\Windows\System32\ADVAPI32.dll                                                                                                	0x7ffd15040000        	2       	StaticDependency    
7684      	Microsoft.Shar      	msvcrt.dll                                                            	0x9e000         	C:\Windows\System32\msvcrt.dll                                                                                                  	0x7ffd13af0000        	2       	StaticDependency    
7684      	Microsoft.Shar      	sechost.dll                                                           	0x9c000         	C:\Windows\System32\sechost.dll                                                                                                 	0x7ffd15450000        	2       	StaticDependency    
7684      	Microsoft.Shar      	RPCRT4.dll                                                            	0x126000        	C:\Windows\System32\RPCRT4.dll                                                                                                  	0x7ffd13c20000        	2       	StaticDependency    
7684      	Microsoft.Shar      	SHELL32.dll                                                           	0x744000        	C:\Windows\System32\SHELL32.dll                                                                                                 	0x7ffd14200000        	2       	StaticDependency    
7684      	Microsoft.Shar      	ole32.dll                                                             	0x12a000        	C:\Windows\System32\ole32.dll                                                                                                   	0x7ffd140d0000        	2       	StaticDependency    
7684      	Microsoft.Shar      	combase.dll                                                           	0x354000        	C:\Windows\System32\combase.dll                                                                                                 	0x7ffd150f0000        	2       	StaticDependency    
7684      	Microsoft.Shar      	OLEAUT32.dll                                                          	0xcd000         	C:\Windows\System32\OLEAUT32.dll                                                                                                	0x7ffd13e00000        	2       	StaticDependency    
7684      	Microsoft.Shar      	CRYPT32.dll                                                           	0x15e000        	C:\Windows\System32\CRYPT32.dll                                                                                                 	0x7ffd12f80000        	2       	StaticDependency    
7684      	Microsoft.Shar      	SHLWAPI.dll                                                           	0x55000         	C:\Windows\System32\SHLWAPI.dll                                                                                                 	0x7ffd15550000        	2       	StaticDependency    
7684      	Microsoft.Shar      	Secur32.dll                                                           	0xc000          	C:\Windows\SYSTEM32\Secur32.dll                                                                                                 	0x7ffd05e80000        	2       	StaticDependency    
7684      	Microsoft.Shar      	VERSION.dll                                                           	0xa000          	C:\Windows\SYSTEM32\VERSION.dll                                                                                                 	0x7ffd0b9b0000        	2       	StaticDependency    
7684      	Microsoft.Shar      	WININET.dll                                                           	0x4d9000        	C:\Windows\SYSTEM32\WININET.dll                                                                                                 	0x7ffd04830000        	2       	StaticDependency    
7684      	Microsoft.Shar      	WTSAPI32.dll                                                          	0x14000         	C:\Windows\SYSTEM32\WTSAPI32.dll                                                                                                	0x7ffd0ebb0000        	2       	StaticDependency    
7684      	Microsoft.Shar      	USERENV.dll                                                           	0x2e000         	C:\Windows\SYSTEM32\USERENV.dll                                                                                                 	0x7ffd12d90000        	2       	StaticDependency    
7684      	Microsoft.Shar      	SSPICLI.DLL                                                           	0x32000         	C:\Windows\SYSTEM32\SSPICLI.DLL                                                                                                 	0x7ffd12dc0000        	2       	StaticForwarderDependency
7684      	Microsoft.Shar      	IMM32.DLL                                                             	0x30000         	C:\Windows\System32\IMM32.DLL                                                                                                   	0x7ffd15780000        	1       	DynamicLoad         
7684      	Microsoft.Shar      	shcore.dll                                                            	0xad000         	C:\Windows\System32\shcore.dll                                                                                                  	0x7ffd13880000        	1       	DelayloadDependency 
7684      	Microsoft.Shar      	windows.storage.dll                                                   	0x793000        	C:\Windows\SYSTEM32\windows.storage.dll                                                                                         	0x7ffd10fb0000        	1       	DelayloadDependency 
7684      	Microsoft.Shar      	Wldp.dll                                                              	0x2e000         	C:\Windows\SYSTEM32\Wldp.dll                                                                                                    	0x7ffd12850000        	1       	StaticDependency    
7684      	Microsoft.Shar      	LoggingPlatform.dll                                                   	0xac000         	C:\Users\sharkvm\AppData\Local\Microsoft\OneDrive\25.130.0706.0004\LoggingPlatform.dll                                          	0x7ffcef5f0000        	1       	DynamicLoad         
7684      	Microsoft.Shar      	bcrypt.dll                                                            	0x27000         	C:\Windows\System32\bcrypt.dll                                                                                                  	0x7ffd13280000        	2       	StaticDependency    
7684      	Microsoft.Shar      	WS2_32.dll                                                            	0x6b000         	C:\Windows\System32\WS2_32.dll                                                                                                  	0x7ffd14dc0000        	1       	StaticDependency    
7684      	Microsoft.Shar      	MSVCP140.dll                                                          	0x8d000         	C:\Users\sharkvm\AppData\Local\Microsoft\OneDrive\25.130.0706.0004\MSVCP140.dll                                                 	0x7ffcef6a0000        	1       	StaticDependency    
7684      	Microsoft.Shar      	VCRUNTIME140_1.dll                                                    	0xc000          	C:\Users\sharkvm\AppData\Local\Microsoft\OneDrive\25.130.0706.0004\VCRUNTIME140_1.dll                                           	0x7ffcf97e0000        	1       	StaticDependency    
7684      	Microsoft.Shar      	VCRUNTIME140.dll                                                      	0x1e000         	C:\Users\sharkvm\AppData\Local\Microsoft\OneDrive\25.130.0706.0004\VCRUNTIME140.dll                                             	0x7ffcf14b0000        	1       	StaticDependency    
7684      	Microsoft.Shar      	CRYPTBASE.DLL                                                         	0xc000          	C:\Windows\SYSTEM32\CRYPTBASE.DLL                                                                                               	0x7ffd127c0000        	1       	DynamicForwarderDependency
7684      	Microsoft.Shar      	bcryptPrimitives.dll                                                  	0x82000         	C:\Windows\System32\bcryptPrimitives.dll                                                                                        	0x7ffd132b0000        	3       	DelayloadDependency 
7684      	Microsoft.Shar      	CRYPTSP.dll                                                           	0x18000         	C:\Windows\SYSTEM32\CRYPTSP.dll                                                                                                 	0x7ffd127a0000        	1       	DelayloadDependency 
7684      	Microsoft.Shar      	rsaenh.dll                                                            	0x34000         	C:\Windows\system32\rsaenh.dll                                                                                                  	0x7ffd11ed0000        	1       	DynamicLoad         
7684      	Microsoft.Shar      	profapi.dll                                                           	0x1f000         	C:\Windows\SYSTEM32\profapi.dll                                                                                                 	0x7ffd12e10000        	1       	DelayloadDependency 
7684      	Microsoft.Shar      	OneDriveTelemetryStable.dll                                           	0x244000        	C:\Users\sharkvm\AppData\Local\Microsoft\OneDrive\25.130.0706.0004\OneDriveTelemetryStable.dll                                  	0x7ffcef3a0000        	1       	DynamicLoad         
7684      	Microsoft.Shar      	IPHLPAPI.DLL                                                          	0x3c000         	C:\Windows\SYSTEM32\IPHLPAPI.DLL                                                                                                	0x7ffd122a0000        	1       	StaticDependency    
7684      	Microsoft.Shar      	FileSyncTelemetryExtensions.dll                                       	0x7a000         	C:\Users\sharkvm\AppData\Local\Microsoft\OneDrive\25.130.0706.0004\FileSyncTelemetryExtensions.dll                              	0x7ffcef320000        	1       	DynamicLoad         
7684      	Microsoft.Shar      	NSI.dll                                                               	0x8000          	C:\Windows\System32\NSI.dll                                                                                                     	0x7ffd13870000        	1       	DelayloadDependency 
7684      	Microsoft.Shar      	dhcpcsvc.DLL                                                          	0x1d000         	C:\Windows\SYSTEM32\dhcpcsvc.DLL                                                                                                	0x7ffd0b650000        	1       	DelayloadDependency 
7684      	Microsoft.Shar      	kernel.appcore.dll                                                    	0x12000         	C:\Windows\SYSTEM32\kernel.appcore.dll                                                                                          	0x7ffd10db0000        	1       	DynamicLoad         
7684      	Microsoft.Shar      	uxtheme.dll                                                           	0x9e000         	C:\Windows\system32\uxtheme.dll                                                                                                 	0x7ffd108e0000        	1       	DynamicLoad         
7684      	Microsoft.Shar      	clbcatq.dll                                                           	0xa9000         	C:\Windows\System32\clbcatq.dll                                                                                                 	0x7ffd13d50000        	1       	DelayloadDependency 
7684      	Microsoft.Shar      	Windows.Networking.Connectivity.dll                                   	0xb9000         	C:\Windows\System32\Windows.Networking.Connectivity.dll                                                                         	0x7ffcf9950000        	1       	DynamicLoad         
7684      	Microsoft.Shar      	netprofm.dll                                                          	0x3f000         	C:\Windows\System32\netprofm.dll                                                                                                	0x7ffd0e540000        	1       	DynamicLoad         
7684      	Microsoft.Shar      	npmproxy.dll                                                          	0x10000         	C:\Windows\System32\npmproxy.dll                                                                                                	0x7ffd06c00000        	1       	DynamicLoad         
7684      	Microsoft.Shar      	iertutil.dll                                                          	0x2b1000        	C:\Windows\SYSTEM32\iertutil.dll                                                                                                	0x7ffd09010000        	1       	DelayloadDependency 
7684      	Microsoft.Shar      	ondemandconnroutehelper.dll                                           	0x17000         	C:\Windows\SYSTEM32\ondemandconnroutehelper.dll                                                                                 	0x7ffd00ee0000        	1       	DynamicLoad         
7684      	Microsoft.Shar      	winhttp.dll                                                           	0x10a000        	C:\Windows\SYSTEM32\winhttp.dll                                                                                                 	0x7ffd0a550000        	1       	DynamicLoad         
7684      	Microsoft.Shar      	mswsock.dll                                                           	0x6a000         	C:\Windows\system32\mswsock.dll                                                                                                 	0x7ffd125b0000        	1       	DynamicLoad         
7684      	Microsoft.Shar      	WINNSI.DLL                                                            	0xb000          	C:\Windows\SYSTEM32\WINNSI.DLL                                                                                                  	0x7ffd0b6b0000        	1       	DelayloadDependency 
7684      	Microsoft.Shar      	Microsoft.SharePoint.dll                                              	0x2fa9000       	C:\Users\sharkvm\AppData\Local\Microsoft\OneDrive\25.130.0706.0004\Microsoft.SharePoint.dll                                     	0x7ffce3800000        	1       	DynamicLoad         
7684      	Microsoft.Shar      	WINTRUST.dll                                                          	0x67000         	C:\Windows\System32\WINTRUST.dll                                                                                                	0x7ffd13340000        	1       	StaticDependency    
7684      	Microsoft.Shar      	FileSyncHost.DLL                                                      	0x76000         	C:\Users\sharkvm\AppData\Local\Microsoft\OneDrive\25.130.0706.0004\FileSyncHost.DLL                                             	0x7ffcee610000        	1       	StaticDependency    
7684      	Microsoft.Shar      	FileSyncFS.DLL                                                        	0xf7000         	C:\Users\sharkvm\AppData\Local\Microsoft\OneDrive\25.130.0706.0004\FileSyncFS.DLL                                               	0x7ffcedd90000        	1       	StaticDependency    
7684      	Microsoft.Shar      	UpdateRingSettings.dll                                                	0xa5000         	C:\Users\sharkvm\AppData\Local\Microsoft\OneDrive\25.130.0706.0004\UpdateRingSettings.dll                                       	0x7ffcee690000        	1       	StaticDependency    
7684      	Microsoft.Shar      	FileSyncSqlite3.dll                                                   	0xae000         	C:\Users\sharkvm\AppData\Local\Microsoft\OneDrive\25.130.0706.0004\FileSyncSqlite3.dll                                          	0x7ffcecb60000        	1       	StaticDependency    
7684      	Microsoft.Shar      	LogUploader.dll                                                       	0x12d000        	C:\Users\sharkvm\AppData\Local\Microsoft\OneDrive\25.130.0706.0004\LogUploader.dll                                              	0x7ffcee4e0000        	1       	StaticDependency    
7684      	Microsoft.Shar      	PROPSYS.dll                                                           	0xf6000         	C:\Windows\SYSTEM32\PROPSYS.dll                                                                                                 	0x7ffd0ea50000        	1       	StaticDependency    
7684      	Microsoft.Shar      	MSVCP140_ATOMIC_WAIT.dll                                              	0x14000         	C:\Users\sharkvm\AppData\Local\Microsoft\OneDrive\25.130.0706.0004\MSVCP140_ATOMIC_WAIT.dll                                     	0x7ffcefdb0000        	1       	StaticDependency    
7684      	Microsoft.Shar      	Telemetry.dll                                                         	0xfe000         	C:\Users\sharkvm\AppData\Local\Microsoft\OneDrive\25.130.0706.0004\Telemetry.dll                                                	0x7ffcecca0000        	1       	StaticDependency    
7684      	Microsoft.Shar      	Microsoft.SharePoint.Calc.dll                                         	0xeb000         	C:\Users\sharkvm\AppData\Local\Microsoft\OneDrive\25.130.0706.0004\Microsoft.SharePoint.Calc.dll                                	0x7ffce77a0000        	1       	StaticDependency    
7684      	Microsoft.Shar      	urlmon.dll                                                            	0x1ec000        	C:\Windows\SYSTEM32\urlmon.dll                                                                                                  	0x7ffd08ce0000        	1       	StaticDependency    
7684      	Microsoft.Shar      	ncrypt.dll                                                            	0x28000         	C:\Windows\SYSTEM32\ncrypt.dll                                                                                                  	0x7ffd12930000        	1       	StaticDependency    
7684      	Microsoft.Shar      	credui.dll                                                            	0x1c000         	C:\Windows\SYSTEM32\credui.dll                                                                                                  	0x7ffcecb40000        	1       	StaticDependency    
7684      	Microsoft.Shar      	XmlLite.dll                                                           	0x36000         	C:\Windows\SYSTEM32\XmlLite.dll                                                                                                 	0x7ffd0ea10000        	1       	StaticDependency    
7684      	Microsoft.Shar      	FileSyncEvents.dll                                                    	0x24000         	C:\Users\sharkvm\AppData\Local\Microsoft\OneDrive\25.130.0706.0004\FileSyncEvents.dll                                           	0x7ffcee4b0000        	1       	StaticDependency    
7684      	Microsoft.Shar      	Microsoft.SharePoint.WebSocketClient.dll                              	0x147000        	C:\Users\sharkvm\AppData\Local\Microsoft\OneDrive\25.130.0706.0004\Microsoft.SharePoint.WebSocketClient.dll                     	0x7ffce7650000        	1       	StaticDependency    
7684      	Microsoft.Shar      	srvcli.dll                                                            	0x28000         	C:\Windows\SYSTEM32\srvcli.dll                                                                                                  	0x7ffd08cb0000        	1       	StaticDependency    
7684      	Microsoft.Shar      	netutils.dll                                                          	0xc000          	C:\Windows\SYSTEM32\netutils.dll                                                                                                	0x7ffd123b0000        	1       	StaticDependency    
7684      	Microsoft.Shar      	FileSyncSessions.dll                                                  	0x617000        	C:\Users\sharkvm\AppData\Local\Microsoft\OneDrive\25.130.0706.0004\FileSyncSessions.dll                                         	0x7ffcede90000        	1       	StaticDependency    
7684      	Microsoft.Shar      	adal.dll                                                              	0x176000        	C:\Users\sharkvm\AppData\Local\Microsoft\OneDrive\25.130.0706.0004\adal.dll                                                     	0x7ffcec9c0000        	1       	StaticDependency    
7684      	Microsoft.Shar      	libssl-3-x64.dll                                                      	0x136000        	C:\Users\sharkvm\AppData\Local\Microsoft\OneDrive\25.130.0706.0004\libssl-3-x64.dll                                             	0x7ffceac40000        	1       	StaticDependency    
7684      	Microsoft.Shar      	libcrypto-3-x64.dll                                                   	0x643000        	C:\Users\sharkvm\AppData\Local\Microsoft\OneDrive\25.130.0706.0004\libcrypto-3-x64.dll                                          	0x7ffce89c0000        	1       	StaticDependency    
7684      	Microsoft.Shar      	NTASN1.dll                                                            	0x3b000         	C:\Windows\SYSTEM32\NTASN1.dll                                                                                                  	0x7ffd128f0000        	1       	DelayloadDependency 
7684      	Microsoft.Shar      	Wscapi.dll                                                            	0x4d000         	C:\Windows\SYSTEM32\Wscapi.dll                                                                                                  	0x7ffcfd780000        	1       	DynamicLoad         
7684      	Microsoft.Shar      	MSASN1.dll                                                            	0x12000         	C:\Windows\SYSTEM32\MSASN1.dll                                                                                                  	0x7ffd12a50000        	1       	DelayloadDependency 
7684      	Microsoft.Shar      	DNSAPI.dll                                                            	0xcb000         	C:\Windows\SYSTEM32\DNSAPI.dll                                                                                                  	0x7ffd122e0000        	1       	DelayloadDependency 
7684      	Microsoft.Shar      	WINSTA.dll                                                            	0x64000         	C:\Windows\SYSTEM32\WINSTA.dll                                                                                                  	0x7ffd12880000        	1       	DelayloadDependency 
7684      	Microsoft.Shar      	rasadhlp.dll                                                          	0xa000          	C:\Windows\System32\rasadhlp.dll                                                                                                	0x7ffd06b20000        	1       	DynamicLoad         
7684      	Microsoft.Shar      	fwpuclnt.dll                                                          	0x82000         	C:\Windows\System32\fwpuclnt.dll                                                                                                	0x7ffd07b70000        	1       	DynamicLoad         
7684      	Microsoft.Shar      	atlthunk.dll                                                          	0xd000          	C:\Windows\SYSTEM32\atlthunk.dll                                                                                                	0x7ffcf1bc0000        	1       	DynamicLoad         
7684      	Microsoft.Shar      	MSCTF.dll                                                             	0x114000        	C:\Windows\System32\MSCTF.dll                                                                                                   	0x7ffd13fb0000        	1       	DelayloadDependency 
7684      	Microsoft.Shar      	FileSyncFSNtfs.DLL                                                    	0xc0000         	C:\Users\sharkvm\AppData\Local\Microsoft\OneDrive\25.130.0706.0004\FileSyncFSNtfs.DLL                                           	0x7ffce8900000        	1       	DynamicLoad         
7684      	Microsoft.Shar      	FileSyncFSNtfsWB.dll                                                  	0x7f000         	C:\Users\sharkvm\AppData\Local\Microsoft\OneDrive\25.130.0706.0004\FileSyncFSNtfsWB.dll                                         	0x7ffce8880000        	1       	DynamicLoad         
7684      	Microsoft.Shar      	FileSyncFSDbfsWB.dll                                                  	0x37000         	C:\Users\sharkvm\AppData\Local\Microsoft\OneDrive\25.130.0706.0004\FileSyncFSDbfsWB.dll                                         	0x7ffceac00000        	1       	DynamicLoad         
7684      	Microsoft.Shar      	FileSyncFSCache.dll                                                   	0x7b000         	C:\Users\sharkvm\AppData\Local\Microsoft\OneDrive\25.130.0706.0004\FileSyncFSCache.dll                                          	0x7ffce8800000        	1       	DynamicLoad         
7684      	Microsoft.Shar      	FileSyncFALWB.dll                                                     	0xab000         	C:\Users\sharkvm\AppData\Local\Microsoft\OneDrive\25.130.0706.0004\FileSyncFALWB.dll                                            	0x7ffce8750000        	1       	DynamicLoad         
7684      	Microsoft.Shar      	cldapi.dll                                                            	0x22000         	C:\Windows\SYSTEM32\cldapi.dll                                                                                                  	0x7ffcf8c60000        	2       	StaticDependency    
7684      	Microsoft.Shar      	FLTLIB.DLL                                                            	0xb000          	C:\Windows\SYSTEM32\FLTLIB.DLL                                                                                                  	0x7ffd00430000        	1       	StaticDependency    
7684      	Microsoft.Shar      	FileSync.Resources.dll                                                	0x431000        	C:\Users\sharkvm\AppData\Local\Microsoft\OneDrive\25.130.0706.0004\FileSync.Resources.dll                                       	0x2acb18f0000         	1       	DynamicLoad         
7684      	Microsoft.Shar      	FileSync.LocalizedResources.dll                                       	0x50000         	C:\Users\sharkvm\AppData\Local\Microsoft\OneDrive\25.130.0706.0004\FileSync.LocalizedResources.dll                              	0x2acb1d80000         	1       	DynamicLoad         
7684      	Microsoft.Shar      	Windows.Security.Authentication.Web.Core.dll                          	0x11d000        	C:\Windows\System32\Windows.Security.Authentication.Web.Core.dll                                                                	0x7ffcfb1b0000        	1       	DynamicLoad         
7684      	Microsoft.Shar      	wintypes.dll                                                          	0x154000        	C:\Windows\SYSTEM32\wintypes.dll                                                                                                	0x7ffd0ebd0000        	1       	StaticDependency    
7684      	Microsoft.Shar      	schannel.DLL                                                          	0x99000         	C:\Windows\system32\schannel.DLL                                                                                                	0x7ffd11df0000        	1       	DynamicLoad         
7684      	Microsoft.Shar      	DPAPI.dll                                                             	0xa000          	C:\Windows\SYSTEM32\DPAPI.dll                                                                                                   	0x7ffd12c80000        	1       	DelayloadDependency 
7684      	Microsoft.Shar      	mskeyprotect.dll                                                      	0x16000         	C:\Windows\SYSTEM32\mskeyprotect.dll                                                                                            	0x7ffd00d00000        	1       	DynamicLoad         
7684      	Microsoft.Shar      	cryptnet.dll                                                          	0x31000         	C:\Windows\System32\cryptnet.dll                                                                                                	0x7ffd00c90000        	1       	DynamicLoad         
7684      	Microsoft.Shar      	ncryptsslp.dll                                                        	0x26000         	C:\Windows\system32\ncryptsslp.dll                                                                                              	0x7ffd00db0000        	1       	DynamicLoad         
7684      	Microsoft.Shar      	Microsoft.SharePoint.HttpSvr.dll                                      	0x13b000        	C:\Users\sharkvm\AppData\Local\Microsoft\OneDrive\25.130.0706.0004\Microsoft.SharePoint.HttpSvr.dll                             	0x7ffce7510000        	1       	DynamicLoad         
7684      	Microsoft.Shar      	WSOCK32.dll                                                           	0x9000          	C:\Windows\SYSTEM32\WSOCK32.dll                                                                                                 	0x7ffd032b0000        	1       	StaticDependency    
6536      	svchost.exe         	ntdll.dll                                                             	0x1f8000        	C:\Windows\SYSTEM32\ntdll.dll                                                                                                   	0x7ffd157f0000        	2       	StaticDependency    
6536      	svchost.exe         	KERNEL32.DLL                                                          	0xbf000         	C:\Windows\System32\KERNEL32.DLL                                                                                                	0x7ffd155b0000        	2       	DynamicLoad         
6536      	svchost.exe         	KERNELBASE.dll                                                        	0x2f6000        	C:\Windows\System32\KERNELBASE.dll                                                                                              	0x7ffd133b0000        	1       	StaticDependency    
6536      	svchost.exe         	sechost.dll                                                           	0x9c000         	C:\Windows\System32\sechost.dll                                                                                                 	0x7ffd15450000        	2       	StaticDependency    
6536      	svchost.exe         	RPCRT4.dll                                                            	0x126000        	C:\Windows\System32\RPCRT4.dll                                                                                                  	0x7ffd13c20000        	2       	StaticDependency    
6536      	svchost.exe         	ucrtbase.dll                                                          	0x100000        	C:\Windows\System32\ucrtbase.dll                                                                                                	0x7ffd13180000        	2       	StaticDependency    
6536      	svchost.exe         	combase.dll                                                           	0x354000        	C:\Windows\System32\combase.dll                                                                                                 	0x7ffd150f0000        	1       	DelayloadDependency 
6536      	svchost.exe         	kernel.appcore.dll                                                    	0x12000         	C:\Windows\SYSTEM32\kernel.appcore.dll                                                                                          	0x7ffd10db0000        	1       	DelayloadDependency 
6536      	svchost.exe         	msvcrt.dll                                                            	0x9e000         	C:\Windows\System32\msvcrt.dll                                                                                                  	0x7ffd13af0000        	1       	StaticDependency    
6536      	svchost.exe         	bcryptPrimitives.dll                                                  	0x82000         	C:\Windows\System32\bcryptPrimitives.dll                                                                                        	0x7ffd132b0000        	3       	DelayloadDependency 
6536      	svchost.exe         	user32.dll                                                            	0x19d000        	C:\Windows\System32\user32.dll                                                                                                  	0x7ffd14e90000        	1       	DelayloadDependency 
6536      	svchost.exe         	win32u.dll                                                            	0x22000         	C:\Windows\System32\win32u.dll                                                                                                  	0x7ffd13820000        	1       	StaticDependency    
6536      	svchost.exe         	GDI32.dll                                                             	0x2c000         	C:\Windows\System32\GDI32.dll                                                                                                   	0x7ffd13bf0000        	1       	StaticDependency    
6536      	svchost.exe         	gdi32full.dll                                                         	0x115000        	C:\Windows\System32\gdi32full.dll                                                                                               	0x7ffd136b0000        	1       	StaticDependency    
6536      	svchost.exe         	msvcp_win.dll                                                         	0x9d000         	C:\Windows\System32\msvcp_win.dll                                                                                               	0x7ffd130e0000        	1       	StaticDependency    
6536      	svchost.exe         	storsvc.dll                                                           	0x10b000        	c:\windows\system32\storsvc.dll                                                                                                 	0x7ffce7280000        	1       	DynamicLoad         
6536      	svchost.exe         	bcrypt.dll                                                            	0x27000         	C:\Windows\System32\bcrypt.dll                                                                                                  	0x7ffd13280000        	2       	StaticDependency    
6536      	svchost.exe         	shcore.dll                                                            	0xad000         	C:\Windows\System32\shcore.dll                                                                                                  	0x7ffd13880000        	1       	StaticDependency    
6536      	svchost.exe         	cfgmgr32.dll                                                          	0x4e000         	C:\Windows\System32\cfgmgr32.dll                                                                                                	0x7ffd137d0000        	1       	StaticDependency    
6536      	svchost.exe         	advapi32.dll                                                          	0xaf000         	C:\Windows\System32\advapi32.dll                                                                                                	0x7ffd15040000        	1       	StaticDependency    
6536      	svchost.exe         	OLEAUT32.dll                                                          	0xcd000         	C:\Windows\System32\OLEAUT32.dll                                                                                                	0x7ffd13e00000        	1       	StaticDependency    
6536      	svchost.exe         	DEVOBJ.dll                                                            	0x2c000         	c:\windows\system32\DEVOBJ.dll                                                                                                  	0x7ffd12c30000        	1       	StaticDependency    
6536      	svchost.exe         	FLTLIB.DLL                                                            	0xb000          	c:\windows\system32\FLTLIB.DLL                                                                                                  	0x7ffd00430000        	1       	StaticDependency    
6536      	svchost.exe         	ntmarta.dll                                                           	0x33000         	C:\Windows\SYSTEM32\ntmarta.dll                                                                                                 	0x7ffd11f60000        	1       	StaticDependency    
6536      	svchost.exe         	bcd.dll                                                               	0x22000         	c:\windows\system32\bcd.dll                                                                                                     	0x7ffd00440000        	1       	StaticDependency    
6536      	svchost.exe         	wer.dll                                                               	0xde000         	c:\windows\system32\wer.dll                                                                                                     	0x7ffd10af0000        	1       	StaticDependency    
6536      	svchost.exe         	WINHTTP.dll                                                           	0x10a000        	c:\windows\system32\WINHTTP.dll                                                                                                 	0x7ffd0a550000        	1       	StaticDependency    
6536      	svchost.exe         	Cabinet.dll                                                           	0x29000         	c:\windows\system32\Cabinet.dll                                                                                                 	0x7ffd0b960000        	1       	StaticDependency    
6536      	svchost.exe         	WLDP.DLL                                                              	0x2e000         	C:\Windows\SYSTEM32\WLDP.DLL                                                                                                    	0x7ffd12850000        	1       	DynamicLoad         
6536      	svchost.exe         	clbcatq.dll                                                           	0xa9000         	C:\Windows\System32\clbcatq.dll                                                                                                 	0x7ffd13d50000        	1       	DelayloadDependency 
6536      	svchost.exe         	windows.storage.dll                                                   	0x793000        	C:\Windows\system32\windows.storage.dll                                                                                         	0x7ffd10fb0000        	1       	DynamicLoad         
6536      	svchost.exe         	shlwapi.dll                                                           	0x55000         	C:\Windows\System32\shlwapi.dll                                                                                                 	0x7ffd15550000        	1       	DelayloadDependency 
6536      	svchost.exe         	AppXDeploymentClient.dll                                              	0x104000        	C:\Windows\System32\AppXDeploymentClient.dll                                                                                    	0x7ffd0c590000        	1       	DynamicLoad         
6536      	svchost.exe         	ole32.dll                                                             	0x12a000        	C:\Windows\System32\ole32.dll                                                                                                   	0x7ffd140d0000        	1       	DelayloadDependency 
6536      	svchost.exe         	storageusage.dll                                                      	0x2f000         	C:\Windows\SYSTEM32\storageusage.dll                                                                                            	0x7ffd0c4f0000        	1       	DynamicLoad         
6536      	svchost.exe         	USERENV.dll                                                           	0x2e000         	C:\Windows\System32\USERENV.dll                                                                                                 	0x7ffd12d90000        	1       	DelayloadDependency 
6536      	svchost.exe         	profapi.dll                                                           	0x1f000         	C:\Windows\System32\profapi.dll                                                                                                 	0x7ffd12e10000        	1       	DelayloadDependency 
6536      	svchost.exe         	SspiCli.dll                                                           	0x32000         	C:\Windows\SYSTEM32\SspiCli.dll                                                                                                 	0x7ffd12dc0000        	1       	DelayloadDependency 
6536      	svchost.exe         	propsys.dll                                                           	0xf6000         	C:\Windows\system32\propsys.dll                                                                                                 	0x7ffd0ea50000        	1       	DynamicLoad         
6536      	svchost.exe         	policymanager.dll                                                     	0xa3000         	C:\Windows\SYSTEM32\policymanager.dll                                                                                           	0x7ffd0c380000        	1       	DelayloadDependency 
6536      	svchost.exe         	msvcp110_win.dll                                                      	0x8a000         	c:\windows\system32\msvcp110_win.dll                                                                                            	0x7ffd11fa0000        	1       	StaticDependency    
5380      	TextInputHost.      	ntdll.dll                                                             	0x1f8000        	C:\Windows\SYSTEM32\ntdll.dll                                                                                                   	0x7ffd157f0000        	2       	StaticDependency    
5380      	TextInputHost.      	KERNEL32.DLL                                                          	0xbf000         	C:\Windows\System32\KERNEL32.DLL                                                                                                	0x7ffd155b0000        	2       	DynamicLoad         
5380      	TextInputHost.      	KERNELBASE.dll                                                        	0x2f6000        	C:\Windows\System32\KERNELBASE.dll                                                                                              	0x7ffd133b0000        	1       	StaticDependency    
5380      	TextInputHost.      	combase.dll                                                           	0x354000        	C:\Windows\System32\combase.dll                                                                                                 	0x7ffd150f0000        	2       	StaticDependency    
5380      	TextInputHost.      	ucrtbase.dll                                                          	0x100000        	C:\Windows\System32\ucrtbase.dll                                                                                                	0x7ffd13180000        	2       	StaticDependency    
5380      	TextInputHost.      	RPCRT4.dll                                                            	0x126000        	C:\Windows\System32\RPCRT4.dll                                                                                                  	0x7ffd13c20000        	2       	StaticDependency    
5380      	TextInputHost.      	VCRUNTIME140_APP.dll                                                  	0x1b000         	C:\Windows\SystemApps\MicrosoftWindows.Client.CBS_cw5n1h2txyewy\VCRUNTIME140_APP.dll                                            	0x7ffce9b10000        	2       	StaticDependency    
5380      	TextInputHost.      	kernel.appcore.dll                                                    	0x12000         	C:\Windows\SYSTEM32\kernel.appcore.dll                                                                                          	0x7ffd10db0000        	1       	DelayloadDependency 
5380      	TextInputHost.      	msvcrt.dll                                                            	0x9e000         	C:\Windows\System32\msvcrt.dll                                                                                                  	0x7ffd13af0000        	1       	StaticDependency    
5380      	TextInputHost.      	bcryptPrimitives.dll                                                  	0x82000         	C:\Windows\System32\bcryptPrimitives.dll                                                                                        	0x7ffd132b0000        	3       	DelayloadDependency 
5380      	TextInputHost.      	InputApp.dll                                                          	0xd3000         	C:\Windows\SystemApps\MicrosoftWindows.Client.CBS_cw5n1h2txyewy\InputApp.dll                                                    	0x7ffce71a0000        	1       	DynamicLoad         
5380      	TextInputHost.      	shcore.dll                                                            	0xad000         	C:\Windows\System32\shcore.dll                                                                                                  	0x7ffd13880000        	1       	StaticDependency    
5380      	TextInputHost.      	vccorlib140_app.DLL                                                   	0x52000         	C:\Windows\SystemApps\MicrosoftWindows.Client.CBS_cw5n1h2txyewy\vccorlib140_app.DLL                                             	0x7ffce2660000        	1       	StaticDependency    
5380      	TextInputHost.      	OLEAUT32.dll                                                          	0xcd000         	C:\Windows\System32\OLEAUT32.dll                                                                                                	0x7ffd13e00000        	1       	StaticDependency    
5380      	TextInputHost.      	msvcp_win.dll                                                         	0x9d000         	C:\Windows\System32\msvcp_win.dll                                                                                               	0x7ffd130e0000        	1       	StaticDependency    
5380      	TextInputHost.      	MSVCP140_APP.dll                                                      	0x8d000         	C:\Windows\SystemApps\MicrosoftWindows.Client.CBS_cw5n1h2txyewy\MSVCP140_APP.dll                                                	0x7ffce25d0000        	1       	StaticDependency    
5380      	TextInputHost.      	VCRUNTIME140_1_APP.dll                                                	0xc000          	C:\Windows\SystemApps\MicrosoftWindows.Client.CBS_cw5n1h2txyewy\VCRUNTIME140_1_APP.dll                                          	0x7ffd00740000        	1       	StaticDependency    
5380      	TextInputHost.      	Windows.UI.Xaml.dll                                                   	0x10bf000       	C:\Windows\System32\Windows.UI.Xaml.dll                                                                                         	0x7ffd09490000        	1       	DynamicLoad         
5380      	TextInputHost.      	user32.dll                                                            	0x19d000        	C:\Windows\System32\user32.dll                                                                                                  	0x7ffd14e90000        	1       	StaticDependency    
5380      	TextInputHost.      	win32u.dll                                                            	0x22000         	C:\Windows\System32\win32u.dll                                                                                                  	0x7ffd13820000        	1       	StaticDependency    
5380      	TextInputHost.      	GDI32.dll                                                             	0x2c000         	C:\Windows\System32\GDI32.dll                                                                                                   	0x7ffd13bf0000        	1       	StaticDependency    
5380      	TextInputHost.      	gdi32full.dll                                                         	0x115000        	C:\Windows\System32\gdi32full.dll                                                                                               	0x7ffd136b0000        	1       	StaticDependency    
5380      	TextInputHost.      	sechost.dll                                                           	0x9c000         	C:\Windows\System32\sechost.dll                                                                                                 	0x7ffd15450000        	1       	StaticDependency    
5380      	TextInputHost.      	CoreMessaging.dll                                                     	0xf2000         	C:\Windows\SYSTEM32\CoreMessaging.dll                                                                                           	0x7ffd103f0000        	2       	StaticDependency    
5380      	TextInputHost.      	WS2_32.dll                                                            	0x6b000         	C:\Windows\System32\WS2_32.dll                                                                                                  	0x7ffd14dc0000        	1       	StaticDependency    
5380      	TextInputHost.      	Bcp47Langs.dll                                                        	0x5b000         	C:\Windows\SYSTEM32\Bcp47Langs.dll                                                                                              	0x7ffd0ad50000        	1       	StaticDependency    
5380      	TextInputHost.      	iertutil.dll                                                          	0x2b1000        	C:\Windows\SYSTEM32\iertutil.dll                                                                                                	0x7ffd09010000        	1       	StaticDependency    
5380      	TextInputHost.      	dcomp.dll                                                             	0x1e3000        	C:\Windows\SYSTEM32\dcomp.dll                                                                                                   	0x7ffd0f9c0000        	1       	StaticDependency    
5380      	TextInputHost.      	advapi32.dll                                                          	0xaf000         	C:\Windows\System32\advapi32.dll                                                                                                	0x7ffd15040000        	1       	StaticDependency    
5380      	TextInputHost.      	IMM32.DLL                                                             	0x30000         	C:\Windows\System32\IMM32.DLL                                                                                                   	0x7ffd15780000        	1       	DynamicLoad         
5380      	TextInputHost.      	twinapi.appcore.dll                                                   	0x200000        	C:\Windows\System32\twinapi.appcore.dll                                                                                         	0x7ffd0de50000        	1       	DynamicLoad         
5380      	TextInputHost.      	WinTypes.dll                                                          	0x154000        	C:\Windows\System32\WinTypes.dll                                                                                                	0x7ffd0ebd0000        	1       	DynamicLoad         
5380      	TextInputHost.      	windows.staterepositorycore.dll                                       	0x11000         	C:\Windows\SYSTEM32\windows.staterepositorycore.dll                                                                             	0x7ffd067c0000        	1       	DelayloadDependency 
5380      	TextInputHost.      	Windows.UI.dll                                                        	0x141000        	C:\Windows\System32\Windows.UI.dll                                                                                              	0x7ffd0aa40000        	1       	DynamicLoad         
5380      	TextInputHost.      	WindowManagementAPI.dll                                               	0xa1000         	C:\Windows\SYSTEM32\WindowManagementAPI.dll                                                                                     	0x7ffd0e050000        	1       	StaticDependency    
5380      	TextInputHost.      	TextInputFramework.dll                                                	0xfa000         	C:\Windows\SYSTEM32\TextInputFramework.dll                                                                                      	0x7ffd0a940000        	1       	StaticDependency    
5380      	TextInputHost.      	InputHost.dll                                                         	0x152000        	C:\Windows\SYSTEM32\InputHost.dll                                                                                               	0x7ffd0a7e0000        	1       	StaticDependency    
5380      	TextInputHost.      	CoreUIComponents.dll                                                  	0x35e000        	C:\Windows\SYSTEM32\CoreUIComponents.dll                                                                                        	0x7ffd0fd10000        	2       	StaticDependency    
5380      	TextInputHost.      	PROPSYS.dll                                                           	0xf6000         	C:\Windows\SYSTEM32\PROPSYS.dll                                                                                                 	0x7ffd0ea50000        	1       	StaticDependency    
5380      	TextInputHost.      	ntmarta.dll                                                           	0x33000         	C:\Windows\SYSTEM32\ntmarta.dll                                                                                                 	0x7ffd11f60000        	1       	StaticDependency    
5380      	TextInputHost.      	OneCoreUAPCommonProxyStub.dll                                         	0x7cb000        	C:\Windows\System32\OneCoreUAPCommonProxyStub.dll                                                                               	0x7ffd0c960000        	1       	DynamicLoad         
5380      	TextInputHost.      	uxtheme.dll                                                           	0x9e000         	C:\Windows\system32\uxtheme.dll                                                                                                 	0x7ffd108e0000        	1       	DynamicLoad         
5380      	TextInputHost.      	urlmon.dll                                                            	0x1ec000        	C:\Windows\SYSTEM32\urlmon.dll                                                                                                  	0x7ffd08ce0000        	1       	DelayloadDependency 
5380      	TextInputHost.      	srvcli.dll                                                            	0x28000         	C:\Windows\SYSTEM32\srvcli.dll                                                                                                  	0x7ffd08cb0000        	1       	StaticDependency    
5380      	TextInputHost.      	netutils.dll                                                          	0xc000          	C:\Windows\SYSTEM32\netutils.dll                                                                                                	0x7ffd123b0000        	1       	StaticDependency    
5380      	TextInputHost.      	dxgi.dll                                                              	0xf3000         	C:\Windows\SYSTEM32\dxgi.dll                                                                                                    	0x7ffd11790000        	1       	DynamicLoad         
5380      	TextInputHost.      	TextInput.dll                                                         	0x978000        	C:\Windows\SystemApps\MicrosoftWindows.Client.CBS_cw5n1h2txyewy\TextInput.dll                                                   	0x7ffce1c50000        	1       	DynamicLoad         
5380      	TextInputHost.      	d3d11.dll                                                             	0x263000        	C:\Windows\SYSTEM32\d3d11.dll                                                                                                   	0x7ffd0f750000        	1       	StaticDependency    
5380      	TextInputHost.      	d2d1.dll                                                              	0x5c0000        	C:\Windows\SYSTEM32\d2d1.dll                                                                                                    	0x7ffd0f190000        	1       	StaticDependency    
5380      	TextInputHost.      	DWrite.dll                                                            	0x27f000        	C:\Windows\SYSTEM32\DWrite.dll                                                                                                  	0x7ffd08800000        	1       	StaticDependency    
5380      	TextInputHost.      	uiautomationcore.dll                                                  	0x2f5000        	C:\Windows\SYSTEM32\uiautomationcore.dll                                                                                        	0x7ffcf5b90000        	1       	StaticDependency    
5380      	TextInputHost.      	vm3dum64_loader.dll                                                   	0x4f000         	C:\Windows\SYSTEM32\vm3dum64_loader.dll                                                                                         	0x7ffd0ba90000        	1       	DynamicLoad         
5380      	TextInputHost.      	vm3dum64_10.dll                                                       	0x9a000         	C:\Windows\SYSTEM32\vm3dum64_10.dll                                                                                             	0x7ffd0b9f0000        	1       	DynamicLoad         
5380      	TextInputHost.      	WINMM.dll                                                             	0x27000         	C:\Windows\SYSTEM32\WINMM.dll                                                                                                   	0x7ffd0b9c0000        	1       	StaticDependency    
5380      	TextInputHost.      	VERSION.dll                                                           	0xa000          	C:\Windows\SYSTEM32\VERSION.dll                                                                                                 	0x7ffd0b9b0000        	1       	StaticDependency    
5380      	TextInputHost.      	LayoutData.dll                                                        	0x1c7000        	C:\Windows\SystemApps\MicrosoftWindows.Client.CBS_cw5n1h2txyewy\LayoutData.dll                                                  	0x7ffce1a80000        	1       	DynamicLoad         
5380      	TextInputHost.      	MrmCoreR.dll                                                          	0xf4000         	C:\Windows\System32\MrmCoreR.dll                                                                                                	0x7ffd0ac10000        	1       	DynamicLoad         
5380      	TextInputHost.      	windows.staterepositoryclient.dll                                     	0x40000         	C:\Windows\SYSTEM32\windows.staterepositoryclient.dll                                                                           	0x7ffcf97f0000        	1       	DelayloadDependency 
5380      	TextInputHost.      	profapi.dll                                                           	0x1f000         	C:\Windows\SYSTEM32\profapi.dll                                                                                                 	0x7ffd12e10000        	1       	DelayloadDependency 
5380      	TextInputHost.      	bcp47mrm.dll                                                          	0x2d000         	C:\Windows\SYSTEM32\bcp47mrm.dll                                                                                                	0x7ffd0a760000        	1       	DelayloadDependency 
5380      	TextInputHost.      	dxcore.dll                                                            	0x3b000         	C:\Windows\SYSTEM32\dxcore.dll                                                                                                  	0x7ffd0db60000        	1       	DelayloadDependency 
5380      	TextInputHost.      	cfgmgr32.dll                                                          	0x4e000         	C:\Windows\System32\cfgmgr32.dll                                                                                                	0x7ffd137d0000        	1       	StaticDependency    
5380      	TextInputHost.      	msctf.dll                                                             	0x114000        	C:\Windows\System32\msctf.dll                                                                                                   	0x7ffd13fb0000        	1       	DelayloadDependency 
5380      	TextInputHost.      	TextShaping.dll                                                       	0xac000         	C:\Windows\SYSTEM32\TextShaping.dll                                                                                             	0x7ffd06b50000        	1       	DelayloadDependency 
5380      	TextInputHost.      	RMCLIENT.dll                                                          	0x2a000         	C:\Windows\SYSTEM32\RMCLIENT.dll                                                                                                	0x7ffd10ac0000        	1       	DelayloadDependency 
5380      	TextInputHost.      	UiaManager.dll                                                        	0xa1000         	C:\Windows\System32\UiaManager.dll                                                                                              	0x7ffcfa5d0000        	1       	DynamicLoad         
5380      	TextInputHost.      	windows.ui.core.textinput.dll                                         	0x104000        	C:\Windows\SYSTEM32\windows.ui.core.textinput.dll                                                                               	0x7ffcf6e50000        	1       	DynamicLoad         
5380      	TextInputHost.      	Windows.UI.Immersive.dll                                              	0x139000        	C:\Windows\System32\Windows.UI.Immersive.dll                                                                                    	0x7ffd08ed0000        	1       	DynamicLoad         
5380      	TextInputHost.      	DataExchange.dll                                                      	0x3e000         	C:\Windows\system32\DataExchange.dll                                                                                            	0x7ffcf8c20000        	1       	DynamicLoad         
5380      	TextInputHost.      	CRYPTBASE.dll                                                         	0xc000          	C:\Windows\SYSTEM32\CRYPTBASE.dll                                                                                               	0x7ffd127c0000        	1       	DelayloadDependency 
5380      	TextInputHost.      	windowsudk.shellcommon.dll                                            	0x247000        	C:\Windows\system32\windowsudk.shellcommon.dll                                                                                  	0x7ffcf6c00000        	1       	DynamicLoad         
5380      	TextInputHost.      	DictationManager.dll                                                  	0x80000         	C:\Windows\SYSTEM32\DictationManager.dll                                                                                        	0x7ffcf6b80000        	1       	StaticDependency    
5380      	TextInputHost.      	USERENV.dll                                                           	0x2e000         	C:\Windows\SYSTEM32\USERENV.dll                                                                                                 	0x7ffd12d90000        	1       	StaticDependency    
5380      	TextInputHost.      	windows.storage.dll                                                   	0x793000        	C:\Windows\SYSTEM32\windows.storage.dll                                                                                         	0x7ffd10fb0000        	1       	StaticDependency    
5380      	TextInputHost.      	Wldp.dll                                                              	0x2e000         	C:\Windows\SYSTEM32\Wldp.dll                                                                                                    	0x7ffd12850000        	1       	StaticDependency    
5380      	TextInputHost.      	Windows.Graphics.dll                                                  	0x8d000         	C:\Windows\System32\Windows.Graphics.dll                                                                                        	0x7ffd0c250000        	1       	DynamicLoad         
5380      	TextInputHost.      	bcrypt.dll                                                            	0x27000         	C:\Windows\System32\bcrypt.dll                                                                                                  	0x7ffd13280000        	3       	DelayloadDependency 
5380      	TextInputHost.      	profext.dll                                                           	0x29000         	C:\Windows\SYSTEM32\profext.dll                                                                                                 	0x7ffd11ba0000        	1       	DelayloadDependency 
5380      	TextInputHost.      	policymanager.dll                                                     	0xa3000         	C:\Windows\SYSTEM32\policymanager.dll                                                                                           	0x7ffd0c380000        	1       	DelayloadDependency 
5380      	TextInputHost.      	msvcp110_win.dll                                                      	0x8a000         	C:\Windows\SYSTEM32\msvcp110_win.dll                                                                                            	0x7ffd11fa0000        	1       	StaticDependency    
5380      	TextInputHost.      	twinapi.dll                                                           	0xa9000         	C:\Windows\System32\twinapi.dll                                                                                                 	0x7ffcfbee0000        	1       	DynamicLoad         
5380      	TextInputHost.      	SHLWAPI.dll                                                           	0x55000         	C:\Windows\System32\SHLWAPI.dll                                                                                                 	0x7ffd15550000        	1       	StaticDependency    
5380      	TextInputHost.      	directmanipulation.dll                                                	0x9e000         	C:\Windows\system32\directmanipulation.dll                                                                                      	0x7ffd07d90000        	1       	DynamicLoad         
5380      	TextInputHost.      	Windows.Storage.ApplicationData.dll                                   	0x66000         	C:\Windows\System32\Windows.Storage.ApplicationData.dll                                                                         	0x7ffcf6180000        	1       	DynamicLoad         
5380      	TextInputHost.      	rometadata.dll                                                        	0x3b000         	C:\Windows\SYSTEM32\rometadata.dll                                                                                              	0x7ffcf2700000        	1       	DelayloadDependency 
5380      	TextInputHost.      	Windows.Web.dll                                                       	0xc3000         	C:\Windows\System32\Windows.Web.dll                                                                                             	0x7ffcf7e60000        	1       	DynamicLoad         
3452      	sqlservr.exe        	ntdll.dll                                                             	0x1f8000        	C:\Windows\SYSTEM32\ntdll.dll                                                                                                   	0x7ffd157f0000        	2       	StaticDependency    
3452      	sqlservr.exe        	KERNEL32.DLL                                                          	0xbf000         	C:\Windows\System32\KERNEL32.DLL                                                                                                	0x7ffd155b0000        	2       	DynamicLoad         
3452      	sqlservr.exe        	KERNELBASE.dll                                                        	0x2f6000        	C:\Windows\System32\KERNELBASE.dll                                                                                              	0x7ffd133b0000        	1       	StaticDependency    
3452      	sqlservr.exe        	CRYPT32.dll                                                           	0x15e000        	C:\Windows\System32\CRYPT32.dll                                                                                                 	0x7ffd12f80000        	2       	StaticDependency    
3452      	sqlservr.exe        	ucrtbase.dll                                                          	0x100000        	C:\Windows\System32\ucrtbase.dll                                                                                                	0x7ffd13180000        	2       	StaticDependency    
3452      	sqlservr.exe        	WS2_32.dll                                                            	0x6b000         	C:\Windows\System32\WS2_32.dll                                                                                                  	0x7ffd14dc0000        	2       	StaticDependency    
3452      	sqlservr.exe        	NETAPI32.dll                                                          	0x19000         	C:\Windows\SYSTEM32\NETAPI32.dll                                                                                                	0x7ffd041a0000        	2       	StaticDependency    
3452      	sqlservr.exe        	RPCRT4.dll                                                            	0x126000        	C:\Windows\System32\RPCRT4.dll                                                                                                  	0x7ffd13c20000        	2       	StaticDependency    
3452      	sqlservr.exe        	msvcrt.dll                                                            	0x9e000         	C:\Windows\System32\msvcrt.dll                                                                                                  	0x7ffd13af0000        	2       	StaticDependency    
3452      	sqlservr.exe        	ADVAPI32.dll                                                          	0xaf000         	C:\Windows\System32\ADVAPI32.dll                                                                                                	0x7ffd15040000        	2       	StaticDependency    
3452      	sqlservr.exe        	sechost.dll                                                           	0x9c000         	C:\Windows\System32\sechost.dll                                                                                                 	0x7ffd15450000        	2       	StaticDependency    
3452      	sqlservr.exe        	pdh.dll                                                               	0x49000         	C:\Windows\SYSTEM32\pdh.dll                                                                                                     	0x7ffd02730000        	2       	StaticDependency    
3452      	sqlservr.exe        	ole32.dll                                                             	0x12a000        	C:\Windows\System32\ole32.dll                                                                                                   	0x7ffd140d0000        	2       	StaticDependency    
3452      	sqlservr.exe        	combase.dll                                                           	0x354000        	C:\Windows\System32\combase.dll                                                                                                 	0x7ffd150f0000        	2       	StaticDependency    
3452      	sqlservr.exe        	GDI32.dll                                                             	0x2c000         	C:\Windows\System32\GDI32.dll                                                                                                   	0x7ffd13bf0000        	2       	StaticDependency    
3452      	sqlservr.exe        	IPHLPAPI.DLL                                                          	0x3c000         	C:\Windows\SYSTEM32\IPHLPAPI.DLL                                                                                                	0x7ffd122a0000        	2       	StaticDependency    
3452      	sqlservr.exe        	win32u.dll                                                            	0x22000         	C:\Windows\System32\win32u.dll                                                                                                  	0x7ffd13820000        	2       	StaticDependency    
3452      	sqlservr.exe        	gdi32full.dll                                                         	0x115000        	C:\Windows\System32\gdi32full.dll                                                                                               	0x7ffd136b0000        	2       	StaticDependency    
3452      	sqlservr.exe        	msvcp_win.dll                                                         	0x9d000         	C:\Windows\System32\msvcp_win.dll                                                                                               	0x7ffd130e0000        	2       	StaticDependency    
3452      	sqlservr.exe        	USER32.dll                                                            	0x19d000        	C:\Windows\System32\USER32.dll                                                                                                  	0x7ffd14e90000        	2       	StaticDependency    
3452      	sqlservr.exe        	SHLWAPI.dll                                                           	0x55000         	C:\Windows\System32\SHLWAPI.dll                                                                                                 	0x7ffd15550000        	2       	StaticDependency    
3452      	sqlservr.exe        	OLEAUT32.dll                                                          	0xcd000         	C:\Windows\System32\OLEAUT32.dll                                                                                                	0x7ffd13e00000        	2       	StaticDependency    
3452      	sqlservr.exe        	SQLOS.dll                                                             	0xa000          	C:\Program Files\Microsoft SQL Server\MSSQL16.C_MSQL\MSSQL\Binn\SQLOS.dll                                                       	0x7ffcefe00000        	2       	StaticDependency    
3452      	sqlservr.exe        	sqlmin.dll                                                            	0x3135000       	C:\Program Files\Microsoft SQL Server\MSSQL16.C_MSQL\MSSQL\Binn\sqlmin.dll                                                      	0x7ffcde860000        	2       	StaticDependency    
3452      	sqlservr.exe        	sqllang.dll                                                           	0x2e47000       	C:\Program Files\Microsoft SQL Server\MSSQL16.C_MSQL\MSSQL\Binn\sqllang.dll                                                     	0x7ffcdba10000        	2       	StaticDependency    
3452      	sqlservr.exe        	WINTRUST.dll                                                          	0x67000         	C:\Windows\System32\WINTRUST.dll                                                                                                	0x7ffd13340000        	2       	StaticDependency    
3452      	sqlservr.exe        	sqldk.dll                                                             	0x5ff000        	C:\Program Files\Microsoft SQL Server\MSSQL16.C_MSQL\MSSQL\Binn\sqldk.dll                                                       	0x7ffcdab00000        	2       	StaticDependency    
3452      	sqlservr.exe        	SHELL32.dll                                                           	0x744000        	C:\Windows\System32\SHELL32.dll                                                                                                 	0x7ffd14200000        	2       	StaticDependency    
3452      	sqlservr.exe        	qds.dll                                                               	0x1b8000        	C:\Program Files\Microsoft SQL Server\MSSQL16.C_MSQL\MSSQL\Binn\qds.dll                                                         	0x7ffcda940000        	2       	StaticDependency    
3452      	sqlservr.exe        	svl.dll                                                               	0x41000         	C:\Program Files\Microsoft SQL Server\MSSQL16.C_MSQL\MSSQL\Binn\svl.dll                                                         	0x7ffcda8f0000        	2       	StaticDependency    
3452      	sqlservr.exe        	MSVCP140.dll                                                          	0x88000         	C:\Windows\SYSTEM32\MSVCP140.dll                                                                                                	0x7ffd04500000        	2       	StaticDependency    
3452      	sqlservr.exe        	VCRUNTIME140.dll                                                      	0x1f000         	C:\Windows\SYSTEM32\VCRUNTIME140.dll                                                                                            	0x7ffd044e0000        	2       	StaticDependency    
3452      	sqlservr.exe        	USERENV.dll                                                           	0x2e000         	C:\Windows\SYSTEM32\USERENV.dll                                                                                                 	0x7ffd12d90000        	2       	StaticDependency    
3452      	sqlservr.exe        	Secur32.dll                                                           	0xc000          	C:\Windows\SYSTEM32\Secur32.dll                                                                                                 	0x7ffd05e80000        	2       	StaticDependency    
3452      	sqlservr.exe        	WINHTTP.dll                                                           	0x10a000        	C:\Windows\SYSTEM32\WINHTTP.dll                                                                                                 	0x7ffd0a550000        	2       	StaticDependency    
3452      	sqlservr.exe        	XOLEHLP.dll                                                           	0x17000         	C:\Windows\SYSTEM32\XOLEHLP.dll                                                                                                 	0x7ffd00bd0000        	2       	StaticDependency    
3452      	sqlservr.exe        	WININET.dll                                                           	0x4d9000        	C:\Windows\SYSTEM32\WININET.dll                                                                                                 	0x7ffd04830000        	2       	StaticDependency    
3452      	sqlservr.exe        	ODBC32.dll                                                            	0xb8000         	C:\Windows\SYSTEM32\ODBC32.dll                                                                                                  	0x7ffd01220000        	2       	StaticDependency    
3452      	sqlservr.exe        	secforwarder.dll                                                      	0x12000         	C:\Program Files\Microsoft SQL Server\MSSQL16.C_MSQL\MSSQL\Binn\secforwarder.dll                                                	0x7ffcda8d0000        	2       	StaticDependency    
3452      	sqlservr.exe        	bcrypt.dll                                                            	0x27000         	C:\Windows\System32\bcrypt.dll                                                                                                  	0x7ffd13280000        	2       	StaticDependency    
3452      	sqlservr.exe        	MSWSOCK.dll                                                           	0x6a000         	C:\Windows\SYSTEM32\MSWSOCK.dll                                                                                                 	0x7ffd125b0000        	2       	StaticDependency    
3452      	sqlservr.exe        	AUTHZ.dll                                                             	0x4e000         	C:\Windows\SYSTEM32\AUTHZ.dll                                                                                                   	0x7ffd11c10000        	2       	StaticDependency    
3452      	sqlservr.exe        	sqlTsEs.dll                                                           	0x90d000        	C:\Program Files\Microsoft SQL Server\MSSQL16.C_MSQL\MSSQL\Binn\sqlTsEs.dll                                                     	0x7ffcdb100000        	2       	StaticDependency    
3452      	sqlservr.exe        	VERSION.dll                                                           	0xa000          	C:\Windows\SYSTEM32\VERSION.dll                                                                                                 	0x7ffd0b9b0000        	2       	StaticDependency    
3452      	sqlservr.exe        	webservices.dll                                                       	0x153000        	C:\Windows\SYSTEM32\webservices.dll                                                                                             	0x7ffcefa10000        	2       	StaticDependency    
3452      	sqlservr.exe        	urlmon.dll                                                            	0x1ec000        	C:\Windows\SYSTEM32\urlmon.dll                                                                                                  	0x7ffd08ce0000        	2       	StaticDependency    
3452      	sqlservr.exe        	VCRUNTIME140_1.dll                                                    	0xc000          	C:\Windows\SYSTEM32\VCRUNTIME140_1.dll                                                                                          	0x7ffd044d0000        	2       	StaticDependency    
3452      	sqlservr.exe        	WINMM.dll                                                             	0x27000         	C:\Windows\SYSTEM32\WINMM.dll                                                                                                   	0x7ffd0b9c0000        	2       	StaticDependency    
3452      	sqlservr.exe        	dhcpcsvc.DLL                                                          	0x1d000         	C:\Windows\SYSTEM32\dhcpcsvc.DLL                                                                                                	0x7ffd0b650000        	2       	StaticDependency    
3452      	sqlservr.exe        	ncrypt.dll                                                            	0x28000         	C:\Windows\SYSTEM32\ncrypt.dll                                                                                                  	0x7ffd12930000        	2       	StaticDependency    
3452      	sqlservr.exe        	srvcli.dll                                                            	0x28000         	C:\Windows\SYSTEM32\srvcli.dll                                                                                                  	0x7ffd08cb0000        	2       	StaticDependency    
3452      	sqlservr.exe        	iertutil.dll                                                          	0x2b1000        	C:\Windows\SYSTEM32\iertutil.dll                                                                                                	0x7ffd09010000        	2       	StaticDependency    
3452      	sqlservr.exe        	netutils.dll                                                          	0xc000          	C:\Windows\SYSTEM32\netutils.dll                                                                                                	0x7ffd123b0000        	2       	StaticDependency    
3452      	sqlservr.exe        	shcore.dll                                                            	0xad000         	C:\Windows\System32\shcore.dll                                                                                                  	0x7ffd13880000        	2       	StaticDependency    
3452      	sqlservr.exe        	DPAPI.DLL                                                             	0xa000          	C:\Windows\SYSTEM32\DPAPI.DLL                                                                                                   	0x7ffd12c80000        	2       	StaticForwarderDependency
3452      	sqlservr.exe        	SSPICLI.DLL                                                           	0x32000         	C:\Windows\SYSTEM32\SSPICLI.DLL                                                                                                 	0x7ffd12dc0000        	2       	StaticForwarderDependency
3452      	sqlservr.exe        	SAMCLI.DLL                                                            	0x19000         	C:\Windows\SYSTEM32\SAMCLI.DLL                                                                                                  	0x7ffd092d0000        	2       	StaticForwarderDependency
3452      	sqlservr.exe        	LOGONCLI.DLL                                                          	0x43000         	C:\Windows\SYSTEM32\LOGONCLI.DLL                                                                                                	0x7ffd123c0000        	2       	StaticForwarderDependency
3452      	sqlservr.exe        	NTASN1.dll                                                            	0x3b000         	C:\Windows\SYSTEM32\NTASN1.dll                                                                                                  	0x7ffd128f0000        	1       	DelayloadDependency 
3452      	sqlservr.exe        	psapi.dll                                                             	0x8000          	C:\Windows\System32\psapi.dll                                                                                                   	0x7ffd13ae0000        	1       	DynamicLoad         
3452      	sqlservr.exe        	bcryptPrimitives.dll                                                  	0x82000         	C:\Windows\System32\bcryptPrimitives.dll                                                                                        	0x7ffd132b0000        	3       	DelayloadDependency 
3452      	sqlservr.exe        	MSASN1.dll                                                            	0x12000         	C:\Windows\SYSTEM32\MSASN1.dll                                                                                                  	0x7ffd12a50000        	1       	DelayloadDependency 
3452      	sqlservr.exe        	kernel.appcore.dll                                                    	0x12000         	C:\Windows\SYSTEM32\kernel.appcore.dll                                                                                          	0x7ffd10db0000        	1       	DelayloadDependency 
3452      	sqlservr.exe        	instapi160.dll                                                        	0x18000         	C:\Program Files\Microsoft SQL Server\160\Shared\instapi160.dll                                                                 	0x7ffcf0070000        	1       	DynamicLoad         
3452      	sqlservr.exe        	CRYPTSP.dll                                                           	0x18000         	C:\Windows\SYSTEM32\CRYPTSP.dll                                                                                                 	0x7ffd127a0000        	1       	DelayloadDependency 
3452      	sqlservr.exe        	rsaenh.dll                                                            	0x34000         	C:\Windows\system32\rsaenh.dll                                                                                                  	0x7ffd11ed0000        	1       	DynamicLoad         
3452      	sqlservr.exe        	CRYPTBASE.dll                                                         	0xc000          	C:\Windows\SYSTEM32\CRYPTBASE.dll                                                                                               	0x7ffd127c0000        	1       	DelayloadDependency 
3452      	sqlservr.exe        	imagehlp.dll                                                          	0x1d000         	C:\Windows\System32\imagehlp.dll                                                                                                	0x7ffd13850000        	1       	DelayloadDependency 
3452      	sqlservr.exe        	gpapi.dll                                                             	0x23000         	C:\Windows\SYSTEM32\gpapi.dll                                                                                                   	0x7ffd11760000        	1       	DelayloadDependency 
3452      	sqlservr.exe        	wkscli.dll                                                            	0x19000         	C:\Windows\SYSTEM32\wkscli.dll                                                                                                  	0x7ffd12030000        	1       	DynamicLoad         
3452      	sqlservr.exe        	cscapi.dll                                                            	0x12000         	C:\Windows\SYSTEM32\cscapi.dll                                                                                                  	0x7ffd00a40000        	1       	DynamicLoad         
3452      	sqlservr.exe        	sqlevn70.rll                                                          	0x38e000        	C:\Program Files\Microsoft SQL Server\MSSQL16.C_MSQL\MSSQL\Binn\Resources\1033\sqlevn70.rll                                     	0x20a4c530000         	1       	DynamicLoad         
3452      	sqlservr.exe        	CLUSAPI.DLL                                                           	0x10a000        	C:\Windows\system32\CLUSAPI.DLL                                                                                                 	0x7ffd020f0000        	1       	DynamicLoad         
3452      	sqlservr.exe        	DNSAPI.dll                                                            	0xcb000         	C:\Windows\SYSTEM32\DNSAPI.dll                                                                                                  	0x7ffd122e0000        	1       	StaticDependency    
3452      	sqlservr.exe        	NSI.dll                                                               	0x8000          	C:\Windows\System32\NSI.dll                                                                                                     	0x7ffd13870000        	1       	DelayloadDependency 
3452      	sqlservr.exe        	RESUTILS.DLL                                                          	0x9c000         	C:\Windows\system32\RESUTILS.DLL                                                                                                	0x7ffd02640000        	1       	DynamicLoad         
3452      	sqlservr.exe        	hkruntime.dll                                                         	0x2d4000        	C:\Program Files\Microsoft SQL Server\MSSQL16.C_MSQL\MSSQL\Binn\hkruntime.dll                                                   	0x7ffcda5f0000        	1       	DynamicLoad         
3452      	sqlservr.exe        	hkcompile.dll                                                         	0x15d000        	C:\Program Files\Microsoft SQL Server\MSSQL16.C_MSQL\MSSQL\Binn\hkcompile.dll                                                   	0x7ffcd9da0000        	1       	StaticDependency    
3452      	sqlservr.exe        	hkengine.dll                                                          	0x6f0000        	C:\Program Files\Microsoft SQL Server\MSSQL16.C_MSQL\MSSQL\Binn\hkengine.dll                                                    	0x7ffcd9f00000        	1       	StaticDependency    
3452      	sqlservr.exe        	XmlLite.dll                                                           	0x36000         	C:\Windows\SYSTEM32\XmlLite.dll                                                                                                 	0x7ffd0ea10000        	1       	StaticDependency    
3452      	sqlservr.exe        	dbghelp.dll                                                           	0x1e4000        	C:\Windows\SYSTEM32\dbghelp.dll                                                                                                 	0x7ffd03440000        	1       	StaticDependency    
3452      	sqlservr.exe        	opends60.dll                                                          	0xb000          	C:\Program Files\Microsoft SQL Server\MSSQL16.C_MSQL\MSSQL\Binn\opends60.dll                                                    	0x7ffcef850000        	1       	DynamicLoad         
3452      	sqlservr.exe        	ncryptprov.dll                                                        	0x5a000         	C:\Windows\system32\ncryptprov.dll                                                                                              	0x7ffd00d50000        	1       	DynamicLoad         
3452      	sqlservr.exe        	profapi.dll                                                           	0x1f000         	C:\Windows\SYSTEM32\profapi.dll                                                                                                 	0x7ffd12e10000        	1       	StaticDependency    
3452      	sqlservr.exe        	msv1_0.DLL                                                            	0x8b000         	C:\Windows\system32\msv1_0.DLL                                                                                                  	0x7ffd12520000        	1       	DynamicLoad         
3452      	sqlservr.exe        	NtlmShared.dll                                                        	0x14000         	C:\Windows\SYSTEM32\NtlmShared.dll                                                                                              	0x7ffd12500000        	1       	StaticDependency    
3452      	sqlservr.exe        	cryptdll.dll                                                          	0x15000         	C:\Windows\SYSTEM32\cryptdll.dll                                                                                                	0x7ffd12620000        	1       	StaticDependency    
3452      	sqlservr.exe        	kerberos.DLL                                                          	0x118000        	C:\Windows\system32\kerberos.DLL                                                                                                	0x7ffd12680000        	1       	DynamicLoad         
3452      	sqlservr.exe        	schannel.DLL                                                          	0x99000         	C:\Windows\system32\schannel.DLL                                                                                                	0x7ffd11df0000        	1       	DynamicLoad         
3452      	sqlservr.exe        	SECURITY.DLL                                                          	0x3000          	C:\Windows\system32\SECURITY.DLL                                                                                                	0x20c69990000         	1       	DynamicLoad         
3452      	sqlservr.exe        	MSCOREE.DLL                                                           	0x65000         	C:\Windows\SYSTEM32\MSCOREE.DLL                                                                                                 	0x7ffcf2260000        	2       	DynamicLoad         
3452      	sqlservr.exe        	mscoreei.dll                                                          	0x9b000         	C:\Windows\Microsoft.NET\Framework64\v4.0.30319\mscoreei.dll                                                                    	0x7ffcf21c0000        	1       	DynamicLoad         
3452      	sqlservr.exe        	SqlServerSpatial160.dll                                               	0xa4000         	C:\Program Files\Microsoft SQL Server\MSSQL16.C_MSQL\MSSQL\Binn\SqlServerSpatial160.dll                                         	0x7ffcd9cf0000        	1       	DynamicLoad         
3452      	sqlservr.exe        	clbcatq.dll                                                           	0xa9000         	C:\Windows\System32\clbcatq.dll                                                                                                 	0x7ffd13d50000        	1       	DelayloadDependency 
3452      	sqlservr.exe        	msoledbsql.dll                                                        	0x274000        	C:\Windows\system32\msoledbsql.dll                                                                                              	0x7ffcd9a70000        	1       	DynamicLoad         
3452      	sqlservr.exe        	COMDLG32.dll                                                          	0xda000         	C:\Windows\System32\COMDLG32.dll                                                                                                	0x7ffd13ed0000        	1       	StaticDependency    
3452      	sqlservr.exe        	COMCTL32.dll                                                          	0xb0000         	C:\Windows\WinSxS\amd64_microsoft.windows.common-controls_6595b64144ccf1df_5.82.19041.1110_none_792d1c772443f647\COMCTL32.dll   	0x7ffce90a0000        	1       	StaticDependency    
3452      	sqlservr.exe        	MSOLEDBSQLR.RLL                                                       	0x22000         	C:\Windows\system32\1033\MSOLEDBSQLR.RLL                                                                                        	0x20c69a60000         	1       	DynamicLoad         
3452      	sqlservr.exe        	dhcpcsvc6.DLL                                                         	0x17000         	C:\Windows\SYSTEM32\dhcpcsvc6.DLL                                                                                               	0x7ffd0b670000        	1       	DelayloadDependency 
3452      	sqlservr.exe        	clr.dll                                                               	0x9a4000        	C:\Windows\Microsoft.NET\Framework64\v4.0.30319\clr.dll                                                                         	0x7ffcd90c0000        	3       	DynamicLoad         
3452      	sqlservr.exe        	VCRUNTIME140_1_CLR0400.dll                                            	0xc000          	C:\Windows\SYSTEM32\VCRUNTIME140_1_CLR0400.dll                                                                                  	0x7ffcf2130000        	1       	StaticDependency    
3452      	sqlservr.exe        	VCRUNTIME140_CLR0400.dll                                              	0x1b000         	C:\Windows\SYSTEM32\VCRUNTIME140_CLR0400.dll                                                                                    	0x7ffcf2110000        	1       	StaticDependency    
3452      	sqlservr.exe        	ucrtbase_clr0400.dll                                                  	0xcd000         	C:\Windows\SYSTEM32\ucrtbase_clr0400.dll                                                                                        	0x7ffcf2040000        	1       	StaticDependency    
3452      	sqlservr.exe        	mscorlib.ni.dll                                                       	0x160f000       	C:\Windows\assembly\NativeImages_v4.0.30319_64\mscorlib\316b66ba76e2cd70541b5fe8161637c9\mscorlib.ni.dll                        	0x7ffcd7ab0000        	1       	DynamicLoad         
3452      	sqlservr.exe        	msxml3.dll                                                            	0x20c000        	C:\Windows\System32\msxml3.dll                                                                                                  	0x7ffce7890000        	1       	DynamicLoad         
3452      	sqlservr.exe        	SqlAccess.dll                                                         	0x6a000         	C:\Program Files\Microsoft SQL Server\MSSQL16.C_MSQL\MSSQL\Binn\SqlAccess.dll                                                   	0x7ffcd7a40000        	1       	DynamicLoad         
3452      	sqlservr.exe        	clrjit.dll                                                            	0x12f000        	C:\Windows\Microsoft.NET\Framework64\v4.0.30319\clrjit.dll                                                                      	0x7ffcd7910000        	1       	DynamicLoad         
3452      	sqlservr.exe        	windows.storage.dll                                                   	0x793000        	C:\Windows\SYSTEM32\windows.storage.dll                                                                                         	0x7ffd10fb0000        	1       	DelayloadDependency 
3452      	sqlservr.exe        	Wldp.dll                                                              	0x2e000         	C:\Windows\SYSTEM32\Wldp.dll                                                                                                    	0x7ffd12850000        	1       	StaticDependency    
3452      	sqlservr.exe        	BatchParser.dll                                                       	0x2c000         	C:\Program Files\Microsoft SQL Server\MSSQL16.C_MSQL\MSSQL\Binn\BatchParser.dll                                                 	0x7ffcd7200000        	1       	DynamicLoad         
3452      	sqlservr.exe        	mskeyprotect.dll                                                      	0x16000         	C:\Windows\SYSTEM32\mskeyprotect.dll                                                                                            	0x7ffd00d00000        	1       	DynamicLoad         
3452      	sqlservr.exe        	ntmarta.dll                                                           	0x33000         	C:\Windows\SYSTEM32\ntmarta.dll                                                                                                 	0x7ffd11f60000        	1       	DelayloadDependency 
3452      	sqlservr.exe        	ntdsapi.dll                                                           	0x2a000         	C:\Windows\system32\ntdsapi.dll                                                                                                 	0x7ffcd7790000        	1       	DynamicLoad         
3452      	sqlservr.exe        	DSPARSE.DLL                                                           	0xc000          	C:\Windows\SYSTEM32\DSPARSE.DLL                                                                                                 	0x7ffd0b150000        	1       	DynamicForwarderDependency
3452      	sqlservr.exe        	ncryptsslp.dll                                                        	0x26000         	C:\Windows\system32\ncryptsslp.dll                                                                                              	0x7ffd00db0000        	1       	DynamicLoad         
3452      	sqlservr.exe        	xplog70.dll                                                           	0x1a000         	C:\Program Files\Microsoft SQL Server\MSSQL16.C_MSQL\MSSQL\Binn\xplog70.dll                                                     	0x7ffceaac0000        	1       	DynamicLoad         
3452      	sqlservr.exe        	xplog70.RLL                                                           	0x4000          	C:\Program Files\Microsoft SQL Server\MSSQL16.C_MSQL\MSSQL\Binn\Resources\1033\xplog70.RLL                                      	0x20d2d470000         	1       	DynamicLoad         
5428      	sqlservr.exe        	ntdll.dll                                                             	0x1f8000        	C:\Windows\SYSTEM32\ntdll.dll                                                                                                   	0x7ffd157f0000        	2       	StaticDependency    
5428      	sqlservr.exe        	KERNEL32.DLL                                                          	0xbf000         	C:\Windows\System32\KERNEL32.DLL                                                                                                	0x7ffd155b0000        	2       	DynamicLoad         
5428      	sqlservr.exe        	KERNELBASE.dll                                                        	0x2f6000        	C:\Windows\System32\KERNELBASE.dll                                                                                              	0x7ffd133b0000        	1       	StaticDependency    
5428      	sqlservr.exe        	CRYPT32.dll                                                           	0x15e000        	C:\Windows\System32\CRYPT32.dll                                                                                                 	0x7ffd12f80000        	2       	StaticDependency    
5428      	sqlservr.exe        	ucrtbase.dll                                                          	0x100000        	C:\Windows\System32\ucrtbase.dll                                                                                                	0x7ffd13180000        	2       	StaticDependency    
5428      	sqlservr.exe        	WS2_32.dll                                                            	0x6b000         	C:\Windows\System32\WS2_32.dll                                                                                                  	0x7ffd14dc0000        	2       	StaticDependency    
5428      	sqlservr.exe        	RPCRT4.dll                                                            	0x126000        	C:\Windows\System32\RPCRT4.dll                                                                                                  	0x7ffd13c20000        	2       	StaticDependency    
5428      	sqlservr.exe        	ADVAPI32.dll                                                          	0xaf000         	C:\Windows\System32\ADVAPI32.dll                                                                                                	0x7ffd15040000        	2       	StaticDependency    
5428      	sqlservr.exe        	msvcrt.dll                                                            	0x9e000         	C:\Windows\System32\msvcrt.dll                                                                                                  	0x7ffd13af0000        	2       	StaticDependency    
5428      	sqlservr.exe        	sechost.dll                                                           	0x9c000         	C:\Windows\System32\sechost.dll                                                                                                 	0x7ffd15450000        	2       	StaticDependency    
5428      	sqlservr.exe        	ole32.dll                                                             	0x12a000        	C:\Windows\System32\ole32.dll                                                                                                   	0x7ffd140d0000        	2       	StaticDependency    
5428      	sqlservr.exe        	combase.dll                                                           	0x354000        	C:\Windows\System32\combase.dll                                                                                                 	0x7ffd150f0000        	2       	StaticDependency    
5428      	sqlservr.exe        	GDI32.dll                                                             	0x2c000         	C:\Windows\System32\GDI32.dll                                                                                                   	0x7ffd13bf0000        	2       	StaticDependency    
5428      	sqlservr.exe        	win32u.dll                                                            	0x22000         	C:\Windows\System32\win32u.dll                                                                                                  	0x7ffd13820000        	2       	StaticDependency    
5428      	sqlservr.exe        	gdi32full.dll                                                         	0x115000        	C:\Windows\System32\gdi32full.dll                                                                                               	0x7ffd136b0000        	2       	StaticDependency    
5428      	sqlservr.exe        	msvcp_win.dll                                                         	0x9d000         	C:\Windows\System32\msvcp_win.dll                                                                                               	0x7ffd130e0000        	2       	StaticDependency    
5428      	sqlservr.exe        	USER32.dll                                                            	0x19d000        	C:\Windows\System32\USER32.dll                                                                                                  	0x7ffd14e90000        	2       	StaticDependency    
5428      	sqlservr.exe        	SHLWAPI.dll                                                           	0x55000         	C:\Windows\System32\SHLWAPI.dll                                                                                                 	0x7ffd15550000        	2       	StaticDependency    
5428      	sqlservr.exe        	OLEAUT32.dll                                                          	0xcd000         	C:\Windows\System32\OLEAUT32.dll                                                                                                	0x7ffd13e00000        	2       	StaticDependency    
5428      	sqlservr.exe        	NETAPI32.dll                                                          	0x19000         	C:\Windows\SYSTEM32\NETAPI32.dll                                                                                                	0x7ffd041a0000        	2       	StaticDependency    
5428      	sqlservr.exe        	pdh.dll                                                               	0x49000         	C:\Windows\SYSTEM32\pdh.dll                                                                                                     	0x7ffd02730000        	2       	StaticDependency    
5428      	sqlservr.exe        	IPHLPAPI.DLL                                                          	0x3c000         	C:\Windows\SYSTEM32\IPHLPAPI.DLL                                                                                                	0x7ffd122a0000        	2       	StaticDependency    
5428      	sqlservr.exe        	SQLOS.dll                                                             	0xa000          	C:\Program Files\Microsoft SQL Server\MSSQL16.MSSQLSERVER\MSSQL\Binn\SQLOS.dll                                                  	0x7ffcea530000        	2       	StaticDependency    
5428      	sqlservr.exe        	sqlmin.dll                                                            	0x3135000       	C:\Program Files\Microsoft SQL Server\MSSQL16.MSSQLSERVER\MSSQL\Binn\sqlmin.dll                                                 	0x7ffcd40c0000        	2       	StaticDependency    
5428      	sqlservr.exe        	sqlTsEs.dll                                                           	0x90d000        	C:\Program Files\Microsoft SQL Server\MSSQL16.MSSQLSERVER\MSSQL\Binn\sqlTsEs.dll                                                	0x7ffcd0960000        	2       	StaticDependency    
5428      	sqlservr.exe        	sqllang.dll                                                           	0x2e47000       	C:\Program Files\Microsoft SQL Server\MSSQL16.MSSQLSERVER\MSSQL\Binn\sqllang.dll                                                	0x7ffcd1270000        	2       	StaticDependency    
5428      	sqlservr.exe        	sqldk.dll                                                             	0x5ff000        	C:\Program Files\Microsoft SQL Server\MSSQL16.MSSQLSERVER\MSSQL\Binn\sqldk.dll                                                  	0x7ffcd0360000        	2       	StaticDependency    
5428      	sqlservr.exe        	WINTRUST.dll                                                          	0x67000         	C:\Windows\System32\WINTRUST.dll                                                                                                	0x7ffd13340000        	2       	StaticDependency    
5428      	sqlservr.exe        	SHELL32.dll                                                           	0x744000        	C:\Windows\System32\SHELL32.dll                                                                                                 	0x7ffd14200000        	2       	StaticDependency    
5428      	sqlservr.exe        	qds.dll                                                               	0x1b8000        	C:\Program Files\Microsoft SQL Server\MSSQL16.MSSQLSERVER\MSSQL\Binn\qds.dll                                                    	0x7ffcd7500000        	2       	StaticDependency    
5428      	sqlservr.exe        	svl.dll                                                               	0x41000         	C:\Program Files\Microsoft SQL Server\MSSQL16.MSSQLSERVER\MSSQL\Binn\svl.dll                                                    	0x7ffcd74b0000        	2       	StaticDependency    
5428      	sqlservr.exe        	MSVCP140.dll                                                          	0x88000         	C:\Windows\SYSTEM32\MSVCP140.dll                                                                                                	0x7ffd04500000        	2       	StaticDependency    
5428      	sqlservr.exe        	VCRUNTIME140.dll                                                      	0x1f000         	C:\Windows\SYSTEM32\VCRUNTIME140.dll                                                                                            	0x7ffd044e0000        	2       	StaticDependency    
5428      	sqlservr.exe        	Secur32.dll                                                           	0xc000          	C:\Windows\SYSTEM32\Secur32.dll                                                                                                 	0x7ffd05e80000        	2       	StaticDependency    
5428      	sqlservr.exe        	USERENV.dll                                                           	0x2e000         	C:\Windows\SYSTEM32\USERENV.dll                                                                                                 	0x7ffd12d90000        	2       	StaticDependency    
5428      	sqlservr.exe        	WINHTTP.dll                                                           	0x10a000        	C:\Windows\SYSTEM32\WINHTTP.dll                                                                                                 	0x7ffd0a550000        	2       	StaticDependency    
5428      	sqlservr.exe        	XOLEHLP.dll                                                           	0x17000         	C:\Windows\SYSTEM32\XOLEHLP.dll                                                                                                 	0x7ffd00bd0000        	2       	StaticDependency    
5428      	sqlservr.exe        	WININET.dll                                                           	0x4d9000        	C:\Windows\SYSTEM32\WININET.dll                                                                                                 	0x7ffd04830000        	2       	StaticDependency    
5428      	sqlservr.exe        	ODBC32.dll                                                            	0xb8000         	C:\Windows\SYSTEM32\ODBC32.dll                                                                                                  	0x7ffd01220000        	2       	StaticDependency    
5428      	sqlservr.exe        	secforwarder.dll                                                      	0x12000         	C:\Program Files\Microsoft SQL Server\MSSQL16.MSSQLSERVER\MSSQL\Binn\secforwarder.dll                                           	0x7ffcd7490000        	2       	StaticDependency    
5428      	sqlservr.exe        	urlmon.dll                                                            	0x1ec000        	C:\Windows\SYSTEM32\urlmon.dll                                                                                                  	0x7ffd08ce0000        	2       	StaticDependency    
5428      	sqlservr.exe        	MSWSOCK.dll                                                           	0x6a000         	C:\Windows\SYSTEM32\MSWSOCK.dll                                                                                                 	0x7ffd125b0000        	2       	StaticDependency    
5428      	sqlservr.exe        	bcrypt.dll                                                            	0x27000         	C:\Windows\System32\bcrypt.dll                                                                                                  	0x7ffd13280000        	2       	StaticDependency    
5428      	sqlservr.exe        	VERSION.dll                                                           	0xa000          	C:\Windows\SYSTEM32\VERSION.dll                                                                                                 	0x7ffd0b9b0000        	2       	StaticDependency    
5428      	sqlservr.exe        	webservices.dll                                                       	0x153000        	C:\Windows\SYSTEM32\webservices.dll                                                                                             	0x7ffcefa10000        	2       	StaticDependency    
5428      	sqlservr.exe        	AUTHZ.dll                                                             	0x4e000         	C:\Windows\SYSTEM32\AUTHZ.dll                                                                                                   	0x7ffd11c10000        	2       	StaticDependency    
5428      	sqlservr.exe        	VCRUNTIME140_1.dll                                                    	0xc000          	C:\Windows\SYSTEM32\VCRUNTIME140_1.dll                                                                                          	0x7ffd044d0000        	2       	StaticDependency    
5428      	sqlservr.exe        	WINMM.dll                                                             	0x27000         	C:\Windows\SYSTEM32\WINMM.dll                                                                                                   	0x7ffd0b9c0000        	2       	StaticDependency    
5428      	sqlservr.exe        	dhcpcsvc.DLL                                                          	0x1d000         	C:\Windows\SYSTEM32\dhcpcsvc.DLL                                                                                                	0x7ffd0b650000        	2       	StaticDependency    
5428      	sqlservr.exe        	iertutil.dll                                                          	0x2b1000        	C:\Windows\SYSTEM32\iertutil.dll                                                                                                	0x7ffd09010000        	2       	StaticDependency    
5428      	sqlservr.exe        	srvcli.dll                                                            	0x28000         	C:\Windows\SYSTEM32\srvcli.dll                                                                                                  	0x7ffd08cb0000        	2       	StaticDependency    
5428      	sqlservr.exe        	shcore.dll                                                            	0xad000         	C:\Windows\System32\shcore.dll                                                                                                  	0x7ffd13880000        	2       	StaticDependency    
5428      	sqlservr.exe        	netutils.dll                                                          	0xc000          	C:\Windows\SYSTEM32\netutils.dll                                                                                                	0x7ffd123b0000        	2       	StaticDependency    
5428      	sqlservr.exe        	ncrypt.dll                                                            	0x28000         	C:\Windows\SYSTEM32\ncrypt.dll                                                                                                  	0x7ffd12930000        	2       	StaticDependency    
5428      	sqlservr.exe        	DPAPI.DLL                                                             	0xa000          	C:\Windows\SYSTEM32\DPAPI.DLL                                                                                                   	0x7ffd12c80000        	2       	StaticForwarderDependency
5428      	sqlservr.exe        	SSPICLI.DLL                                                           	0x32000         	C:\Windows\SYSTEM32\SSPICLI.DLL                                                                                                 	0x7ffd12dc0000        	2       	StaticForwarderDependency
5428      	sqlservr.exe        	SAMCLI.DLL                                                            	0x19000         	C:\Windows\SYSTEM32\SAMCLI.DLL                                                                                                  	0x7ffd092d0000        	2       	StaticForwarderDependency
5428      	sqlservr.exe        	LOGONCLI.DLL                                                          	0x43000         	C:\Windows\SYSTEM32\LOGONCLI.DLL                                                                                                	0x7ffd123c0000        	2       	StaticForwarderDependency
5428      	sqlservr.exe        	NTASN1.dll                                                            	0x3b000         	C:\Windows\SYSTEM32\NTASN1.dll                                                                                                  	0x7ffd128f0000        	1       	DelayloadDependency 
5428      	sqlservr.exe        	psapi.dll                                                             	0x8000          	C:\Windows\System32\psapi.dll                                                                                                   	0x7ffd13ae0000        	1       	DynamicLoad         
5428      	sqlservr.exe        	bcryptPrimitives.dll                                                  	0x82000         	C:\Windows\System32\bcryptPrimitives.dll                                                                                        	0x7ffd132b0000        	3       	DelayloadDependency 
5428      	sqlservr.exe        	MSASN1.dll                                                            	0x12000         	C:\Windows\SYSTEM32\MSASN1.dll                                                                                                  	0x7ffd12a50000        	1       	DelayloadDependency 
5428      	sqlservr.exe        	kernel.appcore.dll                                                    	0x12000         	C:\Windows\SYSTEM32\kernel.appcore.dll                                                                                          	0x7ffd10db0000        	1       	DelayloadDependency 
5428      	sqlservr.exe        	instapi160.dll                                                        	0x18000         	C:\Program Files\Microsoft SQL Server\160\Shared\instapi160.dll                                                                 	0x7ffcf0070000        	1       	DynamicLoad         
5428      	sqlservr.exe        	CRYPTSP.dll                                                           	0x18000         	C:\Windows\SYSTEM32\CRYPTSP.dll                                                                                                 	0x7ffd127a0000        	1       	DelayloadDependency 
5428      	sqlservr.exe        	rsaenh.dll                                                            	0x34000         	C:\Windows\system32\rsaenh.dll                                                                                                  	0x7ffd11ed0000        	1       	DynamicLoad         
5428      	sqlservr.exe        	CRYPTBASE.dll                                                         	0xc000          	C:\Windows\SYSTEM32\CRYPTBASE.dll                                                                                               	0x7ffd127c0000        	1       	DelayloadDependency 
5428      	sqlservr.exe        	imagehlp.dll                                                          	0x1d000         	C:\Windows\System32\imagehlp.dll                                                                                                	0x7ffd13850000        	1       	DelayloadDependency 
5428      	sqlservr.exe        	gpapi.dll                                                             	0x23000         	C:\Windows\SYSTEM32\gpapi.dll                                                                                                   	0x7ffd11760000        	1       	DelayloadDependency 
5428      	sqlservr.exe        	wkscli.dll                                                            	0x19000         	C:\Windows\SYSTEM32\wkscli.dll                                                                                                  	0x7ffd12030000        	1       	DynamicLoad         
5428      	sqlservr.exe        	cscapi.dll                                                            	0x12000         	C:\Windows\SYSTEM32\cscapi.dll                                                                                                  	0x7ffd00a40000        	1       	DynamicLoad         
5428      	sqlservr.exe        	sqlevn70.rll                                                          	0x38e000        	C:\Program Files\Microsoft SQL Server\MSSQL16.MSSQLSERVER\MSSQL\Binn\Resources\1033\sqlevn70.rll                                	0x235b13c0000         	1       	DynamicLoad         
5428      	sqlservr.exe        	CLUSAPI.DLL                                                           	0x10a000        	C:\Windows\system32\CLUSAPI.DLL                                                                                                 	0x7ffd020f0000        	1       	DynamicLoad         
5428      	sqlservr.exe        	DNSAPI.dll                                                            	0xcb000         	C:\Windows\SYSTEM32\DNSAPI.dll                                                                                                  	0x7ffd122e0000        	1       	StaticDependency    
5428      	sqlservr.exe        	NSI.dll                                                               	0x8000          	C:\Windows\System32\NSI.dll                                                                                                     	0x7ffd13870000        	1       	DelayloadDependency 
5428      	sqlservr.exe        	RESUTILS.DLL                                                          	0x9c000         	C:\Windows\system32\RESUTILS.DLL                                                                                                	0x7ffd02640000        	1       	DynamicLoad         
5428      	sqlservr.exe        	hkruntime.dll                                                         	0x2d4000        	C:\Program Files\Microsoft SQL Server\MSSQL16.MSSQLSERVER\MSSQL\Binn\hkruntime.dll                                              	0x7ffccfaf0000        	1       	DynamicLoad         
5428      	sqlservr.exe        	hkcompile.dll                                                         	0x15d000        	C:\Program Files\Microsoft SQL Server\MSSQL16.MSSQLSERVER\MSSQL\Binn\hkcompile.dll                                              	0x7ffccf990000        	1       	StaticDependency    
5428      	sqlservr.exe        	hkengine.dll                                                          	0x6f0000        	C:\Program Files\Microsoft SQL Server\MSSQL16.MSSQLSERVER\MSSQL\Binn\hkengine.dll                                               	0x7ffccf2a0000        	1       	StaticDependency    
5428      	sqlservr.exe        	XmlLite.dll                                                           	0x36000         	C:\Windows\SYSTEM32\XmlLite.dll                                                                                                 	0x7ffd0ea10000        	1       	StaticDependency    
5428      	sqlservr.exe        	dbghelp.dll                                                           	0x1e4000        	C:\Windows\SYSTEM32\dbghelp.dll                                                                                                 	0x7ffd03440000        	1       	StaticDependency    
5428      	sqlservr.exe        	opends60.dll                                                          	0xb000          	C:\Program Files\Microsoft SQL Server\MSSQL16.MSSQLSERVER\MSSQL\Binn\opends60.dll                                               	0x7ffce9ac0000        	1       	DynamicLoad         
5428      	sqlservr.exe        	ncryptprov.dll                                                        	0x5a000         	C:\Windows\system32\ncryptprov.dll                                                                                              	0x7ffd00d50000        	1       	DynamicLoad         
5428      	sqlservr.exe        	profapi.dll                                                           	0x1f000         	C:\Windows\SYSTEM32\profapi.dll                                                                                                 	0x7ffd12e10000        	1       	StaticDependency    
5428      	sqlservr.exe        	msv1_0.DLL                                                            	0x8b000         	C:\Windows\system32\msv1_0.DLL                                                                                                  	0x7ffd12520000        	1       	DynamicLoad         
5428      	sqlservr.exe        	NtlmShared.dll                                                        	0x14000         	C:\Windows\SYSTEM32\NtlmShared.dll                                                                                              	0x7ffd12500000        	1       	StaticDependency    
5428      	sqlservr.exe        	cryptdll.dll                                                          	0x15000         	C:\Windows\SYSTEM32\cryptdll.dll                                                                                                	0x7ffd12620000        	1       	StaticDependency    
5428      	sqlservr.exe        	kerberos.DLL                                                          	0x118000        	C:\Windows\system32\kerberos.DLL                                                                                                	0x7ffd12680000        	1       	DynamicLoad         
5428      	sqlservr.exe        	schannel.DLL                                                          	0x99000         	C:\Windows\system32\schannel.DLL                                                                                                	0x7ffd11df0000        	1       	DynamicLoad         
5428      	sqlservr.exe        	SECURITY.DLL                                                          	0x3000          	C:\Windows\system32\SECURITY.DLL                                                                                                	0x237b9420000         	1       	DynamicLoad         
5428      	sqlservr.exe        	MSCOREE.DLL                                                           	0x65000         	C:\Windows\SYSTEM32\MSCOREE.DLL                                                                                                 	0x7ffcf2260000        	2       	DynamicLoad         
5428      	sqlservr.exe        	mscoreei.dll                                                          	0x9b000         	C:\Windows\Microsoft.NET\Framework64\v4.0.30319\mscoreei.dll                                                                    	0x7ffcf21c0000        	1       	DynamicLoad         
5428      	sqlservr.exe        	SqlServerSpatial160.dll                                               	0xa4000         	C:\Program Files\Microsoft SQL Server\MSSQL16.MSSQLSERVER\MSSQL\Binn\SqlServerSpatial160.dll                                    	0x7ffccf1f0000        	1       	DynamicLoad         
5428      	sqlservr.exe        	clbcatq.dll                                                           	0xa9000         	C:\Windows\System32\clbcatq.dll                                                                                                 	0x7ffd13d50000        	1       	DelayloadDependency 
5428      	sqlservr.exe        	msoledbsql.dll                                                        	0x274000        	C:\Windows\system32\msoledbsql.dll                                                                                              	0x7ffcd9a70000        	1       	DynamicLoad         
5428      	sqlservr.exe        	COMDLG32.dll                                                          	0xda000         	C:\Windows\System32\COMDLG32.dll                                                                                                	0x7ffd13ed0000        	1       	StaticDependency    
5428      	sqlservr.exe        	COMCTL32.dll                                                          	0xb0000         	C:\Windows\WinSxS\amd64_microsoft.windows.common-controls_6595b64144ccf1df_5.82.19041.1110_none_792d1c772443f647\COMCTL32.dll   	0x7ffce90a0000        	1       	StaticDependency    
5428      	sqlservr.exe        	MSOLEDBSQLR.RLL                                                       	0x22000         	C:\Windows\system32\1033\MSOLEDBSQLR.RLL                                                                                        	0x237b9e70000         	1       	DynamicLoad         
5428      	sqlservr.exe        	dhcpcsvc6.DLL                                                         	0x17000         	C:\Windows\SYSTEM32\dhcpcsvc6.DLL                                                                                               	0x7ffd0b670000        	1       	DelayloadDependency 
5428      	sqlservr.exe        	clr.dll                                                               	0x9a4000        	C:\Windows\Microsoft.NET\Framework64\v4.0.30319\clr.dll                                                                         	0x7ffcd90c0000        	3       	DynamicLoad         
5428      	sqlservr.exe        	VCRUNTIME140_1_CLR0400.dll                                            	0xc000          	C:\Windows\SYSTEM32\VCRUNTIME140_1_CLR0400.dll                                                                                  	0x7ffcf2130000        	1       	StaticDependency    
5428      	sqlservr.exe        	VCRUNTIME140_CLR0400.dll                                              	0x1b000         	C:\Windows\SYSTEM32\VCRUNTIME140_CLR0400.dll                                                                                    	0x7ffcf2110000        	1       	StaticDependency    
5428      	sqlservr.exe        	ucrtbase_clr0400.dll                                                  	0xcd000         	C:\Windows\SYSTEM32\ucrtbase_clr0400.dll                                                                                        	0x7ffcf2040000        	1       	StaticDependency    
5428      	sqlservr.exe        	mscorlib.ni.dll                                                       	0x160f000       	C:\Windows\assembly\NativeImages_v4.0.30319_64\mscorlib\316b66ba76e2cd70541b5fe8161637c9\mscorlib.ni.dll                        	0x7ffcd7ab0000        	1       	DynamicLoad         
5428      	sqlservr.exe        	SqlAccess.dll                                                         	0x6a000         	C:\Program Files\Microsoft SQL Server\MSSQL16.MSSQLSERVER\MSSQL\Binn\SqlAccess.dll                                              	0x7ffccf180000        	1       	DynamicLoad         
5428      	sqlservr.exe        	clrjit.dll                                                            	0x12f000        	C:\Windows\Microsoft.NET\Framework64\v4.0.30319\clrjit.dll                                                                      	0x7ffcd7910000        	1       	DynamicLoad         
5428      	sqlservr.exe        	windows.storage.dll                                                   	0x793000        	C:\Windows\SYSTEM32\windows.storage.dll                                                                                         	0x7ffd10fb0000        	1       	DelayloadDependency 
5428      	sqlservr.exe        	Wldp.dll                                                              	0x2e000         	C:\Windows\SYSTEM32\Wldp.dll                                                                                                    	0x7ffd12850000        	1       	StaticDependency    
5428      	sqlservr.exe        	msxml3.dll                                                            	0x20c000        	C:\Windows\System32\msxml3.dll                                                                                                  	0x7ffce7890000        	1       	DynamicLoad         
5428      	sqlservr.exe        	BatchParser.dll                                                       	0x2c000         	C:\Program Files\Microsoft SQL Server\MSSQL16.MSSQLSERVER\MSSQL\Binn\BatchParser.dll                                            	0x7ffccebc0000        	1       	DynamicLoad         
5428      	sqlservr.exe        	mskeyprotect.dll                                                      	0x16000         	C:\Windows\SYSTEM32\mskeyprotect.dll                                                                                            	0x7ffd00d00000        	1       	DynamicLoad         
5428      	sqlservr.exe        	ntmarta.dll                                                           	0x33000         	C:\Windows\SYSTEM32\ntmarta.dll                                                                                                 	0x7ffd11f60000        	1       	DelayloadDependency 
5428      	sqlservr.exe        	ntdsapi.dll                                                           	0x2a000         	C:\Windows\system32\ntdsapi.dll                                                                                                 	0x7ffcd7790000        	1       	DynamicLoad         
5428      	sqlservr.exe        	DSPARSE.DLL                                                           	0xc000          	C:\Windows\SYSTEM32\DSPARSE.DLL                                                                                                 	0x7ffd0b150000        	1       	DynamicForwarderDependency
5428      	sqlservr.exe        	ncryptsslp.dll                                                        	0x26000         	C:\Windows\system32\ncryptsslp.dll                                                                                              	0x7ffd00db0000        	1       	DynamicLoad         
5428      	sqlservr.exe        	xplog70.dll                                                           	0x1a000         	C:\Program Files\Microsoft SQL Server\MSSQL16.MSSQLSERVER\MSSQL\Binn\xplog70.dll                                                	0x7ffcf22f0000        	1       	DynamicLoad         
5428      	sqlservr.exe        	xplog70.RLL                                                           	0x4000          	C:\Program Files\Microsoft SQL Server\MSSQL16.MSSQLSERVER\MSSQL\Binn\Resources\1033\xplog70.RLL                                 	0x2387c090000         	1       	DynamicLoad         
1328      	svchost.exe         	ntdll.dll                                                             	0x1f8000        	C:\Windows\SYSTEM32\ntdll.dll                                                                                                   	0x7ffd157f0000        	2       	StaticDependency    
1328      	svchost.exe         	KERNEL32.DLL                                                          	0xbf000         	C:\Windows\System32\KERNEL32.DLL                                                                                                	0x7ffd155b0000        	2       	DynamicLoad         
1328      	svchost.exe         	KERNELBASE.dll                                                        	0x2f6000        	C:\Windows\System32\KERNELBASE.dll                                                                                              	0x7ffd133b0000        	1       	StaticDependency    
1328      	svchost.exe         	sechost.dll                                                           	0x9c000         	C:\Windows\System32\sechost.dll                                                                                                 	0x7ffd15450000        	2       	StaticDependency    
1328      	svchost.exe         	RPCRT4.dll                                                            	0x126000        	C:\Windows\System32\RPCRT4.dll                                                                                                  	0x7ffd13c20000        	2       	StaticDependency    
1328      	svchost.exe         	ucrtbase.dll                                                          	0x100000        	C:\Windows\System32\ucrtbase.dll                                                                                                	0x7ffd13180000        	2       	StaticDependency    
1328      	svchost.exe         	combase.dll                                                           	0x354000        	C:\Windows\System32\combase.dll                                                                                                 	0x7ffd150f0000        	1       	DelayloadDependency 
1328      	svchost.exe         	kernel.appcore.dll                                                    	0x12000         	C:\Windows\SYSTEM32\kernel.appcore.dll                                                                                          	0x7ffd10db0000        	1       	DelayloadDependency 
1328      	svchost.exe         	msvcrt.dll                                                            	0x9e000         	C:\Windows\System32\msvcrt.dll                                                                                                  	0x7ffd13af0000        	1       	StaticDependency    
1328      	svchost.exe         	bcryptPrimitives.dll                                                  	0x82000         	C:\Windows\System32\bcryptPrimitives.dll                                                                                        	0x7ffd132b0000        	3       	DelayloadDependency 
1328      	svchost.exe         	user32.dll                                                            	0x19d000        	C:\Windows\System32\user32.dll                                                                                                  	0x7ffd14e90000        	1       	DelayloadDependency 
1328      	svchost.exe         	win32u.dll                                                            	0x22000         	C:\Windows\System32\win32u.dll                                                                                                  	0x7ffd13820000        	1       	StaticDependency    
1328      	svchost.exe         	GDI32.dll                                                             	0x2c000         	C:\Windows\System32\GDI32.dll                                                                                                   	0x7ffd13bf0000        	1       	StaticDependency    
1328      	svchost.exe         	gdi32full.dll                                                         	0x115000        	C:\Windows\System32\gdi32full.dll                                                                                               	0x7ffd136b0000        	1       	StaticDependency    
1328      	svchost.exe         	msvcp_win.dll                                                         	0x9d000         	C:\Windows\System32\msvcp_win.dll                                                                                               	0x7ffd130e0000        	1       	StaticDependency    
1328      	svchost.exe         	wuaueng.dll                                                           	0x353000        	c:\windows\system32\wuaueng.dll                                                                                                 	0x7ffccfe40000        	1       	DynamicLoad         
1328      	svchost.exe         	CRYPT32.dll                                                           	0x15e000        	C:\Windows\System32\CRYPT32.dll                                                                                                 	0x7ffd12f80000        	1       	StaticDependency    
1328      	svchost.exe         	OLEAUT32.dll                                                          	0xcd000         	C:\Windows\System32\OLEAUT32.dll                                                                                                	0x7ffd13e00000        	1       	StaticDependency    
1328      	svchost.exe         	bcrypt.dll                                                            	0x27000         	C:\Windows\System32\bcrypt.dll                                                                                                  	0x7ffd13280000        	2       	StaticDependency    
1328      	svchost.exe         	advapi32.dll                                                          	0xaf000         	C:\Windows\System32\advapi32.dll                                                                                                	0x7ffd15040000        	1       	StaticDependency    
1328      	svchost.exe         	WS2_32.dll                                                            	0x6b000         	C:\Windows\System32\WS2_32.dll                                                                                                  	0x7ffd14dc0000        	1       	StaticDependency    
1328      	svchost.exe         	powrprof.dll                                                          	0x4b000         	C:\Windows\SYSTEM32\powrprof.dll                                                                                                	0x7ffd12c90000        	1       	StaticDependency    
1328      	svchost.exe         	WINHTTP.dll                                                           	0x10a000        	c:\windows\system32\WINHTTP.dll                                                                                                 	0x7ffd0a550000        	1       	StaticDependency    
1328      	svchost.exe         	UMPDC.dll                                                             	0x12000         	c:\windows\system32\UMPDC.dll                                                                                                   	0x7ffd12a70000        	1       	StaticDependency    
1328      	svchost.exe         	WLDP.DLL                                                              	0x2e000         	C:\Windows\SYSTEM32\WLDP.DLL                                                                                                    	0x7ffd12850000        	1       	DynamicLoad         
1328      	svchost.exe         	wevtapi.dll                                                           	0x65000         	C:\Windows\SYSTEM32\wevtapi.dll                                                                                                 	0x7ffd0c760000        	1       	DelayloadDependency 
1328      	svchost.exe         	ESENT.dll                                                             	0x335000        	c:\windows\system32\ESENT.dll                                                                                                   	0x7ffd01950000        	1       	DelayloadDependency 
1328      	svchost.exe         	CRYPTBASE.DLL                                                         	0xc000          	C:\Windows\system32\CRYPTBASE.DLL                                                                                               	0x7ffd127c0000        	1       	DynamicLoad         
1328      	svchost.exe         	mswsock.dll                                                           	0x6a000         	C:\Windows\system32\mswsock.dll                                                                                                 	0x7ffd125b0000        	1       	DynamicLoad         
1328      	svchost.exe         	USERENV.dll                                                           	0x2e000         	c:\windows\system32\USERENV.dll                                                                                                 	0x7ffd12d90000        	1       	DelayloadDependency 
1328      	svchost.exe         	gpapi.dll                                                             	0x23000         	C:\Windows\SYSTEM32\gpapi.dll                                                                                                   	0x7ffd11760000        	1       	DelayloadDependency 
1328      	svchost.exe         	IPHLPAPI.DLL                                                          	0x3c000         	c:\windows\system32\IPHLPAPI.DLL                                                                                                	0x7ffd122a0000        	1       	DelayloadDependency 
1328      	svchost.exe         	NSI.dll                                                               	0x8000          	C:\Windows\System32\NSI.dll                                                                                                     	0x7ffd13870000        	1       	DelayloadDependency 
1328      	svchost.exe         	dhcpcsvc.DLL                                                          	0x1d000         	C:\Windows\SYSTEM32\dhcpcsvc.DLL                                                                                                	0x7ffd0b650000        	1       	DelayloadDependency 
1328      	svchost.exe         	clbcatq.dll                                                           	0xa9000         	C:\Windows\System32\clbcatq.dll                                                                                                 	0x7ffd13d50000        	1       	DelayloadDependency 
1328      	svchost.exe         	wbemprox.dll                                                          	0x11000         	C:\Windows\system32\wbem\wbemprox.dll                                                                                           	0x7ffd025c0000        	1       	DynamicLoad         
1328      	svchost.exe         	wbemcomn.dll                                                          	0x90000         	C:\Windows\SYSTEM32\wbemcomn.dll                                                                                                	0x7ffd04590000        	1       	StaticDependency    
1328      	svchost.exe         	wbemsvc.dll                                                           	0x14000         	C:\Windows\system32\wbem\wbemsvc.dll                                                                                            	0x7ffd00f00000        	1       	DynamicLoad         
1328      	svchost.exe         	fastprox.dll                                                          	0x10b000        	C:\Windows\system32\wbem\fastprox.dll                                                                                           	0x7ffd00f20000        	1       	DynamicLoad         
1328      	svchost.exe         	amsi.dll                                                              	0x1f000         	C:\Windows\SYSTEM32\amsi.dll                                                                                                    	0x7ffd00410000        	1       	DynamicLoad         
1328      	svchost.exe         	profapi.dll                                                           	0x1f000         	c:\windows\system32\profapi.dll                                                                                                 	0x7ffd12e10000        	1       	DelayloadDependency 
1328      	svchost.exe         	MpOav.dll                                                             	0xa0000         	C:\ProgramData\Microsoft\Windows Defender\Platform\4.18.25060.7-0\MpOav.dll                                                     	0x7ffd00370000        	1       	DynamicLoad         
1328      	svchost.exe         	ole32.dll                                                             	0x12a000        	C:\Windows\System32\ole32.dll                                                                                                   	0x7ffd140d0000        	1       	StaticDependency    
1328      	svchost.exe         	version.dll                                                           	0xa000          	C:\Windows\system32\version.dll                                                                                                 	0x7ffd0b9b0000        	1       	DynamicLoad         
1328      	svchost.exe         	wuuhext.dll                                                           	0x88000         	C:\Windows\SYSTEM32\wuuhext.dll                                                                                                 	0x7ffcd7230000        	1       	DynamicLoad         
1328      	svchost.exe         	cfgmgr32.dll                                                          	0x4e000         	C:\Windows\System32\cfgmgr32.dll                                                                                                	0x7ffd137d0000        	1       	StaticDependency    
1328      	svchost.exe         	cryptsp.dll                                                           	0x18000         	C:\Windows\SYSTEM32\cryptsp.dll                                                                                                 	0x7ffd127a0000        	1       	StaticDependency    
1328      	svchost.exe         	Cabinet.dll                                                           	0x29000         	C:\Windows\SYSTEM32\Cabinet.dll                                                                                                 	0x7ffd0b960000        	1       	StaticDependency    
1328      	svchost.exe         	wuuhosdeployment.dll                                                  	0x47000         	C:\Windows\SYSTEM32\wuuhosdeployment.dll                                                                                        	0x7ffccfdf0000        	1       	DynamicLoad         
1328      	svchost.exe         	shcore.dll                                                            	0xad000         	C:\Windows\System32\shcore.dll                                                                                                  	0x7ffd13880000        	1       	StaticDependency    
1328      	svchost.exe         	WINTRUST.dll                                                          	0x67000         	C:\Windows\System32\WINTRUST.dll                                                                                                	0x7ffd13340000        	1       	StaticDependency    
1328      	svchost.exe         	MSASN1.dll                                                            	0x12000         	C:\Windows\SYSTEM32\MSASN1.dll                                                                                                  	0x7ffd12a50000        	1       	DelayloadDependency 
1328      	svchost.exe         	wups.dll                                                              	0x1a000         	C:\Windows\System32\wups.dll                                                                                                    	0x7ffccfdd0000        	1       	DynamicLoad         
1328      	svchost.exe         	msxml6.dll                                                            	0x25f000        	C:\Windows\System32\msxml6.dll                                                                                                  	0x7ffcfcf00000        	1       	DynamicLoad         
1328      	svchost.exe         	UpdatePolicy.dll                                                      	0x43000         	C:\Windows\System32\UpdatePolicy.dll                                                                                            	0x7ffcfd6e0000        	1       	DynamicLoad         
1328      	svchost.exe         	policymanager.dll                                                     	0xa3000         	C:\Windows\SYSTEM32\policymanager.dll                                                                                           	0x7ffd0c380000        	1       	DelayloadDependency 
1328      	svchost.exe         	msvcp110_win.dll                                                      	0x8a000         	C:\Windows\System32\msvcp110_win.dll                                                                                            	0x7ffd11fa0000        	1       	StaticDependency    
1328      	svchost.exe         	netprofm.dll                                                          	0x3f000         	C:\Windows\System32\netprofm.dll                                                                                                	0x7ffd0e540000        	1       	DynamicLoad         
1328      	svchost.exe         	BitsProxy.dll                                                         	0x16000         	C:\Windows\System32\BitsProxy.dll                                                                                               	0x7ffcf72b0000        	1       	DynamicLoad         
1328      	svchost.exe         	OneCoreCommonProxyStub.dll                                            	0x7f000         	C:\Windows\System32\OneCoreCommonProxyStub.dll                                                                                  	0x7ffd055b0000        	1       	DynamicLoad         
1328      	svchost.exe         	dssenh.dll                                                            	0x28000         	C:\Windows\system32\dssenh.dll                                                                                                  	0x7ffd00d20000        	1       	DynamicLoad         
1328      	svchost.exe         	rsaenh.dll                                                            	0x34000         	C:\Windows\system32\rsaenh.dll                                                                                                  	0x7ffd11ed0000        	1       	DynamicLoad         
1328      	svchost.exe         	wtsapi32.dll                                                          	0x14000         	C:\Windows\SYSTEM32\wtsapi32.dll                                                                                                	0x7ffd0ebb0000        	1       	DelayloadDependency 
1328      	svchost.exe         	WINSTA.dll                                                            	0x64000         	C:\Windows\SYSTEM32\WINSTA.dll                                                                                                  	0x7ffd12880000        	1       	DelayloadDependency 
1328      	svchost.exe         	npmproxy.dll                                                          	0x10000         	C:\Windows\System32\npmproxy.dll                                                                                                	0x7ffd06c00000        	1       	DynamicLoad         
1328      	svchost.exe         	FlightSettings.dll                                                    	0xe5000         	C:\Windows\System32\FlightSettings.dll                                                                                          	0x7ffd00780000        	1       	DynamicLoad         
1328      	svchost.exe         	WINNSI.DLL                                                            	0xb000          	C:\Windows\SYSTEM32\WINNSI.DLL                                                                                                  	0x7ffd0b6b0000        	1       	DelayloadDependency 
1328      	svchost.exe         	dhcpcsvc6.DLL                                                         	0x17000         	C:\Windows\SYSTEM32\dhcpcsvc6.DLL                                                                                               	0x7ffd0b670000        	1       	DelayloadDependency 
1328      	svchost.exe         	webio.dll                                                             	0x98000         	c:\windows\system32\webio.dll                                                                                                   	0x7ffd00bf0000        	1       	DelayloadDependency 
1328      	svchost.exe         	SspiCli.dll                                                           	0x32000         	c:\windows\system32\SspiCli.dll                                                                                                 	0x7ffd12dc0000        	1       	DelayloadDependency 
1328      	svchost.exe         	DNSAPI.dll                                                            	0xcb000         	C:\Windows\SYSTEM32\DNSAPI.dll                                                                                                  	0x7ffd122e0000        	1       	DelayloadDependency 
1328      	svchost.exe         	rasadhlp.dll                                                          	0xa000          	C:\Windows\System32\rasadhlp.dll                                                                                                	0x7ffd06b20000        	1       	DynamicLoad         
1328      	svchost.exe         	fwpuclnt.dll                                                          	0x82000         	C:\Windows\System32\fwpuclnt.dll                                                                                                	0x7ffd07b70000        	1       	DynamicLoad         
1328      	svchost.exe         	schannel.DLL                                                          	0x99000         	C:\Windows\system32\schannel.DLL                                                                                                	0x7ffd11df0000        	1       	DynamicLoad         
1328      	svchost.exe         	mskeyprotect.dll                                                      	0x16000         	C:\Windows\SYSTEM32\mskeyprotect.dll                                                                                            	0x7ffd00d00000        	1       	DynamicLoad         
1328      	svchost.exe         	NTASN1.dll                                                            	0x3b000         	C:\Windows\SYSTEM32\NTASN1.dll                                                                                                  	0x7ffd128f0000        	1       	DelayloadDependency 
1328      	svchost.exe         	ncrypt.dll                                                            	0x28000         	C:\Windows\system32\ncrypt.dll                                                                                                  	0x7ffd12930000        	1       	DelayloadDependency 
1328      	svchost.exe         	ncryptsslp.dll                                                        	0x26000         	C:\Windows\system32\ncryptsslp.dll                                                                                              	0x7ffd00db0000        	1       	DynamicLoad         
1328      	svchost.exe         	cryptnet.dll                                                          	0x31000         	C:\Windows\system32\cryptnet.dll                                                                                                	0x7ffd00c90000        	1       	DynamicLoad         
1328      	svchost.exe         	DPAPI.DLL                                                             	0xa000          	C:\Windows\System32\DPAPI.DLL                                                                                                   	0x7ffd12c80000        	1       	DynamicForwarderDependency
1328      	svchost.exe         	webservices.dll                                                       	0x153000        	c:\windows\system32\webservices.dll                                                                                             	0x7ffcefa10000        	1       	DelayloadDependency 
1328      	svchost.exe         	Windows.Web.dll                                                       	0xc3000         	C:\Windows\System32\Windows.Web.dll                                                                                             	0x7ffcf7e60000        	1       	DynamicLoad         
1328      	svchost.exe         	iertutil.dll                                                          	0x2b1000        	C:\Windows\System32\iertutil.dll                                                                                                	0x7ffd09010000        	1       	StaticDependency    
1328      	svchost.exe         	wosc.dll                                                              	0x48000         	C:\Windows\System32\wosc.dll                                                                                                    	0x7ffce1a30000        	1       	DynamicLoad         
1328      	svchost.exe         	Windows.Networking.Connectivity.dll                                   	0xb9000         	C:\Windows\System32\Windows.Networking.Connectivity.dll                                                                         	0x7ffcf9950000        	1       	DynamicLoad         
1328      	svchost.exe         	WinTypes.dll                                                          	0x154000        	C:\Windows\System32\WinTypes.dll                                                                                                	0x7ffd0ebd0000        	1       	DynamicLoad         
1328      	svchost.exe         	dusmapi.dll                                                           	0x11000         	C:\Windows\System32\dusmapi.dll                                                                                                 	0x7ffcf96d0000        	1       	DelayloadDependency 
1328      	svchost.exe         	Windows.System.Profile.PlatformDiagnosticsAndUsageDataSettings.dll    	0x16000         	C:\Windows\System32\Windows.System.Profile.PlatformDiagnosticsAndUsageDataSettings.dll                                          	0x7ffce1a10000        	1       	DynamicLoad         
1328      	svchost.exe         	windows.storage.dll                                                   	0x793000        	C:\Windows\SYSTEM32\windows.storage.dll                                                                                         	0x7ffd10fb0000        	1       	DelayloadDependency 
1328      	svchost.exe         	shlwapi.dll                                                           	0x55000         	C:\Windows\System32\shlwapi.dll                                                                                                 	0x7ffd15550000        	1       	DelayloadDependency 
1328      	svchost.exe         	configmanager2.dll                                                    	0xb4000         	C:\Windows\system32\configmanager2.dll                                                                                          	0x7ffcccd50000        	1       	DynamicLoad         
1328      	svchost.exe         	DMCmnUtils.dll                                                        	0x78000         	C:\Windows\system32\DMCmnUtils.dll                                                                                              	0x7ffcceee0000        	1       	StaticDependency    
1328      	svchost.exe         	dmiso8601utils.dll                                                    	0x9000          	C:\Windows\system32\dmiso8601utils.dll                                                                                          	0x7ffce7c70000        	1       	StaticDependency    
1328      	svchost.exe         	DMOleAutUtils.dll                                                     	0xc000          	C:\Windows\system32\DMOleAutUtils.dll                                                                                           	0x7ffcd7860000        	1       	StaticDependency    
1328      	svchost.exe         	enterpriseresourcemanager.dll                                         	0x20000         	C:\Windows\system32\enterpriseresourcemanager.dll                                                                               	0x7ffcccc50000        	1       	StaticDependency    
1328      	svchost.exe         	dmEnrollEngine.DLL                                                    	0xda000         	C:\Windows\system32\dmEnrollEngine.DLL                                                                                          	0x7ffcccc70000        	1       	StaticDependency    
1328      	svchost.exe         	XmlLite.dll                                                           	0x36000         	C:\Windows\system32\XmlLite.dll                                                                                                 	0x7ffd0ea10000        	1       	StaticDependency    
1328      	svchost.exe         	tbs.dll                                                               	0x1a000         	C:\Windows\system32\tbs.dll                                                                                                     	0x7ffd06d80000        	1       	StaticDependency    
1328      	svchost.exe         	imagehlp.dll                                                          	0x1d000         	C:\Windows\System32\imagehlp.dll                                                                                                	0x7ffd13850000        	1       	StaticDependency    
1328      	svchost.exe         	DEVOBJ.dll                                                            	0x2c000         	C:\Windows\system32\DEVOBJ.dll                                                                                                  	0x7ffd12c30000        	1       	StaticDependency    
1328      	svchost.exe         	enterprisecsps.dll                                                    	0x252000        	C:\Windows\System32\enterprisecsps.dll                                                                                          	0x7ffccc9f0000        	1       	DynamicLoad         
1328      	svchost.exe         	dmenterprisediagnostics.dll                                           	0x5f000         	C:\Windows\System32\dmenterprisediagnostics.dll                                                                                 	0x7ffccc950000        	1       	StaticDependency    
1328      	svchost.exe         	omadmapi.dll                                                          	0x3d000         	C:\Windows\System32\omadmapi.dll                                                                                                	0x7ffccc9b0000        	1       	StaticDependency    
1328      	svchost.exe         	DMCfgUtils.dll                                                        	0x20000         	C:\Windows\System32\DMCfgUtils.dll                                                                                              	0x7ffccecd0000        	1       	StaticDependency    
1328      	svchost.exe         	certenroll.dll                                                        	0x33c000        	C:\Windows\System32\certenroll.dll                                                                                              	0x7ffcea750000        	1       	StaticDependency    
1328      	svchost.exe         	dmxmlhelputils.dll                                                    	0x1f000         	C:\Windows\System32\dmxmlhelputils.dll                                                                                          	0x7ffccecb0000        	1       	StaticDependency    
1328      	svchost.exe         	certca.dll                                                            	0xcd000         	C:\Windows\System32\certca.dll                                                                                                  	0x7ffcea680000        	1       	StaticDependency    
1328      	svchost.exe         	DSPARSE.dll                                                           	0xc000          	C:\Windows\System32\DSPARSE.dll                                                                                                 	0x7ffd0b150000        	1       	StaticDependency    
1328      	svchost.exe         	WLDAP32.dll                                                           	0x56000         	C:\Windows\System32\WLDAP32.dll                                                                                                 	0x7ffd14e30000        	1       	StaticDependency    
1328      	svchost.exe         	wcmapi.dll                                                            	0x2a000         	C:\Windows\SYSTEM32\wcmapi.dll                                                                                                  	0x7ffcefdd0000        	1       	DelayloadDependency 
1328      	svchost.exe         	RMCLIENT.dll                                                          	0x2a000         	c:\windows\system32\RMCLIENT.dll                                                                                                	0x7ffd10ac0000        	1       	StaticDependency    
1328      	svchost.exe         	MobileNetworking.dll                                                  	0xa000          	c:\windows\system32\MobileNetworking.dll                                                                                        	0x7ffd07c00000        	1       	StaticDependency    
1328      	svchost.exe         	msi.dll                                                               	0x336000        	C:\Windows\SYSTEM32\msi.dll                                                                                                     	0x7ffce26c0000        	1       	DelayloadDependency 
1328      	svchost.exe         	SHELL32.dll                                                           	0x744000        	C:\Windows\System32\SHELL32.dll                                                                                                 	0x7ffd14200000        	1       	StaticDependency    
1328      	svchost.exe         	Windows.StateRepositoryPS.dll                                         	0x146000        	C:\Windows\System32\Windows.StateRepositoryPS.dll                                                                               	0x7ffd01c90000        	1       	DynamicLoad         
1328      	svchost.exe         	AppXDeploymentClient.dll                                              	0x104000        	C:\Windows\System32\AppXDeploymentClient.dll                                                                                    	0x7ffd0c590000        	1       	DynamicLoad         
1328      	svchost.exe         	Windows.ApplicationModel.dll                                          	0xe6000         	C:\Windows\System32\Windows.ApplicationModel.dll                                                                                	0x7ffd06820000        	1       	DynamicLoad         
1328      	svchost.exe         	twinapi.appcore.dll                                                   	0x200000        	C:\Windows\System32\twinapi.appcore.dll                                                                                         	0x7ffd0de50000        	1       	StaticDependency    
1328      	svchost.exe         	appxapplicabilityblob.dll                                             	0x39000         	c:\windows\system32\appxapplicabilityblob.dll                                                                                   	0x7ffccbae0000        	1       	DelayloadDependency 
1328      	svchost.exe         	AppxPackaging.dll                                                     	0x1c5000        	C:\Windows\System32\AppxPackaging.dll                                                                                           	0x7ffce6fa0000        	1       	DynamicLoad         
1328      	svchost.exe         	OpcServices.DLL                                                       	0x21d000        	C:\Windows\System32\OpcServices.DLL                                                                                             	0x7ffce6d80000        	1       	StaticDependency    
1328      	svchost.exe         	urlmon.dll                                                            	0x1ec000        	C:\Windows\System32\urlmon.dll                                                                                                  	0x7ffd08ce0000        	1       	StaticDependency    
1328      	svchost.exe         	srvcli.dll                                                            	0x28000         	C:\Windows\System32\srvcli.dll                                                                                                  	0x7ffd08cb0000        	1       	StaticDependency    
1328      	svchost.exe         	netutils.dll                                                          	0xc000          	C:\Windows\System32\netutils.dll                                                                                                	0x7ffd123b0000        	1       	StaticDependency    
1328      	svchost.exe         	CbsApi.dll                                                            	0x12000         	C:\Windows\servicing\CbsApi.dll                                                                                                 	0x7ffcea310000        	1       	DynamicLoad         
1328      	svchost.exe         	storewuauth.dll                                                       	0x50000         	C:\Windows\System32\storewuauth.dll                                                                                             	0x7ffccacb0000        	1       	DynamicLoad         
1328      	svchost.exe         	wuapi.dll                                                             	0xf0000         	C:\Windows\System32\wuapi.dll                                                                                                   	0x7ffcd72c0000        	1       	DynamicLoad         
1328      	svchost.exe         	Windows.Security.Authentication.Web.Core.dll                          	0x11d000        	C:\Windows\System32\Windows.Security.Authentication.Web.Core.dll                                                                	0x7ffcfb1b0000        	1       	DynamicLoad         
1328      	svchost.exe         	vaultcli.dll                                                          	0x51000         	C:\Windows\System32\vaultcli.dll                                                                                                	0x7ffcf9420000        	1       	DynamicLoad         
1328      	svchost.exe         	Windows.Security.Authentication.OnlineId.dll                          	0xf4000         	C:\Windows\System32\Windows.Security.Authentication.OnlineId.dll                                                                	0x7ffcfd3c0000        	1       	DynamicLoad         
1328      	svchost.exe         	storageusage.dll                                                      	0x2f000         	C:\Windows\SYSTEM32\storageusage.dll                                                                                            	0x7ffd0c4f0000        	1       	DynamicLoad         
1328      	svchost.exe         	wer.dll                                                               	0xde000         	C:\Windows\system32\wer.dll                                                                                                     	0x7ffd10af0000        	1       	StaticDependency    
1328      	svchost.exe         	AppxStreamingDataSourcePS.dll                                         	0xb000          	C:\Windows\System32\AppxStreamingDataSourcePS.dll                                                                               	0x7ffccce40000        	1       	DynamicLoad         
1328      	svchost.exe         	UpdateDeploymentProvider.dll                                          	0x56000         	C:\Windows\System32\UpdateDeploymentProvider.dll                                                                                	0x7ffcf7e00000        	1       	DynamicLoad         
1328      	svchost.exe         	productenumerator.dll                                                 	0xe000          	C:\Windows\SYSTEM32\productenumerator.dll                                                                                       	0x7ffd0b990000        	1       	StaticDependency    
1328      	svchost.exe         	winspool.drv                                                          	0x98000         	C:\Windows\SYSTEM32\winspool.drv                                                                                                	0x7ffcfcae0000        	1       	DelayloadDependency 
1328      	svchost.exe         	drvstore.dll                                                          	0x148000        	C:\Windows\SYSTEM32\drvstore.dll                                                                                                	0x7ffd065c0000        	1       	DelayloadDependency 
1328      	svchost.exe         	Windows.Globalization.dll                                             	0x1a6000        	C:\Windows\System32\Windows.Globalization.dll                                                                                   	0x7ffd08650000        	1       	DynamicLoad         
1328      	svchost.exe         	Bcp47Langs.dll                                                        	0x5b000         	C:\Windows\System32\Bcp47Langs.dll                                                                                              	0x7ffd0ad50000        	1       	StaticDependency    
1328      	svchost.exe         	bcp47mrm.dll                                                          	0x2d000         	C:\Windows\System32\bcp47mrm.dll                                                                                                	0x7ffd0a760000        	1       	StaticDependency    
1328      	svchost.exe         	resourcepolicyclient.dll                                              	0x14000         	C:\Windows\SYSTEM32\resourcepolicyclient.dll                                                                                    	0x7ffd109c0000        	1       	DelayloadDependency 
1328      	svchost.exe         	Windows.Devices.Sensors.dll                                           	0x13c000        	C:\Windows\System32\Windows.Devices.Sensors.dll                                                                                 	0x7ffcb70b0000        	1       	DynamicLoad         
1328      	svchost.exe         	BiWinrt.dll                                                           	0x53000         	C:\Windows\System32\BiWinrt.dll                                                                                                 	0x7ffcf6120000        	1       	StaticDependency    
1328      	svchost.exe         	Windows.Devices.Enumeration.dll                                       	0x87000         	C:\Windows\System32\Windows.Devices.Enumeration.dll                                                                             	0x7ffd062f0000        	1       	DynamicLoad         
1328      	svchost.exe         	PROPSYS.dll                                                           	0xf6000         	C:\Windows\System32\PROPSYS.dll                                                                                                 	0x7ffd0ea50000        	1       	DelayloadDependency 
1328      	svchost.exe         	StructuredQuery.dll                                                   	0xa6000         	C:\Windows\System32\StructuredQuery.dll                                                                                         	0x7ffd06170000        	1       	DynamicLoad         
1328      	svchost.exe         	MSWB7.dll                                                             	0x46000         	C:\Windows\System32\MSWB7.dll                                                                                                   	0x7ffd05eb0000        	1       	DynamicLoad         
1328      	svchost.exe         	DevDispItemProvider.dll                                               	0x20000         	C:\Windows\System32\DevDispItemProvider.dll                                                                                     	0x7ffd05d60000        	1       	DynamicLoad         
1328      	svchost.exe         	dpx.dll                                                               	0xb9000         	C:\Windows\SYSTEM32\dpx.dll                                                                                                     	0x7ffcf0c60000        	1       	DynamicLoad         
1328      	svchost.exe         	ntmarta.dll                                                           	0x33000         	C:\Windows\SYSTEM32\ntmarta.dll                                                                                                 	0x7ffd11f60000        	1       	DelayloadDependency 
1328      	svchost.exe         	dbghelp.dll                                                           	0x1e4000        	C:\Windows\system32\dbghelp.dll                                                                                                 	0x7ffd03440000        	1       	DynamicLoad         
1328      	svchost.exe         	dbgcore.DLL                                                           	0x34000         	C:\Windows\system32\dbgcore.DLL                                                                                                 	0x7ffd03320000        	1       	DynamicForwarderDependency
1328      	svchost.exe         	OneSettingsClient.dll                                                 	0x32000         	C:\Windows\SYSTEM32\OneSettingsClient.dll                                                                                       	0x7ffcea540000        	2       	DynamicLoad         
1328      	svchost.exe         	usermgrcli.dll                                                        	0x16000         	C:\Windows\SYSTEM32\usermgrcli.dll                                                                                              	0x7ffd0e580000        	1       	DelayloadDependency 
1328      	svchost.exe         	WDSCORE.dll                                                           	0x43000         	C:\Windows\SYSTEM32\WDSCORE.dll                                                                                                 	0x7ffcea580000        	1       	StaticDependency    
1328      	svchost.exe         	WIMGAPI.DLL                                                           	0xbe000         	C:\Windows\SYSTEM32\WIMGAPI.DLL                                                                                                 	0x7ffccb870000        	1       	StaticDependency    
1328      	svchost.exe         	DismCorePS.dll                                                        	0x31000         	C:\Windows\SYSTEM32\Dism\DismCorePS.dll                                                                                         	0x7ffd005a0000        	1       	DynamicLoad         
1328      	svchost.exe         	dismprov.dll                                                          	0x41000         	C:\Windows\SYSTEM32\Dism\dismprov.dll                                                                                           	0x7ffcf0dc0000        	1       	DynamicLoad         
1328      	svchost.exe         	LogProvider.dll                                                       	0x15000         	C:\Windows\SYSTEM32\Dism\LogProvider.dll                                                                                        	0x7ffd00350000        	1       	DynamicLoad         
1328      	svchost.exe         	ImagingProvider.dll                                                   	0x38000         	C:\Windows\SYSTEM32\Dism\ImagingProvider.dll                                                                                    	0x7ffccb830000        	1       	DynamicLoad         
1328      	svchost.exe         	WimProvider.dll                                                       	0x96000         	C:\Windows\SYSTEM32\Dism\WimProvider.dll                                                                                        	0x7ffccb790000        	1       	DynamicLoad         
1328      	svchost.exe         	wups2.dll                                                             	0x14000         	C:\Windows\System32\wups2.dll                                                                                                   	0x7ffcd01a0000        	1       	DynamicLoad         
776       	sqlceip.exe         	ntdll.dll                                                             	0x1f8000        	C:\Windows\SYSTEM32\ntdll.dll                                                                                                   	0x7ffd157f0000        	2       	StaticDependency    
776       	sqlceip.exe         	MSCOREE.DLL                                                           	0x65000         	C:\Windows\SYSTEM32\MSCOREE.DLL                                                                                                 	0x7ffcf2260000        	2       	DynamicLoad         
776       	sqlceip.exe         	KERNEL32.dll                                                          	0xbf000         	C:\Windows\System32\KERNEL32.dll                                                                                                	0x7ffd155b0000        	1       	StaticDependency    
776       	sqlceip.exe         	KERNELBASE.dll                                                        	0x2f6000        	C:\Windows\System32\KERNELBASE.dll                                                                                              	0x7ffd133b0000        	1       	StaticDependency    
776       	sqlceip.exe         	ADVAPI32.dll                                                          	0xaf000         	C:\Windows\System32\ADVAPI32.dll                                                                                                	0x7ffd15040000        	1       	DynamicLoad         
776       	sqlceip.exe         	msvcrt.dll                                                            	0x9e000         	C:\Windows\System32\msvcrt.dll                                                                                                  	0x7ffd13af0000        	1       	StaticDependency    
776       	sqlceip.exe         	sechost.dll                                                           	0x9c000         	C:\Windows\System32\sechost.dll                                                                                                 	0x7ffd15450000        	1       	StaticDependency    
776       	sqlceip.exe         	RPCRT4.dll                                                            	0x126000        	C:\Windows\System32\RPCRT4.dll                                                                                                  	0x7ffd13c20000        	1       	StaticDependency    
776       	sqlceip.exe         	mscoreei.dll                                                          	0x9b000         	C:\Windows\Microsoft.NET\Framework64\v4.0.30319\mscoreei.dll                                                                    	0x7ffcf21c0000        	1       	DynamicLoad         
776       	sqlceip.exe         	SHLWAPI.dll                                                           	0x55000         	C:\Windows\System32\SHLWAPI.dll                                                                                                 	0x7ffd15550000        	1       	DynamicLoad         
776       	sqlceip.exe         	kernel.appcore.dll                                                    	0x12000         	C:\Windows\SYSTEM32\kernel.appcore.dll                                                                                          	0x7ffd10db0000        	1       	DynamicLoad         
776       	sqlceip.exe         	VERSION.dll                                                           	0xa000          	C:\Windows\SYSTEM32\VERSION.dll                                                                                                 	0x7ffd0b9b0000        	1       	DynamicLoad         
776       	sqlceip.exe         	clr.dll                                                               	0x9a4000        	C:\Windows\Microsoft.NET\Framework64\v4.0.30319\clr.dll                                                                         	0x7ffcd90c0000        	3       	DynamicLoad         
776       	sqlceip.exe         	USER32.dll                                                            	0x19d000        	C:\Windows\System32\USER32.dll                                                                                                  	0x7ffd14e90000        	1       	StaticDependency    
776       	sqlceip.exe         	win32u.dll                                                            	0x22000         	C:\Windows\System32\win32u.dll                                                                                                  	0x7ffd13820000        	1       	StaticDependency    
776       	sqlceip.exe         	GDI32.dll                                                             	0x2c000         	C:\Windows\System32\GDI32.dll                                                                                                   	0x7ffd13bf0000        	1       	StaticDependency    
776       	sqlceip.exe         	gdi32full.dll                                                         	0x115000        	C:\Windows\System32\gdi32full.dll                                                                                               	0x7ffd136b0000        	1       	StaticDependency    
776       	sqlceip.exe         	msvcp_win.dll                                                         	0x9d000         	C:\Windows\System32\msvcp_win.dll                                                                                               	0x7ffd130e0000        	1       	StaticDependency    
776       	sqlceip.exe         	ucrtbase.dll                                                          	0x100000        	C:\Windows\System32\ucrtbase.dll                                                                                                	0x7ffd13180000        	1       	StaticDependency    
776       	sqlceip.exe         	VCRUNTIME140_1_CLR0400.dll                                            	0xc000          	C:\Windows\SYSTEM32\VCRUNTIME140_1_CLR0400.dll                                                                                  	0x7ffcf2130000        	1       	StaticDependency    
776       	sqlceip.exe         	VCRUNTIME140_CLR0400.dll                                              	0x1b000         	C:\Windows\SYSTEM32\VCRUNTIME140_CLR0400.dll                                                                                    	0x7ffcf2110000        	1       	StaticDependency    
776       	sqlceip.exe         	ucrtbase_clr0400.dll                                                  	0xcd000         	C:\Windows\SYSTEM32\ucrtbase_clr0400.dll                                                                                        	0x7ffcf2040000        	1       	StaticDependency    
776       	sqlceip.exe         	mscorlib.ni.dll                                                       	0x160f000       	C:\Windows\assembly\NativeImages_v4.0.30319_64\mscorlib\316b66ba76e2cd70541b5fe8161637c9\mscorlib.ni.dll                        	0x7ffcd7ab0000        	1       	DynamicLoad         
776       	sqlceip.exe         	ole32.dll                                                             	0x12a000        	C:\Windows\System32\ole32.dll                                                                                                   	0x7ffd140d0000        	1       	DynamicLoad         
776       	sqlceip.exe         	combase.dll                                                           	0x354000        	C:\Windows\System32\combase.dll                                                                                                 	0x7ffd150f0000        	1       	StaticDependency    
776       	sqlceip.exe         	bcryptPrimitives.dll                                                  	0x82000         	C:\Windows\System32\bcryptPrimitives.dll                                                                                        	0x7ffd132b0000        	3       	DelayloadDependency 
776       	sqlceip.exe         	CRYPTSP.dll                                                           	0x18000         	C:\Windows\SYSTEM32\CRYPTSP.dll                                                                                                 	0x7ffd127a0000        	1       	DelayloadDependency 
776       	sqlceip.exe         	rsaenh.dll                                                            	0x34000         	C:\Windows\system32\rsaenh.dll                                                                                                  	0x7ffd11ed0000        	1       	DynamicLoad         
776       	sqlceip.exe         	bcrypt.dll                                                            	0x27000         	C:\Windows\System32\bcrypt.dll                                                                                                  	0x7ffd13280000        	2       	StaticDependency    
776       	sqlceip.exe         	CRYPTBASE.dll                                                         	0xc000          	C:\Windows\SYSTEM32\CRYPTBASE.dll                                                                                               	0x7ffd127c0000        	1       	DelayloadDependency 
776       	sqlceip.exe         	System.ni.dll                                                         	0xc1c000        	C:\Windows\assembly\NativeImages_v4.0.30319_64\System\7445c290449652faf35238f59f3455cc\System.ni.dll                            	0x7ffccdfa0000        	1       	DynamicLoad         
776       	sqlceip.exe         	System.ServiceProcess.ni.dll                                          	0x46000         	C:\Windows\assembly\NativeImages_v4.0.30319_64\System.Serv759bfb78#\f0a41aa1ff8d55f9a351d47a9e7286ad\System.ServiceProcess.ni.dll	0x7ffccf0c0000        	1       	DynamicLoad         
776       	sqlceip.exe         	clrjit.dll                                                            	0x12f000        	C:\Windows\Microsoft.NET\Framework64\v4.0.30319\clrjit.dll                                                                      	0x7ffcd7910000        	1       	DynamicLoad         
776       	sqlceip.exe         	shell32.dll                                                           	0x744000        	C:\Windows\System32\shell32.dll                                                                                                 	0x7ffd14200000        	1       	DynamicLoad         
776       	sqlceip.exe         	windows.storage.dll                                                   	0x793000        	C:\Windows\SYSTEM32\windows.storage.dll                                                                                         	0x7ffd10fb0000        	1       	DelayloadDependency 
776       	sqlceip.exe         	Wldp.dll                                                              	0x2e000         	C:\Windows\SYSTEM32\Wldp.dll                                                                                                    	0x7ffd12850000        	1       	StaticDependency    
776       	sqlceip.exe         	SHCORE.dll                                                            	0xad000         	C:\Windows\System32\SHCORE.dll                                                                                                  	0x7ffd13880000        	1       	DelayloadDependency 
776       	sqlceip.exe         	profapi.dll                                                           	0x1f000         	C:\Windows\SYSTEM32\profapi.dll                                                                                                 	0x7ffd12e10000        	1       	DelayloadDependency 
776       	sqlceip.exe         	System.Core.ni.dll                                                    	0xa86000        	C:\Windows\assembly\NativeImages_v4.0.30319_64\System.Core\37015a99a98319366b5cedf511cdd1a0\System.Core.ni.dll                  	0x7ffccd510000        	1       	DynamicLoad         
776       	sqlceip.exe         	System.Xml.ni.dll                                                     	0x8b0000        	C:\Windows\assembly\NativeImages_v4.0.30319_64\System.Xml\2bd389016aca8e778638103f4f5087cc\System.Xml.ni.dll                    	0x7ffca6b20000        	1       	DynamicLoad         
776       	sqlceip.exe         	System.Configuration.ni.dll                                           	0x133000        	C:\Windows\assembly\NativeImages_v4.0.30319_64\System.Configuration\b8b5c9fb1a2911bc4e5d61227582d346\System.Configuration.ni.dll	0x7ffca8f40000        	1       	DynamicLoad         
776       	sqlceip.exe         	psapi.dll                                                             	0x8000          	C:\Windows\System32\psapi.dll                                                                                                   	0x7ffd13ae0000        	1       	DynamicLoad         
776       	sqlceip.exe         	rasapi32.dll                                                          	0xff000         	C:\Windows\SYSTEM32\rasapi32.dll                                                                                                	0x7ffcba110000        	1       	DynamicLoad         
776       	sqlceip.exe         	rasman.dll                                                            	0x34000         	C:\Windows\SYSTEM32\rasman.dll                                                                                                  	0x7ffceffa0000        	1       	StaticDependency    
776       	sqlceip.exe         	rtutils.dll                                                           	0x16000         	C:\Windows\SYSTEM32\rtutils.dll                                                                                                 	0x7ffd05dc0000        	1       	DelayloadDependency 
776       	sqlceip.exe         	ws2_32.dll                                                            	0x6b000         	C:\Windows\System32\ws2_32.dll                                                                                                  	0x7ffd14dc0000        	1       	DynamicLoad         
776       	sqlceip.exe         	mswsock.dll                                                           	0x6a000         	C:\Windows\system32\mswsock.dll                                                                                                 	0x7ffd125b0000        	1       	DynamicLoad         
776       	sqlceip.exe         	winhttp.dll                                                           	0x10a000        	C:\Windows\SYSTEM32\winhttp.dll                                                                                                 	0x7ffd0a550000        	1       	DynamicLoad         
776       	sqlceip.exe         	IPHLPAPI.DLL                                                          	0x3c000         	C:\Windows\SYSTEM32\IPHLPAPI.DLL                                                                                                	0x7ffd122a0000        	1       	DelayloadDependency 
776       	sqlceip.exe         	NSI.dll                                                               	0x8000          	C:\Windows\System32\NSI.dll                                                                                                     	0x7ffd13870000        	1       	DelayloadDependency 
776       	sqlceip.exe         	dhcpcsvc6.DLL                                                         	0x17000         	C:\Windows\SYSTEM32\dhcpcsvc6.DLL                                                                                               	0x7ffd0b670000        	1       	DelayloadDependency 
776       	sqlceip.exe         	dhcpcsvc.DLL                                                          	0x1d000         	C:\Windows\SYSTEM32\dhcpcsvc.DLL                                                                                                	0x7ffd0b650000        	1       	DelayloadDependency 
776       	sqlceip.exe         	DNSAPI.dll                                                            	0xcb000         	C:\Windows\SYSTEM32\DNSAPI.dll                                                                                                  	0x7ffd122e0000        	2       	DelayloadDependency 
776       	sqlceip.exe         	WINNSI.DLL                                                            	0xb000          	C:\Windows\SYSTEM32\WINNSI.DLL                                                                                                  	0x7ffd0b6b0000        	1       	DelayloadDependency 
776       	sqlceip.exe         	rasadhlp.dll                                                          	0xa000          	C:\Windows\System32\rasadhlp.dll                                                                                                	0x7ffd06b20000        	1       	DynamicLoad         
776       	sqlceip.exe         	fwpuclnt.dll                                                          	0x82000         	C:\Windows\System32\fwpuclnt.dll                                                                                                	0x7ffd07b70000        	1       	DynamicLoad         
776       	sqlceip.exe         	secur32.dll                                                           	0xc000          	C:\Windows\SYSTEM32\secur32.dll                                                                                                 	0x7ffd05e80000        	1       	DynamicLoad         
776       	sqlceip.exe         	SSPICLI.DLL                                                           	0x32000         	C:\Windows\SYSTEM32\SSPICLI.DLL                                                                                                 	0x7ffd12dc0000        	1       	DynamicForwarderDependency
776       	sqlceip.exe         	schannel.DLL                                                          	0x99000         	C:\Windows\system32\schannel.DLL                                                                                                	0x7ffd11df0000        	1       	DynamicLoad         
776       	sqlceip.exe         	mskeyprotect.dll                                                      	0x16000         	C:\Windows\SYSTEM32\mskeyprotect.dll                                                                                            	0x7ffd00d00000        	1       	DynamicLoad         
776       	sqlceip.exe         	NTASN1.dll                                                            	0x3b000         	C:\Windows\SYSTEM32\NTASN1.dll                                                                                                  	0x7ffd128f0000        	1       	DelayloadDependency 
776       	sqlceip.exe         	ncrypt.dll                                                            	0x28000         	C:\Windows\SYSTEM32\ncrypt.dll                                                                                                  	0x7ffd12930000        	1       	DelayloadDependency 
776       	sqlceip.exe         	ncryptsslp.dll                                                        	0x26000         	C:\Windows\system32\ncryptsslp.dll                                                                                              	0x7ffd00db0000        	1       	DynamicLoad         
776       	sqlceip.exe         	crypt32.dll                                                           	0x15e000        	C:\Windows\System32\crypt32.dll                                                                                                 	0x7ffd12f80000        	1       	DynamicLoad         
776       	sqlceip.exe         	MSASN1.dll                                                            	0x12000         	C:\Windows\SYSTEM32\MSASN1.dll                                                                                                  	0x7ffd12a50000        	1       	DelayloadDependency 
776       	sqlceip.exe         	webengine4.dll                                                        	0xa1000         	C:\Windows\Microsoft.NET\Framework64\v4.0.30319\webengine4.dll                                                                  	0x7ffcb7000000        	1       	DynamicLoad         
776       	sqlceip.exe         	USERENV.dll                                                           	0x2e000         	C:\Windows\SYSTEM32\USERENV.dll                                                                                                 	0x7ffd12d90000        	1       	StaticDependency    
776       	sqlceip.exe         	System.Data.ni.dll                                                    	0x983000        	C:\Windows\assembly\NativeImages_v4.0.30319_64\System.Data\8793b119884d4dbc73a6ac549e8d7ba1\System.Data.ni.dll                  	0x7ffca5ec0000        	1       	DynamicLoad         
776       	sqlceip.exe         	System.Data.dll                                                       	0x36a000        	C:\Windows\Microsoft.Net\assembly\GAC_64\System.Data\v4.0_4.0.0.0__b77a5c561934e089\System.Data.dll                             	0x7ffca5b50000        	1       	DynamicLoad         
776       	sqlceip.exe         	System.Transactions.ni.dll                                            	0xdb000         	C:\Windows\assembly\NativeImages_v4.0.30319_64\System.Transactions\302b642be9b350c41c1ae4b6bc72d6ec\System.Transactions.ni.dll  	0x7ffca5a70000        	1       	DynamicLoad         
776       	sqlceip.exe         	System.Transactions.dll                                               	0x4f000         	C:\Windows\Microsoft.Net\assembly\GAC_64\System.Transactions\v4.0_4.0.0.0__b77a5c561934e089\System.Transactions.dll             	0x7ffcd78c0000        	1       	DynamicLoad         
776       	sqlceip.exe         	System.EnterpriseServices.Wrapper.dll                                 	0x27000         	C:\Windows\Microsoft.Net\assembly\GAC_64\System.EnterpriseServices\v4.0_4.0.0.0__b03f5f7f11d50a3a\System.EnterpriseServices.Wrapper.dll	0x7ffcd7460000        	1       	DynamicLoad         
776       	sqlceip.exe         	OLEAUT32.dll                                                          	0xcd000         	C:\Windows\System32\OLEAUT32.dll                                                                                                	0x7ffd13e00000        	1       	StaticDependency    
776       	sqlceip.exe         	security.dll                                                          	0x3000          	C:\Windows\system32\security.dll                                                                                                	0x2a606bb0000         	1       	DynamicLoad         
776       	sqlceip.exe         	kerberos.DLL                                                          	0x118000        	C:\Windows\system32\kerberos.DLL                                                                                                	0x7ffd12680000        	1       	DynamicLoad         
776       	sqlceip.exe         	msv1_0.DLL                                                            	0x8b000         	C:\Windows\system32\msv1_0.DLL                                                                                                  	0x7ffd12520000        	1       	DynamicLoad         
776       	sqlceip.exe         	NtlmShared.dll                                                        	0x14000         	C:\Windows\SYSTEM32\NtlmShared.dll                                                                                              	0x7ffd12500000        	1       	StaticDependency    
776       	sqlceip.exe         	cryptdll.dll                                                          	0x15000         	C:\Windows\SYSTEM32\cryptdll.dll                                                                                                	0x7ffd12620000        	1       	StaticDependency    
776       	sqlceip.exe         	ntdsapi.dll                                                           	0x2a000         	C:\Windows\system32\ntdsapi.dll                                                                                                 	0x7ffcd7790000        	1       	DynamicLoad         
776       	sqlceip.exe         	DSPARSE.DLL                                                           	0xc000          	C:\Windows\SYSTEM32\DSPARSE.DLL                                                                                                 	0x7ffd0b150000        	1       	DynamicForwarderDependency
776       	sqlceip.exe         	netapi32.dll                                                          	0x19000         	C:\Windows\system32\netapi32.dll                                                                                                	0x7ffd041a0000        	1       	DynamicLoad         
776       	sqlceip.exe         	LOGONCLI.DLL                                                          	0x43000         	C:\Windows\SYSTEM32\LOGONCLI.DLL                                                                                                	0x7ffd123c0000        	1       	DynamicForwarderDependency
776       	sqlceip.exe         	NETUTILS.DLL                                                          	0xc000          	C:\Windows\SYSTEM32\NETUTILS.DLL                                                                                                	0x7ffd123b0000        	1       	DynamicForwarderDependency
776       	sqlceip.exe         	System.Management.ni.dll                                              	0x166000        	C:\Windows\assembly\NativeImages_v4.0.30319_64\System.Management\6cbd812e5ed0c5c8ab4e4cd851b7b0ca\System.Management.ni.dll      	0x7ffca5900000        	1       	DynamicLoad         
776       	sqlceip.exe         	wminet_utils.dll                                                      	0x2f000         	C:\Windows\Microsoft.NET\Framework64\v4.0.30319\wminet_utils.dll                                                                	0x7ffcd73f0000        	1       	DynamicLoad         
776       	sqlceip.exe         	clbcatq.dll                                                           	0xa9000         	C:\Windows\System32\clbcatq.dll                                                                                                 	0x7ffd13d50000        	1       	DelayloadDependency 
776       	sqlceip.exe         	wmiutils.dll                                                          	0x28000         	C:\Windows\system32\wbem\wmiutils.dll                                                                                           	0x7ffd00e60000        	1       	DynamicLoad         
776       	sqlceip.exe         	wbemcomn.dll                                                          	0x90000         	C:\Windows\SYSTEM32\wbemcomn.dll                                                                                                	0x7ffd04590000        	1       	StaticDependency    
776       	sqlceip.exe         	wbemprox.dll                                                          	0x11000         	C:\Windows\system32\wbem\wbemprox.dll                                                                                           	0x7ffd025c0000        	1       	DynamicLoad         
776       	sqlceip.exe         	wbemsvc.dll                                                           	0x14000         	C:\Windows\system32\wbem\wbemsvc.dll                                                                                            	0x7ffd00f00000        	1       	DynamicLoad         
776       	sqlceip.exe         	fastprox.dll                                                          	0x10b000        	C:\Windows\system32\wbem\fastprox.dll                                                                                           	0x7ffd00f20000        	1       	DynamicLoad         
776       	sqlceip.exe         	amsi.dll                                                              	0x1f000         	C:\Windows\SYSTEM32\amsi.dll                                                                                                    	0x7ffd00410000        	1       	DynamicLoad         
776       	sqlceip.exe         	MpOav.dll                                                             	0xa0000         	C:\ProgramData\Microsoft\Windows Defender\Platform\4.18.25060.7-0\MpOav.dll                                                     	0x7ffd00370000        	1       	DynamicLoad         
776       	sqlceip.exe         	System.Xml.Linq.ni.dll                                                	0x79000         	C:\Windows\assembly\NativeImages_v4.0.30319_64\System.Xml.Linq\627faf5941962a993235402a1c2bf310\System.Xml.Linq.ni.dll          	0x7ffcb6f80000        	1       	DynamicLoad         
776       	sqlceip.exe         	System.Net.Http.ni.dll                                                	0xa3000         	C:\Windows\assembly\NativeImages_v4.0.30319_64\System.Net.Http\7171e4f2fc77fd3d7a6c51b58b5f7108\System.Net.Http.ni.dll          	0x7ffca5850000        	1       	DynamicLoad         
776       	sqlceip.exe         	napinsp.dll                                                           	0x17000         	C:\Windows\system32\napinsp.dll                                                                                                 	0x7ffccbfb0000        	1       	DynamicLoad         
776       	sqlceip.exe         	pnrpnsp.dll                                                           	0x1b000         	C:\Windows\system32\pnrpnsp.dll                                                                                                 	0x7ffcff420000        	1       	DynamicLoad         
776       	sqlceip.exe         	wshbth.dll                                                            	0x15000         	C:\Windows\system32\wshbth.dll                                                                                                  	0x7ffcf9900000        	1       	DynamicLoad         
776       	sqlceip.exe         	NLAapi.dll                                                            	0x1d000         	C:\Windows\system32\NLAapi.dll                                                                                                  	0x7ffd0e700000        	1       	DynamicLoad         
776       	sqlceip.exe         	winrnr.dll                                                            	0x12000         	C:\Windows\System32\winrnr.dll                                                                                                  	0x7ffcff440000        	1       	DynamicLoad         
8228      	sqlceip.exe         	ntdll.dll                                                             	0x1f8000        	C:\Windows\SYSTEM32\ntdll.dll                                                                                                   	0x7ffd157f0000        	2       	StaticDependency    
8228      	sqlceip.exe         	MSCOREE.DLL                                                           	0x65000         	C:\Windows\SYSTEM32\MSCOREE.DLL                                                                                                 	0x7ffcf2260000        	2       	DynamicLoad         
8228      	sqlceip.exe         	KERNEL32.dll                                                          	0xbf000         	C:\Windows\System32\KERNEL32.dll                                                                                                	0x7ffd155b0000        	1       	StaticDependency    
8228      	sqlceip.exe         	KERNELBASE.dll                                                        	0x2f6000        	C:\Windows\System32\KERNELBASE.dll                                                                                              	0x7ffd133b0000        	1       	StaticDependency    
8228      	sqlceip.exe         	ADVAPI32.dll                                                          	0xaf000         	C:\Windows\System32\ADVAPI32.dll                                                                                                	0x7ffd15040000        	1       	DynamicLoad         
8228      	sqlceip.exe         	msvcrt.dll                                                            	0x9e000         	C:\Windows\System32\msvcrt.dll                                                                                                  	0x7ffd13af0000        	1       	StaticDependency    
8228      	sqlceip.exe         	sechost.dll                                                           	0x9c000         	C:\Windows\System32\sechost.dll                                                                                                 	0x7ffd15450000        	1       	StaticDependency    
8228      	sqlceip.exe         	RPCRT4.dll                                                            	0x126000        	C:\Windows\System32\RPCRT4.dll                                                                                                  	0x7ffd13c20000        	1       	StaticDependency    
8228      	sqlceip.exe         	mscoreei.dll                                                          	0x9b000         	C:\Windows\Microsoft.NET\Framework64\v4.0.30319\mscoreei.dll                                                                    	0x7ffcf21c0000        	1       	DynamicLoad         
8228      	sqlceip.exe         	SHLWAPI.dll                                                           	0x55000         	C:\Windows\System32\SHLWAPI.dll                                                                                                 	0x7ffd15550000        	1       	DynamicLoad         
8228      	sqlceip.exe         	kernel.appcore.dll                                                    	0x12000         	C:\Windows\SYSTEM32\kernel.appcore.dll                                                                                          	0x7ffd10db0000        	1       	DynamicLoad         
8228      	sqlceip.exe         	VERSION.dll                                                           	0xa000          	C:\Windows\SYSTEM32\VERSION.dll                                                                                                 	0x7ffd0b9b0000        	1       	DynamicLoad         
8228      	sqlceip.exe         	clr.dll                                                               	0x9a4000        	C:\Windows\Microsoft.NET\Framework64\v4.0.30319\clr.dll                                                                         	0x7ffcd90c0000        	3       	DynamicLoad         
8228      	sqlceip.exe         	USER32.dll                                                            	0x19d000        	C:\Windows\System32\USER32.dll                                                                                                  	0x7ffd14e90000        	1       	StaticDependency    
8228      	sqlceip.exe         	win32u.dll                                                            	0x22000         	C:\Windows\System32\win32u.dll                                                                                                  	0x7ffd13820000        	1       	StaticDependency    
8228      	sqlceip.exe         	VCRUNTIME140_1_CLR0400.dll                                            	0xc000          	C:\Windows\SYSTEM32\VCRUNTIME140_1_CLR0400.dll                                                                                  	0x7ffcf2130000        	1       	StaticDependency    
8228      	sqlceip.exe         	GDI32.dll                                                             	0x2c000         	C:\Windows\System32\GDI32.dll                                                                                                   	0x7ffd13bf0000        	1       	StaticDependency    
8228      	sqlceip.exe         	gdi32full.dll                                                         	0x115000        	C:\Windows\System32\gdi32full.dll                                                                                               	0x7ffd136b0000        	1       	StaticDependency    
8228      	sqlceip.exe         	VCRUNTIME140_CLR0400.dll                                              	0x1b000         	C:\Windows\SYSTEM32\VCRUNTIME140_CLR0400.dll                                                                                    	0x7ffcf2110000        	1       	StaticDependency    
8228      	sqlceip.exe         	msvcp_win.dll                                                         	0x9d000         	C:\Windows\System32\msvcp_win.dll                                                                                               	0x7ffd130e0000        	1       	StaticDependency    
8228      	sqlceip.exe         	ucrtbase.dll                                                          	0x100000        	C:\Windows\System32\ucrtbase.dll                                                                                                	0x7ffd13180000        	1       	StaticDependency    
8228      	sqlceip.exe         	ucrtbase_clr0400.dll                                                  	0xcd000         	C:\Windows\SYSTEM32\ucrtbase_clr0400.dll                                                                                        	0x7ffcf2040000        	1       	StaticDependency    
8228      	sqlceip.exe         	mscorlib.ni.dll                                                       	0x160f000       	C:\Windows\assembly\NativeImages_v4.0.30319_64\mscorlib\316b66ba76e2cd70541b5fe8161637c9\mscorlib.ni.dll                        	0x7ffcd7ab0000        	1       	DynamicLoad         
8228      	sqlceip.exe         	ole32.dll                                                             	0x12a000        	C:\Windows\System32\ole32.dll                                                                                                   	0x7ffd140d0000        	1       	DynamicLoad         
8228      	sqlceip.exe         	combase.dll                                                           	0x354000        	C:\Windows\System32\combase.dll                                                                                                 	0x7ffd150f0000        	1       	StaticDependency    
8228      	sqlceip.exe         	bcryptPrimitives.dll                                                  	0x82000         	C:\Windows\System32\bcryptPrimitives.dll                                                                                        	0x7ffd132b0000        	3       	DelayloadDependency 
8228      	sqlceip.exe         	CRYPTSP.dll                                                           	0x18000         	C:\Windows\SYSTEM32\CRYPTSP.dll                                                                                                 	0x7ffd127a0000        	1       	DelayloadDependency 
8228      	sqlceip.exe         	rsaenh.dll                                                            	0x34000         	C:\Windows\system32\rsaenh.dll                                                                                                  	0x7ffd11ed0000        	1       	DynamicLoad         
8228      	sqlceip.exe         	bcrypt.dll                                                            	0x27000         	C:\Windows\System32\bcrypt.dll                                                                                                  	0x7ffd13280000        	2       	StaticDependency    
8228      	sqlceip.exe         	CRYPTBASE.dll                                                         	0xc000          	C:\Windows\SYSTEM32\CRYPTBASE.dll                                                                                               	0x7ffd127c0000        	1       	DelayloadDependency 
8228      	sqlceip.exe         	System.ni.dll                                                         	0xc1c000        	C:\Windows\assembly\NativeImages_v4.0.30319_64\System\7445c290449652faf35238f59f3455cc\System.ni.dll                            	0x7ffccdfa0000        	1       	DynamicLoad         
8228      	sqlceip.exe         	System.ServiceProcess.ni.dll                                          	0x46000         	C:\Windows\assembly\NativeImages_v4.0.30319_64\System.Serv759bfb78#\f0a41aa1ff8d55f9a351d47a9e7286ad\System.ServiceProcess.ni.dll	0x7ffccf0c0000        	1       	DynamicLoad         
8228      	sqlceip.exe         	clrjit.dll                                                            	0x12f000        	C:\Windows\Microsoft.NET\Framework64\v4.0.30319\clrjit.dll                                                                      	0x7ffcd7910000        	1       	DynamicLoad         
8228      	sqlceip.exe         	shell32.dll                                                           	0x744000        	C:\Windows\System32\shell32.dll                                                                                                 	0x7ffd14200000        	1       	DynamicLoad         
8228      	sqlceip.exe         	windows.storage.dll                                                   	0x793000        	C:\Windows\SYSTEM32\windows.storage.dll                                                                                         	0x7ffd10fb0000        	1       	DelayloadDependency 
8228      	sqlceip.exe         	Wldp.dll                                                              	0x2e000         	C:\Windows\SYSTEM32\Wldp.dll                                                                                                    	0x7ffd12850000        	1       	StaticDependency    
8228      	sqlceip.exe         	SHCORE.dll                                                            	0xad000         	C:\Windows\System32\SHCORE.dll                                                                                                  	0x7ffd13880000        	1       	DelayloadDependency 
8228      	sqlceip.exe         	profapi.dll                                                           	0x1f000         	C:\Windows\SYSTEM32\profapi.dll                                                                                                 	0x7ffd12e10000        	1       	DelayloadDependency 
8228      	sqlceip.exe         	System.Core.ni.dll                                                    	0xa86000        	C:\Windows\assembly\NativeImages_v4.0.30319_64\System.Core\37015a99a98319366b5cedf511cdd1a0\System.Core.ni.dll                  	0x7ffccd510000        	1       	DynamicLoad         
8228      	sqlceip.exe         	System.Xml.ni.dll                                                     	0x8b0000        	C:\Windows\assembly\NativeImages_v4.0.30319_64\System.Xml\2bd389016aca8e778638103f4f5087cc\System.Xml.ni.dll                    	0x7ffca6b20000        	1       	DynamicLoad         
8228      	sqlceip.exe         	System.Configuration.ni.dll                                           	0x133000        	C:\Windows\assembly\NativeImages_v4.0.30319_64\System.Configuration\b8b5c9fb1a2911bc4e5d61227582d346\System.Configuration.ni.dll	0x7ffca8f40000        	1       	DynamicLoad         
8228      	sqlceip.exe         	psapi.dll                                                             	0x8000          	C:\Windows\System32\psapi.dll                                                                                                   	0x7ffd13ae0000        	1       	DynamicLoad         
8228      	sqlceip.exe         	rasapi32.dll                                                          	0xff000         	C:\Windows\SYSTEM32\rasapi32.dll                                                                                                	0x7ffcba110000        	1       	DynamicLoad         
8228      	sqlceip.exe         	rasman.dll                                                            	0x34000         	C:\Windows\SYSTEM32\rasman.dll                                                                                                  	0x7ffceffa0000        	1       	StaticDependency    
8228      	sqlceip.exe         	rtutils.dll                                                           	0x16000         	C:\Windows\SYSTEM32\rtutils.dll                                                                                                 	0x7ffd05dc0000        	1       	DelayloadDependency 
8228      	sqlceip.exe         	ws2_32.dll                                                            	0x6b000         	C:\Windows\System32\ws2_32.dll                                                                                                  	0x7ffd14dc0000        	1       	DynamicLoad         
8228      	sqlceip.exe         	mswsock.dll                                                           	0x6a000         	C:\Windows\system32\mswsock.dll                                                                                                 	0x7ffd125b0000        	1       	DynamicLoad         
8228      	sqlceip.exe         	winhttp.dll                                                           	0x10a000        	C:\Windows\SYSTEM32\winhttp.dll                                                                                                 	0x7ffd0a550000        	1       	DynamicLoad         
8228      	sqlceip.exe         	IPHLPAPI.DLL                                                          	0x3c000         	C:\Windows\SYSTEM32\IPHLPAPI.DLL                                                                                                	0x7ffd122a0000        	1       	DelayloadDependency 
8228      	sqlceip.exe         	NSI.dll                                                               	0x8000          	C:\Windows\System32\NSI.dll                                                                                                     	0x7ffd13870000        	1       	DelayloadDependency 
8228      	sqlceip.exe         	dhcpcsvc6.DLL                                                         	0x17000         	C:\Windows\SYSTEM32\dhcpcsvc6.DLL                                                                                               	0x7ffd0b670000        	1       	DelayloadDependency 
8228      	sqlceip.exe         	dhcpcsvc.DLL                                                          	0x1d000         	C:\Windows\SYSTEM32\dhcpcsvc.DLL                                                                                                	0x7ffd0b650000        	1       	DelayloadDependency 
8228      	sqlceip.exe         	DNSAPI.dll                                                            	0xcb000         	C:\Windows\SYSTEM32\DNSAPI.dll                                                                                                  	0x7ffd122e0000        	2       	DelayloadDependency 
8228      	sqlceip.exe         	WINNSI.DLL                                                            	0xb000          	C:\Windows\SYSTEM32\WINNSI.DLL                                                                                                  	0x7ffd0b6b0000        	1       	DelayloadDependency 
8228      	sqlceip.exe         	rasadhlp.dll                                                          	0xa000          	C:\Windows\System32\rasadhlp.dll                                                                                                	0x7ffd06b20000        	1       	DynamicLoad         
8228      	sqlceip.exe         	fwpuclnt.dll                                                          	0x82000         	C:\Windows\System32\fwpuclnt.dll                                                                                                	0x7ffd07b70000        	1       	DynamicLoad         
8228      	sqlceip.exe         	secur32.dll                                                           	0xc000          	C:\Windows\SYSTEM32\secur32.dll                                                                                                 	0x7ffd05e80000        	1       	DynamicLoad         
8228      	sqlceip.exe         	SSPICLI.DLL                                                           	0x32000         	C:\Windows\SYSTEM32\SSPICLI.DLL                                                                                                 	0x7ffd12dc0000        	1       	DynamicForwarderDependency
8228      	sqlceip.exe         	schannel.DLL                                                          	0x99000         	C:\Windows\system32\schannel.DLL                                                                                                	0x7ffd11df0000        	1       	DynamicLoad         
8228      	sqlceip.exe         	mskeyprotect.dll                                                      	0x16000         	C:\Windows\SYSTEM32\mskeyprotect.dll                                                                                            	0x7ffd00d00000        	1       	DynamicLoad         
8228      	sqlceip.exe         	NTASN1.dll                                                            	0x3b000         	C:\Windows\SYSTEM32\NTASN1.dll                                                                                                  	0x7ffd128f0000        	1       	DelayloadDependency 
8228      	sqlceip.exe         	ncrypt.dll                                                            	0x28000         	C:\Windows\SYSTEM32\ncrypt.dll                                                                                                  	0x7ffd12930000        	1       	DelayloadDependency 
8228      	sqlceip.exe         	ncryptsslp.dll                                                        	0x26000         	C:\Windows\system32\ncryptsslp.dll                                                                                              	0x7ffd00db0000        	1       	DynamicLoad         
8228      	sqlceip.exe         	crypt32.dll                                                           	0x15e000        	C:\Windows\System32\crypt32.dll                                                                                                 	0x7ffd12f80000        	1       	DynamicLoad         
8228      	sqlceip.exe         	MSASN1.dll                                                            	0x12000         	C:\Windows\SYSTEM32\MSASN1.dll                                                                                                  	0x7ffd12a50000        	1       	DelayloadDependency 
8228      	sqlceip.exe         	webengine4.dll                                                        	0xa1000         	C:\Windows\Microsoft.NET\Framework64\v4.0.30319\webengine4.dll                                                                  	0x7ffcb7000000        	1       	DynamicLoad         
8228      	sqlceip.exe         	USERENV.dll                                                           	0x2e000         	C:\Windows\SYSTEM32\USERENV.dll                                                                                                 	0x7ffd12d90000        	1       	StaticDependency    
8228      	sqlceip.exe         	System.Data.ni.dll                                                    	0x983000        	C:\Windows\assembly\NativeImages_v4.0.30319_64\System.Data\8793b119884d4dbc73a6ac549e8d7ba1\System.Data.ni.dll                  	0x7ffca5ec0000        	1       	DynamicLoad         
8228      	sqlceip.exe         	System.Data.dll                                                       	0x36a000        	C:\Windows\Microsoft.Net\assembly\GAC_64\System.Data\v4.0_4.0.0.0__b77a5c561934e089\System.Data.dll                             	0x7ffca5b50000        	1       	DynamicLoad         
8228      	sqlceip.exe         	System.Transactions.ni.dll                                            	0xdb000         	C:\Windows\assembly\NativeImages_v4.0.30319_64\System.Transactions\302b642be9b350c41c1ae4b6bc72d6ec\System.Transactions.ni.dll  	0x7ffca5a70000        	1       	DynamicLoad         
8228      	sqlceip.exe         	System.Transactions.dll                                               	0x4f000         	C:\Windows\Microsoft.Net\assembly\GAC_64\System.Transactions\v4.0_4.0.0.0__b77a5c561934e089\System.Transactions.dll             	0x7ffcd78c0000        	1       	DynamicLoad         
8228      	sqlceip.exe         	System.EnterpriseServices.Wrapper.dll                                 	0x27000         	C:\Windows\Microsoft.Net\assembly\GAC_64\System.EnterpriseServices\v4.0_4.0.0.0__b03f5f7f11d50a3a\System.EnterpriseServices.Wrapper.dll	0x7ffcd7460000        	1       	DynamicLoad         
8228      	sqlceip.exe         	OLEAUT32.dll                                                          	0xcd000         	C:\Windows\System32\OLEAUT32.dll                                                                                                	0x7ffd13e00000        	1       	StaticDependency    
8228      	sqlceip.exe         	security.dll                                                          	0x3000          	C:\Windows\system32\security.dll                                                                                                	0x1fe95360000         	1       	DynamicLoad         
8228      	sqlceip.exe         	kerberos.DLL                                                          	0x118000        	C:\Windows\system32\kerberos.DLL                                                                                                	0x7ffd12680000        	1       	DynamicLoad         
8228      	sqlceip.exe         	msv1_0.DLL                                                            	0x8b000         	C:\Windows\system32\msv1_0.DLL                                                                                                  	0x7ffd12520000        	1       	DynamicLoad         
8228      	sqlceip.exe         	NtlmShared.dll                                                        	0x14000         	C:\Windows\SYSTEM32\NtlmShared.dll                                                                                              	0x7ffd12500000        	1       	StaticDependency    
8228      	sqlceip.exe         	cryptdll.dll                                                          	0x15000         	C:\Windows\SYSTEM32\cryptdll.dll                                                                                                	0x7ffd12620000        	1       	StaticDependency    
8228      	sqlceip.exe         	ntdsapi.dll                                                           	0x2a000         	C:\Windows\system32\ntdsapi.dll                                                                                                 	0x7ffcd7790000        	1       	DynamicLoad         
8228      	sqlceip.exe         	DSPARSE.DLL                                                           	0xc000          	C:\Windows\SYSTEM32\DSPARSE.DLL                                                                                                 	0x7ffd0b150000        	1       	DynamicForwarderDependency
8228      	sqlceip.exe         	netapi32.dll                                                          	0x19000         	C:\Windows\system32\netapi32.dll                                                                                                	0x7ffd041a0000        	1       	DynamicLoad         
8228      	sqlceip.exe         	LOGONCLI.DLL                                                          	0x43000         	C:\Windows\SYSTEM32\LOGONCLI.DLL                                                                                                	0x7ffd123c0000        	1       	DynamicForwarderDependency
8228      	sqlceip.exe         	NETUTILS.DLL                                                          	0xc000          	C:\Windows\SYSTEM32\NETUTILS.DLL                                                                                                	0x7ffd123b0000        	1       	DynamicForwarderDependency
8228      	sqlceip.exe         	System.Management.ni.dll                                              	0x166000        	C:\Windows\assembly\NativeImages_v4.0.30319_64\System.Management\6cbd812e5ed0c5c8ab4e4cd851b7b0ca\System.Management.ni.dll      	0x7ffca5900000        	1       	DynamicLoad         
8228      	sqlceip.exe         	wminet_utils.dll                                                      	0x2f000         	C:\Windows\Microsoft.NET\Framework64\v4.0.30319\wminet_utils.dll                                                                	0x7ffcd73f0000        	1       	DynamicLoad         
8228      	sqlceip.exe         	clbcatq.dll                                                           	0xa9000         	C:\Windows\System32\clbcatq.dll                                                                                                 	0x7ffd13d50000        	1       	DelayloadDependency 
8228      	sqlceip.exe         	wmiutils.dll                                                          	0x28000         	C:\Windows\system32\wbem\wmiutils.dll                                                                                           	0x7ffd00e60000        	1       	DynamicLoad         
8228      	sqlceip.exe         	wbemcomn.dll                                                          	0x90000         	C:\Windows\SYSTEM32\wbemcomn.dll                                                                                                	0x7ffd04590000        	1       	StaticDependency    
8228      	sqlceip.exe         	wbemprox.dll                                                          	0x11000         	C:\Windows\system32\wbem\wbemprox.dll                                                                                           	0x7ffd025c0000        	1       	DynamicLoad         
8228      	sqlceip.exe         	wbemsvc.dll                                                           	0x14000         	C:\Windows\system32\wbem\wbemsvc.dll                                                                                            	0x7ffd00f00000        	1       	DynamicLoad         
8228      	sqlceip.exe         	fastprox.dll                                                          	0x10b000        	C:\Windows\system32\wbem\fastprox.dll                                                                                           	0x7ffd00f20000        	1       	DynamicLoad         
8228      	sqlceip.exe         	amsi.dll                                                              	0x1f000         	C:\Windows\SYSTEM32\amsi.dll                                                                                                    	0x7ffd00410000        	1       	DynamicLoad         
8228      	sqlceip.exe         	MpOav.dll                                                             	0xa0000         	C:\ProgramData\Microsoft\Windows Defender\Platform\4.18.25060.7-0\MpOav.dll                                                     	0x7ffd00370000        	1       	DynamicLoad         
8228      	sqlceip.exe         	System.Xml.Linq.ni.dll                                                	0x79000         	C:\Windows\assembly\NativeImages_v4.0.30319_64\System.Xml.Linq\627faf5941962a993235402a1c2bf310\System.Xml.Linq.ni.dll          	0x7ffcb6f80000        	1       	DynamicLoad         
8228      	sqlceip.exe         	System.Net.Http.ni.dll                                                	0xa3000         	C:\Windows\assembly\NativeImages_v4.0.30319_64\System.Net.Http\7171e4f2fc77fd3d7a6c51b58b5f7108\System.Net.Http.ni.dll          	0x7ffca5850000        	1       	DynamicLoad         
8228      	sqlceip.exe         	napinsp.dll                                                           	0x17000         	C:\Windows\system32\napinsp.dll                                                                                                 	0x7ffccbfb0000        	1       	DynamicLoad         
8228      	sqlceip.exe         	pnrpnsp.dll                                                           	0x1b000         	C:\Windows\system32\pnrpnsp.dll                                                                                                 	0x7ffcff420000        	1       	DynamicLoad         
8228      	sqlceip.exe         	wshbth.dll                                                            	0x15000         	C:\Windows\system32\wshbth.dll                                                                                                  	0x7ffcf9900000        	1       	DynamicLoad         
8228      	sqlceip.exe         	NLAapi.dll                                                            	0x1d000         	C:\Windows\system32\NLAapi.dll                                                                                                  	0x7ffd0e700000        	1       	DynamicLoad         
8228      	sqlceip.exe         	winrnr.dll                                                            	0x12000         	C:\Windows\System32\winrnr.dll                                                                                                  	0x7ffcff440000        	1       	DynamicLoad         
8272      	svchost.exe         	ntdll.dll                                                             	0x1f8000        	C:\Windows\SYSTEM32\ntdll.dll                                                                                                   	0x7ffd157f0000        	2       	StaticDependency    
8272      	svchost.exe         	KERNEL32.DLL                                                          	0xbf000         	C:\Windows\System32\KERNEL32.DLL                                                                                                	0x7ffd155b0000        	2       	DynamicLoad         
8272      	svchost.exe         	KERNELBASE.dll                                                        	0x2f6000        	C:\Windows\System32\KERNELBASE.dll                                                                                              	0x7ffd133b0000        	1       	StaticDependency    
8272      	svchost.exe         	sechost.dll                                                           	0x9c000         	C:\Windows\System32\sechost.dll                                                                                                 	0x7ffd15450000        	2       	StaticDependency    
8272      	svchost.exe         	RPCRT4.dll                                                            	0x126000        	C:\Windows\System32\RPCRT4.dll                                                                                                  	0x7ffd13c20000        	2       	StaticDependency    
8272      	svchost.exe         	ucrtbase.dll                                                          	0x100000        	C:\Windows\System32\ucrtbase.dll                                                                                                	0x7ffd13180000        	2       	StaticDependency    
8272      	svchost.exe         	combase.dll                                                           	0x354000        	C:\Windows\System32\combase.dll                                                                                                 	0x7ffd150f0000        	1       	DelayloadDependency 
8272      	svchost.exe         	kernel.appcore.dll                                                    	0x12000         	C:\Windows\SYSTEM32\kernel.appcore.dll                                                                                          	0x7ffd10db0000        	1       	DelayloadDependency 
8272      	svchost.exe         	msvcrt.dll                                                            	0x9e000         	C:\Windows\System32\msvcrt.dll                                                                                                  	0x7ffd13af0000        	1       	StaticDependency    
8272      	svchost.exe         	bcryptPrimitives.dll                                                  	0x82000         	C:\Windows\System32\bcryptPrimitives.dll                                                                                        	0x7ffd132b0000        	3       	DelayloadDependency 
8272      	svchost.exe         	user32.dll                                                            	0x19d000        	C:\Windows\System32\user32.dll                                                                                                  	0x7ffd14e90000        	1       	DelayloadDependency 
8272      	svchost.exe         	win32u.dll                                                            	0x22000         	C:\Windows\System32\win32u.dll                                                                                                  	0x7ffd13820000        	1       	StaticDependency    
8272      	svchost.exe         	GDI32.dll                                                             	0x2c000         	C:\Windows\System32\GDI32.dll                                                                                                   	0x7ffd13bf0000        	1       	StaticDependency    
8272      	svchost.exe         	gdi32full.dll                                                         	0x115000        	C:\Windows\System32\gdi32full.dll                                                                                               	0x7ffd136b0000        	1       	StaticDependency    
8272      	svchost.exe         	msvcp_win.dll                                                         	0x9d000         	C:\Windows\System32\msvcp_win.dll                                                                                               	0x7ffd130e0000        	1       	StaticDependency    
8272      	svchost.exe         	usosvc.dll                                                            	0x91000         	c:\windows\system32\usosvc.dll                                                                                                  	0x7ffccf020000        	1       	DynamicLoad         
8272      	svchost.exe         	OLEAUT32.dll                                                          	0xcd000         	C:\Windows\System32\OLEAUT32.dll                                                                                                	0x7ffd13e00000        	1       	StaticDependency    
8272      	svchost.exe         	powrprof.dll                                                          	0x4b000         	C:\Windows\SYSTEM32\powrprof.dll                                                                                                	0x7ffd12c90000        	1       	StaticDependency    
8272      	svchost.exe         	UMPDC.dll                                                             	0x12000         	c:\windows\system32\UMPDC.dll                                                                                                   	0x7ffd12a70000        	1       	StaticDependency    
8272      	svchost.exe         	profapi.dll                                                           	0x1f000         	c:\windows\system32\profapi.dll                                                                                                 	0x7ffd12e10000        	1       	StaticDependency    
8272      	svchost.exe         	UpdatePolicy.dll                                                      	0x43000         	c:\windows\system32\UpdatePolicy.dll                                                                                            	0x7ffcfd6e0000        	1       	StaticDependency    
8272      	svchost.exe         	shcore.dll                                                            	0xad000         	C:\Windows\System32\shcore.dll                                                                                                  	0x7ffd13880000        	1       	StaticDependency    
8272      	svchost.exe         	CRYPT32.dll                                                           	0x15e000        	C:\Windows\System32\CRYPT32.dll                                                                                                 	0x7ffd12f80000        	1       	StaticDependency    
8272      	svchost.exe         	WINTRUST.dll                                                          	0x67000         	C:\Windows\System32\WINTRUST.dll                                                                                                	0x7ffd13340000        	1       	StaticDependency    
8272      	svchost.exe         	Cabinet.dll                                                           	0x29000         	c:\windows\system32\Cabinet.dll                                                                                                 	0x7ffd0b960000        	1       	StaticDependency    
8272      	svchost.exe         	USERENV.dll                                                           	0x2e000         	c:\windows\system32\USERENV.dll                                                                                                 	0x7ffd12d90000        	1       	StaticDependency    
8272      	svchost.exe         	cryptsp.dll                                                           	0x18000         	C:\Windows\SYSTEM32\cryptsp.dll                                                                                                 	0x7ffd127a0000        	1       	StaticDependency    
8272      	svchost.exe         	advapi32.dll                                                          	0xaf000         	C:\Windows\System32\advapi32.dll                                                                                                	0x7ffd15040000        	1       	StaticDependency    
8272      	svchost.exe         	MSASN1.dll                                                            	0x12000         	C:\Windows\System32\MSASN1.dll                                                                                                  	0x7ffd12a50000        	1       	DelayloadDependency 
8272      	svchost.exe         	WLDP.DLL                                                              	0x2e000         	C:\Windows\SYSTEM32\WLDP.DLL                                                                                                    	0x7ffd12850000        	1       	DynamicLoad         
8272      	svchost.exe         	clbcatq.dll                                                           	0xa9000         	C:\Windows\System32\clbcatq.dll                                                                                                 	0x7ffd13d50000        	1       	DelayloadDependency 
8272      	svchost.exe         	taskschd.dll                                                          	0xac000         	C:\Windows\System32\taskschd.dll                                                                                                	0x7ffd0e5a0000        	1       	DynamicLoad         
8272      	svchost.exe         	SspiCli.dll                                                           	0x32000         	C:\Windows\System32\SspiCli.dll                                                                                                 	0x7ffd12dc0000        	1       	DelayloadDependency 
8272      	svchost.exe         	UPShared.dll                                                          	0xb2000         	c:\windows\system32\UPShared.dll                                                                                                	0x7ffccef60000        	1       	DelayloadDependency 
8272      	svchost.exe         	WINHTTP.dll                                                           	0x10a000        	c:\windows\system32\WINHTTP.dll                                                                                                 	0x7ffd0a550000        	1       	StaticDependency    
8272      	svchost.exe         	bcrypt.dll                                                            	0x27000         	C:\Windows\System32\bcrypt.dll                                                                                                  	0x7ffd13280000        	2       	StaticDependency    
8272      	svchost.exe         	DPAPI.DLL                                                             	0xa000          	c:\windows\system32\DPAPI.DLL                                                                                                   	0x7ffd12c80000        	1       	StaticForwarderDependency
8272      	svchost.exe         	usocoreps.dll                                                         	0xd000          	C:\Windows\System32\usocoreps.dll                                                                                               	0x7ffce7170000        	1       	DynamicLoad         
8272      	svchost.exe         	usoapi.dll                                                            	0x26000         	C:\Windows\System32\usoapi.dll                                                                                                  	0x7ffcfd750000        	1       	DynamicLoad         
8272      	svchost.exe         	XmlLite.dll                                                           	0x36000         	C:\Windows\System32\XmlLite.dll                                                                                                 	0x7ffd0ea10000        	1       	DelayloadDependency 
8272      	svchost.exe         	policymanager.dll                                                     	0xa3000         	C:\Windows\SYSTEM32\policymanager.dll                                                                                           	0x7ffd0c380000        	1       	DelayloadDependency 
8272      	svchost.exe         	msvcp110_win.dll                                                      	0x8a000         	c:\windows\system32\msvcp110_win.dll                                                                                            	0x7ffd11fa0000        	1       	StaticDependency    
8272      	svchost.exe         	WaaSAssessment.dll                                                    	0x2a000         	C:\Windows\System32\WaaSAssessment.dll                                                                                          	0x7ffcd7870000        	1       	DynamicLoad         
8272      	svchost.exe         	OneSettingsClient.dll                                                 	0x32000         	C:\Windows\System32\OneSettingsClient.dll                                                                                       	0x7ffcea540000        	2       	StaticDependency    
8272      	svchost.exe         	FlightSettings.dll                                                    	0xe5000         	C:\Windows\System32\FlightSettings.dll                                                                                          	0x7ffd00780000        	1       	DynamicLoad         
8272      	svchost.exe         	Windows.Web.dll                                                       	0xc3000         	C:\Windows\System32\Windows.Web.dll                                                                                             	0x7ffcf7e60000        	1       	DynamicLoad         
8272      	svchost.exe         	iertutil.dll                                                          	0x2b1000        	C:\Windows\System32\iertutil.dll                                                                                                	0x7ffd09010000        	1       	StaticDependency    
8272      	svchost.exe         	wosc.dll                                                              	0x48000         	C:\Windows\System32\wosc.dll                                                                                                    	0x7ffce1a30000        	1       	DynamicLoad         
8272      	svchost.exe         	Windows.Networking.Connectivity.dll                                   	0xb9000         	C:\Windows\System32\Windows.Networking.Connectivity.dll                                                                         	0x7ffcf9950000        	1       	DynamicLoad         
8272      	svchost.exe         	npmproxy.dll                                                          	0x10000         	C:\Windows\System32\npmproxy.dll                                                                                                	0x7ffd06c00000        	1       	DynamicLoad         
8272      	svchost.exe         	WinTypes.dll                                                          	0x154000        	C:\Windows\System32\WinTypes.dll                                                                                                	0x7ffd0ebd0000        	1       	DynamicLoad         
8272      	svchost.exe         	IPHLPAPI.DLL                                                          	0x3c000         	C:\Windows\System32\IPHLPAPI.DLL                                                                                                	0x7ffd122a0000        	1       	DelayloadDependency 
8272      	svchost.exe         	NSI.dll                                                               	0x8000          	C:\Windows\System32\NSI.dll                                                                                                     	0x7ffd13870000        	1       	DelayloadDependency 
8272      	svchost.exe         	dusmapi.dll                                                           	0x11000         	C:\Windows\System32\dusmapi.dll                                                                                                 	0x7ffcf96d0000        	1       	DelayloadDependency 
8272      	svchost.exe         	Windows.System.Profile.PlatformDiagnosticsAndUsageDataSettings.dll    	0x16000         	C:\Windows\System32\Windows.System.Profile.PlatformDiagnosticsAndUsageDataSettings.dll                                          	0x7ffce1a10000        	1       	DynamicLoad         
8272      	svchost.exe         	windows.storage.dll                                                   	0x793000        	C:\Windows\SYSTEM32\windows.storage.dll                                                                                         	0x7ffd10fb0000        	1       	DelayloadDependency 
8272      	svchost.exe         	shlwapi.dll                                                           	0x55000         	C:\Windows\System32\shlwapi.dll                                                                                                 	0x7ffd15550000        	1       	DelayloadDependency 
8272      	svchost.exe         	configmanager2.dll                                                    	0xb4000         	C:\Windows\system32\configmanager2.dll                                                                                          	0x7ffcccd50000        	1       	DynamicLoad         
8272      	svchost.exe         	dmiso8601utils.dll                                                    	0x9000          	C:\Windows\system32\dmiso8601utils.dll                                                                                          	0x7ffce7c70000        	1       	StaticDependency    
8272      	svchost.exe         	DMCmnUtils.dll                                                        	0x78000         	C:\Windows\system32\DMCmnUtils.dll                                                                                              	0x7ffcceee0000        	1       	StaticDependency    
8272      	svchost.exe         	dmEnrollEngine.DLL                                                    	0xda000         	C:\Windows\system32\dmEnrollEngine.DLL                                                                                          	0x7ffcccc70000        	1       	StaticDependency    
8272      	svchost.exe         	ncrypt.dll                                                            	0x28000         	C:\Windows\system32\ncrypt.dll                                                                                                  	0x7ffd12930000        	1       	StaticDependency    
8272      	svchost.exe         	DMOleAutUtils.dll                                                     	0xc000          	C:\Windows\system32\DMOleAutUtils.dll                                                                                           	0x7ffcd7860000        	1       	StaticDependency    
8272      	svchost.exe         	enterpriseresourcemanager.dll                                         	0x20000         	C:\Windows\system32\enterpriseresourcemanager.dll                                                                               	0x7ffcccc50000        	1       	StaticDependency    
8272      	svchost.exe         	DEVOBJ.dll                                                            	0x2c000         	C:\Windows\system32\DEVOBJ.dll                                                                                                  	0x7ffd12c30000        	1       	StaticDependency    
8272      	svchost.exe         	tbs.dll                                                               	0x1a000         	C:\Windows\system32\tbs.dll                                                                                                     	0x7ffd06d80000        	1       	StaticDependency    
8272      	svchost.exe         	cfgmgr32.dll                                                          	0x4e000         	C:\Windows\System32\cfgmgr32.dll                                                                                                	0x7ffd137d0000        	1       	StaticDependency    
8272      	svchost.exe         	imagehlp.dll                                                          	0x1d000         	C:\Windows\System32\imagehlp.dll                                                                                                	0x7ffd13850000        	1       	StaticDependency    
8272      	svchost.exe         	NTASN1.dll                                                            	0x3b000         	C:\Windows\system32\NTASN1.dll                                                                                                  	0x7ffd128f0000        	1       	DelayloadDependency 
8272      	svchost.exe         	WS2_32.dll                                                            	0x6b000         	C:\Windows\System32\WS2_32.dll                                                                                                  	0x7ffd14dc0000        	1       	StaticDependency    
8272      	svchost.exe         	rsaenh.dll                                                            	0x34000         	C:\Windows\system32\rsaenh.dll                                                                                                  	0x7ffd11ed0000        	1       	DynamicLoad         
8272      	svchost.exe         	CRYPTBASE.dll                                                         	0xc000          	C:\Windows\system32\CRYPTBASE.dll                                                                                               	0x7ffd127c0000        	1       	DelayloadDependency 
8272      	svchost.exe         	enterprisecsps.dll                                                    	0x252000        	C:\Windows\System32\enterprisecsps.dll                                                                                          	0x7ffccc9f0000        	1       	DynamicLoad         
8272      	svchost.exe         	omadmapi.dll                                                          	0x3d000         	C:\Windows\System32\omadmapi.dll                                                                                                	0x7ffccc9b0000        	1       	StaticDependency    
8272      	svchost.exe         	DMCfgUtils.dll                                                        	0x20000         	C:\Windows\System32\DMCfgUtils.dll                                                                                              	0x7ffccecd0000        	1       	StaticDependency    
8272      	svchost.exe         	certenroll.dll                                                        	0x33c000        	C:\Windows\System32\certenroll.dll                                                                                              	0x7ffcea750000        	1       	StaticDependency    
8272      	svchost.exe         	dmenterprisediagnostics.dll                                           	0x5f000         	C:\Windows\System32\dmenterprisediagnostics.dll                                                                                 	0x7ffccc950000        	1       	StaticDependency    
8272      	svchost.exe         	dmxmlhelputils.dll                                                    	0x1f000         	C:\Windows\System32\dmxmlhelputils.dll                                                                                          	0x7ffccecb0000        	1       	StaticDependency    
8272      	svchost.exe         	certca.dll                                                            	0xcd000         	C:\Windows\System32\certca.dll                                                                                                  	0x7ffcea680000        	1       	StaticDependency    
8272      	svchost.exe         	WLDAP32.dll                                                           	0x56000         	C:\Windows\System32\WLDAP32.dll                                                                                                 	0x7ffd14e30000        	1       	StaticDependency    
8272      	svchost.exe         	DSPARSE.dll                                                           	0xc000          	C:\Windows\System32\DSPARSE.dll                                                                                                 	0x7ffd0b150000        	1       	StaticDependency    
8272      	svchost.exe         	Windows.Security.Authentication.OnlineId.dll                          	0xf4000         	C:\Windows\System32\Windows.Security.Authentication.OnlineId.dll                                                                	0x7ffcfd3c0000        	1       	DynamicLoad         
8272      	svchost.exe         	OneCoreUAPCommonProxyStub.dll                                         	0x7cb000        	C:\Windows\System32\OneCoreUAPCommonProxyStub.dll                                                                               	0x7ffd0c960000        	1       	DynamicLoad         
8272      	svchost.exe         	ole32.dll                                                             	0x12a000        	C:\Windows\System32\ole32.dll                                                                                                   	0x7ffd140d0000        	1       	DelayloadDependency 
8272      	svchost.exe         	mswsock.dll                                                           	0x6a000         	C:\Windows\system32\mswsock.dll                                                                                                 	0x7ffd125b0000        	1       	DynamicLoad         
8272      	svchost.exe         	WINNSI.DLL                                                            	0xb000          	C:\Windows\SYSTEM32\WINNSI.DLL                                                                                                  	0x7ffd0b6b0000        	1       	DelayloadDependency 
8272      	svchost.exe         	dhcpcsvc6.DLL                                                         	0x17000         	C:\Windows\SYSTEM32\dhcpcsvc6.DLL                                                                                               	0x7ffd0b670000        	1       	DelayloadDependency 
8272      	svchost.exe         	dhcpcsvc.DLL                                                          	0x1d000         	C:\Windows\SYSTEM32\dhcpcsvc.DLL                                                                                                	0x7ffd0b650000        	1       	DelayloadDependency 
8272      	svchost.exe         	webio.dll                                                             	0x98000         	c:\windows\system32\webio.dll                                                                                                   	0x7ffd00bf0000        	1       	DelayloadDependency 
8272      	svchost.exe         	DNSAPI.dll                                                            	0xcb000         	C:\Windows\SYSTEM32\DNSAPI.dll                                                                                                  	0x7ffd122e0000        	1       	DelayloadDependency 
8272      	svchost.exe         	rasadhlp.dll                                                          	0xa000          	C:\Windows\System32\rasadhlp.dll                                                                                                	0x7ffd06b20000        	1       	DynamicLoad         
8272      	svchost.exe         	schannel.DLL                                                          	0x99000         	C:\Windows\system32\schannel.DLL                                                                                                	0x7ffd11df0000        	1       	DynamicLoad         
8272      	svchost.exe         	mskeyprotect.dll                                                      	0x16000         	C:\Windows\SYSTEM32\mskeyprotect.dll                                                                                            	0x7ffd00d00000        	1       	DynamicLoad         
8272      	svchost.exe         	ncryptsslp.dll                                                        	0x26000         	C:\Windows\system32\ncryptsslp.dll                                                                                              	0x7ffd00db0000        	1       	DynamicLoad         
8272      	svchost.exe         	cryptnet.dll                                                          	0x31000         	C:\Windows\system32\cryptnet.dll                                                                                                	0x7ffd00c90000        	1       	DynamicLoad         
8272      	svchost.exe         	gpapi.dll                                                             	0x23000         	C:\Windows\SYSTEM32\gpapi.dll                                                                                                   	0x7ffd11760000        	1       	DelayloadDependency 
8416      	svchost.exe         	ntdll.dll                                                             	0x1f8000        	C:\Windows\SYSTEM32\ntdll.dll                                                                                                   	0x7ffd157f0000        	2       	StaticDependency    
8416      	svchost.exe         	KERNEL32.DLL                                                          	0xbf000         	C:\Windows\System32\KERNEL32.DLL                                                                                                	0x7ffd155b0000        	2       	DynamicLoad         
8416      	svchost.exe         	KERNELBASE.dll                                                        	0x2f6000        	C:\Windows\System32\KERNELBASE.dll                                                                                              	0x7ffd133b0000        	1       	StaticDependency    
8416      	svchost.exe         	sechost.dll                                                           	0x9c000         	C:\Windows\System32\sechost.dll                                                                                                 	0x7ffd15450000        	2       	StaticDependency    
8416      	svchost.exe         	RPCRT4.dll                                                            	0x126000        	C:\Windows\System32\RPCRT4.dll                                                                                                  	0x7ffd13c20000        	2       	StaticDependency    
8416      	svchost.exe         	ucrtbase.dll                                                          	0x100000        	C:\Windows\System32\ucrtbase.dll                                                                                                	0x7ffd13180000        	2       	StaticDependency    
8416      	svchost.exe         	combase.dll                                                           	0x354000        	C:\Windows\System32\combase.dll                                                                                                 	0x7ffd150f0000        	1       	DelayloadDependency 
8416      	svchost.exe         	kernel.appcore.dll                                                    	0x12000         	C:\Windows\SYSTEM32\kernel.appcore.dll                                                                                          	0x7ffd10db0000        	1       	DelayloadDependency 
8416      	svchost.exe         	msvcrt.dll                                                            	0x9e000         	C:\Windows\System32\msvcrt.dll                                                                                                  	0x7ffd13af0000        	1       	StaticDependency    
8416      	svchost.exe         	bcryptPrimitives.dll                                                  	0x82000         	C:\Windows\System32\bcryptPrimitives.dll                                                                                        	0x7ffd132b0000        	3       	DelayloadDependency 
8416      	svchost.exe         	user32.dll                                                            	0x19d000        	C:\Windows\System32\user32.dll                                                                                                  	0x7ffd14e90000        	1       	DelayloadDependency 
8416      	svchost.exe         	win32u.dll                                                            	0x22000         	C:\Windows\System32\win32u.dll                                                                                                  	0x7ffd13820000        	1       	StaticDependency    
8416      	svchost.exe         	GDI32.dll                                                             	0x2c000         	C:\Windows\System32\GDI32.dll                                                                                                   	0x7ffd13bf0000        	1       	StaticDependency    
8416      	svchost.exe         	gdi32full.dll                                                         	0x115000        	C:\Windows\System32\gdi32full.dll                                                                                               	0x7ffd136b0000        	1       	StaticDependency    
8416      	svchost.exe         	msvcp_win.dll                                                         	0x9d000         	C:\Windows\System32\msvcp_win.dll                                                                                               	0x7ffd130e0000        	1       	StaticDependency    
8416      	svchost.exe         	IMM32.DLL                                                             	0x30000         	C:\Windows\System32\IMM32.DLL                                                                                                   	0x7ffd15780000        	1       	DynamicLoad         
8416      	svchost.exe         	aphostservice.dll                                                     	0x5c000         	c:\windows\system32\aphostservice.dll                                                                                           	0x7ffccedb0000        	1       	DynamicLoad         
8416      	svchost.exe         	NetworkHelper.dll                                                     	0x26000         	c:\windows\system32\NetworkHelper.dll                                                                                           	0x7ffcced80000        	1       	StaticDependency    
8416      	svchost.exe         	UMPDC.dll                                                             	0x12000         	c:\windows\system32\UMPDC.dll                                                                                                   	0x7ffd12a70000        	1       	StaticDependency    
8416      	svchost.exe         	SYNCUTIL.dll                                                          	0x65000         	c:\windows\system32\SYNCUTIL.dll                                                                                                	0x7ffcced10000        	1       	StaticDependency    
8416      	svchost.exe         	UserDataPlatformHelperUtil.dll                                        	0x15000         	c:\windows\system32\UserDataPlatformHelperUtil.dll                                                                              	0x7ffccecf0000        	1       	StaticDependency    
8416      	svchost.exe         	shcore.dll                                                            	0xad000         	C:\Windows\System32\shcore.dll                                                                                                  	0x7ffd13880000        	1       	StaticDependency    
8416      	svchost.exe         	OLEAUT32.dll                                                          	0xcd000         	C:\Windows\System32\OLEAUT32.dll                                                                                                	0x7ffd13e00000        	1       	StaticDependency    
8416      	svchost.exe         	advapi32.dll                                                          	0xaf000         	C:\Windows\System32\advapi32.dll                                                                                                	0x7ffd15040000        	1       	StaticDependency    
8416      	svchost.exe         	MCCSPal.dll                                                           	0xd000          	c:\windows\system32\MCCSPal.dll                                                                                                 	0x7ffcd77c0000        	1       	StaticDependency    
8416      	svchost.exe         	VAULTCLI.dll                                                          	0x51000         	c:\windows\system32\VAULTCLI.dll                                                                                                	0x7ffcf9420000        	1       	StaticDependency    
8416      	svchost.exe         	bcrypt.dll                                                            	0x27000         	C:\Windows\System32\bcrypt.dll                                                                                                  	0x7ffd13280000        	2       	StaticDependency    
8416      	svchost.exe         	DMCfgUtils.dll                                                        	0x20000         	c:\windows\system32\DMCfgUtils.dll                                                                                              	0x7ffccecd0000        	1       	StaticDependency    
8416      	svchost.exe         	wintypes.dll                                                          	0x154000        	C:\Windows\SYSTEM32\wintypes.dll                                                                                                	0x7ffd0ebd0000        	1       	StaticDependency    
8416      	svchost.exe         	msvcp110_win.dll                                                      	0x8a000         	c:\windows\system32\msvcp110_win.dll                                                                                            	0x7ffd11fa0000        	1       	StaticDependency    
8416      	svchost.exe         	DMCmnUtils.dll                                                        	0x78000         	c:\windows\system32\DMCmnUtils.dll                                                                                              	0x7ffcceee0000        	1       	StaticDependency    
8416      	svchost.exe         	CRYPT32.dll                                                           	0x15e000        	C:\Windows\System32\CRYPT32.dll                                                                                                 	0x7ffd12f80000        	1       	StaticDependency    
8416      	svchost.exe         	dmxmlhelputils.dll                                                    	0x1f000         	c:\windows\system32\dmxmlhelputils.dll                                                                                          	0x7ffccecb0000        	1       	StaticDependency    
8416      	svchost.exe         	policymanager.dll                                                     	0xa3000         	c:\windows\system32\policymanager.dll                                                                                           	0x7ffd0c380000        	1       	StaticDependency    
8416      	svchost.exe         	cryptsp.dll                                                           	0x18000         	C:\Windows\SYSTEM32\cryptsp.dll                                                                                                 	0x7ffd127a0000        	1       	StaticDependency    
8416      	svchost.exe         	ncrypt.dll                                                            	0x28000         	c:\windows\system32\ncrypt.dll                                                                                                  	0x7ffd12930000        	1       	StaticDependency    
8416      	svchost.exe         	tbs.dll                                                               	0x1a000         	c:\windows\system32\tbs.dll                                                                                                     	0x7ffd06d80000        	1       	StaticDependency    
8416      	svchost.exe         	imagehlp.dll                                                          	0x1d000         	C:\Windows\System32\imagehlp.dll                                                                                                	0x7ffd13850000        	1       	StaticDependency    
8416      	svchost.exe         	XmlLite.dll                                                           	0x36000         	c:\windows\system32\XmlLite.dll                                                                                                 	0x7ffd0ea10000        	1       	StaticDependency    
8416      	svchost.exe         	NTASN1.dll                                                            	0x3b000         	c:\windows\system32\NTASN1.dll                                                                                                  	0x7ffd128f0000        	1       	DelayloadDependency 
8416      	svchost.exe         	InprocLogger.dll                                                      	0x14000         	c:\windows\system32\InprocLogger.dll                                                                                            	0x7ffccec90000        	1       	DelayloadDependency 
8416      	svchost.exe         	WLDP.DLL                                                              	0x2e000         	C:\Windows\SYSTEM32\WLDP.DLL                                                                                                    	0x7ffd12850000        	1       	DynamicLoad         
8416      	svchost.exe         	profapi.dll                                                           	0x1f000         	c:\windows\system32\profapi.dll                                                                                                 	0x7ffd12e10000        	1       	DelayloadDependency 
8416      	svchost.exe         	SspiCli.dll                                                           	0x32000         	C:\Windows\SYSTEM32\SspiCli.dll                                                                                                 	0x7ffd12dc0000        	1       	DelayloadDependency 
8416      	svchost.exe         	clbcatq.dll                                                           	0xa9000         	C:\Windows\System32\clbcatq.dll                                                                                                 	0x7ffd13d50000        	1       	DelayloadDependency 
8416      	svchost.exe         	iertutil.dll                                                          	0x2b1000        	c:\windows\system32\iertutil.dll                                                                                                	0x7ffd09010000        	1       	DelayloadDependency 
8416      	svchost.exe         	msv1_0.DLL                                                            	0x8b000         	C:\Windows\system32\msv1_0.DLL                                                                                                  	0x7ffd12520000        	1       	DynamicLoad         
8416      	svchost.exe         	NtlmShared.dll                                                        	0x14000         	C:\Windows\system32\NtlmShared.dll                                                                                              	0x7ffd12500000        	1       	StaticDependency    
8416      	svchost.exe         	cryptdll.dll                                                          	0x15000         	C:\Windows\system32\cryptdll.dll                                                                                                	0x7ffd12620000        	1       	StaticDependency    
8416      	svchost.exe         	SyncController.dll                                                    	0x9c000         	C:\Windows\System32\SyncController.dll                                                                                          	0x7ffccebf0000        	1       	DynamicLoad         
8416      	svchost.exe         	PIMSTORE.dll                                                          	0xf5000         	C:\Windows\System32\PIMSTORE.dll                                                                                                	0x7ffccd410000        	1       	StaticDependency    
8416      	svchost.exe         	ntmarta.dll                                                           	0x33000         	C:\Windows\SYSTEM32\ntmarta.dll                                                                                                 	0x7ffd11f60000        	1       	StaticDependency    
8416      	svchost.exe         	APHostClient.dll                                                      	0x17000         	C:\Windows\System32\APHostClient.dll                                                                                            	0x7ffccd3f0000        	1       	StaticDependency    
8416      	svchost.exe         	AccountAccessor.dll                                                   	0x47000         	C:\Windows\System32\AccountAccessor.dll                                                                                         	0x7ffccd3a0000        	1       	StaticDependency    
8416      	svchost.exe         	dsclient.dll                                                          	0xf000          	C:\Windows\System32\dsclient.dll                                                                                                	0x7ffccd390000        	1       	StaticDependency    
8416      	svchost.exe         	MCCSEngineShared.dll                                                  	0x30000         	C:\Windows\System32\MCCSEngineShared.dll                                                                                        	0x7ffccd360000        	1       	StaticDependency    
8416      	svchost.exe         	powrprof.dll                                                          	0x4b000         	C:\Windows\SYSTEM32\powrprof.dll                                                                                                	0x7ffd12c90000        	1       	StaticDependency    
8416      	svchost.exe         	SystemEventsBrokerClient.dll                                          	0xd000          	C:\Windows\System32\SystemEventsBrokerClient.dll                                                                                	0x7ffd0e680000        	1       	StaticDependency    
8416      	svchost.exe         	UserDataLanguageUtil.dll                                              	0x10000         	C:\Windows\System32\UserDataLanguageUtil.dll                                                                                    	0x7ffccd350000        	1       	StaticDependency    
8416      	svchost.exe         	CEMAPI.dll                                                            	0x44000         	C:\Windows\System32\CEMAPI.dll                                                                                                  	0x7ffccd300000        	1       	StaticDependency    
8416      	svchost.exe         	PhoneUtil.dll                                                         	0x5e000         	C:\Windows\System32\PhoneUtil.dll                                                                                               	0x7ffccd2a0000        	1       	StaticDependency    
8416      	svchost.exe         	UserDataTypeHelperUtil.dll                                            	0x11000         	C:\Windows\System32\UserDataTypeHelperUtil.dll                                                                                  	0x7ffccd280000        	1       	StaticDependency    
8416      	svchost.exe         	OneCoreCommonProxyStub.dll                                            	0x7f000         	C:\Windows\System32\OneCoreCommonProxyStub.dll                                                                                  	0x7ffd055b0000        	1       	DynamicLoad         
8416      	svchost.exe         	execmodelproxy.dll                                                    	0x18000         	C:\Windows\system32\execmodelproxy.dll                                                                                          	0x7ffcf9930000        	1       	DynamicLoad         
8416      	svchost.exe         	rmclient.dll                                                          	0x2a000         	C:\Windows\SYSTEM32\rmclient.dll                                                                                                	0x7ffd10ac0000        	1       	DelayloadDependency 
8416      	svchost.exe         	unistore.dll                                                          	0x12a000        	c:\windows\system32\unistore.dll                                                                                                	0x7ffce9bc0000        	1       	DynamicLoad         
8416      	svchost.exe         	ESENT.dll                                                             	0x335000        	c:\windows\system32\ESENT.dll                                                                                                   	0x7ffd01950000        	1       	StaticDependency    
8416      	svchost.exe         	userdataservice.dll                                                   	0x182000        	c:\windows\system32\userdataservice.dll                                                                                         	0x7ffccbd40000        	1       	DynamicLoad         
8416      	svchost.exe         	PimIndexMaintenanceClient.DLL                                         	0x15000         	c:\windows\system32\PimIndexMaintenanceClient.DLL                                                                               	0x7ffcea360000        	1       	StaticDependency    
8416      	svchost.exe         	MessagingDataModel2.DLL                                               	0x10c000        	c:\windows\system32\MessagingDataModel2.DLL                                                                                     	0x7ffccbc30000        	1       	StaticDependency    
8416      	svchost.exe         	usermgrcli.dll                                                        	0x16000         	C:\Windows\SYSTEM32\usermgrcli.dll                                                                                              	0x7ffd0e580000        	1       	DelayloadDependency 
8416      	svchost.exe         	windows.storage.dll                                                   	0x793000        	C:\Windows\SYSTEM32\windows.storage.dll                                                                                         	0x7ffd10fb0000        	1       	DelayloadDependency 
8416      	svchost.exe         	shlwapi.dll                                                           	0x55000         	C:\Windows\System32\shlwapi.dll                                                                                                 	0x7ffd15550000        	1       	DelayloadDependency 
8416      	svchost.exe         	CRYPTBASE.DLL                                                         	0xc000          	C:\Windows\system32\CRYPTBASE.DLL                                                                                               	0x7ffd127c0000        	1       	DynamicLoad         
8416      	svchost.exe         	pimindexmaintenance.dll                                               	0x35000         	c:\windows\system32\pimindexmaintenance.dll                                                                                     	0x7ffce9b80000        	1       	DynamicLoad         
8416      	svchost.exe         	POSyncServices.dll                                                    	0x16000         	C:\Windows\System32\POSyncServices.dll                                                                                          	0x7ffcea340000        	1       	DynamicLoad         
8416      	svchost.exe         	WinSync.dll                                                           	0xcd000         	c:\windows\system32\WinSync.dll                                                                                                 	0x7ffce2a30000        	1       	DelayloadDependency 
8416      	svchost.exe         	CapabilityAccessManagerClient.dll                                     	0x3f000         	C:\Windows\System32\CapabilityAccessManagerClient.dll                                                                           	0x7ffcf8d70000        	1       	DynamicLoad         
8416      	svchost.exe         	AppXDeploymentClient.dll                                              	0x104000        	c:\windows\system32\AppXDeploymentClient.dll                                                                                    	0x7ffd0c590000        	1       	DelayloadDependency 
8416      	svchost.exe         	AppXAllUserStore.dll                                                  	0x60000         	C:\Windows\system32\AppXAllUserStore.dll                                                                                        	0x7ffcfcb80000        	1       	DynamicLoad         
8416      	svchost.exe         	UserDataTimeUtil.dll                                                  	0x23000         	c:\windows\system32\UserDataTimeUtil.dll                                                                                        	0x7ffcefce0000        	1       	DelayloadDependency 
8688      	svchost.exe         	ntdll.dll                                                             	0x1f8000        	C:\Windows\SYSTEM32\ntdll.dll                                                                                                   	0x7ffd157f0000        	2       	StaticDependency    
8688      	svchost.exe         	KERNEL32.DLL                                                          	0xbf000         	C:\Windows\System32\KERNEL32.DLL                                                                                                	0x7ffd155b0000        	2       	DynamicLoad         
8688      	svchost.exe         	KERNELBASE.dll                                                        	0x2f6000        	C:\Windows\System32\KERNELBASE.dll                                                                                              	0x7ffd133b0000        	1       	StaticDependency    
8688      	svchost.exe         	sechost.dll                                                           	0x9c000         	C:\Windows\System32\sechost.dll                                                                                                 	0x7ffd15450000        	2       	StaticDependency    
8688      	svchost.exe         	RPCRT4.dll                                                            	0x126000        	C:\Windows\System32\RPCRT4.dll                                                                                                  	0x7ffd13c20000        	2       	StaticDependency    
8688      	svchost.exe         	ucrtbase.dll                                                          	0x100000        	C:\Windows\System32\ucrtbase.dll                                                                                                	0x7ffd13180000        	2       	StaticDependency    
8688      	svchost.exe         	combase.dll                                                           	0x354000        	C:\Windows\System32\combase.dll                                                                                                 	0x7ffd150f0000        	1       	DelayloadDependency 
8688      	svchost.exe         	kernel.appcore.dll                                                    	0x12000         	C:\Windows\SYSTEM32\kernel.appcore.dll                                                                                          	0x7ffd10db0000        	1       	DelayloadDependency 
8688      	svchost.exe         	msvcrt.dll                                                            	0x9e000         	C:\Windows\System32\msvcrt.dll                                                                                                  	0x7ffd13af0000        	1       	StaticDependency    
8688      	svchost.exe         	bcryptPrimitives.dll                                                  	0x82000         	C:\Windows\System32\bcryptPrimitives.dll                                                                                        	0x7ffd132b0000        	3       	DelayloadDependency 
8688      	svchost.exe         	user32.dll                                                            	0x19d000        	C:\Windows\System32\user32.dll                                                                                                  	0x7ffd14e90000        	1       	DelayloadDependency 
8688      	svchost.exe         	win32u.dll                                                            	0x22000         	C:\Windows\System32\win32u.dll                                                                                                  	0x7ffd13820000        	1       	StaticDependency    
8688      	svchost.exe         	GDI32.dll                                                             	0x2c000         	C:\Windows\System32\GDI32.dll                                                                                                   	0x7ffd13bf0000        	1       	StaticDependency    
8688      	svchost.exe         	gdi32full.dll                                                         	0x115000        	C:\Windows\System32\gdi32full.dll                                                                                               	0x7ffd136b0000        	1       	StaticDependency    
8688      	svchost.exe         	msvcp_win.dll                                                         	0x9d000         	C:\Windows\System32\msvcp_win.dll                                                                                               	0x7ffd130e0000        	1       	StaticDependency    
8688      	svchost.exe         	installservice.dll                                                    	0x27b000        	c:\windows\system32\installservice.dll                                                                                          	0x7ffcccf40000        	1       	DynamicLoad         
8688      	svchost.exe         	shcore.dll                                                            	0xad000         	C:\Windows\System32\shcore.dll                                                                                                  	0x7ffd13880000        	1       	StaticDependency    
8688      	svchost.exe         	OLEAUT32.dll                                                          	0xcd000         	C:\Windows\System32\OLEAUT32.dll                                                                                                	0x7ffd13e00000        	1       	StaticDependency    
8688      	svchost.exe         	advapi32.dll                                                          	0xaf000         	C:\Windows\System32\advapi32.dll                                                                                                	0x7ffd15040000        	1       	StaticDependency    
8688      	svchost.exe         	UMPDC.dll                                                             	0x12000         	c:\windows\system32\UMPDC.dll                                                                                                   	0x7ffd12a70000        	1       	StaticDependency    
8688      	svchost.exe         	WINHTTP.dll                                                           	0x10a000        	c:\windows\system32\WINHTTP.dll                                                                                                 	0x7ffd0a550000        	1       	StaticDependency    
8688      	svchost.exe         	windows.storage.dll                                                   	0x793000        	C:\Windows\SYSTEM32\windows.storage.dll                                                                                         	0x7ffd10fb0000        	1       	StaticDependency    
8688      	svchost.exe         	USERENV.dll                                                           	0x2e000         	c:\windows\system32\USERENV.dll                                                                                                 	0x7ffd12d90000        	1       	StaticDependency    
8688      	svchost.exe         	cryptsp.dll                                                           	0x18000         	C:\Windows\SYSTEM32\cryptsp.dll                                                                                                 	0x7ffd127a0000        	1       	StaticDependency    
8688      	svchost.exe         	Wldp.dll                                                              	0x2e000         	c:\windows\system32\Wldp.dll                                                                                                    	0x7ffd12850000        	1       	StaticDependency    
8688      	svchost.exe         	MPR.dll                                                               	0x1d000         	c:\windows\system32\MPR.dll                                                                                                     	0x7ffd02ca0000        	1       	StaticDependency    
8688      	svchost.exe         	clbcatq.dll                                                           	0xa9000         	C:\Windows\System32\clbcatq.dll                                                                                                 	0x7ffd13d50000        	1       	DelayloadDependency 
8688      	svchost.exe         	usermgrcli.dll                                                        	0x16000         	C:\Windows\SYSTEM32\usermgrcli.dll                                                                                              	0x7ffd0e580000        	1       	DelayloadDependency 
8688      	svchost.exe         	StartTileData.dll                                                     	0x582000        	C:\Windows\System32\StartTileData.dll                                                                                           	0x7ffcf8db0000        	1       	DynamicLoad         
8688      	svchost.exe         	shlwapi.dll                                                           	0x55000         	C:\Windows\System32\shlwapi.dll                                                                                                 	0x7ffd15550000        	1       	StaticDependency    
8688      	svchost.exe         	SspiCli.dll                                                           	0x32000         	C:\Windows\System32\SspiCli.dll                                                                                                 	0x7ffd12dc0000        	1       	StaticDependency    
8688      	svchost.exe         	CoreMessaging.dll                                                     	0xf2000         	C:\Windows\System32\CoreMessaging.dll                                                                                           	0x7ffd103f0000        	1       	StaticDependency    
8688      	svchost.exe         	WS2_32.dll                                                            	0x6b000         	C:\Windows\System32\WS2_32.dll                                                                                                  	0x7ffd14dc0000        	1       	StaticDependency    
8688      	svchost.exe         	Bcp47Langs.dll                                                        	0x5b000         	C:\Windows\System32\Bcp47Langs.dll                                                                                              	0x7ffd0ad50000        	1       	StaticDependency    
8688      	svchost.exe         	EAMProgressHandler.dll                                                	0x19000         	C:\Windows\System32\EAMProgressHandler.dll                                                                                      	0x7ffd0b890000        	1       	DynamicLoad         
8688      	svchost.exe         	Windows.Web.dll                                                       	0xc3000         	C:\Windows\System32\Windows.Web.dll                                                                                             	0x7ffcf7e60000        	1       	DynamicLoad         
8688      	svchost.exe         	iertutil.dll                                                          	0x2b1000        	C:\Windows\System32\iertutil.dll                                                                                                	0x7ffd09010000        	1       	StaticDependency    
8688      	svchost.exe         	CryptoWinRT.dll                                                       	0x61000         	C:\Windows\System32\CryptoWinRT.dll                                                                                             	0x7ffccced0000        	1       	DynamicLoad         
8688      	svchost.exe         	bcrypt.dll                                                            	0x27000         	C:\Windows\System32\bcrypt.dll                                                                                                  	0x7ffd13280000        	2       	StaticDependency    
8688      	svchost.exe         	wintypes.dll                                                          	0x154000        	C:\Windows\SYSTEM32\wintypes.dll                                                                                                	0x7ffd0ebd0000        	1       	StaticDependency    
8688      	svchost.exe         	wuapi.dll                                                             	0xf0000         	C:\Windows\System32\wuapi.dll                                                                                                   	0x7ffcd72c0000        	1       	DynamicLoad         
8688      	svchost.exe         	CRYPT32.dll                                                           	0x15e000        	C:\Windows\System32\CRYPT32.dll                                                                                                 	0x7ffd12f80000        	1       	StaticDependency    
8688      	svchost.exe         	slc.dll                                                               	0x29000         	C:\Windows\SYSTEM32\slc.dll                                                                                                     	0x7ffd11a10000        	1       	DelayloadDependency 
8688      	svchost.exe         	sppc.dll                                                              	0x25000         	c:\windows\system32\sppc.dll                                                                                                    	0x7ffd119e0000        	1       	StaticDependency    
8688      	svchost.exe         	policymanager.dll                                                     	0xa3000         	C:\Windows\SYSTEM32\policymanager.dll                                                                                           	0x7ffd0c380000        	1       	DelayloadDependency 
8688      	svchost.exe         	msvcp110_win.dll                                                      	0x8a000         	c:\windows\system32\msvcp110_win.dll                                                                                            	0x7ffd11fa0000        	1       	StaticDependency    
8688      	svchost.exe         	wups.dll                                                              	0x1a000         	C:\Windows\System32\wups.dll                                                                                                    	0x7ffccfdd0000        	1       	DynamicLoad         
8688      	svchost.exe         	MSASN1.dll                                                            	0x12000         	C:\Windows\System32\MSASN1.dll                                                                                                  	0x7ffd12a50000        	1       	DelayloadDependency 
8688      	svchost.exe         	rsaenh.dll                                                            	0x34000         	C:\Windows\system32\rsaenh.dll                                                                                                  	0x7ffd11ed0000        	1       	DynamicLoad         
8688      	svchost.exe         	CRYPTBASE.dll                                                         	0xc000          	C:\Windows\System32\CRYPTBASE.dll                                                                                               	0x7ffd127c0000        	1       	DelayloadDependency 
8688      	svchost.exe         	Windows.Globalization.dll                                             	0x1a6000        	C:\Windows\System32\Windows.Globalization.dll                                                                                   	0x7ffd08650000        	1       	DynamicLoad         
8688      	svchost.exe         	bcp47mrm.dll                                                          	0x2d000         	C:\Windows\System32\bcp47mrm.dll                                                                                                	0x7ffd0a760000        	1       	StaticDependency    
8688      	svchost.exe         	Windows.StateRepositoryPS.dll                                         	0x146000        	C:\Windows\System32\Windows.StateRepositoryPS.dll                                                                               	0x7ffd01c90000        	1       	DynamicLoad         
8688      	svchost.exe         	DPAPI.DLL                                                             	0xa000          	C:\Windows\System32\DPAPI.DLL                                                                                                   	0x7ffd12c80000        	1       	DynamicForwarderDependency
8688      	svchost.exe         	IPHLPAPI.DLL                                                          	0x3c000         	c:\windows\system32\IPHLPAPI.DLL                                                                                                	0x7ffd122a0000        	1       	DelayloadDependency 
8688      	svchost.exe         	NSI.dll                                                               	0x8000          	C:\Windows\System32\NSI.dll                                                                                                     	0x7ffd13870000        	1       	DelayloadDependency 
8688      	svchost.exe         	dhcpcsvc6.DLL                                                         	0x17000         	C:\Windows\SYSTEM32\dhcpcsvc6.DLL                                                                                               	0x7ffd0b670000        	1       	DelayloadDependency 
8688      	svchost.exe         	dhcpcsvc.DLL                                                          	0x1d000         	C:\Windows\SYSTEM32\dhcpcsvc.DLL                                                                                                	0x7ffd0b650000        	1       	DelayloadDependency 
8688      	svchost.exe         	webio.dll                                                             	0x98000         	c:\windows\system32\webio.dll                                                                                                   	0x7ffd00bf0000        	1       	DelayloadDependency 
8688      	svchost.exe         	mswsock.dll                                                           	0x6a000         	C:\Windows\system32\mswsock.dll                                                                                                 	0x7ffd125b0000        	1       	DynamicLoad         
8688      	svchost.exe         	WINNSI.DLL                                                            	0xb000          	C:\Windows\SYSTEM32\WINNSI.DLL                                                                                                  	0x7ffd0b6b0000        	1       	DelayloadDependency 
8688      	svchost.exe         	DNSAPI.dll                                                            	0xcb000         	C:\Windows\SYSTEM32\DNSAPI.dll                                                                                                  	0x7ffd122e0000        	1       	DelayloadDependency 
8688      	svchost.exe         	rasadhlp.dll                                                          	0xa000          	C:\Windows\System32\rasadhlp.dll                                                                                                	0x7ffd06b20000        	1       	DynamicLoad         
8688      	svchost.exe         	schannel.DLL                                                          	0x99000         	C:\Windows\system32\schannel.DLL                                                                                                	0x7ffd11df0000        	1       	DynamicLoad         
8688      	svchost.exe         	mskeyprotect.dll                                                      	0x16000         	C:\Windows\SYSTEM32\mskeyprotect.dll                                                                                            	0x7ffd00d00000        	1       	DynamicLoad         
8688      	svchost.exe         	NTASN1.dll                                                            	0x3b000         	C:\Windows\SYSTEM32\NTASN1.dll                                                                                                  	0x7ffd128f0000        	1       	DelayloadDependency 
8688      	svchost.exe         	ncrypt.dll                                                            	0x28000         	C:\Windows\System32\ncrypt.dll                                                                                                  	0x7ffd12930000        	1       	DelayloadDependency 
8688      	svchost.exe         	ncryptsslp.dll                                                        	0x26000         	C:\Windows\system32\ncryptsslp.dll                                                                                              	0x7ffd00db0000        	1       	DynamicLoad         
8688      	svchost.exe         	twinapi.appcore.dll                                                   	0x200000        	C:\Windows\System32\twinapi.appcore.dll                                                                                         	0x7ffd0de50000        	1       	DynamicLoad         
8688      	svchost.exe         	logoncli.dll                                                          	0x43000         	C:\Windows\System32\logoncli.dll                                                                                                	0x7ffd123c0000        	1       	DynamicLoad         
8688      	svchost.exe         	windows.staterepositorycore.dll                                       	0x11000         	C:\Windows\SYSTEM32\windows.staterepositorycore.dll                                                                             	0x7ffd067c0000        	1       	DelayloadDependency 
2928      	svchost.exe         	ntdll.dll                                                             	0x1f8000        	C:\Windows\SYSTEM32\ntdll.dll                                                                                                   	0x7ffd157f0000        	2       	StaticDependency    
2928      	svchost.exe         	KERNEL32.DLL                                                          	0xbf000         	C:\Windows\System32\KERNEL32.DLL                                                                                                	0x7ffd155b0000        	2       	DynamicLoad         
2928      	svchost.exe         	KERNELBASE.dll                                                        	0x2f6000        	C:\Windows\System32\KERNELBASE.dll                                                                                              	0x7ffd133b0000        	1       	StaticDependency    
2928      	svchost.exe         	sechost.dll                                                           	0x9c000         	C:\Windows\System32\sechost.dll                                                                                                 	0x7ffd15450000        	2       	StaticDependency    
2928      	svchost.exe         	RPCRT4.dll                                                            	0x126000        	C:\Windows\System32\RPCRT4.dll                                                                                                  	0x7ffd13c20000        	2       	StaticDependency    
2928      	svchost.exe         	ucrtbase.dll                                                          	0x100000        	C:\Windows\System32\ucrtbase.dll                                                                                                	0x7ffd13180000        	2       	StaticDependency    
2928      	svchost.exe         	combase.dll                                                           	0x354000        	C:\Windows\System32\combase.dll                                                                                                 	0x7ffd150f0000        	1       	DelayloadDependency 
2928      	svchost.exe         	kernel.appcore.dll                                                    	0x12000         	C:\Windows\SYSTEM32\kernel.appcore.dll                                                                                          	0x7ffd10db0000        	1       	DelayloadDependency 
2928      	svchost.exe         	msvcrt.dll                                                            	0x9e000         	C:\Windows\System32\msvcrt.dll                                                                                                  	0x7ffd13af0000        	1       	StaticDependency    
2928      	svchost.exe         	bcryptPrimitives.dll                                                  	0x82000         	C:\Windows\System32\bcryptPrimitives.dll                                                                                        	0x7ffd132b0000        	3       	DelayloadDependency 
2928      	svchost.exe         	user32.dll                                                            	0x19d000        	C:\Windows\System32\user32.dll                                                                                                  	0x7ffd14e90000        	1       	DelayloadDependency 
2928      	svchost.exe         	win32u.dll                                                            	0x22000         	C:\Windows\System32\win32u.dll                                                                                                  	0x7ffd13820000        	1       	StaticDependency    
2928      	svchost.exe         	GDI32.dll                                                             	0x2c000         	C:\Windows\System32\GDI32.dll                                                                                                   	0x7ffd13bf0000        	1       	StaticDependency    
2928      	svchost.exe         	gdi32full.dll                                                         	0x115000        	C:\Windows\System32\gdi32full.dll                                                                                               	0x7ffd136b0000        	1       	StaticDependency    
2928      	svchost.exe         	msvcp_win.dll                                                         	0x9d000         	C:\Windows\System32\msvcp_win.dll                                                                                               	0x7ffd130e0000        	1       	StaticDependency    
2928      	svchost.exe         	licensemanagersvc.dll                                                 	0x12000         	c:\windows\system32\licensemanagersvc.dll                                                                                       	0x7ffccb750000        	1       	DynamicLoad         
2928      	svchost.exe         	shcore.dll                                                            	0xad000         	C:\Windows\System32\shcore.dll                                                                                                  	0x7ffd13880000        	1       	StaticDependency    
2928      	svchost.exe         	LicenseManager.dll                                                    	0x120000        	c:\windows\system32\LicenseManager.dll                                                                                          	0x7ffccb630000        	1       	StaticDependency    
2928      	svchost.exe         	CLIPC.dll                                                             	0x30000         	c:\windows\system32\CLIPC.dll                                                                                                   	0x7ffcfd160000        	1       	StaticDependency    
2928      	svchost.exe         	OLEAUT32.dll                                                          	0xcd000         	C:\Windows\System32\OLEAUT32.dll                                                                                                	0x7ffd13e00000        	1       	StaticDependency    
2928      	svchost.exe         	cryptsp.dll                                                           	0x18000         	C:\Windows\SYSTEM32\cryptsp.dll                                                                                                 	0x7ffd127a0000        	1       	StaticDependency    
2928      	svchost.exe         	WLDP.DLL                                                              	0x2e000         	C:\Windows\SYSTEM32\WLDP.DLL                                                                                                    	0x7ffd12850000        	1       	DynamicLoad         
2928      	svchost.exe         	advapi32.dll                                                          	0xaf000         	C:\Windows\System32\advapi32.dll                                                                                                	0x7ffd15040000        	1       	StaticDependency    
2928      	svchost.exe         	clbcatq.dll                                                           	0xa9000         	C:\Windows\System32\clbcatq.dll                                                                                                 	0x7ffd13d50000        	1       	DelayloadDependency 
2928      	svchost.exe         	OneCoreUAPCommonProxyStub.dll                                         	0x7cb000        	C:\Windows\System32\OneCoreUAPCommonProxyStub.dll                                                                               	0x7ffd0c960000        	1       	DynamicLoad         
2928      	svchost.exe         	Windows.Networking.Connectivity.dll                                   	0xb9000         	C:\Windows\System32\Windows.Networking.Connectivity.dll                                                                         	0x7ffcf9950000        	1       	DynamicLoad         
2928      	svchost.exe         	npmproxy.dll                                                          	0x10000         	C:\Windows\System32\npmproxy.dll                                                                                                	0x7ffd06c00000        	1       	DynamicLoad         
2928      	svchost.exe         	WinTypes.dll                                                          	0x154000        	C:\Windows\System32\WinTypes.dll                                                                                                	0x7ffd0ebd0000        	1       	DynamicLoad         
2928      	svchost.exe         	wuapi.dll                                                             	0xf0000         	C:\Windows\System32\wuapi.dll                                                                                                   	0x7ffcd72c0000        	1       	DynamicLoad         
2928      	svchost.exe         	CRYPT32.dll                                                           	0x15e000        	C:\Windows\System32\CRYPT32.dll                                                                                                 	0x7ffd12f80000        	1       	StaticDependency    
2928      	svchost.exe         	wups.dll                                                              	0x1a000         	C:\Windows\System32\wups.dll                                                                                                    	0x7ffccfdd0000        	1       	DynamicLoad         
2928      	svchost.exe         	msxml6.dll                                                            	0x25f000        	C:\Windows\System32\msxml6.dll                                                                                                  	0x7ffcfcf00000        	1       	DynamicLoad         
2928      	svchost.exe         	WINHTTP.dll                                                           	0x10a000        	c:\windows\system32\WINHTTP.dll                                                                                                 	0x7ffd0a550000        	1       	DelayloadDependency 
2928      	svchost.exe         	IPHLPAPI.DLL                                                          	0x3c000         	c:\windows\system32\IPHLPAPI.DLL                                                                                                	0x7ffd122a0000        	1       	DelayloadDependency 
2928      	svchost.exe         	NSI.dll                                                               	0x8000          	C:\Windows\System32\NSI.dll                                                                                                     	0x7ffd13870000        	1       	DelayloadDependency 
2928      	svchost.exe         	dhcpcsvc6.DLL                                                         	0x17000         	C:\Windows\SYSTEM32\dhcpcsvc6.DLL                                                                                               	0x7ffd0b670000        	1       	DelayloadDependency 
2928      	svchost.exe         	dhcpcsvc.DLL                                                          	0x1d000         	C:\Windows\SYSTEM32\dhcpcsvc.DLL                                                                                                	0x7ffd0b650000        	1       	DelayloadDependency 
2928      	svchost.exe         	Windows.Security.Authentication.OnlineId.dll                          	0xf4000         	C:\Windows\System32\Windows.Security.Authentication.OnlineId.dll                                                                	0x7ffcfd3c0000        	1       	DynamicLoad         
2928      	svchost.exe         	bcrypt.dll                                                            	0x27000         	C:\Windows\System32\bcrypt.dll                                                                                                  	0x7ffd13280000        	2       	StaticDependency    
2928      	svchost.exe         	Windows.Web.dll                                                       	0xc3000         	C:\Windows\System32\Windows.Web.dll                                                                                             	0x7ffcf7e60000        	1       	DynamicLoad         
2928      	svchost.exe         	iertutil.dll                                                          	0x2b1000        	C:\Windows\System32\iertutil.dll                                                                                                	0x7ffd09010000        	1       	StaticDependency    
2928      	svchost.exe         	DPAPI.DLL                                                             	0xa000          	C:\Windows\System32\DPAPI.DLL                                                                                                   	0x7ffd12c80000        	1       	DynamicForwarderDependency
2928      	svchost.exe         	CRYPTBASE.dll                                                         	0xc000          	C:\Windows\System32\CRYPTBASE.dll                                                                                               	0x7ffd127c0000        	1       	DelayloadDependency 
2928      	svchost.exe         	OneCoreCommonProxyStub.dll                                            	0x7f000         	C:\Windows\System32\OneCoreCommonProxyStub.dll                                                                                  	0x7ffd055b0000        	1       	DynamicLoad         
2928      	svchost.exe         	Windows.Security.Authentication.Web.Core.dll                          	0x11d000        	C:\Windows\System32\Windows.Security.Authentication.Web.Core.dll                                                                	0x7ffcfb1b0000        	1       	DynamicLoad         
2928      	svchost.exe         	msauserext.dll                                                        	0xb000          	C:\Windows\SYSTEM32\msauserext.dll                                                                                              	0x7ffd0e8f0000        	1       	DelayloadDependency 
2928      	svchost.exe         	AuthBroker.dll                                                        	0x3b000         	C:\Windows\System32\AuthBroker.dll                                                                                              	0x7ffcf9370000        	1       	DelayloadDependency 
2928      	svchost.exe         	AUTHZ.dll                                                             	0x4e000         	C:\Windows\System32\AUTHZ.dll                                                                                                   	0x7ffd11c10000        	1       	StaticDependency    
2928      	svchost.exe         	wkscli.dll                                                            	0x19000         	C:\Windows\System32\wkscli.dll                                                                                                  	0x7ffd12030000        	1       	StaticDependency    
2928      	svchost.exe         	netutils.dll                                                          	0xc000          	C:\Windows\System32\netutils.dll                                                                                                	0x7ffd123b0000        	1       	StaticDependency    
2928      	svchost.exe         	ntmarta.dll                                                           	0x33000         	C:\Windows\SYSTEM32\ntmarta.dll                                                                                                 	0x7ffd11f60000        	1       	StaticDependency    
2928      	svchost.exe         	gamestreamingext.dll                                                  	0x7000          	C:\Windows\SYSTEM32\gamestreamingext.dll                                                                                        	0x7ffcfcef0000        	1       	DelayloadDependency 
2928      	svchost.exe         	WS2_32.dll                                                            	0x6b000         	C:\Windows\System32\WS2_32.dll                                                                                                  	0x7ffd14dc0000        	1       	DelayloadDependency 
2928      	svchost.exe         	webio.dll                                                             	0x98000         	c:\windows\system32\webio.dll                                                                                                   	0x7ffd00bf0000        	1       	DelayloadDependency 
2928      	svchost.exe         	mswsock.dll                                                           	0x6a000         	C:\Windows\system32\mswsock.dll                                                                                                 	0x7ffd125b0000        	1       	DynamicLoad         
2928      	svchost.exe         	WINNSI.DLL                                                            	0xb000          	C:\Windows\SYSTEM32\WINNSI.DLL                                                                                                  	0x7ffd0b6b0000        	1       	DelayloadDependency 
2928      	svchost.exe         	SspiCli.dll                                                           	0x32000         	c:\windows\system32\SspiCli.dll                                                                                                 	0x7ffd12dc0000        	1       	DelayloadDependency 
2928      	svchost.exe         	DNSAPI.dll                                                            	0xcb000         	C:\Windows\SYSTEM32\DNSAPI.dll                                                                                                  	0x7ffd122e0000        	1       	DelayloadDependency 
2928      	svchost.exe         	rasadhlp.dll                                                          	0xa000          	C:\Windows\System32\rasadhlp.dll                                                                                                	0x7ffd06b20000        	1       	DynamicLoad         
2928      	svchost.exe         	schannel.DLL                                                          	0x99000         	C:\Windows\system32\schannel.DLL                                                                                                	0x7ffd11df0000        	1       	DynamicLoad         
2928      	svchost.exe         	mskeyprotect.dll                                                      	0x16000         	C:\Windows\SYSTEM32\mskeyprotect.dll                                                                                            	0x7ffd00d00000        	1       	DynamicLoad         
2928      	svchost.exe         	NTASN1.dll                                                            	0x3b000         	C:\Windows\SYSTEM32\NTASN1.dll                                                                                                  	0x7ffd128f0000        	1       	DelayloadDependency 
2928      	svchost.exe         	MSASN1.dll                                                            	0x12000         	C:\Windows\System32\MSASN1.dll                                                                                                  	0x7ffd12a50000        	1       	DelayloadDependency 
2928      	svchost.exe         	ncrypt.dll                                                            	0x28000         	C:\Windows\System32\ncrypt.dll                                                                                                  	0x7ffd12930000        	1       	DelayloadDependency 
2928      	svchost.exe         	ncryptsslp.dll                                                        	0x26000         	C:\Windows\system32\ncryptsslp.dll                                                                                              	0x7ffd00db0000        	1       	DynamicLoad         
2928      	svchost.exe         	windows.staterepositorycore.dll                                       	0x11000         	C:\Windows\SYSTEM32\windows.staterepositorycore.dll                                                                             	0x7ffd067c0000        	1       	DelayloadDependency 
2928      	svchost.exe         	Windows.StateRepositoryPS.dll                                         	0x146000        	C:\Windows\System32\Windows.StateRepositoryPS.dll                                                                               	0x7ffd01c90000        	1       	DynamicLoad         
2928      	svchost.exe         	rsaenh.dll                                                            	0x34000         	C:\Windows\system32\rsaenh.dll                                                                                                  	0x7ffd11ed0000        	1       	DynamicLoad         
3656      	MicrosoftEdgeU      	ntdll.dll                                                             	0x1f8000        	C:\Windows\SYSTEM32\ntdll.dll                                                                                                   	0x7ffd157f0000        	2       	StaticDependency    
3656      	MicrosoftEdgeU      	wow64.dll                                                             	0x59000         	C:\Windows\System32\wow64.dll                                                                                                   	0x7ffd154f0000        	2       	DynamicLoad         
3656      	MicrosoftEdgeU      	wow64win.dll                                                          	0x83000         	C:\Windows\System32\wow64win.dll                                                                                                	0x7ffd15670000        	1       	StaticDependency    
3656      	MicrosoftEdgeU      	wow64cpu.dll                                                          	0xa000          	C:\Windows\System32\wow64cpu.dll                                                                                                	0x77da0000            	1       	DynamicLoad         
8792      	UserOOBEBroker      	ntdll.dll                                                             	0x1f8000        	C:\Windows\SYSTEM32\ntdll.dll                                                                                                   	0x7ffd157f0000        	2       	StaticDependency    
8792      	UserOOBEBroker      	KERNEL32.DLL                                                          	0xbf000         	C:\Windows\System32\KERNEL32.DLL                                                                                                	0x7ffd155b0000        	2       	DynamicLoad         
8792      	UserOOBEBroker      	KERNELBASE.dll                                                        	0x2f6000        	C:\Windows\System32\KERNELBASE.dll                                                                                              	0x7ffd133b0000        	1       	StaticDependency    
8792      	UserOOBEBroker      	ADVAPI32.dll                                                          	0xaf000         	C:\Windows\System32\ADVAPI32.dll                                                                                                	0x7ffd15040000        	2       	StaticDependency    
8792      	UserOOBEBroker      	msvcrt.dll                                                            	0x9e000         	C:\Windows\System32\msvcrt.dll                                                                                                  	0x7ffd13af0000        	2       	StaticDependency    
8792      	UserOOBEBroker      	sechost.dll                                                           	0x9c000         	C:\Windows\System32\sechost.dll                                                                                                 	0x7ffd15450000        	2       	StaticDependency    
8792      	UserOOBEBroker      	RPCRT4.dll                                                            	0x126000        	C:\Windows\System32\RPCRT4.dll                                                                                                  	0x7ffd13c20000        	2       	StaticDependency    
8792      	UserOOBEBroker      	USER32.dll                                                            	0x19d000        	C:\Windows\System32\USER32.dll                                                                                                  	0x7ffd14e90000        	2       	StaticDependency    
8792      	UserOOBEBroker      	win32u.dll                                                            	0x22000         	C:\Windows\System32\win32u.dll                                                                                                  	0x7ffd13820000        	2       	StaticDependency    
8792      	UserOOBEBroker      	GDI32.dll                                                             	0x2c000         	C:\Windows\System32\GDI32.dll                                                                                                   	0x7ffd13bf0000        	2       	StaticDependency    
8792      	UserOOBEBroker      	gdi32full.dll                                                         	0x115000        	C:\Windows\System32\gdi32full.dll                                                                                               	0x7ffd136b0000        	2       	StaticDependency    
8792      	UserOOBEBroker      	msvcp_win.dll                                                         	0x9d000         	C:\Windows\System32\msvcp_win.dll                                                                                               	0x7ffd130e0000        	2       	StaticDependency    
8792      	UserOOBEBroker      	ucrtbase.dll                                                          	0x100000        	C:\Windows\System32\ucrtbase.dll                                                                                                	0x7ffd13180000        	2       	StaticDependency    
8792      	UserOOBEBroker      	combase.dll                                                           	0x354000        	C:\Windows\System32\combase.dll                                                                                                 	0x7ffd150f0000        	2       	StaticDependency    
8792      	UserOOBEBroker      	OLEAUT32.dll                                                          	0xcd000         	C:\Windows\System32\OLEAUT32.dll                                                                                                	0x7ffd13e00000        	2       	StaticDependency    
8792      	UserOOBEBroker      	IMM32.DLL                                                             	0x30000         	C:\Windows\System32\IMM32.DLL                                                                                                   	0x7ffd15780000        	1       	DynamicLoad         
8792      	UserOOBEBroker      	kernel.appcore.dll                                                    	0x12000         	C:\Windows\SYSTEM32\kernel.appcore.dll                                                                                          	0x7ffd10db0000        	1       	DelayloadDependency 
8792      	UserOOBEBroker      	bcryptPrimitives.dll                                                  	0x82000         	C:\Windows\System32\bcryptPrimitives.dll                                                                                        	0x7ffd132b0000        	3       	DelayloadDependency 
8792      	UserOOBEBroker      	clbcatq.dll                                                           	0xa9000         	C:\Windows\System32\clbcatq.dll                                                                                                 	0x7ffd13d50000        	1       	DelayloadDependency 
8792      	UserOOBEBroker      	propsys.dll                                                           	0xf6000         	C:\Windows\system32\propsys.dll                                                                                                 	0x7ffd0ea50000        	1       	DynamicLoad         
8792      	UserOOBEBroker      	UserOOBE.dll                                                          	0x68000         	C:\Windows\System32\oobe\UserOOBE.dll                                                                                           	0x7ffce7c90000        	1       	DynamicLoad         
8792      	UserOOBEBroker      	shcore.dll                                                            	0xad000         	C:\Windows\System32\shcore.dll                                                                                                  	0x7ffd13880000        	1       	StaticDependency    
8792      	UserOOBEBroker      	CRYPT32.dll                                                           	0x15e000        	C:\Windows\System32\CRYPT32.dll                                                                                                 	0x7ffd12f80000        	1       	StaticDependency    
8792      	UserOOBEBroker      	ole32.dll                                                             	0x12a000        	C:\Windows\System32\ole32.dll                                                                                                   	0x7ffd140d0000        	1       	StaticDependency    
8792      	UserOOBEBroker      	wkscli.dll                                                            	0x19000         	C:\Windows\SYSTEM32\wkscli.dll                                                                                                  	0x7ffd12030000        	1       	StaticDependency    
8792      	UserOOBEBroker      	netutils.dll                                                          	0xc000          	C:\Windows\SYSTEM32\netutils.dll                                                                                                	0x7ffd123b0000        	1       	StaticDependency    
8792      	UserOOBEBroker      	samcli.dll                                                            	0x19000         	C:\Windows\SYSTEM32\samcli.dll                                                                                                  	0x7ffd092d0000        	1       	StaticDependency    
8792      	UserOOBEBroker      	USERENV.dll                                                           	0x2e000         	C:\Windows\SYSTEM32\USERENV.dll                                                                                                 	0x7ffd12d90000        	1       	StaticDependency    
8792      	UserOOBEBroker      	wintypes.dll                                                          	0x154000        	C:\Windows\SYSTEM32\wintypes.dll                                                                                                	0x7ffd0ebd0000        	1       	StaticDependency    
8792      	UserOOBEBroker      	policymanager.dll                                                     	0xa3000         	C:\Windows\SYSTEM32\policymanager.dll                                                                                           	0x7ffd0c380000        	1       	StaticDependency    
8792      	UserOOBEBroker      	credui.dll                                                            	0x1c000         	C:\Windows\SYSTEM32\credui.dll                                                                                                  	0x7ffcecb40000        	1       	StaticDependency    
8792      	UserOOBEBroker      	SLC.dll                                                               	0x29000         	C:\Windows\SYSTEM32\SLC.dll                                                                                                     	0x7ffd11a10000        	1       	StaticDependency    
8792      	UserOOBEBroker      	DUI70.dll                                                             	0x1ae000        	C:\Windows\SYSTEM32\DUI70.dll                                                                                                   	0x7ffce2dc0000        	1       	StaticDependency    
8792      	UserOOBEBroker      	msvcp110_win.dll                                                      	0x8a000         	C:\Windows\SYSTEM32\msvcp110_win.dll                                                                                            	0x7ffd11fa0000        	1       	StaticDependency    
8792      	UserOOBEBroker      	sppc.dll                                                              	0x25000         	C:\Windows\SYSTEM32\sppc.dll                                                                                                    	0x7ffd119e0000        	1       	StaticDependency    
8792      	UserOOBEBroker      	wdscore.dll                                                           	0x43000         	C:\Windows\SYSTEM32\wdscore.dll                                                                                                 	0x7ffcea580000        	1       	DynamicLoad         
8792      	UserOOBEBroker      	dbghelp.dll                                                           	0x1e4000        	C:\Windows\system32\dbghelp.dll                                                                                                 	0x7ffd03440000        	1       	DynamicLoad         
8792      	UserOOBEBroker      	dbgcore.DLL                                                           	0x34000         	C:\Windows\SYSTEM32\dbgcore.DLL                                                                                                 	0x7ffd03320000        	1       	DynamicForwarderDependency
8792      	UserOOBEBroker      	ActXPrxy.dll                                                          	0xa1000         	C:\Windows\System32\ActXPrxy.dll                                                                                                	0x7ffd0c6a0000        	1       	DynamicLoad         
8792      	UserOOBEBroker      	FileCoAuthLib64.dll                                                   	0x37000         	C:\Users\sharkvm\AppData\Local\Microsoft\OneDrive\25.130.0706.0004\FileCoAuthLib64.dll                                          	0x7ffcefc10000        	1       	DynamicLoad         
616       	MusNotifyIcon.      	ntdll.dll                                                             	0x1f8000        	C:\Windows\SYSTEM32\ntdll.dll                                                                                                   	0x7ffd157f0000        	2       	StaticDependency    
616       	MusNotifyIcon.      	KERNEL32.DLL                                                          	0xbf000         	C:\Windows\System32\KERNEL32.DLL                                                                                                	0x7ffd155b0000        	2       	DynamicLoad         
616       	MusNotifyIcon.      	KERNELBASE.dll                                                        	0x2f6000        	C:\Windows\System32\KERNELBASE.dll                                                                                              	0x7ffd133b0000        	1       	StaticDependency    
616       	MusNotifyIcon.      	msvcp_win.dll                                                         	0x9d000         	C:\Windows\System32\msvcp_win.dll                                                                                               	0x7ffd130e0000        	2       	StaticDependency    
616       	MusNotifyIcon.      	ucrtbase.dll                                                          	0x100000        	C:\Windows\System32\ucrtbase.dll                                                                                                	0x7ffd13180000        	2       	StaticDependency    
616       	MusNotifyIcon.      	shcore.dll                                                            	0xad000         	C:\Windows\System32\shcore.dll                                                                                                  	0x7ffd13880000        	2       	StaticDependency    
616       	MusNotifyIcon.      	msvcrt.dll                                                            	0x9e000         	C:\Windows\System32\msvcrt.dll                                                                                                  	0x7ffd13af0000        	2       	StaticDependency    
616       	MusNotifyIcon.      	combase.dll                                                           	0x354000        	C:\Windows\System32\combase.dll                                                                                                 	0x7ffd150f0000        	2       	StaticDependency    
616       	MusNotifyIcon.      	RPCRT4.dll                                                            	0x126000        	C:\Windows\System32\RPCRT4.dll                                                                                                  	0x7ffd13c20000        	2       	StaticDependency    
616       	MusNotifyIcon.      	OLEAUT32.dll                                                          	0xcd000         	C:\Windows\System32\OLEAUT32.dll                                                                                                	0x7ffd13e00000        	2       	StaticDependency    
616       	MusNotifyIcon.      	USER32.dll                                                            	0x19d000        	C:\Windows\System32\USER32.dll                                                                                                  	0x7ffd14e90000        	2       	StaticDependency    
616       	MusNotifyIcon.      	win32u.dll                                                            	0x22000         	C:\Windows\System32\win32u.dll                                                                                                  	0x7ffd13820000        	2       	StaticDependency    
616       	MusNotifyIcon.      	GDI32.dll                                                             	0x2c000         	C:\Windows\System32\GDI32.dll                                                                                                   	0x7ffd13bf0000        	2       	StaticDependency    
616       	MusNotifyIcon.      	gdi32full.dll                                                         	0x115000        	C:\Windows\System32\gdi32full.dll                                                                                               	0x7ffd136b0000        	2       	StaticDependency    
616       	MusNotifyIcon.      	WINTRUST.dll                                                          	0x67000         	C:\Windows\System32\WINTRUST.dll                                                                                                	0x7ffd13340000        	2       	StaticDependency    
616       	MusNotifyIcon.      	sechost.dll                                                           	0x9c000         	C:\Windows\System32\sechost.dll                                                                                                 	0x7ffd15450000        	2       	StaticDependency    
616       	MusNotifyIcon.      	advapi32.dll                                                          	0xaf000         	C:\Windows\System32\advapi32.dll                                                                                                	0x7ffd15040000        	2       	StaticDependency    
616       	MusNotifyIcon.      	bcrypt.dll                                                            	0x27000         	C:\Windows\System32\bcrypt.dll                                                                                                  	0x7ffd13280000        	2       	StaticDependency    
616       	MusNotifyIcon.      	CRYPT32.dll                                                           	0x15e000        	C:\Windows\System32\CRYPT32.dll                                                                                                 	0x7ffd12f80000        	2       	StaticDependency    
616       	MusNotifyIcon.      	XmlLite.dll                                                           	0x36000         	C:\Windows\system32\XmlLite.dll                                                                                                 	0x7ffd0ea10000        	2       	StaticDependency    
616       	MusNotifyIcon.      	UPShared.dll                                                          	0xb2000         	C:\Windows\system32\UPShared.dll                                                                                                	0x7ffccef60000        	2       	StaticDependency    
616       	MusNotifyIcon.      	DMCmnUtils.dll                                                        	0x78000         	C:\Windows\system32\DMCmnUtils.dll                                                                                              	0x7ffcceee0000        	2       	StaticDependency    
616       	MusNotifyIcon.      	UxTheme.dll                                                           	0x9e000         	C:\Windows\system32\UxTheme.dll                                                                                                 	0x7ffd108e0000        	2       	StaticDependency    
616       	MusNotifyIcon.      	WINHTTP.dll                                                           	0x10a000        	C:\Windows\system32\WINHTTP.dll                                                                                                 	0x7ffd0a550000        	2       	StaticDependency    
616       	MusNotifyIcon.      	cryptsp.dll                                                           	0x18000         	C:\Windows\SYSTEM32\cryptsp.dll                                                                                                 	0x7ffd127a0000        	2       	StaticDependency    
616       	MusNotifyIcon.      	ncrypt.dll                                                            	0x28000         	C:\Windows\system32\ncrypt.dll                                                                                                  	0x7ffd12930000        	2       	StaticDependency    
616       	MusNotifyIcon.      	tbs.dll                                                               	0x1a000         	C:\Windows\system32\tbs.dll                                                                                                     	0x7ffd06d80000        	2       	StaticDependency    
616       	MusNotifyIcon.      	imagehlp.dll                                                          	0x1d000         	C:\Windows\System32\imagehlp.dll                                                                                                	0x7ffd13850000        	2       	StaticDependency    
616       	MusNotifyIcon.      	DPAPI.DLL                                                             	0xa000          	C:\Windows\system32\DPAPI.DLL                                                                                                   	0x7ffd12c80000        	2       	StaticForwarderDependency
616       	MusNotifyIcon.      	IMM32.DLL                                                             	0x30000         	C:\Windows\System32\IMM32.DLL                                                                                                   	0x7ffd15780000        	1       	DynamicLoad         
616       	MusNotifyIcon.      	MSASN1.dll                                                            	0x12000         	C:\Windows\system32\MSASN1.dll                                                                                                  	0x7ffd12a50000        	1       	DelayloadDependency 
616       	MusNotifyIcon.      	NTASN1.dll                                                            	0x3b000         	C:\Windows\system32\NTASN1.dll                                                                                                  	0x7ffd128f0000        	1       	DelayloadDependency 
616       	MusNotifyIcon.      	profapi.dll                                                           	0x1f000         	C:\Windows\system32\profapi.dll                                                                                                 	0x7ffd12e10000        	1       	DelayloadDependency 
616       	MusNotifyIcon.      	bcryptPrimitives.dll                                                  	0x82000         	C:\Windows\System32\bcryptPrimitives.dll                                                                                        	0x7ffd132b0000        	3       	DelayloadDependency 
616       	MusNotifyIcon.      	kernel.appcore.dll                                                    	0x12000         	C:\Windows\SYSTEM32\kernel.appcore.dll                                                                                          	0x7ffd10db0000        	1       	DelayloadDependency 
616       	MusNotifyIcon.      	clbcatq.dll                                                           	0xa9000         	C:\Windows\System32\clbcatq.dll                                                                                                 	0x7ffd13d50000        	1       	DelayloadDependency 
616       	MusNotifyIcon.      	usoapi.dll                                                            	0x26000         	C:\Windows\System32\usoapi.dll                                                                                                  	0x7ffcfd750000        	1       	DynamicLoad         
616       	MusNotifyIcon.      	wosc.dll                                                              	0x48000         	C:\Windows\System32\wosc.dll                                                                                                    	0x7ffce1a30000        	1       	DynamicLoad         
616       	MusNotifyIcon.      	FlightSettings.dll                                                    	0xe5000         	C:\Windows\System32\FlightSettings.dll                                                                                          	0x7ffd00780000        	1       	DynamicLoad         
616       	MusNotifyIcon.      	Windows.Networking.Connectivity.dll                                   	0xb9000         	C:\Windows\System32\Windows.Networking.Connectivity.dll                                                                         	0x7ffcf9950000        	1       	DynamicLoad         
616       	MusNotifyIcon.      	npmproxy.dll                                                          	0x10000         	C:\Windows\System32\npmproxy.dll                                                                                                	0x7ffd06c00000        	1       	DynamicLoad         
616       	MusNotifyIcon.      	WinTypes.dll                                                          	0x154000        	C:\Windows\System32\WinTypes.dll                                                                                                	0x7ffd0ebd0000        	1       	DynamicLoad         
616       	MusNotifyIcon.      	IPHLPAPI.DLL                                                          	0x3c000         	C:\Windows\System32\IPHLPAPI.DLL                                                                                                	0x7ffd122a0000        	1       	DelayloadDependency 
616       	MusNotifyIcon.      	NSI.dll                                                               	0x8000          	C:\Windows\System32\NSI.dll                                                                                                     	0x7ffd13870000        	1       	DelayloadDependency 
616       	MusNotifyIcon.      	dusmapi.dll                                                           	0x11000         	C:\Windows\System32\dusmapi.dll                                                                                                 	0x7ffcf96d0000        	1       	DelayloadDependency 
616       	MusNotifyIcon.      	UpdatePolicy.dll                                                      	0x43000         	C:\Windows\System32\UpdatePolicy.dll                                                                                            	0x7ffcfd6e0000        	1       	DynamicLoad         
616       	MusNotifyIcon.      	Cabinet.dll                                                           	0x29000         	C:\Windows\System32\Cabinet.dll                                                                                                 	0x7ffd0b960000        	1       	StaticDependency    
616       	MusNotifyIcon.      	USERENV.dll                                                           	0x2e000         	C:\Windows\System32\USERENV.dll                                                                                                 	0x7ffd12d90000        	1       	StaticDependency    
616       	MusNotifyIcon.      	policymanager.dll                                                     	0xa3000         	C:\Windows\SYSTEM32\policymanager.dll                                                                                           	0x7ffd0c380000        	1       	DelayloadDependency 
616       	MusNotifyIcon.      	msvcp110_win.dll                                                      	0x8a000         	C:\Windows\System32\msvcp110_win.dll                                                                                            	0x7ffd11fa0000        	1       	StaticDependency    
616       	MusNotifyIcon.      	Windows.Web.dll                                                       	0xc3000         	C:\Windows\System32\Windows.Web.dll                                                                                             	0x7ffcf7e60000        	1       	DynamicLoad         
616       	MusNotifyIcon.      	iertutil.dll                                                          	0x2b1000        	C:\Windows\System32\iertutil.dll                                                                                                	0x7ffd09010000        	1       	StaticDependency    
616       	MusNotifyIcon.      	MSCTF.dll                                                             	0x114000        	C:\Windows\System32\MSCTF.dll                                                                                                   	0x7ffd13fb0000        	1       	DelayloadDependency 
616       	MusNotifyIcon.      	rsaenh.dll                                                            	0x34000         	C:\Windows\system32\rsaenh.dll                                                                                                  	0x7ffd11ed0000        	1       	DynamicLoad         
616       	MusNotifyIcon.      	CRYPTBASE.dll                                                         	0xc000          	C:\Windows\system32\CRYPTBASE.dll                                                                                               	0x7ffd127c0000        	1       	DelayloadDependency 
616       	MusNotifyIcon.      	gpapi.dll                                                             	0x23000         	C:\Windows\SYSTEM32\gpapi.dll                                                                                                   	0x7ffd11760000        	1       	DelayloadDependency 
616       	MusNotifyIcon.      	shell32.dll                                                           	0x744000        	C:\Windows\System32\shell32.dll                                                                                                 	0x7ffd14200000        	1       	DelayloadDependency 
616       	MusNotifyIcon.      	windows.storage.dll                                                   	0x793000        	C:\Windows\SYSTEM32\windows.storage.dll                                                                                         	0x7ffd10fb0000        	1       	DelayloadDependency 
616       	MusNotifyIcon.      	Wldp.dll                                                              	0x2e000         	C:\Windows\system32\Wldp.dll                                                                                                    	0x7ffd12850000        	1       	StaticDependency    
616       	MusNotifyIcon.      	shlwapi.dll                                                           	0x55000         	C:\Windows\System32\shlwapi.dll                                                                                                 	0x7ffd15550000        	1       	DelayloadDependency 
8412      	dllhost.exe         	ntdll.dll                                                             	0x1f8000        	C:\Windows\SYSTEM32\ntdll.dll                                                                                                   	0x7ffd157f0000        	2       	StaticDependency    
8412      	dllhost.exe         	KERNEL32.DLL                                                          	0xbf000         	C:\Windows\System32\KERNEL32.DLL                                                                                                	0x7ffd155b0000        	2       	DynamicLoad         
8412      	dllhost.exe         	KERNELBASE.dll                                                        	0x2f6000        	C:\Windows\System32\KERNELBASE.dll                                                                                              	0x7ffd133b0000        	1       	StaticDependency    
8412      	dllhost.exe         	ucrtbase.dll                                                          	0x100000        	C:\Windows\System32\ucrtbase.dll                                                                                                	0x7ffd13180000        	2       	StaticDependency    
8412      	dllhost.exe         	combase.dll                                                           	0x354000        	C:\Windows\System32\combase.dll                                                                                                 	0x7ffd150f0000        	2       	StaticDependency    
8412      	dllhost.exe         	RPCRT4.dll                                                            	0x126000        	C:\Windows\System32\RPCRT4.dll                                                                                                  	0x7ffd13c20000        	2       	StaticDependency    
8412      	dllhost.exe         	kernel.appcore.dll                                                    	0x12000         	C:\Windows\SYSTEM32\kernel.appcore.dll                                                                                          	0x7ffd10db0000        	1       	DelayloadDependency 
8412      	dllhost.exe         	msvcrt.dll                                                            	0x9e000         	C:\Windows\System32\msvcrt.dll                                                                                                  	0x7ffd13af0000        	1       	StaticDependency    
8412      	dllhost.exe         	bcryptPrimitives.dll                                                  	0x82000         	C:\Windows\System32\bcryptPrimitives.dll                                                                                        	0x7ffd132b0000        	3       	DelayloadDependency 
8412      	dllhost.exe         	clbcatq.dll                                                           	0xa9000         	C:\Windows\System32\clbcatq.dll                                                                                                 	0x7ffd13d50000        	1       	DelayloadDependency 
8412      	dllhost.exe         	sechost.dll                                                           	0x9c000         	C:\Windows\System32\sechost.dll                                                                                                 	0x7ffd15450000        	1       	DelayloadDependency 
8412      	dllhost.exe         	user32.dll                                                            	0x19d000        	C:\Windows\System32\user32.dll                                                                                                  	0x7ffd14e90000        	1       	DelayloadDependency 
8412      	dllhost.exe         	win32u.dll                                                            	0x22000         	C:\Windows\System32\win32u.dll                                                                                                  	0x7ffd13820000        	1       	StaticDependency    
8412      	dllhost.exe         	GDI32.dll                                                             	0x2c000         	C:\Windows\System32\GDI32.dll                                                                                                   	0x7ffd13bf0000        	1       	StaticDependency    
8412      	dllhost.exe         	gdi32full.dll                                                         	0x115000        	C:\Windows\System32\gdi32full.dll                                                                                               	0x7ffd136b0000        	1       	StaticDependency    
8412      	dllhost.exe         	msvcp_win.dll                                                         	0x9d000         	C:\Windows\System32\msvcp_win.dll                                                                                               	0x7ffd130e0000        	1       	StaticDependency    
8412      	dllhost.exe         	IMM32.DLL                                                             	0x30000         	C:\Windows\System32\IMM32.DLL                                                                                                   	0x7ffd15780000        	1       	DynamicLoad         
8412      	dllhost.exe         	uxtheme.dll                                                           	0x9e000         	C:\Windows\system32\uxtheme.dll                                                                                                 	0x7ffd108e0000        	1       	DynamicLoad         
8412      	dllhost.exe         	webplatstorageserver.dll                                              	0x134000        	C:\Windows\system32\webplatstorageserver.dll                                                                                    	0x7ffcfd280000        	1       	DynamicLoad         
8412      	dllhost.exe         	OLEAUT32.dll                                                          	0xcd000         	C:\Windows\System32\OLEAUT32.dll                                                                                                	0x7ffd13e00000        	1       	StaticDependency    
8412      	dllhost.exe         	advapi32.dll                                                          	0xaf000         	C:\Windows\System32\advapi32.dll                                                                                                	0x7ffd15040000        	1       	StaticDependency    
8412      	dllhost.exe         	iertutil.dll                                                          	0x2b1000        	C:\Windows\SYSTEM32\iertutil.dll                                                                                                	0x7ffd09010000        	1       	DelayloadDependency 
8412      	dllhost.exe         	shcore.dll                                                            	0xad000         	C:\Windows\System32\shcore.dll                                                                                                  	0x7ffd13880000        	1       	StaticDependency    
8412      	dllhost.exe         	windows.storage.dll                                                   	0x793000        	C:\Windows\SYSTEM32\windows.storage.dll                                                                                         	0x7ffd10fb0000        	1       	DelayloadDependency 
8412      	dllhost.exe         	Wldp.dll                                                              	0x2e000         	C:\Windows\SYSTEM32\Wldp.dll                                                                                                    	0x7ffd12850000        	1       	StaticDependency    
8412      	dllhost.exe         	shlwapi.dll                                                           	0x55000         	C:\Windows\System32\shlwapi.dll                                                                                                 	0x7ffd15550000        	1       	DelayloadDependency 
8412      	dllhost.exe         	profapi.dll                                                           	0x1f000         	C:\Windows\SYSTEM32\profapi.dll                                                                                                 	0x7ffd12e10000        	1       	DelayloadDependency 
8412      	dllhost.exe         	ESENT.dll                                                             	0x335000        	C:\Windows\SYSTEM32\ESENT.dll                                                                                                   	0x7ffd01950000        	1       	DelayloadDependency 
8412      	dllhost.exe         	CRYPTBASE.DLL                                                         	0xc000          	C:\Windows\SYSTEM32\CRYPTBASE.DLL                                                                                               	0x7ffd127c0000        	1       	DynamicLoad         
872       	svchost.exe         	ntdll.dll                                                             	0x1f8000        	C:\Windows\SYSTEM32\ntdll.dll                                                                                                   	0x7ffd157f0000        	2       	StaticDependency    
872       	svchost.exe         	KERNEL32.DLL                                                          	0xbf000         	C:\Windows\System32\KERNEL32.DLL                                                                                                	0x7ffd155b0000        	2       	DynamicLoad         
872       	svchost.exe         	KERNELBASE.dll                                                        	0x2f6000        	C:\Windows\System32\KERNELBASE.dll                                                                                              	0x7ffd133b0000        	1       	StaticDependency    
872       	svchost.exe         	sechost.dll                                                           	0x9c000         	C:\Windows\System32\sechost.dll                                                                                                 	0x7ffd15450000        	2       	StaticDependency    
872       	svchost.exe         	RPCRT4.dll                                                            	0x126000        	C:\Windows\System32\RPCRT4.dll                                                                                                  	0x7ffd13c20000        	2       	StaticDependency    
872       	svchost.exe         	ucrtbase.dll                                                          	0x100000        	C:\Windows\System32\ucrtbase.dll                                                                                                	0x7ffd13180000        	2       	StaticDependency    
872       	svchost.exe         	combase.dll                                                           	0x354000        	C:\Windows\System32\combase.dll                                                                                                 	0x7ffd150f0000        	1       	DelayloadDependency 
872       	svchost.exe         	kernel.appcore.dll                                                    	0x12000         	C:\Windows\SYSTEM32\kernel.appcore.dll                                                                                          	0x7ffd10db0000        	1       	DelayloadDependency 
872       	svchost.exe         	msvcrt.dll                                                            	0x9e000         	C:\Windows\System32\msvcrt.dll                                                                                                  	0x7ffd13af0000        	1       	StaticDependency    
872       	svchost.exe         	bcryptPrimitives.dll                                                  	0x82000         	C:\Windows\System32\bcryptPrimitives.dll                                                                                        	0x7ffd132b0000        	3       	DelayloadDependency 
872       	svchost.exe         	user32.dll                                                            	0x19d000        	C:\Windows\System32\user32.dll                                                                                                  	0x7ffd14e90000        	1       	DelayloadDependency 
872       	svchost.exe         	win32u.dll                                                            	0x22000         	C:\Windows\System32\win32u.dll                                                                                                  	0x7ffd13820000        	1       	StaticDependency    
872       	svchost.exe         	GDI32.dll                                                             	0x2c000         	C:\Windows\System32\GDI32.dll                                                                                                   	0x7ffd13bf0000        	1       	StaticDependency    
872       	svchost.exe         	gdi32full.dll                                                         	0x115000        	C:\Windows\System32\gdi32full.dll                                                                                               	0x7ffd136b0000        	1       	StaticDependency    
872       	svchost.exe         	msvcp_win.dll                                                         	0x9d000         	C:\Windows\System32\msvcp_win.dll                                                                                               	0x7ffd130e0000        	1       	StaticDependency    
872       	svchost.exe         	dssvc.dll                                                             	0x2e000         	c:\windows\system32\dssvc.dll                                                                                                   	0x7ffcf2470000        	1       	DynamicLoad         
872       	svchost.exe         	ESENT.dll                                                             	0x335000        	c:\windows\system32\ESENT.dll                                                                                                   	0x7ffd01950000        	1       	StaticDependency    
872       	svchost.exe         	WLDP.DLL                                                              	0x2e000         	C:\Windows\SYSTEM32\WLDP.DLL                                                                                                    	0x7ffd12850000        	1       	DynamicLoad         
872       	svchost.exe         	advapi32.dll                                                          	0xaf000         	C:\Windows\System32\advapi32.dll                                                                                                	0x7ffd15040000        	1       	StaticDependency    
872       	svchost.exe         	windows.storage.dll                                                   	0x793000        	C:\Windows\SYSTEM32\windows.storage.dll                                                                                         	0x7ffd10fb0000        	1       	DelayloadDependency 
872       	svchost.exe         	SHCORE.dll                                                            	0xad000         	C:\Windows\System32\SHCORE.dll                                                                                                  	0x7ffd13880000        	1       	DelayloadDependency 
872       	svchost.exe         	shlwapi.dll                                                           	0x55000         	C:\Windows\System32\shlwapi.dll                                                                                                 	0x7ffd15550000        	1       	DelayloadDependency 
872       	svchost.exe         	CRYPTBASE.DLL                                                         	0xc000          	C:\Windows\System32\CRYPTBASE.DLL                                                                                               	0x7ffd127c0000        	1       	DynamicLoad         
872       	svchost.exe         	clbcatq.dll                                                           	0xa9000         	C:\Windows\System32\clbcatq.dll                                                                                                 	0x7ffd13d50000        	1       	DelayloadDependency 
2752      	svchost.exe         	ntdll.dll                                                             	0x1f8000        	C:\Windows\SYSTEM32\ntdll.dll                                                                                                   	0x7ffd157f0000        	2       	StaticDependency    
2752      	svchost.exe         	KERNEL32.DLL                                                          	0xbf000         	C:\Windows\System32\KERNEL32.DLL                                                                                                	0x7ffd155b0000        	2       	DynamicLoad         
2752      	svchost.exe         	KERNELBASE.dll                                                        	0x2f6000        	C:\Windows\System32\KERNELBASE.dll                                                                                              	0x7ffd133b0000        	1       	StaticDependency    
2752      	svchost.exe         	sechost.dll                                                           	0x9c000         	C:\Windows\System32\sechost.dll                                                                                                 	0x7ffd15450000        	2       	StaticDependency    
2752      	svchost.exe         	RPCRT4.dll                                                            	0x126000        	C:\Windows\System32\RPCRT4.dll                                                                                                  	0x7ffd13c20000        	2       	StaticDependency    
2752      	svchost.exe         	ucrtbase.dll                                                          	0x100000        	C:\Windows\System32\ucrtbase.dll                                                                                                	0x7ffd13180000        	2       	StaticDependency    
2752      	svchost.exe         	combase.dll                                                           	0x354000        	C:\Windows\System32\combase.dll                                                                                                 	0x7ffd150f0000        	1       	DelayloadDependency 
2752      	svchost.exe         	kernel.appcore.dll                                                    	0x12000         	C:\Windows\SYSTEM32\kernel.appcore.dll                                                                                          	0x7ffd10db0000        	1       	DelayloadDependency 
2752      	svchost.exe         	msvcrt.dll                                                            	0x9e000         	C:\Windows\System32\msvcrt.dll                                                                                                  	0x7ffd13af0000        	1       	StaticDependency    
2752      	svchost.exe         	bcryptPrimitives.dll                                                  	0x82000         	C:\Windows\System32\bcryptPrimitives.dll                                                                                        	0x7ffd132b0000        	3       	DelayloadDependency 
2752      	svchost.exe         	user32.dll                                                            	0x19d000        	C:\Windows\System32\user32.dll                                                                                                  	0x7ffd14e90000        	1       	DelayloadDependency 
2752      	svchost.exe         	win32u.dll                                                            	0x22000         	C:\Windows\System32\win32u.dll                                                                                                  	0x7ffd13820000        	1       	StaticDependency    
2752      	svchost.exe         	GDI32.dll                                                             	0x2c000         	C:\Windows\System32\GDI32.dll                                                                                                   	0x7ffd13bf0000        	1       	StaticDependency    
2752      	svchost.exe         	gdi32full.dll                                                         	0x115000        	C:\Windows\System32\gdi32full.dll                                                                                               	0x7ffd136b0000        	1       	StaticDependency    
2752      	svchost.exe         	msvcp_win.dll                                                         	0x9d000         	C:\Windows\System32\msvcp_win.dll                                                                                               	0x7ffd130e0000        	1       	StaticDependency    
2752      	svchost.exe         	appinfo.dll                                                           	0x3b000         	c:\windows\system32\appinfo.dll                                                                                                 	0x7ffcff090000        	1       	DynamicLoad         
2752      	svchost.exe         	WLDP.DLL                                                              	0x2e000         	C:\Windows\SYSTEM32\WLDP.DLL                                                                                                    	0x7ffd12850000        	1       	DynamicLoad         
2752      	svchost.exe         	advapi32.dll                                                          	0xaf000         	C:\Windows\System32\advapi32.dll                                                                                                	0x7ffd15040000        	1       	StaticDependency    
2752      	svchost.exe         	appinfoext.dll                                                        	0x8000          	C:\Windows\SYSTEM32\appinfoext.dll                                                                                              	0x7ffd0e900000        	1       	DelayloadDependency 
2752      	svchost.exe         	windows.staterepositorycore.dll                                       	0x11000         	C:\Windows\SYSTEM32\windows.staterepositorycore.dll                                                                             	0x7ffd067c0000        	1       	DelayloadDependency 
2752      	svchost.exe         	capauthz.dll                                                          	0x51000         	C:\Windows\SYSTEM32\capauthz.dll                                                                                                	0x7ffd06d20000        	1       	DelayloadDependency 
2752      	svchost.exe         	OLEAUT32.dll                                                          	0xcd000         	C:\Windows\System32\OLEAUT32.dll                                                                                                	0x7ffd13e00000        	1       	StaticDependency    
2752      	svchost.exe         	shcore.dll                                                            	0xad000         	C:\Windows\System32\shcore.dll                                                                                                  	0x7ffd13880000        	1       	StaticDependency    
2752      	svchost.exe         	WINTRUST.dll                                                          	0x67000         	C:\Windows\System32\WINTRUST.dll                                                                                                	0x7ffd13340000        	1       	StaticDependency    
2752      	svchost.exe         	CRYPT32.dll                                                           	0x15e000        	C:\Windows\System32\CRYPT32.dll                                                                                                 	0x7ffd12f80000        	1       	DelayloadDependency 
2752      	svchost.exe         	MSASN1.dll                                                            	0x12000         	C:\Windows\System32\MSASN1.dll                                                                                                  	0x7ffd12a50000        	1       	DelayloadDependency 
2752      	svchost.exe         	daxexec.dll                                                           	0xaf000         	C:\Windows\SYSTEM32\daxexec.dll                                                                                                 	0x7ffcfa250000        	1       	DelayloadDependency 
2752      	svchost.exe         	FLTLIB.DLL                                                            	0xb000          	c:\windows\system32\FLTLIB.DLL                                                                                                  	0x7ffd00430000        	1       	StaticDependency    
2752      	svchost.exe         	profapi.dll                                                           	0x1f000         	c:\windows\system32\profapi.dll                                                                                                 	0x7ffd12e10000        	1       	StaticDependency    
2752      	svchost.exe         	container.dll                                                         	0x42000         	c:\windows\system32\container.dll                                                                                               	0x7ffcfa200000        	1       	StaticDependency    
2752      	svchost.exe         	windows.storage.dll                                                   	0x793000        	C:\Windows\SYSTEM32\windows.storage.dll                                                                                         	0x7ffd10fb0000        	1       	StaticDependency    
2752      	svchost.exe         	AppXDeploymentClient.dll                                              	0x104000        	c:\windows\system32\AppXDeploymentClient.dll                                                                                    	0x7ffd0c590000        	1       	StaticDependency    
2752      	svchost.exe         	IPHLPAPI.DLL                                                          	0x3c000         	c:\windows\system32\IPHLPAPI.DLL                                                                                                	0x7ffd122a0000        	1       	StaticDependency    
2752      	svchost.exe         	ntmarta.dll                                                           	0x33000         	C:\Windows\SYSTEM32\ntmarta.dll                                                                                                 	0x7ffd11f60000        	1       	DelayloadDependency 
2752      	svchost.exe         	licensemanagerapi.dll                                                 	0x1d000         	C:\Windows\SYSTEM32\licensemanagerapi.dll                                                                                       	0x7ffcf6a10000        	1       	DelayloadDependency 
2752      	svchost.exe         	rmclient.dll                                                          	0x2a000         	C:\Windows\SYSTEM32\rmclient.dll                                                                                                	0x7ffd10ac0000        	1       	DynamicLoad         
2752      	svchost.exe         	USERENV.dll                                                           	0x2e000         	c:\windows\system32\USERENV.dll                                                                                                 	0x7ffd12d90000        	1       	DelayloadDependency 
2752      	svchost.exe         	SspiCli.dll                                                           	0x32000         	C:\Windows\SYSTEM32\SspiCli.dll                                                                                                 	0x7ffd12dc0000        	1       	DelayloadDependency 
2752      	svchost.exe         	apphelp.dll                                                           	0x91000         	C:\Windows\SYSTEM32\apphelp.dll                                                                                                 	0x7ffd10730000        	2       	DelayloadDependency 
2752      	svchost.exe         	shlwapi.dll                                                           	0x55000         	C:\Windows\System32\shlwapi.dll                                                                                                 	0x7ffd15550000        	1       	DelayloadDependency 
2752      	svchost.exe         	Bcrypt.dll                                                            	0x27000         	C:\Windows\System32\Bcrypt.dll                                                                                                  	0x7ffd13280000        	3       	DynamicLoad         
2752      	svchost.exe         	NSI.dll                                                               	0x8000          	C:\Windows\System32\NSI.dll                                                                                                     	0x7ffd13870000        	1       	DelayloadDependency 
7708      	dllhost.exe         	ntdll.dll                                                             	0x1f8000        	C:\Windows\SYSTEM32\ntdll.dll                                                                                                   	0x7ffd157f0000        	2       	StaticDependency    
7708      	dllhost.exe         	KERNEL32.DLL                                                          	0xbf000         	C:\Windows\System32\KERNEL32.DLL                                                                                                	0x7ffd155b0000        	2       	DynamicLoad         
7708      	dllhost.exe         	KERNELBASE.dll                                                        	0x2f6000        	C:\Windows\System32\KERNELBASE.dll                                                                                              	0x7ffd133b0000        	1       	StaticDependency    
7708      	dllhost.exe         	ucrtbase.dll                                                          	0x100000        	C:\Windows\System32\ucrtbase.dll                                                                                                	0x7ffd13180000        	2       	StaticDependency    
7708      	dllhost.exe         	combase.dll                                                           	0x354000        	C:\Windows\System32\combase.dll                                                                                                 	0x7ffd150f0000        	2       	StaticDependency    
7708      	dllhost.exe         	RPCRT4.dll                                                            	0x126000        	C:\Windows\System32\RPCRT4.dll                                                                                                  	0x7ffd13c20000        	2       	StaticDependency    
7708      	dllhost.exe         	kernel.appcore.dll                                                    	0x12000         	C:\Windows\SYSTEM32\kernel.appcore.dll                                                                                          	0x7ffd10db0000        	1       	DelayloadDependency 
7708      	dllhost.exe         	msvcrt.dll                                                            	0x9e000         	C:\Windows\System32\msvcrt.dll                                                                                                  	0x7ffd13af0000        	1       	StaticDependency    
7708      	dllhost.exe         	bcryptPrimitives.dll                                                  	0x82000         	C:\Windows\System32\bcryptPrimitives.dll                                                                                        	0x7ffd132b0000        	3       	DelayloadDependency 
7708      	dllhost.exe         	clbcatq.dll                                                           	0xa9000         	C:\Windows\System32\clbcatq.dll                                                                                                 	0x7ffd13d50000        	1       	DelayloadDependency 
7708      	dllhost.exe         	sechost.dll                                                           	0x9c000         	C:\Windows\System32\sechost.dll                                                                                                 	0x7ffd15450000        	1       	DelayloadDependency 
7708      	dllhost.exe         	user32.dll                                                            	0x19d000        	C:\Windows\System32\user32.dll                                                                                                  	0x7ffd14e90000        	1       	DelayloadDependency 
7708      	dllhost.exe         	win32u.dll                                                            	0x22000         	C:\Windows\System32\win32u.dll                                                                                                  	0x7ffd13820000        	1       	StaticDependency    
7708      	dllhost.exe         	GDI32.dll                                                             	0x2c000         	C:\Windows\System32\GDI32.dll                                                                                                   	0x7ffd13bf0000        	1       	StaticDependency    
7708      	dllhost.exe         	gdi32full.dll                                                         	0x115000        	C:\Windows\System32\gdi32full.dll                                                                                               	0x7ffd136b0000        	1       	StaticDependency    
7708      	dllhost.exe         	msvcp_win.dll                                                         	0x9d000         	C:\Windows\System32\msvcp_win.dll                                                                                               	0x7ffd130e0000        	1       	StaticDependency    
7708      	dllhost.exe         	IMM32.DLL                                                             	0x30000         	C:\Windows\System32\IMM32.DLL                                                                                                   	0x7ffd15780000        	1       	DynamicLoad         
7708      	dllhost.exe         	uxtheme.dll                                                           	0x9e000         	C:\Windows\system32\uxtheme.dll                                                                                                 	0x7ffd108e0000        	1       	DynamicLoad         
7708      	dllhost.exe         	thumbcache.dll                                                        	0x66000         	C:\Windows\System32\thumbcache.dll                                                                                              	0x7ffcf8990000        	1       	DynamicLoad         
7708      	dllhost.exe         	shcore.dll                                                            	0xad000         	C:\Windows\System32\shcore.dll                                                                                                  	0x7ffd13880000        	1       	StaticDependency    
7708      	dllhost.exe         	propsys.dll                                                           	0xf6000         	C:\Windows\system32\propsys.dll                                                                                                 	0x7ffd0ea50000        	1       	DynamicLoad         
7708      	dllhost.exe         	PhotoMetadataHandler.dll                                              	0x81000         	C:\Windows\system32\PhotoMetadataHandler.dll                                                                                    	0x7ffd05f00000        	1       	DynamicLoad         
7708      	dllhost.exe         	WindowsCodecs.dll                                                     	0x1b4000        	C:\Windows\system32\WindowsCodecs.dll                                                                                           	0x7ffd0dba0000        	1       	StaticDependency    
7708      	dllhost.exe         	OLEAUT32.dll                                                          	0xcd000         	C:\Windows\System32\OLEAUT32.dll                                                                                                	0x7ffd13e00000        	1       	StaticDependency    
7708      	dllhost.exe         	bcrypt.dll                                                            	0x27000         	C:\Windows\System32\bcrypt.dll                                                                                                  	0x7ffd13280000        	2       	StaticDependency    
7708      	dllhost.exe         	advapi32.dll                                                          	0xaf000         	C:\Windows\System32\advapi32.dll                                                                                                	0x7ffd15040000        	1       	StaticDependency    
7708      	dllhost.exe         	OneCoreUAPCommonProxyStub.dll                                         	0x7cb000        	C:\Windows\System32\OneCoreUAPCommonProxyStub.dll                                                                               	0x7ffd0c960000        	1       	DynamicLoad         
2632      	taskhostw.exe       	ntdll.dll                                                             	0x1f8000        	C:\Windows\SYSTEM32\ntdll.dll                                                                                                   	0x7ffd157f0000        	2       	StaticDependency    
2632      	taskhostw.exe       	KERNEL32.DLL                                                          	0xbf000         	C:\Windows\System32\KERNEL32.DLL                                                                                                	0x7ffd155b0000        	2       	DynamicLoad         
2632      	taskhostw.exe       	KERNELBASE.dll                                                        	0x2f6000        	C:\Windows\System32\KERNELBASE.dll                                                                                              	0x7ffd133b0000        	1       	StaticDependency    
2632      	taskhostw.exe       	msvcrt.dll                                                            	0x9e000         	C:\Windows\System32\msvcrt.dll                                                                                                  	0x7ffd13af0000        	2       	StaticDependency    
2632      	taskhostw.exe       	RPCRT4.dll                                                            	0x126000        	C:\Windows\System32\RPCRT4.dll                                                                                                  	0x7ffd13c20000        	2       	StaticDependency    
2632      	taskhostw.exe       	combase.dll                                                           	0x354000        	C:\Windows\System32\combase.dll                                                                                                 	0x7ffd150f0000        	2       	StaticDependency    
2632      	taskhostw.exe       	ucrtbase.dll                                                          	0x100000        	C:\Windows\System32\ucrtbase.dll                                                                                                	0x7ffd13180000        	2       	StaticDependency    
2632      	taskhostw.exe       	OLEAUT32.dll                                                          	0xcd000         	C:\Windows\System32\OLEAUT32.dll                                                                                                	0x7ffd13e00000        	2       	StaticDependency    
2632      	taskhostw.exe       	msvcp_win.dll                                                         	0x9d000         	C:\Windows\System32\msvcp_win.dll                                                                                               	0x7ffd130e0000        	2       	StaticDependency    
2632      	taskhostw.exe       	imm32.dll                                                             	0x30000         	C:\Windows\System32\imm32.dll                                                                                                   	0x7ffd15780000        	1       	DelayloadDependency 
2632      	taskhostw.exe       	USER32.dll                                                            	0x19d000        	C:\Windows\System32\USER32.dll                                                                                                  	0x7ffd14e90000        	1       	StaticDependency    
2632      	taskhostw.exe       	win32u.dll                                                            	0x22000         	C:\Windows\System32\win32u.dll                                                                                                  	0x7ffd13820000        	1       	StaticDependency    
2632      	taskhostw.exe       	GDI32.dll                                                             	0x2c000         	C:\Windows\System32\GDI32.dll                                                                                                   	0x7ffd13bf0000        	1       	StaticDependency    
2632      	taskhostw.exe       	gdi32full.dll                                                         	0x115000        	C:\Windows\System32\gdi32full.dll                                                                                               	0x7ffd136b0000        	1       	StaticDependency    
2632      	taskhostw.exe       	kernel.appcore.dll                                                    	0x12000         	C:\Windows\SYSTEM32\kernel.appcore.dll                                                                                          	0x7ffd10db0000        	1       	DelayloadDependency 
2632      	taskhostw.exe       	bcryptPrimitives.dll                                                  	0x82000         	C:\Windows\System32\bcryptPrimitives.dll                                                                                        	0x7ffd132b0000        	3       	DelayloadDependency 
2632      	taskhostw.exe       	sechost.dll                                                           	0x9c000         	C:\Windows\System32\sechost.dll                                                                                                 	0x7ffd15450000        	1       	DelayloadDependency 
2632      	taskhostw.exe       	uxtheme.dll                                                           	0x9e000         	C:\Windows\system32\uxtheme.dll                                                                                                 	0x7ffd108e0000        	1       	DynamicLoad         
2632      	taskhostw.exe       	clbcatq.dll                                                           	0xa9000         	C:\Windows\System32\clbcatq.dll                                                                                                 	0x7ffd13d50000        	1       	DelayloadDependency 
2632      	taskhostw.exe       	wdi.dll                                                               	0x1f000         	C:\Windows\System32\wdi.dll                                                                                                     	0x7ffd03290000        	1       	DynamicLoad         
2632      	taskhostw.exe       	radarrs.dll                                                           	0x18000         	C:\Windows\system32\radarrs.dll                                                                                                 	0x7ffd0c4d0000        	1       	DynamicLoad         
2632      	taskhostw.exe       	ADVAPI32.dll                                                          	0xaf000         	C:\Windows\System32\ADVAPI32.dll                                                                                                	0x7ffd15040000        	1       	StaticDependency    
2632      	taskhostw.exe       	ole32.dll                                                             	0x12a000        	C:\Windows\System32\ole32.dll                                                                                                   	0x7ffd140d0000        	1       	StaticDependency    
2632      	taskhostw.exe       	SHLWAPI.dll                                                           	0x55000         	C:\Windows\System32\SHLWAPI.dll                                                                                                 	0x7ffd15550000        	1       	StaticDependency    
2632      	taskhostw.exe       	SHELL32.dll                                                           	0x744000        	C:\Windows\System32\SHELL32.dll                                                                                                 	0x7ffd14200000        	1       	StaticDependency    
2632      	taskhostw.exe       	COMCTL32.dll                                                          	0x29a000        	C:\Windows\WinSxS\amd64_microsoft.windows.common-controls_6595b64144ccf1df_6.0.19041.1110_none_60b5254171f9507e\COMCTL32.dll    	0x7ffcfbf90000        	1       	StaticDependency    
2632      	taskhostw.exe       	RstrtMgr.DLL                                                          	0x39000         	C:\Windows\system32\RstrtMgr.DLL                                                                                                	0x7ffceabc0000        	1       	StaticDependency    
2632      	taskhostw.exe       	VERSION.dll                                                           	0xa000          	C:\Windows\system32\VERSION.dll                                                                                                 	0x7ffd0b9b0000        	1       	StaticDependency    
2632      	taskhostw.exe       	ncrypt.dll                                                            	0x28000         	C:\Windows\system32\ncrypt.dll                                                                                                  	0x7ffd12930000        	1       	StaticDependency    
2632      	taskhostw.exe       	BCRYPT.DLL                                                            	0x27000         	C:\Windows\System32\BCRYPT.DLL                                                                                                  	0x7ffd13280000        	2       	StaticForwarderDependency
2632      	taskhostw.exe       	wer.dll                                                               	0xde000         	C:\Windows\system32\wer.dll                                                                                                     	0x7ffd10af0000        	1       	StaticDependency    
2632      	taskhostw.exe       	NTASN1.dll                                                            	0x3b000         	C:\Windows\system32\NTASN1.dll                                                                                                  	0x7ffd128f0000        	1       	DelayloadDependency 
2632      	taskhostw.exe       	aepic.dll                                                             	0x92000         	C:\Windows\SYSTEM32\aepic.dll                                                                                                   	0x7ffcffc90000        	1       	DelayloadDependency 
2632      	taskhostw.exe       	shcore.dll                                                            	0xad000         	C:\Windows\System32\shcore.dll                                                                                                  	0x7ffd13880000        	1       	StaticDependency    
2632      	taskhostw.exe       	ntmarta.dll                                                           	0x33000         	C:\Windows\SYSTEM32\ntmarta.dll                                                                                                 	0x7ffd11f60000        	1       	StaticDependency    
2632      	taskhostw.exe       	cryptsp.dll                                                           	0x18000         	C:\Windows\SYSTEM32\cryptsp.dll                                                                                                 	0x7ffd127a0000        	1       	StaticDependency    
2632      	taskhostw.exe       	NETAPI32.dll                                                          	0x19000         	C:\Windows\system32\NETAPI32.dll                                                                                                	0x7ffd041a0000        	1       	DelayloadDependency 
2632      	taskhostw.exe       	DSREG.DLL                                                             	0x14d000        	C:\Windows\system32\DSREG.DLL                                                                                                   	0x7ffd0fbb0000        	1       	DynamicForwarderDependency
2632      	taskhostw.exe       	msvcp110_win.dll                                                      	0x8a000         	C:\Windows\system32\msvcp110_win.dll                                                                                            	0x7ffd11fa0000        	1       	StaticDependency    
2632      	taskhostw.exe       	CRYPT32.dll                                                           	0x15e000        	C:\Windows\System32\CRYPT32.dll                                                                                                 	0x7ffd12f80000        	1       	DelayloadDependency 
2632      	taskhostw.exe       	profapi.dll                                                           	0x1f000         	C:\Windows\system32\profapi.dll                                                                                                 	0x7ffd12e10000        	1       	DelayloadDependency 
2632      	taskhostw.exe       	windows.storage.dll                                                   	0x793000        	C:\Windows\SYSTEM32\windows.storage.dll                                                                                         	0x7ffd10fb0000        	1       	DelayloadDependency 
2632      	taskhostw.exe       	Wldp.dll                                                              	0x2e000         	C:\Windows\system32\Wldp.dll                                                                                                    	0x7ffd12850000        	1       	StaticDependency    
2632      	taskhostw.exe       	XmlLite.dll                                                           	0x36000         	C:\Windows\system32\XmlLite.dll                                                                                                 	0x7ffd0ea10000        	1       	DelayloadDependency 
2632      	taskhostw.exe       	FlightSettings.dll                                                    	0xe5000         	C:\Windows\System32\FlightSettings.dll                                                                                          	0x7ffd00780000        	1       	DynamicLoad         
2632      	taskhostw.exe       	policymanager.dll                                                     	0xa3000         	C:\Windows\SYSTEM32\policymanager.dll                                                                                           	0x7ffd0c380000        	1       	DelayloadDependency 
2632      	taskhostw.exe       	twinapi.appcore.dll                                                   	0x200000        	C:\Windows\System32\twinapi.appcore.dll                                                                                         	0x7ffd0de50000        	1       	DynamicLoad         
2632      	taskhostw.exe       	netprofm.dll                                                          	0x3f000         	C:\Windows\System32\netprofm.dll                                                                                                	0x7ffd0e540000        	1       	DynamicLoad         
2632      	taskhostw.exe       	npmproxy.dll                                                          	0x10000         	C:\Windows\System32\npmproxy.dll                                                                                                	0x7ffd06c00000        	1       	DynamicLoad         
2632      	taskhostw.exe       	UMPDC.dll                                                             	0x12000         	C:\Windows\system32\UMPDC.dll                                                                                                   	0x7ffd12a70000        	1       	DelayloadDependency 
2632      	taskhostw.exe       	rmclient.dll                                                          	0x2a000         	C:\Windows\SYSTEM32\rmclient.dll                                                                                                	0x7ffd10ac0000        	1       	DelayloadDependency 
2632      	taskhostw.exe       	Windows.Security.Authentication.OnlineId.dll                          	0xf4000         	C:\Windows\System32\Windows.Security.Authentication.OnlineId.dll                                                                	0x7ffcfd3c0000        	1       	DynamicLoad         
2632      	taskhostw.exe       	OneCoreUAPCommonProxyStub.dll                                         	0x7cb000        	C:\Windows\System32\OneCoreUAPCommonProxyStub.dll                                                                               	0x7ffd0c960000        	1       	DynamicLoad         
2632      	taskhostw.exe       	DPAPI.DLL                                                             	0xa000          	C:\Windows\system32\DPAPI.DLL                                                                                                   	0x7ffd12c80000        	1       	DynamicForwarderDependency
2632      	taskhostw.exe       	CRYPTBASE.dll                                                         	0xc000          	C:\Windows\system32\CRYPTBASE.dll                                                                                               	0x7ffd127c0000        	1       	DelayloadDependency 
2632      	taskhostw.exe       	WINHTTP.dll                                                           	0x10a000        	C:\Windows\system32\WINHTTP.dll                                                                                                 	0x7ffd0a550000        	1       	DelayloadDependency 
2632      	taskhostw.exe       	WS2_32.dll                                                            	0x6b000         	C:\Windows\System32\WS2_32.dll                                                                                                  	0x7ffd14dc0000        	1       	DelayloadDependency 
2632      	taskhostw.exe       	mswsock.dll                                                           	0x6a000         	C:\Windows\system32\mswsock.dll                                                                                                 	0x7ffd125b0000        	1       	DynamicLoad         
2632      	taskhostw.exe       	IPHLPAPI.DLL                                                          	0x3c000         	C:\Windows\system32\IPHLPAPI.DLL                                                                                                	0x7ffd122a0000        	1       	DelayloadDependency 
2632      	taskhostw.exe       	WINNSI.DLL                                                            	0xb000          	C:\Windows\SYSTEM32\WINNSI.DLL                                                                                                  	0x7ffd0b6b0000        	1       	DelayloadDependency 
2632      	taskhostw.exe       	NSI.dll                                                               	0x8000          	C:\Windows\System32\NSI.dll                                                                                                     	0x7ffd13870000        	1       	StaticDependency    
2632      	taskhostw.exe       	dhcpcsvc6.DLL                                                         	0x17000         	C:\Windows\SYSTEM32\dhcpcsvc6.DLL                                                                                               	0x7ffd0b670000        	1       	DelayloadDependency 
2632      	taskhostw.exe       	dhcpcsvc.DLL                                                          	0x1d000         	C:\Windows\SYSTEM32\dhcpcsvc.DLL                                                                                                	0x7ffd0b650000        	1       	DelayloadDependency 
2632      	taskhostw.exe       	webio.dll                                                             	0x98000         	C:\Windows\system32\webio.dll                                                                                                   	0x7ffd00bf0000        	1       	DelayloadDependency 
2632      	taskhostw.exe       	SspiCli.dll                                                           	0x32000         	C:\Windows\system32\SspiCli.dll                                                                                                 	0x7ffd12dc0000        	1       	DelayloadDependency 
2632      	taskhostw.exe       	DNSAPI.dll                                                            	0xcb000         	C:\Windows\SYSTEM32\DNSAPI.dll                                                                                                  	0x7ffd122e0000        	1       	DelayloadDependency 
2632      	taskhostw.exe       	rasadhlp.dll                                                          	0xa000          	C:\Windows\System32\rasadhlp.dll                                                                                                	0x7ffd06b20000        	1       	DynamicLoad         
2632      	taskhostw.exe       	schannel.DLL                                                          	0x99000         	C:\Windows\system32\schannel.DLL                                                                                                	0x7ffd11df0000        	1       	DynamicLoad         
2632      	taskhostw.exe       	mskeyprotect.dll                                                      	0x16000         	C:\Windows\SYSTEM32\mskeyprotect.dll                                                                                            	0x7ffd00d00000        	1       	DynamicLoad         
2632      	taskhostw.exe       	ncryptsslp.dll                                                        	0x26000         	C:\Windows\system32\ncryptsslp.dll                                                                                              	0x7ffd00db0000        	1       	DynamicLoad         
2632      	taskhostw.exe       	MSASN1.dll                                                            	0x12000         	C:\Windows\system32\MSASN1.dll                                                                                                  	0x7ffd12a50000        	1       	DelayloadDependency 
2632      	taskhostw.exe       	cryptnet.dll                                                          	0x31000         	C:\Windows\system32\cryptnet.dll                                                                                                	0x7ffd00c90000        	1       	DynamicLoad         
2632      	taskhostw.exe       	MemoryDiagnostic.dll                                                  	0xd000          	C:\Windows\System32\MemoryDiagnostic.dll                                                                                        	0x7ffd0e9a0000        	1       	DynamicLoad         
2632      	taskhostw.exe       	wevtapi.dll                                                           	0x65000         	C:\Windows\System32\wevtapi.dll                                                                                                 	0x7ffd0c760000        	1       	StaticDependency    
2632      	taskhostw.exe       	bcd.dll                                                               	0x22000         	C:\Windows\System32\bcd.dll                                                                                                     	0x7ffd00440000        	1       	StaticDependency    
2632      	taskhostw.exe       	WinSATAPI.dll                                                         	0x65000         	C:\Windows\system32\WinSATAPI.dll                                                                                               	0x7ffcff1c0000        	1       	DynamicLoad         
2632      	taskhostw.exe       	SETUPAPI.dll                                                          	0x468000        	C:\Windows\System32\SETUPAPI.dll                                                                                                	0x7ffd14950000        	1       	StaticDependency    
2632      	taskhostw.exe       	cfgmgr32.dll                                                          	0x4e000         	C:\Windows\System32\cfgmgr32.dll                                                                                                	0x7ffd137d0000        	1       	StaticDependency    
2632      	taskhostw.exe       	dxgi.dll                                                              	0xf3000         	C:\Windows\system32\dxgi.dll                                                                                                    	0x7ffd11790000        	1       	StaticDependency    
2632      	taskhostw.exe       	gdiplus.dll                                                           	0x1a5000        	C:\Windows\WinSxS\amd64_microsoft.windows.gdiplus_6595b64144ccf1df_1.1.19041.2251_none_91a40448cc8846c1\gdiplus.dll             	0x7ffcf01a0000        	1       	StaticDependency    
8508      	WUDFHost.exe        	ntdll.dll                                                             	0x1f8000        	C:\Windows\SYSTEM32\ntdll.dll                                                                                                   	0x7ffd157f0000        	2       	StaticDependency    
8508      	WUDFHost.exe        	KERNEL32.DLL                                                          	0xbf000         	C:\Windows\System32\KERNEL32.DLL                                                                                                	0x7ffd155b0000        	2       	DynamicLoad         
8508      	WUDFHost.exe        	KERNELBASE.dll                                                        	0x2f6000        	C:\Windows\System32\KERNELBASE.dll                                                                                              	0x7ffd133b0000        	1       	StaticDependency    
8508      	WUDFHost.exe        	RPCRT4.dll                                                            	0x126000        	C:\Windows\System32\RPCRT4.dll                                                                                                  	0x7ffd13c20000        	2       	StaticDependency    
8508      	WUDFHost.exe        	combase.dll                                                           	0x354000        	C:\Windows\System32\combase.dll                                                                                                 	0x7ffd150f0000        	2       	StaticDependency    
8508      	WUDFHost.exe        	ucrtbase.dll                                                          	0x100000        	C:\Windows\System32\ucrtbase.dll                                                                                                	0x7ffd13180000        	2       	StaticDependency    
8508      	WUDFHost.exe        	sechost.dll                                                           	0x9c000         	C:\Windows\System32\sechost.dll                                                                                                 	0x7ffd15450000        	2       	StaticDependency    
8508      	WUDFHost.exe        	DEVOBJ.dll                                                            	0x2c000         	C:\Windows\SYSTEM32\DEVOBJ.dll                                                                                                  	0x7ffd12c30000        	2       	StaticDependency    
8508      	WUDFHost.exe        	cfgmgr32.dll                                                          	0x4e000         	C:\Windows\System32\cfgmgr32.dll                                                                                                	0x7ffd137d0000        	2       	StaticDependency    
8508      	WUDFHost.exe        	WUDFPlatform.dll                                                      	0x32000         	C:\Windows\SYSTEM32\WUDFPlatform.dll                                                                                            	0x7ffd11bd0000        	2       	StaticDependency    
8508      	WUDFHost.exe        	advapi32.dll                                                          	0xaf000         	C:\Windows\System32\advapi32.dll                                                                                                	0x7ffd15040000        	2       	StaticDependency    
8508      	WUDFHost.exe        	msvcrt.dll                                                            	0x9e000         	C:\Windows\System32\msvcrt.dll                                                                                                  	0x7ffd13af0000        	2       	StaticDependency    
8508      	WUDFHost.exe        	SspiCli.dll                                                           	0x32000         	C:\Windows\SYSTEM32\SspiCli.dll                                                                                                 	0x7ffd12dc0000        	2       	StaticDependency    
8508      	WUDFHost.exe        	kernel.appcore.dll                                                    	0x12000         	C:\Windows\SYSTEM32\kernel.appcore.dll                                                                                          	0x7ffd10db0000        	1       	DelayloadDependency 
8508      	WUDFHost.exe        	bcryptPrimitives.dll                                                  	0x82000         	C:\Windows\System32\bcryptPrimitives.dll                                                                                        	0x7ffd132b0000        	3       	DelayloadDependency 
8508      	WUDFHost.exe        	rdpidd.dll                                                            	0x43000         	c:\windows\system32\drivers\umdf\rdpidd.dll                                                                                     	0x7ffcfffd0000        	1       	DynamicLoad         
8508      	WUDFHost.exe        	msvcp_win.dll                                                         	0x9d000         	C:\Windows\System32\msvcp_win.dll                                                                                               	0x7ffd130e0000        	1       	StaticDependency    
8508      	WUDFHost.exe        	ntmarta.dll                                                           	0x33000         	C:\Windows\SYSTEM32\ntmarta.dll                                                                                                 	0x7ffd11f60000        	1       	StaticDependency    
8508      	WUDFHost.exe        	dxgi.dll                                                              	0xf3000         	C:\Windows\System32\dxgi.dll                                                                                                    	0x7ffd11790000        	1       	StaticDependency    
8508      	WUDFHost.exe        	win32u.dll                                                            	0x22000         	C:\Windows\System32\win32u.dll                                                                                                  	0x7ffd13820000        	1       	StaticDependency    
8508      	WUDFHost.exe        	d3d11.dll                                                             	0x263000        	C:\Windows\System32\d3d11.dll                                                                                                   	0x7ffd0f750000        	1       	StaticDependency    
8508      	WUDFHost.exe        	WppRecorderUM.dll                                                     	0x7000          	C:\Windows\System32\WppRecorderUM.dll                                                                                           	0x7ffd0b9a0000        	1       	StaticDependency    
8508      	WUDFHost.exe        	gdi32.dll                                                             	0x2c000         	C:\Windows\System32\gdi32.dll                                                                                                   	0x7ffd13bf0000        	1       	DynamicLoad         
8508      	WUDFHost.exe        	gdi32full.dll                                                         	0x115000        	C:\Windows\System32\gdi32full.dll                                                                                               	0x7ffd136b0000        	1       	StaticDependency    
8508      	WUDFHost.exe        	USER32.dll                                                            	0x19d000        	C:\Windows\System32\USER32.dll                                                                                                  	0x7ffd14e90000        	1       	StaticDependency    
8508      	WUDFHost.exe        	dbghelp.dll                                                           	0x1e4000        	C:\Windows\System32\dbghelp.dll                                                                                                 	0x7ffd03440000        	1       	DynamicLoad         
8508      	WUDFHost.exe        	WUDFx02000.dll                                                        	0xbb000         	C:\Windows\System32\WUDFx02000.dll                                                                                              	0x7ffcfd5b0000        	1       	DynamicLoad         
8508      	WUDFHost.exe        	iddcx.dll                                                             	0x4d000         	c:\windows\system32\drivers\umdf\iddcx.dll                                                                                      	0x7ffcffc40000        	1       	DynamicLoad         
8508      	WUDFHost.exe        	d2d1.dll                                                              	0x5c0000        	C:\Windows\System32\d2d1.dll                                                                                                    	0x7ffd0f190000        	1       	StaticDependency    
8508      	WUDFHost.exe        	DWrite.dll                                                            	0x27f000        	C:\Windows\System32\DWrite.dll                                                                                                  	0x7ffd08800000        	1       	StaticDependency    
8508      	WUDFHost.exe        	vm3dum64_loader.dll                                                   	0x4f000         	C:\Windows\System32\vm3dum64_loader.dll                                                                                         	0x7ffd0ba90000        	1       	DynamicLoad         
8508      	WUDFHost.exe        	vm3dum64_10.dll                                                       	0x9a000         	C:\Windows\System32\vm3dum64_10.dll                                                                                             	0x7ffd0b9f0000        	1       	DynamicLoad         
8508      	WUDFHost.exe        	WINMM.dll                                                             	0x27000         	C:\Windows\System32\WINMM.dll                                                                                                   	0x7ffd0b9c0000        	1       	StaticDependency    
8508      	WUDFHost.exe        	VERSION.dll                                                           	0xa000          	C:\Windows\System32\VERSION.dll                                                                                                 	0x7ffd0b9b0000        	1       	StaticDependency    
8508      	WUDFHost.exe        	dxcore.dll                                                            	0x3b000         	C:\Windows\SYSTEM32\dxcore.dll                                                                                                  	0x7ffd0db60000        	1       	DelayloadDependency 
7456      	Procmon64.exe       	ntdll.dll                                                             	0x1f8000        	C:\Windows\SYSTEM32\ntdll.dll                                                                                                   	0x7ffd157f0000        	2       	StaticDependency    
7456      	Procmon64.exe       	KERNEL32.DLL                                                          	0xbf000         	C:\Windows\System32\KERNEL32.DLL                                                                                                	0x7ffd155b0000        	2       	DynamicLoad         
7456      	Procmon64.exe       	KERNELBASE.dll                                                        	0x2f6000        	C:\Windows\System32\KERNELBASE.dll                                                                                              	0x7ffd133b0000        	1       	StaticDependency    
7456      	Procmon64.exe       	apphelp.dll                                                           	0x91000         	C:\Windows\SYSTEM32\apphelp.dll                                                                                                 	0x7ffd10730000        	2       	DynamicLoad         
7456      	Procmon64.exe       	WS2_32.dll                                                            	0x6b000         	C:\Windows\System32\WS2_32.dll                                                                                                  	0x7ffd14dc0000        	2       	StaticDependency    
7456      	Procmon64.exe       	RPCRT4.dll                                                            	0x126000        	C:\Windows\System32\RPCRT4.dll                                                                                                  	0x7ffd13c20000        	2       	StaticDependency    
7456      	Procmon64.exe       	USER32.dll                                                            	0x19d000        	C:\Windows\System32\USER32.dll                                                                                                  	0x7ffd14e90000        	2       	StaticDependency    
7456      	Procmon64.exe       	win32u.dll                                                            	0x22000         	C:\Windows\System32\win32u.dll                                                                                                  	0x7ffd13820000        	2       	StaticDependency    
7456      	Procmon64.exe       	GDI32.dll                                                             	0x2c000         	C:\Windows\System32\GDI32.dll                                                                                                   	0x7ffd13bf0000        	2       	StaticDependency    
7456      	Procmon64.exe       	gdi32full.dll                                                         	0x115000        	C:\Windows\System32\gdi32full.dll                                                                                               	0x7ffd136b0000        	2       	StaticDependency    
7456      	Procmon64.exe       	msvcp_win.dll                                                         	0x9d000         	C:\Windows\System32\msvcp_win.dll                                                                                               	0x7ffd130e0000        	2       	StaticDependency    
7456      	Procmon64.exe       	ucrtbase.dll                                                          	0x100000        	C:\Windows\System32\ucrtbase.dll                                                                                                	0x7ffd13180000        	2       	StaticDependency    
7456      	Procmon64.exe       	COMDLG32.dll                                                          	0xda000         	C:\Windows\System32\COMDLG32.dll                                                                                                	0x7ffd13ed0000        	2       	StaticDependency    
7456      	Procmon64.exe       	msvcrt.dll                                                            	0x9e000         	C:\Windows\System32\msvcrt.dll                                                                                                  	0x7ffd13af0000        	2       	StaticDependency    
7456      	Procmon64.exe       	combase.dll                                                           	0x354000        	C:\Windows\System32\combase.dll                                                                                                 	0x7ffd150f0000        	2       	StaticDependency    
7456      	Procmon64.exe       	shcore.dll                                                            	0xad000         	C:\Windows\System32\shcore.dll                                                                                                  	0x7ffd13880000        	2       	StaticDependency    
7456      	Procmon64.exe       	SHLWAPI.dll                                                           	0x55000         	C:\Windows\System32\SHLWAPI.dll                                                                                                 	0x7ffd15550000        	2       	StaticDependency    
7456      	Procmon64.exe       	SHELL32.dll                                                           	0x744000        	C:\Windows\System32\SHELL32.dll                                                                                                 	0x7ffd14200000        	2       	StaticDependency    
7456      	Procmon64.exe       	VERSION.dll                                                           	0xa000          	C:\Windows\SYSTEM32\VERSION.dll                                                                                                 	0x7ffd0b9b0000        	2       	StaticDependency    
7456      	Procmon64.exe       	COMCTL32.dll                                                          	0x29a000        	C:\Windows\WinSxS\amd64_microsoft.windows.common-controls_6595b64144ccf1df_6.0.19041.1110_none_60b5254171f9507e\COMCTL32.dll    	0x7ffcfbf90000        	2       	StaticDependency    
7456      	Procmon64.exe       	ADVAPI32.dll                                                          	0xaf000         	C:\Windows\System32\ADVAPI32.dll                                                                                                	0x7ffd15040000        	2       	StaticDependency    
7456      	Procmon64.exe       	sechost.dll                                                           	0x9c000         	C:\Windows\System32\sechost.dll                                                                                                 	0x7ffd15450000        	2       	StaticDependency    
7456      	Procmon64.exe       	FLTLIB.DLL                                                            	0xb000          	C:\Windows\SYSTEM32\FLTLIB.DLL                                                                                                  	0x7ffd00430000        	2       	StaticDependency    
7456      	Procmon64.exe       	ole32.dll                                                             	0x12a000        	C:\Windows\System32\ole32.dll                                                                                                   	0x7ffd140d0000        	2       	StaticDependency    
7456      	Procmon64.exe       	OLEAUT32.dll                                                          	0xcd000         	C:\Windows\System32\OLEAUT32.dll                                                                                                	0x7ffd13e00000        	2       	StaticDependency    
7456      	Procmon64.exe       	UxTheme.dll                                                           	0x9e000         	C:\Windows\SYSTEM32\UxTheme.dll                                                                                                 	0x7ffd108e0000        	2       	StaticDependency    
7456      	Procmon64.exe       	dwmapi.dll                                                            	0x2f000         	C:\Windows\SYSTEM32\dwmapi.dll                                                                                                  	0x7ffd10bd0000        	2       	StaticDependency    
7456      	Procmon64.exe       	IMM32.DLL                                                             	0x30000         	C:\Windows\System32\IMM32.DLL                                                                                                   	0x7ffd15780000        	1       	DynamicLoad         
7456      	Procmon64.exe       	Riched32.dll                                                          	0x7000          	C:\Windows\SYSTEM32\Riched32.dll                                                                                                	0x7ffd0e9b0000        	1       	DynamicLoad         
7456      	Procmon64.exe       	RICHED20.dll                                                          	0x9a000         	C:\Windows\SYSTEM32\RICHED20.dll                                                                                                	0x7ffcff5b0000        	1       	StaticDependency    
7456      	Procmon64.exe       	USP10.dll                                                             	0x19000         	C:\Windows\SYSTEM32\USP10.dll                                                                                                   	0x7ffd0e890000        	1       	StaticDependency    
7456      	Procmon64.exe       	msls31.dll                                                            	0x39000         	C:\Windows\SYSTEM32\msls31.dll                                                                                                  	0x7ffd004f0000        	1       	StaticDependency    
7456      	Procmon64.exe       	MSCTF.dll                                                             	0x114000        	C:\Windows\System32\MSCTF.dll                                                                                                   	0x7ffd13fb0000        	1       	DelayloadDependency 
7456      	Procmon64.exe       	kernel.appcore.dll                                                    	0x12000         	C:\Windows\SYSTEM32\kernel.appcore.dll                                                                                          	0x7ffd10db0000        	1       	DelayloadDependency 
7456      	Procmon64.exe       	bcryptPrimitives.dll                                                  	0x82000         	C:\Windows\System32\bcryptPrimitives.dll                                                                                        	0x7ffd132b0000        	3       	DelayloadDependency 
7456      	Procmon64.exe       	textinputframework.dll                                                	0xfa000         	C:\Windows\SYSTEM32\textinputframework.dll                                                                                      	0x7ffd0a940000        	1       	DelayloadDependency 
7456      	Procmon64.exe       	CoreUIComponents.dll                                                  	0x35e000        	C:\Windows\System32\CoreUIComponents.dll                                                                                        	0x7ffd0fd10000        	2       	StaticDependency    
7456      	Procmon64.exe       	CoreMessaging.dll                                                     	0xf2000         	C:\Windows\System32\CoreMessaging.dll                                                                                           	0x7ffd103f0000        	2       	StaticDependency    
7456      	Procmon64.exe       	ntmarta.dll                                                           	0x33000         	C:\Windows\SYSTEM32\ntmarta.dll                                                                                                 	0x7ffd11f60000        	1       	StaticDependency    
7456      	Procmon64.exe       	wintypes.dll                                                          	0x154000        	C:\Windows\SYSTEM32\wintypes.dll                                                                                                	0x7ffd0ebd0000        	1       	StaticDependency    
7456      	Procmon64.exe       	TextShaping.dll                                                       	0xac000         	C:\Windows\SYSTEM32\TextShaping.dll                                                                                             	0x7ffd06b50000        	1       	DelayloadDependency 
7456      	Procmon64.exe       	windows.storage.dll                                                   	0x793000        	C:\Windows\SYSTEM32\windows.storage.dll                                                                                         	0x7ffd10fb0000        	1       	DelayloadDependency 
7456      	Procmon64.exe       	Wldp.dll                                                              	0x2e000         	C:\Windows\SYSTEM32\Wldp.dll                                                                                                    	0x7ffd12850000        	1       	StaticDependency    
7456      	Procmon64.exe       	PROPSYS.dll                                                           	0xf6000         	C:\Windows\SYSTEM32\PROPSYS.dll                                                                                                 	0x7ffd0ea50000        	1       	DelayloadDependency 
7456      	Procmon64.exe       	clbcatq.dll                                                           	0xa9000         	C:\Windows\System32\clbcatq.dll                                                                                                 	0x7ffd13d50000        	1       	DelayloadDependency 
7456      	Procmon64.exe       	profapi.dll                                                           	0x1f000         	C:\Windows\SYSTEM32\profapi.dll                                                                                                 	0x7ffd12e10000        	1       	DelayloadDependency 
7456      	Procmon64.exe       	CFGMGR32.dll                                                          	0x4e000         	C:\Windows\System32\CFGMGR32.dll                                                                                                	0x7ffd137d0000        	1       	DelayloadDependency 
7456      	Procmon64.exe       	edputil.dll                                                           	0x24000         	C:\Windows\SYSTEM32\edputil.dll                                                                                                 	0x7ffcfb770000        	1       	DelayloadDependency 
7456      	Procmon64.exe       	urlmon.dll                                                            	0x1ec000        	C:\Windows\SYSTEM32\urlmon.dll                                                                                                  	0x7ffd08ce0000        	1       	DelayloadDependency 
7456      	Procmon64.exe       	iertutil.dll                                                          	0x2b1000        	C:\Windows\SYSTEM32\iertutil.dll                                                                                                	0x7ffd09010000        	1       	StaticDependency    
7456      	Procmon64.exe       	srvcli.dll                                                            	0x28000         	C:\Windows\SYSTEM32\srvcli.dll                                                                                                  	0x7ffd08cb0000        	1       	StaticDependency    
7456      	Procmon64.exe       	netutils.dll                                                          	0xc000          	C:\Windows\SYSTEM32\netutils.dll                                                                                                	0x7ffd123b0000        	1       	StaticDependency    
7456      	Procmon64.exe       	SspiCli.dll                                                           	0x32000         	C:\Windows\SYSTEM32\SspiCli.dll                                                                                                 	0x7ffd12dc0000        	1       	DelayloadDependency 
7456      	Procmon64.exe       	virtdisk.dll                                                          	0x13000         	C:\Windows\SYSTEM32\virtdisk.dll                                                                                                	0x7ffd00470000        	2       	DynamicLoad         
7456      	Procmon64.exe       	MPR.dll                                                               	0x1d000         	C:\Windows\SYSTEM32\MPR.dll                                                                                                     	0x7ffd02ca0000        	1       	DelayloadDependency 
7456      	Procmon64.exe       	pcacli.dll                                                            	0x16000         	C:\Windows\SYSTEM32\pcacli.dll                                                                                                  	0x7ffcf6210000        	1       	DelayloadDependency 
7456      	Procmon64.exe       	sfc_os.dll                                                            	0x12000         	C:\Windows\System32\sfc_os.dll                                                                                                  	0x7ffcfc910000        	1       	DynamicLoad         
7456      	Procmon64.exe       	SETUPAPI.dll                                                          	0x468000        	C:\Windows\System32\SETUPAPI.dll                                                                                                	0x7ffd14950000        	1       	DelayloadDependency 
7456      	Procmon64.exe       	bcrypt.dll                                                            	0x27000         	C:\Windows\System32\bcrypt.dll                                                                                                  	0x7ffd13280000        	2       	StaticDependency    
2804      	Procmon64.exe       	ntdll.dll                                                             	0x1f8000        	C:\Windows\SYSTEM32\ntdll.dll                                                                                                   	0x7ffd157f0000        	2       	StaticDependency    
2804      	Procmon64.exe       	KERNEL32.DLL                                                          	0xbf000         	C:\Windows\System32\KERNEL32.DLL                                                                                                	0x7ffd155b0000        	2       	DynamicLoad         
2804      	Procmon64.exe       	KERNELBASE.dll                                                        	0x2f6000        	C:\Windows\System32\KERNELBASE.dll                                                                                              	0x7ffd133b0000        	1       	StaticDependency    
2804      	Procmon64.exe       	apphelp.dll                                                           	0x91000         	C:\Windows\SYSTEM32\apphelp.dll                                                                                                 	0x7ffd10730000        	2       	DynamicLoad         
2804      	Procmon64.exe       	WS2_32.dll                                                            	0x6b000         	C:\Windows\System32\WS2_32.dll                                                                                                  	0x7ffd14dc0000        	2       	StaticDependency    
2804      	Procmon64.exe       	RPCRT4.dll                                                            	0x126000        	C:\Windows\System32\RPCRT4.dll                                                                                                  	0x7ffd13c20000        	2       	StaticDependency    
2804      	Procmon64.exe       	USER32.dll                                                            	0x19d000        	C:\Windows\System32\USER32.dll                                                                                                  	0x7ffd14e90000        	2       	StaticDependency    
2804      	Procmon64.exe       	win32u.dll                                                            	0x22000         	C:\Windows\System32\win32u.dll                                                                                                  	0x7ffd13820000        	2       	StaticDependency    
2804      	Procmon64.exe       	GDI32.dll                                                             	0x2c000         	C:\Windows\System32\GDI32.dll                                                                                                   	0x7ffd13bf0000        	2       	StaticDependency    
2804      	Procmon64.exe       	gdi32full.dll                                                         	0x115000        	C:\Windows\System32\gdi32full.dll                                                                                               	0x7ffd136b0000        	2       	StaticDependency    
2804      	Procmon64.exe       	msvcp_win.dll                                                         	0x9d000         	C:\Windows\System32\msvcp_win.dll                                                                                               	0x7ffd130e0000        	2       	StaticDependency    
2804      	Procmon64.exe       	ucrtbase.dll                                                          	0x100000        	C:\Windows\System32\ucrtbase.dll                                                                                                	0x7ffd13180000        	2       	StaticDependency    
2804      	Procmon64.exe       	COMDLG32.dll                                                          	0xda000         	C:\Windows\System32\COMDLG32.dll                                                                                                	0x7ffd13ed0000        	2       	StaticDependency    
2804      	Procmon64.exe       	msvcrt.dll                                                            	0x9e000         	C:\Windows\System32\msvcrt.dll                                                                                                  	0x7ffd13af0000        	2       	StaticDependency    
2804      	Procmon64.exe       	combase.dll                                                           	0x354000        	C:\Windows\System32\combase.dll                                                                                                 	0x7ffd150f0000        	2       	StaticDependency    
2804      	Procmon64.exe       	shcore.dll                                                            	0xad000         	C:\Windows\System32\shcore.dll                                                                                                  	0x7ffd13880000        	2       	StaticDependency    
2804      	Procmon64.exe       	SHLWAPI.dll                                                           	0x55000         	C:\Windows\System32\SHLWAPI.dll                                                                                                 	0x7ffd15550000        	2       	StaticDependency    
2804      	Procmon64.exe       	SHELL32.dll                                                           	0x744000        	C:\Windows\System32\SHELL32.dll                                                                                                 	0x7ffd14200000        	2       	StaticDependency    
2804      	Procmon64.exe       	ADVAPI32.dll                                                          	0xaf000         	C:\Windows\System32\ADVAPI32.dll                                                                                                	0x7ffd15040000        	2       	StaticDependency    
2804      	Procmon64.exe       	sechost.dll                                                           	0x9c000         	C:\Windows\System32\sechost.dll                                                                                                 	0x7ffd15450000        	2       	StaticDependency    
2804      	Procmon64.exe       	ole32.dll                                                             	0x12a000        	C:\Windows\System32\ole32.dll                                                                                                   	0x7ffd140d0000        	2       	StaticDependency    
2804      	Procmon64.exe       	OLEAUT32.dll                                                          	0xcd000         	C:\Windows\System32\OLEAUT32.dll                                                                                                	0x7ffd13e00000        	2       	StaticDependency    
2804      	Procmon64.exe       	VERSION.dll                                                           	0xa000          	C:\Windows\SYSTEM32\VERSION.dll                                                                                                 	0x7ffd0b9b0000        	2       	StaticDependency    
2804      	Procmon64.exe       	FLTLIB.DLL                                                            	0xb000          	C:\Windows\SYSTEM32\FLTLIB.DLL                                                                                                  	0x7ffd00430000        	2       	StaticDependency    
2804      	Procmon64.exe       	COMCTL32.dll                                                          	0x29a000        	C:\Windows\WinSxS\amd64_microsoft.windows.common-controls_6595b64144ccf1df_6.0.19041.1110_none_60b5254171f9507e\COMCTL32.dll    	0x7ffcfbf90000        	2       	StaticDependency    
2804      	Procmon64.exe       	dwmapi.dll                                                            	0x2f000         	C:\Windows\SYSTEM32\dwmapi.dll                                                                                                  	0x7ffd10bd0000        	2       	StaticDependency    
2804      	Procmon64.exe       	UxTheme.dll                                                           	0x9e000         	C:\Windows\SYSTEM32\UxTheme.dll                                                                                                 	0x7ffd108e0000        	2       	StaticDependency    
2804      	Procmon64.exe       	IMM32.DLL                                                             	0x30000         	C:\Windows\System32\IMM32.DLL                                                                                                   	0x7ffd15780000        	1       	DynamicLoad         
2804      	Procmon64.exe       	kernel.appcore.dll                                                    	0x12000         	C:\Windows\SYSTEM32\kernel.appcore.dll                                                                                          	0x7ffd10db0000        	1       	DelayloadDependency 
2804      	Procmon64.exe       	bcryptPrimitives.dll                                                  	0x82000         	C:\Windows\System32\bcryptPrimitives.dll                                                                                        	0x7ffd132b0000        	3       	DelayloadDependency 
2804      	Procmon64.exe       	windows.storage.dll                                                   	0x793000        	C:\Windows\SYSTEM32\windows.storage.dll                                                                                         	0x7ffd10fb0000        	1       	DelayloadDependency 
2804      	Procmon64.exe       	Wldp.dll                                                              	0x2e000         	C:\Windows\SYSTEM32\Wldp.dll                                                                                                    	0x7ffd12850000        	1       	StaticDependency    
2804      	Procmon64.exe       	dbghelp.dll                                                           	0x1e4000        	C:\Windows\SYSTEM32\dbghelp.dll                                                                                                 	0x7ffd03440000        	1       	DynamicLoad         
2804      	Procmon64.exe       	atlthunk.dll                                                          	0xd000          	C:\Windows\SYSTEM32\atlthunk.dll                                                                                                	0x7ffcf1bc0000        	1       	DynamicLoad         
2804      	Procmon64.exe       	MSCTF.dll                                                             	0x114000        	C:\Windows\System32\MSCTF.dll                                                                                                   	0x7ffd13fb0000        	1       	DelayloadDependency 
2804      	Procmon64.exe       	TextShaping.dll                                                       	0xac000         	C:\Windows\SYSTEM32\TextShaping.dll                                                                                             	0x7ffd06b50000        	1       	DelayloadDependency 
2804      	Procmon64.exe       	textinputframework.dll                                                	0xfa000         	C:\Windows\SYSTEM32\textinputframework.dll                                                                                      	0x7ffd0a940000        	1       	DelayloadDependency 
2804      	Procmon64.exe       	CoreUIComponents.dll                                                  	0x35e000        	C:\Windows\System32\CoreUIComponents.dll                                                                                        	0x7ffd0fd10000        	2       	StaticDependency    
2804      	Procmon64.exe       	CoreMessaging.dll                                                     	0xf2000         	C:\Windows\System32\CoreMessaging.dll                                                                                           	0x7ffd103f0000        	2       	StaticDependency    
2804      	Procmon64.exe       	ntmarta.dll                                                           	0x33000         	C:\Windows\SYSTEM32\ntmarta.dll                                                                                                 	0x7ffd11f60000        	1       	StaticDependency    
2804      	Procmon64.exe       	wintypes.dll                                                          	0x154000        	C:\Windows\SYSTEM32\wintypes.dll                                                                                                	0x7ffd0ebd0000        	1       	StaticDependency    
2804      	Procmon64.exe       	clbcatq.dll                                                           	0xa9000         	C:\Windows\System32\clbcatq.dll                                                                                                 	0x7ffd13d50000        	1       	DelayloadDependency 
2804      	Procmon64.exe       	dataexchange.dll                                                      	0x3e000         	C:\Windows\system32\dataexchange.dll                                                                                            	0x7ffcf8c20000        	1       	DynamicLoad         
2804      	Procmon64.exe       	d3d11.dll                                                             	0x263000        	C:\Windows\system32\d3d11.dll                                                                                                   	0x7ffd0f750000        	1       	StaticDependency    
2804      	Procmon64.exe       	dcomp.dll                                                             	0x1e3000        	C:\Windows\system32\dcomp.dll                                                                                                   	0x7ffd0f9c0000        	1       	StaticDependency    
2804      	Procmon64.exe       	dxgi.dll                                                              	0xf3000         	C:\Windows\system32\dxgi.dll                                                                                                    	0x7ffd11790000        	1       	StaticDependency    
2804      	Procmon64.exe       	twinapi.appcore.dll                                                   	0x200000        	C:\Windows\system32\twinapi.appcore.dll                                                                                         	0x7ffd0de50000        	1       	DelayloadDependency 
2804      	Procmon64.exe       	PROPSYS.dll                                                           	0xf6000         	C:\Windows\SYSTEM32\PROPSYS.dll                                                                                                 	0x7ffd0ea50000        	1       	DelayloadDependency 
2804      	Procmon64.exe       	WindowsCodecs.dll                                                     	0x1b4000        	C:\Windows\SYSTEM32\WindowsCodecs.dll                                                                                           	0x7ffd0dba0000        	1       	DelayloadDependency 
2804      	Procmon64.exe       	bcrypt.dll                                                            	0x27000         	C:\Windows\System32\bcrypt.dll                                                                                                  	0x7ffd13280000        	2       	StaticDependency    
2804      	Procmon64.exe       	profapi.dll                                                           	0x1f000         	C:\Windows\SYSTEM32\profapi.dll                                                                                                 	0x7ffd12e10000        	1       	DelayloadDependency 
2804      	Procmon64.exe       	thumbcache.dll                                                        	0x66000         	C:\Windows\System32\thumbcache.dll                                                                                              	0x7ffcf8990000        	1       	DynamicLoad         
2804      	Procmon64.exe       	policymanager.dll                                                     	0xa3000         	C:\Windows\SYSTEM32\policymanager.dll                                                                                           	0x7ffd0c380000        	1       	DelayloadDependency 
2804      	Procmon64.exe       	msvcp110_win.dll                                                      	0x8a000         	C:\Windows\SYSTEM32\msvcp110_win.dll                                                                                            	0x7ffd11fa0000        	1       	StaticDependency    
2804      	Procmon64.exe       	wbemprox.dll                                                          	0x11000         	C:\Windows\system32\wbem\wbemprox.dll                                                                                           	0x7ffd025c0000        	1       	DynamicLoad         
2804      	Procmon64.exe       	wbemcomn.dll                                                          	0x90000         	C:\Windows\SYSTEM32\wbemcomn.dll                                                                                                	0x7ffd04590000        	1       	StaticDependency    
2804      	Procmon64.exe       	wbemsvc.dll                                                           	0x14000         	C:\Windows\system32\wbem\wbemsvc.dll                                                                                            	0x7ffd00f00000        	1       	DynamicLoad         
2804      	Procmon64.exe       	fastprox.dll                                                          	0x10b000        	C:\Windows\system32\wbem\fastprox.dll                                                                                           	0x7ffd00f20000        	1       	DynamicLoad         
2804      	Procmon64.exe       	amsi.dll                                                              	0x1f000         	C:\Windows\SYSTEM32\amsi.dll                                                                                                    	0x7ffd00410000        	1       	DynamicLoad         
2804      	Procmon64.exe       	USERENV.dll                                                           	0x2e000         	C:\Windows\SYSTEM32\USERENV.dll                                                                                                 	0x7ffd12d90000        	1       	DelayloadDependency 
2804      	Procmon64.exe       	MpOav.dll                                                             	0xa0000         	C:\ProgramData\Microsoft\Windows Defender\Platform\4.18.25070.5-0\MpOav.dll                                                     	0x7ffcc4b10000        	1       	DynamicLoad         
2804      	Procmon64.exe       	mswsock.dll                                                           	0x6a000         	C:\Windows\System32\mswsock.dll                                                                                                 	0x7ffd125b0000        	1       	DynamicLoad         
2804      	Procmon64.exe       	DNSAPI.dll                                                            	0xcb000         	C:\Windows\SYSTEM32\DNSAPI.dll                                                                                                  	0x7ffd122e0000        	1       	DelayloadDependency 
2804      	Procmon64.exe       	IPHLPAPI.DLL                                                          	0x3c000         	C:\Windows\SYSTEM32\IPHLPAPI.DLL                                                                                                	0x7ffd122a0000        	1       	DelayloadDependency 
2804      	Procmon64.exe       	NSI.dll                                                               	0x8000          	C:\Windows\System32\NSI.dll                                                                                                     	0x7ffd13870000        	1       	DelayloadDependency 
2804      	Procmon64.exe       	napinsp.dll                                                           	0x17000         	C:\Windows\system32\napinsp.dll                                                                                                 	0x7ffccbfb0000        	1       	DynamicLoad         
2804      	Procmon64.exe       	pnrpnsp.dll                                                           	0x1b000         	C:\Windows\system32\pnrpnsp.dll                                                                                                 	0x7ffcff420000        	1       	DynamicLoad         
2804      	Procmon64.exe       	wshbth.dll                                                            	0x15000         	C:\Windows\system32\wshbth.dll                                                                                                  	0x7ffcf9900000        	1       	DynamicLoad         
2804      	Procmon64.exe       	NLAapi.dll                                                            	0x1d000         	C:\Windows\system32\NLAapi.dll                                                                                                  	0x7ffd0e700000        	1       	DynamicLoad         
2804      	Procmon64.exe       	winrnr.dll                                                            	0x12000         	C:\Windows\System32\winrnr.dll                                                                                                  	0x7ffcff440000        	1       	DynamicLoad         
2804      	Procmon64.exe       	rasadhlp.dll                                                          	0xa000          	C:\Windows\System32\rasadhlp.dll                                                                                                	0x7ffd06b20000        	1       	DynamicLoad         
5804      	svchost.exe         	ntdll.dll                                                             	0x1f8000        	C:\Windows\SYSTEM32\ntdll.dll                                                                                                   	0x7ffd157f0000        	2       	StaticDependency    
5804      	svchost.exe         	KERNEL32.DLL                                                          	0xbf000         	C:\Windows\System32\KERNEL32.DLL                                                                                                	0x7ffd155b0000        	2       	DynamicLoad         
5804      	svchost.exe         	KERNELBASE.dll                                                        	0x2f6000        	C:\Windows\System32\KERNELBASE.dll                                                                                              	0x7ffd133b0000        	1       	StaticDependency    
5804      	svchost.exe         	sechost.dll                                                           	0x9c000         	C:\Windows\System32\sechost.dll                                                                                                 	0x7ffd15450000        	2       	StaticDependency    
5804      	svchost.exe         	RPCRT4.dll                                                            	0x126000        	C:\Windows\System32\RPCRT4.dll                                                                                                  	0x7ffd13c20000        	2       	StaticDependency    
5804      	svchost.exe         	ucrtbase.dll                                                          	0x100000        	C:\Windows\System32\ucrtbase.dll                                                                                                	0x7ffd13180000        	2       	StaticDependency    
5804      	svchost.exe         	combase.dll                                                           	0x354000        	C:\Windows\System32\combase.dll                                                                                                 	0x7ffd150f0000        	1       	DelayloadDependency 
5804      	svchost.exe         	kernel.appcore.dll                                                    	0x12000         	C:\Windows\SYSTEM32\kernel.appcore.dll                                                                                          	0x7ffd10db0000        	1       	DelayloadDependency 
5804      	svchost.exe         	msvcrt.dll                                                            	0x9e000         	C:\Windows\System32\msvcrt.dll                                                                                                  	0x7ffd13af0000        	1       	StaticDependency    
5804      	svchost.exe         	bcryptPrimitives.dll                                                  	0x82000         	C:\Windows\System32\bcryptPrimitives.dll                                                                                        	0x7ffd132b0000        	3       	DelayloadDependency 
5804      	svchost.exe         	user32.dll                                                            	0x19d000        	C:\Windows\System32\user32.dll                                                                                                  	0x7ffd14e90000        	1       	DelayloadDependency 
5804      	svchost.exe         	win32u.dll                                                            	0x22000         	C:\Windows\System32\win32u.dll                                                                                                  	0x7ffd13820000        	1       	StaticDependency    
5804      	svchost.exe         	GDI32.dll                                                             	0x2c000         	C:\Windows\System32\GDI32.dll                                                                                                   	0x7ffd13bf0000        	1       	StaticDependency    
5804      	svchost.exe         	gdi32full.dll                                                         	0x115000        	C:\Windows\System32\gdi32full.dll                                                                                               	0x7ffd136b0000        	1       	StaticDependency    
5804      	svchost.exe         	msvcp_win.dll                                                         	0x9d000         	C:\Windows\System32\msvcp_win.dll                                                                                               	0x7ffd130e0000        	1       	StaticDependency    
5804      	svchost.exe         	appmgmts.dll                                                          	0x38000         	c:\windows\system32\appmgmts.dll                                                                                                	0x7ffcff240000        	1       	DynamicLoad         
5804      	svchost.exe         	OLEAUT32.dll                                                          	0xcd000         	C:\Windows\System32\OLEAUT32.dll                                                                                                	0x7ffd13e00000        	1       	StaticDependency    
5804      	svchost.exe         	ADVAPI32.dll                                                          	0xaf000         	C:\Windows\System32\ADVAPI32.dll                                                                                                	0x7ffd15040000        	1       	StaticDependency    
5804      	svchost.exe         	adsldpc.dll                                                           	0x44000         	c:\windows\system32\adsldpc.dll                                                                                                 	0x7ffcfdce0000        	1       	StaticDependency    
5804      	svchost.exe         	WLDAP32.dll                                                           	0x56000         	C:\Windows\System32\WLDAP32.dll                                                                                                 	0x7ffd14e30000        	1       	StaticDependency    
5804      	svchost.exe         	USERENV.dll                                                           	0x2e000         	c:\windows\system32\USERENV.dll                                                                                                 	0x7ffd12d90000        	1       	StaticDependency    
5804      	svchost.exe         	WLDP.DLL                                                              	0x2e000         	C:\Windows\SYSTEM32\WLDP.DLL                                                                                                    	0x7ffd12850000        	1       	DynamicLoad         
6240      	WindowsTermina      	ntdll.dll                                                             	0x1f8000        	C:\Windows\SYSTEM32\ntdll.dll                                                                                                   	0x7ffd157f0000        	2       	StaticDependency    
6240      	WindowsTermina      	KERNEL32.DLL                                                          	0xbf000         	C:\Windows\System32\KERNEL32.DLL                                                                                                	0x7ffd155b0000        	2       	DynamicLoad         
6240      	WindowsTermina      	KERNELBASE.dll                                                        	0x2f6000        	C:\Windows\System32\KERNELBASE.dll                                                                                              	0x7ffd133b0000        	1       	StaticDependency    
6240      	WindowsTermina      	user32.dll                                                            	0x19d000        	C:\Windows\System32\user32.dll                                                                                                  	0x7ffd14e90000        	2       	StaticDependency    
6240      	WindowsTermina      	win32u.dll                                                            	0x22000         	C:\Windows\System32\win32u.dll                                                                                                  	0x7ffd13820000        	2       	StaticDependency    
6240      	WindowsTermina      	GDI32.dll                                                             	0x2c000         	C:\Windows\System32\GDI32.dll                                                                                                   	0x7ffd13bf0000        	2       	StaticDependency    
6240      	WindowsTermina      	gdi32full.dll                                                         	0x115000        	C:\Windows\System32\gdi32full.dll                                                                                               	0x7ffd136b0000        	2       	StaticDependency    
6240      	WindowsTermina      	msvcp_win.dll                                                         	0x9d000         	C:\Windows\System32\msvcp_win.dll                                                                                               	0x7ffd130e0000        	2       	StaticDependency    
6240      	WindowsTermina      	ucrtbase.dll                                                          	0x100000        	C:\Windows\System32\ucrtbase.dll                                                                                                	0x7ffd13180000        	2       	StaticDependency    
6240      	WindowsTermina      	shcore.dll                                                            	0xad000         	C:\Windows\System32\shcore.dll                                                                                                  	0x7ffd13880000        	2       	StaticDependency    
6240      	WindowsTermina      	msvcrt.dll                                                            	0x9e000         	C:\Windows\System32\msvcrt.dll                                                                                                  	0x7ffd13af0000        	2       	StaticDependency    
6240      	WindowsTermina      	combase.dll                                                           	0x354000        	C:\Windows\System32\combase.dll                                                                                                 	0x7ffd150f0000        	2       	StaticDependency    
6240      	WindowsTermina      	RPCRT4.dll                                                            	0x126000        	C:\Windows\System32\RPCRT4.dll                                                                                                  	0x7ffd13c20000        	2       	StaticDependency    
6240      	WindowsTermina      	SHELL32.dll                                                           	0x744000        	C:\Windows\System32\SHELL32.dll                                                                                                 	0x7ffd14200000        	2       	StaticDependency    
6240      	WindowsTermina      	OLEAUT32.dll                                                          	0xcd000         	C:\Windows\System32\OLEAUT32.dll                                                                                                	0x7ffd13e00000        	2       	StaticDependency    
6240      	WindowsTermina      	TerminalThemeHelpers.dll                                              	0xf000          	C:\Program Files\WindowsApps\Microsoft.WindowsTerminal_1.22.11141.0_x64__8wekyb3d8bbwe\TerminalThemeHelpers.dll                 	0x7ffd02e30000        	2       	StaticDependency    
6240      	WindowsTermina      	dwmapi.dll                                                            	0x2f000         	C:\Windows\SYSTEM32\dwmapi.dll                                                                                                  	0x7ffd10bd0000        	2       	StaticDependency    
6240      	WindowsTermina      	UxTheme.dll                                                           	0x9e000         	C:\Windows\SYSTEM32\UxTheme.dll                                                                                                 	0x7ffd108e0000        	2       	StaticDependency    
6240      	WindowsTermina      	IMM32.DLL                                                             	0x30000         	C:\Windows\System32\IMM32.DLL                                                                                                   	0x7ffd15780000        	1       	DynamicLoad         
6240      	WindowsTermina      	kernel.appcore.dll                                                    	0x12000         	C:\Windows\SYSTEM32\kernel.appcore.dll                                                                                          	0x7ffd10db0000        	1       	DelayloadDependency 
6240      	WindowsTermina      	bcryptPrimitives.dll                                                  	0x82000         	C:\Windows\System32\bcryptPrimitives.dll                                                                                        	0x7ffd132b0000        	3       	DelayloadDependency 
6240      	WindowsTermina      	clbcatq.dll                                                           	0xa9000         	C:\Windows\System32\clbcatq.dll                                                                                                 	0x7ffd13d50000        	1       	DelayloadDependency 
6240      	WindowsTermina      	sechost.dll                                                           	0x9c000         	C:\Windows\System32\sechost.dll                                                                                                 	0x7ffd15450000        	1       	DelayloadDependency 
6240      	WindowsTermina      	windows.staterepositorycore.dll                                       	0x11000         	C:\Windows\SYSTEM32\windows.staterepositorycore.dll                                                                             	0x7ffd067c0000        	1       	DelayloadDependency 
6240      	WindowsTermina      	TerminalApp.dll                                                       	0x338000        	C:\Program Files\WindowsApps\Microsoft.WindowsTerminal_1.22.11141.0_x64__8wekyb3d8bbwe\TerminalApp.dll                          	0x7ffce9fd0000        	1       	DynamicLoad         
6240      	WindowsTermina      	ole32.dll                                                             	0x12a000        	C:\Windows\System32\ole32.dll                                                                                                   	0x7ffd140d0000        	1       	StaticDependency    
6240      	WindowsTermina      	WINMM.dll                                                             	0x27000         	C:\Windows\SYSTEM32\WINMM.dll                                                                                                   	0x7ffd0b9c0000        	1       	StaticDependency    
6240      	WindowsTermina      	Windows.UI.Xaml.dll                                                   	0x10bf000       	C:\Windows\System32\Windows.UI.Xaml.dll                                                                                         	0x7ffd09490000        	1       	DynamicLoad         
6240      	WindowsTermina      	CoreMessaging.dll                                                     	0xf2000         	C:\Windows\System32\CoreMessaging.dll                                                                                           	0x7ffd103f0000        	2       	StaticDependency    
6240      	WindowsTermina      	WS2_32.dll                                                            	0x6b000         	C:\Windows\System32\WS2_32.dll                                                                                                  	0x7ffd14dc0000        	1       	StaticDependency    
6240      	WindowsTermina      	Bcp47Langs.dll                                                        	0x5b000         	C:\Windows\System32\Bcp47Langs.dll                                                                                              	0x7ffd0ad50000        	1       	StaticDependency    
6240      	WindowsTermina      	iertutil.dll                                                          	0x2b1000        	C:\Windows\System32\iertutil.dll                                                                                                	0x7ffd09010000        	1       	StaticDependency    
6240      	WindowsTermina      	advapi32.dll                                                          	0xaf000         	C:\Windows\System32\advapi32.dll                                                                                                	0x7ffd15040000        	1       	StaticDependency    
6240      	WindowsTermina      	dcomp.dll                                                             	0x1e3000        	C:\Windows\System32\dcomp.dll                                                                                                   	0x7ffd0f9c0000        	1       	StaticDependency    
6240      	WindowsTermina      	twinapi.appcore.dll                                                   	0x200000        	C:\Windows\System32\twinapi.appcore.dll                                                                                         	0x7ffd0de50000        	1       	DynamicLoad         
6240      	WindowsTermina      	WinTypes.dll                                                          	0x154000        	C:\Windows\System32\WinTypes.dll                                                                                                	0x7ffd0ebd0000        	1       	DynamicLoad         
6240      	WindowsTermina      	OneCoreUAPCommonProxyStub.dll                                         	0x7cb000        	C:\Windows\System32\OneCoreUAPCommonProxyStub.dll                                                                               	0x7ffd0c960000        	1       	DynamicLoad         
6240      	WindowsTermina      	Microsoft.Terminal.Control.dll                                        	0x1e6000        	C:\Program Files\WindowsApps\Microsoft.WindowsTerminal_1.22.11141.0_x64__8wekyb3d8bbwe\Microsoft.Terminal.Control.dll           	0x7ffcfe6a0000        	1       	DynamicLoad         
6240      	WindowsTermina      	uiautomationcore.dll                                                  	0x2f5000        	C:\Windows\SYSTEM32\uiautomationcore.dll                                                                                        	0x7ffcf5b90000        	1       	StaticDependency    
6240      	WindowsTermina      	DWrite.dll                                                            	0x27f000        	C:\Windows\SYSTEM32\DWrite.dll                                                                                                  	0x7ffd08800000        	1       	StaticDependency    
6240      	WindowsTermina      	d2d1.dll                                                              	0x5c0000        	C:\Windows\SYSTEM32\d2d1.dll                                                                                                    	0x7ffd0f190000        	1       	StaticDependency    
6240      	WindowsTermina      	d3d11.dll                                                             	0x263000        	C:\Windows\SYSTEM32\d3d11.dll                                                                                                   	0x7ffd0f750000        	1       	StaticDependency    
6240      	WindowsTermina      	D3DCOMPILER_47.dll                                                    	0x45d000        	C:\Windows\SYSTEM32\D3DCOMPILER_47.dll                                                                                          	0x7ffd0ed30000        	1       	StaticDependency    
6240      	WindowsTermina      	dxgi.dll                                                              	0xf3000         	C:\Windows\SYSTEM32\dxgi.dll                                                                                                    	0x7ffd11790000        	1       	StaticDependency    
6240      	WindowsTermina      	CRYPTSP.dll                                                           	0x18000         	C:\Windows\SYSTEM32\CRYPTSP.dll                                                                                                 	0x7ffd127a0000        	1       	StaticDependency    
6240      	WindowsTermina      	PROPSYS.dll                                                           	0xf6000         	C:\Windows\SYSTEM32\PROPSYS.dll                                                                                                 	0x7ffd0ea50000        	1       	StaticDependency    
6240      	WindowsTermina      	Microsoft.UI.Xaml.dll                                                 	0x59a000        	C:\Program Files\WindowsApps\Microsoft.UI.Xaml.2.8_8.2501.31001.0_x64__8wekyb3d8bbwe\Microsoft.UI.Xaml.dll                      	0x7ffccc210000        	1       	DynamicLoad         
6240      	WindowsTermina      	Windows.UI.dll                                                        	0x141000        	C:\Windows\System32\Windows.UI.dll                                                                                              	0x7ffd0aa40000        	1       	DynamicLoad         
6240      	WindowsTermina      	WindowManagementAPI.dll                                               	0xa1000         	C:\Windows\System32\WindowManagementAPI.dll                                                                                     	0x7ffd0e050000        	1       	StaticDependency    
6240      	WindowsTermina      	TextInputFramework.dll                                                	0xfa000         	C:\Windows\System32\TextInputFramework.dll                                                                                      	0x7ffd0a940000        	1       	StaticDependency    
6240      	WindowsTermina      	InputHost.dll                                                         	0x152000        	C:\Windows\System32\InputHost.dll                                                                                               	0x7ffd0a7e0000        	1       	StaticDependency    
6240      	WindowsTermina      	CoreUIComponents.dll                                                  	0x35e000        	C:\Windows\System32\CoreUIComponents.dll                                                                                        	0x7ffd0fd10000        	2       	StaticDependency    
6240      	WindowsTermina      	ntmarta.dll                                                           	0x33000         	C:\Windows\SYSTEM32\ntmarta.dll                                                                                                 	0x7ffd11f60000        	1       	StaticDependency    
6240      	WindowsTermina      	MSCTF.dll                                                             	0x114000        	C:\Windows\System32\MSCTF.dll                                                                                                   	0x7ffd13fb0000        	1       	DelayloadDependency 
6240      	WindowsTermina      	UiaManager.dll                                                        	0xa1000         	C:\Windows\System32\UiaManager.dll                                                                                              	0x7ffcfa5d0000        	1       	DynamicLoad         
6240      	WindowsTermina      	urlmon.dll                                                            	0x1ec000        	C:\Windows\SYSTEM32\urlmon.dll                                                                                                  	0x7ffd08ce0000        	1       	DelayloadDependency 
6240      	WindowsTermina      	srvcli.dll                                                            	0x28000         	C:\Windows\System32\srvcli.dll                                                                                                  	0x7ffd08cb0000        	1       	StaticDependency    
6240      	WindowsTermina      	netutils.dll                                                          	0xc000          	C:\Windows\System32\netutils.dll                                                                                                	0x7ffd123b0000        	1       	StaticDependency    
6240      	WindowsTermina      	vm3dum64_loader.dll                                                   	0x4f000         	C:\Windows\SYSTEM32\vm3dum64_loader.dll                                                                                         	0x7ffd0ba90000        	1       	DynamicLoad         
6240      	WindowsTermina      	vm3dum64_10.dll                                                       	0x9a000         	C:\Windows\SYSTEM32\vm3dum64_10.dll                                                                                             	0x7ffd0b9f0000        	1       	DynamicLoad         
6240      	WindowsTermina      	VERSION.dll                                                           	0xa000          	C:\Windows\SYSTEM32\VERSION.dll                                                                                                 	0x7ffd0b9b0000        	1       	StaticDependency    
6240      	WindowsTermina      	MrmCoreR.dll                                                          	0xf4000         	C:\Windows\System32\MrmCoreR.dll                                                                                                	0x7ffd0ac10000        	1       	DynamicLoad         
6240      	WindowsTermina      	windows.staterepositoryclient.dll                                     	0x40000         	C:\Windows\SYSTEM32\windows.staterepositoryclient.dll                                                                           	0x7ffcf97f0000        	1       	DelayloadDependency 
6240      	WindowsTermina      	dxcore.dll                                                            	0x3b000         	C:\Windows\SYSTEM32\dxcore.dll                                                                                                  	0x7ffd0db60000        	1       	DelayloadDependency 
6240      	WindowsTermina      	cfgmgr32.dll                                                          	0x4e000         	C:\Windows\System32\cfgmgr32.dll                                                                                                	0x7ffd137d0000        	1       	StaticDependency    
6240      	WindowsTermina      	profapi.dll                                                           	0x1f000         	C:\Windows\System32\profapi.dll                                                                                                 	0x7ffd12e10000        	1       	DelayloadDependency 
6240      	WindowsTermina      	TextShaping.dll                                                       	0xac000         	C:\Windows\SYSTEM32\TextShaping.dll                                                                                             	0x7ffd06b50000        	1       	DelayloadDependency 
6240      	WindowsTermina      	bcp47mrm.dll                                                          	0x2d000         	C:\Windows\System32\bcp47mrm.dll                                                                                                	0x7ffd0a760000        	1       	DelayloadDependency 
6240      	WindowsTermina      	Windows.UI.Xaml.Controls.dll                                          	0x3dc000        	C:\Windows\SYSTEM32\Windows.UI.Xaml.Controls.dll                                                                                	0x7ffd07ed0000        	1       	DynamicLoad         
6240      	WindowsTermina      	Windows.UI.Immersive.dll                                              	0x139000        	C:\Windows\System32\Windows.UI.Immersive.dll                                                                                    	0x7ffd08ed0000        	1       	DynamicLoad         
6240      	WindowsTermina      	DataExchange.dll                                                      	0x3e000         	C:\Windows\system32\DataExchange.dll                                                                                            	0x7ffcf8c20000        	1       	DynamicLoad         
6240      	WindowsTermina      	Microsoft.Terminal.Remoting.dll                                       	0x4c000         	C:\Program Files\WindowsApps\Microsoft.WindowsTerminal_1.22.11141.0_x64__8wekyb3d8bbwe\Microsoft.Terminal.Remoting.dll          	0x7ffd023e0000        	1       	DynamicLoad         
6240      	WindowsTermina      	bcrypt.dll                                                            	0x27000         	C:\Windows\System32\bcrypt.dll                                                                                                  	0x7ffd13280000        	2       	StaticDependency    
6240      	WindowsTermina      	Windows.ApplicationModel.dll                                          	0xe6000         	C:\Windows\System32\Windows.ApplicationModel.dll                                                                                	0x7ffd06820000        	1       	DynamicLoad         
6240      	WindowsTermina      	Microsoft.Terminal.Settings.Model.dll                                 	0x22a000        	C:\Program Files\WindowsApps\Microsoft.WindowsTerminal_1.22.11141.0_x64__8wekyb3d8bbwe\Microsoft.Terminal.Settings.Model.dll    	0x7ffcf1680000        	1       	DynamicLoad         
6240      	WindowsTermina      	windows.storage.dll                                                   	0x793000        	C:\Windows\SYSTEM32\windows.storage.dll                                                                                         	0x7ffd10fb0000        	1       	StaticDependency    
6240      	WindowsTermina      	Wldp.dll                                                              	0x2e000         	C:\Windows\SYSTEM32\Wldp.dll                                                                                                    	0x7ffd12850000        	1       	StaticDependency    
6240      	WindowsTermina      	shlwapi.dll                                                           	0x55000         	C:\Windows\System32\shlwapi.dll                                                                                                 	0x7ffd15550000        	1       	DelayloadDependency 
6240      	WindowsTermina      	TerminalConnection.dll                                                	0x7a000         	C:\Program Files\WindowsApps\Microsoft.WindowsTerminal_1.22.11141.0_x64__8wekyb3d8bbwe\TerminalConnection.dll                   	0x7ffcff280000        	1       	DynamicLoad         
6240      	WindowsTermina      	WINHTTP.dll                                                           	0x10a000        	C:\Windows\SYSTEM32\WINHTTP.dll                                                                                                 	0x7ffd0a550000        	1       	StaticDependency    
6240      	WindowsTermina      	Microsoft.VisualStudio.Setup.Configuration.Native.dll                 	0xf8000         	C:\ProgramData\Microsoft\VisualStudio\Setup\x64\Microsoft.VisualStudio.Setup.Configuration.Native.dll                           	0x7ffcf1e90000        	1       	DynamicLoad         
6240      	WindowsTermina      	AppExtension.dll                                                      	0x37000         	C:\Windows\System32\AppExtension.dll                                                                                            	0x7ffcf9710000        	1       	DynamicLoad         
6240      	WindowsTermina      	AppXDeploymentClient.dll                                              	0x104000        	C:\Windows\System32\AppXDeploymentClient.dll                                                                                    	0x7ffd0c590000        	1       	StaticDependency    
6240      	WindowsTermina      	twinapi.dll                                                           	0xa9000         	C:\Windows\system32\twinapi.dll                                                                                                 	0x7ffcfbee0000        	1       	DynamicLoad         
6240      	WindowsTermina      	rometadata.dll                                                        	0x3b000         	C:\Windows\SYSTEM32\rometadata.dll                                                                                              	0x7ffcf2700000        	1       	DelayloadDependency 
6240      	WindowsTermina      	sxs.dll                                                               	0xa2000         	C:\Windows\SYSTEM32\sxs.dll                                                                                                     	0x7ffd12ce0000        	1       	DelayloadDependency 
6240      	WindowsTermina      	explorerframe.dll                                                     	0x220000        	C:\Windows\system32\explorerframe.dll                                                                                           	0x7ffcf8a00000        	1       	DynamicLoad         
6240      	WindowsTermina      	Windows.Globalization.dll                                             	0x1a6000        	C:\Windows\System32\Windows.Globalization.dll                                                                                   	0x7ffd08650000        	1       	DynamicLoad         
6240      	WindowsTermina      	Microsoft.Terminal.UI.dll                                             	0x37000         	C:\Program Files\WindowsApps\Microsoft.WindowsTerminal_1.22.11141.0_x64__8wekyb3d8bbwe\Microsoft.Terminal.UI.dll                	0x7ffd00020000        	1       	DynamicLoad         
6240      	WindowsTermina      	windowscodecs.dll                                                     	0x1b4000        	C:\Windows\system32\windowscodecs.dll                                                                                           	0x7ffd0dba0000        	1       	DynamicLoad         
6240      	WindowsTermina      	directmanipulation.dll                                                	0x9e000         	C:\Windows\system32\directmanipulation.dll                                                                                      	0x7ffd07d90000        	1       	DynamicLoad         
6240      	WindowsTermina      	msftedit.dll                                                          	0x348000        	C:\Windows\SYSTEM32\msftedit.dll                                                                                                	0x7ffcfd7d0000        	1       	DynamicLoad         
6240      	WindowsTermina      	globinputhost.dll                                                     	0x25000         	C:\Windows\SYSTEM32\globinputhost.dll                                                                                           	0x7ffcfdc70000        	1       	DelayloadDependency 
6240      	WindowsTermina      	Windows.UI.Core.TextInput.dll                                         	0x104000        	C:\Windows\System32\Windows.UI.Core.TextInput.dll                                                                               	0x7ffcf6e50000        	1       	DynamicLoad         
6240      	WindowsTermina      	wtsapi32.dll                                                          	0x14000         	C:\Windows\SYSTEM32\wtsapi32.dll                                                                                                	0x7ffd0ebb0000        	1       	DelayloadDependency 
6240      	WindowsTermina      	WINSTA.dll                                                            	0x64000         	C:\Windows\SYSTEM32\WINSTA.dll                                                                                                  	0x7ffd12880000        	1       	DelayloadDependency 
6240      	WindowsTermina      	XmlLite.dll                                                           	0x36000         	C:\Windows\System32\XmlLite.dll                                                                                                 	0x7ffd0ea10000        	1       	DelayloadDependency 
6240      	WindowsTermina      	threadpoolwinrt.dll                                                   	0x14000         	C:\Windows\System32\threadpoolwinrt.dll                                                                                         	0x7ffd060a0000        	1       	DynamicLoad         
6240      	WindowsTermina      	wuceffects.dll                                                        	0x43000         	C:\Windows\System32\wuceffects.dll                                                                                              	0x7ffd06540000        	1       	DelayloadDependency 
6240      	WindowsTermina      	icu.dll                                                               	0x22e000        	C:\Windows\SYSTEM32\icu.dll                                                                                                     	0x7ffcf24d0000        	1       	DynamicLoad         
6240      	WindowsTermina      	daxexec.dll                                                           	0xaf000         	C:\Windows\SYSTEM32\daxexec.dll                                                                                                 	0x7ffcfa250000        	1       	DelayloadDependency 
6240      	WindowsTermina      	FLTLIB.DLL                                                            	0xb000          	C:\Windows\SYSTEM32\FLTLIB.DLL                                                                                                  	0x7ffd00430000        	1       	StaticDependency    
6240      	WindowsTermina      	container.dll                                                         	0x42000         	C:\Windows\SYSTEM32\container.dll                                                                                               	0x7ffcfa200000        	1       	StaticDependency    
6240      	WindowsTermina      	IPHLPAPI.DLL                                                          	0x3c000         	C:\Windows\SYSTEM32\IPHLPAPI.DLL                                                                                                	0x7ffd122a0000        	1       	StaticDependency    
6240      	WindowsTermina      	capauthz.dll                                                          	0x51000         	C:\Windows\SYSTEM32\capauthz.dll                                                                                                	0x7ffd06d20000        	1       	DelayloadDependency 
6240      	WindowsTermina      	WINTRUST.dll                                                          	0x67000         	C:\Windows\System32\WINTRUST.dll                                                                                                	0x7ffd13340000        	1       	StaticDependency    
6240      	WindowsTermina      	CRYPT32.dll                                                           	0x15e000        	C:\Windows\System32\CRYPT32.dll                                                                                                 	0x7ffd12f80000        	1       	DelayloadDependency 
6240      	WindowsTermina      	MSASN1.dll                                                            	0x12000         	C:\Windows\SYSTEM32\MSASN1.dll                                                                                                  	0x7ffd12a50000        	1       	DelayloadDependency 
6240      	WindowsTermina      	NInput.dll                                                            	0x6a000         	C:\Windows\System32\NInput.dll                                                                                                  	0x7ffd0e120000        	1       	DelayloadDependency 
6240      	WindowsTermina      	Windows.Energy.dll                                                    	0x35000         	C:\Windows\System32\Windows.Energy.dll                                                                                          	0x7ffcff990000        	1       	DynamicLoad         
6240      	WindowsTermina      	RMCLIENT.dll                                                          	0x2a000         	C:\Windows\System32\RMCLIENT.dll                                                                                                	0x7ffd10ac0000        	1       	StaticDependency    
6240      	WindowsTermina      	Windows.Graphics.dll                                                  	0x8d000         	C:\Windows\System32\Windows.Graphics.dll                                                                                        	0x7ffd0c250000        	1       	DynamicLoad         
5196      	OpenConsole.ex      	ntdll.dll                                                             	0x1f8000        	C:\Windows\SYSTEM32\ntdll.dll                                                                                                   	0x7ffd157f0000        	2       	StaticDependency    
5196      	OpenConsole.ex      	KERNEL32.DLL                                                          	0xbf000         	C:\Windows\System32\KERNEL32.DLL                                                                                                	0x7ffd155b0000        	2       	DynamicLoad         
5196      	OpenConsole.ex      	KERNELBASE.dll                                                        	0x2f6000        	C:\Windows\System32\KERNELBASE.dll                                                                                              	0x7ffd133b0000        	1       	StaticDependency    
5196      	OpenConsole.ex      	combase.dll                                                           	0x354000        	C:\Windows\System32\combase.dll                                                                                                 	0x7ffd150f0000        	2       	StaticDependency    
5196      	OpenConsole.ex      	ucrtbase.dll                                                          	0x100000        	C:\Windows\System32\ucrtbase.dll                                                                                                	0x7ffd13180000        	2       	StaticDependency    
5196      	OpenConsole.ex      	RPCRT4.dll                                                            	0x126000        	C:\Windows\System32\RPCRT4.dll                                                                                                  	0x7ffd13c20000        	2       	StaticDependency    
5196      	OpenConsole.ex      	OLEAUT32.dll                                                          	0xcd000         	C:\Windows\System32\OLEAUT32.dll                                                                                                	0x7ffd13e00000        	2       	StaticDependency    
5196      	OpenConsole.ex      	msvcp_win.dll                                                         	0x9d000         	C:\Windows\System32\msvcp_win.dll                                                                                               	0x7ffd130e0000        	2       	StaticDependency    
5196      	OpenConsole.ex      	shcore.dll                                                            	0xad000         	C:\Windows\System32\shcore.dll                                                                                                  	0x7ffd13880000        	2       	StaticDependency    
5196      	OpenConsole.ex      	msvcrt.dll                                                            	0x9e000         	C:\Windows\System32\msvcrt.dll                                                                                                  	0x7ffd13af0000        	2       	StaticDependency    
5196      	OpenConsole.ex      	user32.dll                                                            	0x19d000        	C:\Windows\System32\user32.dll                                                                                                  	0x7ffd14e90000        	2       	StaticDependency    
5196      	OpenConsole.ex      	win32u.dll                                                            	0x22000         	C:\Windows\System32\win32u.dll                                                                                                  	0x7ffd13820000        	2       	StaticDependency    
5196      	OpenConsole.ex      	GDI32.dll                                                             	0x2c000         	C:\Windows\System32\GDI32.dll                                                                                                   	0x7ffd13bf0000        	2       	StaticDependency    
5196      	OpenConsole.ex      	gdi32full.dll                                                         	0x115000        	C:\Windows\System32\gdi32full.dll                                                                                               	0x7ffd136b0000        	2       	StaticDependency    
5196      	OpenConsole.ex      	advapi32.dll                                                          	0xaf000         	C:\Windows\System32\advapi32.dll                                                                                                	0x7ffd15040000        	2       	StaticDependency    
5196      	OpenConsole.ex      	sechost.dll                                                           	0x9c000         	C:\Windows\System32\sechost.dll                                                                                                 	0x7ffd15450000        	2       	StaticDependency    
5196      	OpenConsole.ex      	SHELL32.dll                                                           	0x744000        	C:\Windows\System32\SHELL32.dll                                                                                                 	0x7ffd14200000        	2       	StaticDependency    
5196      	OpenConsole.ex      	IMM32.dll                                                             	0x30000         	C:\Windows\System32\IMM32.dll                                                                                                   	0x7ffd15780000        	2       	StaticDependency    
5196      	OpenConsole.ex      	uiautomationcore.dll                                                  	0x2f5000        	C:\Windows\SYSTEM32\uiautomationcore.dll                                                                                        	0x7ffcf5b90000        	2       	StaticDependency    
5196      	OpenConsole.ex      	PROPSYS.dll                                                           	0xf6000         	C:\Windows\SYSTEM32\PROPSYS.dll                                                                                                 	0x7ffd0ea50000        	2       	StaticDependency    
5196      	OpenConsole.ex      	windows.storage.dll                                                   	0x793000        	C:\Windows\SYSTEM32\windows.storage.dll                                                                                         	0x7ffd10fb0000        	2       	StaticDependency    
5196      	OpenConsole.ex      	WINMM.dll                                                             	0x27000         	C:\Windows\SYSTEM32\WINMM.dll                                                                                                   	0x7ffd0b9c0000        	2       	StaticDependency    
5196      	OpenConsole.ex      	USP10.dll                                                             	0x19000         	C:\Windows\SYSTEM32\USP10.dll                                                                                                   	0x7ffd0e890000        	2       	StaticDependency    
5196      	OpenConsole.ex      	d2d1.dll                                                              	0x5c0000        	C:\Windows\SYSTEM32\d2d1.dll                                                                                                    	0x7ffd0f190000        	2       	StaticDependency    
5196      	OpenConsole.ex      	DWrite.dll                                                            	0x27f000        	C:\Windows\SYSTEM32\DWrite.dll                                                                                                  	0x7ffd08800000        	2       	StaticDependency    
5196      	OpenConsole.ex      	dxgi.dll                                                              	0xf3000         	C:\Windows\SYSTEM32\dxgi.dll                                                                                                    	0x7ffd11790000        	2       	StaticDependency    
5196      	OpenConsole.ex      	d3d11.dll                                                             	0x263000        	C:\Windows\SYSTEM32\d3d11.dll                                                                                                   	0x7ffd0f750000        	2       	StaticDependency    
5196      	OpenConsole.ex      	D3DCOMPILER_47.dll                                                    	0x45d000        	C:\Windows\SYSTEM32\D3DCOMPILER_47.dll                                                                                          	0x7ffd0ed30000        	2       	StaticDependency    
5196      	OpenConsole.ex      	Wldp.dll                                                              	0x2e000         	C:\Windows\SYSTEM32\Wldp.dll                                                                                                    	0x7ffd12850000        	2       	StaticDependency    
5196      	OpenConsole.ex      	CRYPTSP.dll                                                           	0x18000         	C:\Windows\SYSTEM32\CRYPTSP.dll                                                                                                 	0x7ffd127a0000        	2       	StaticDependency    
5196      	OpenConsole.ex      	bcryptPrimitives.dll                                                  	0x82000         	C:\Windows\System32\bcryptPrimitives.dll                                                                                        	0x7ffd132b0000        	3       	DelayloadDependency 
5196      	OpenConsole.ex      	uxtheme.dll                                                           	0x9e000         	C:\Windows\system32\uxtheme.dll                                                                                                 	0x7ffd108e0000        	1       	DynamicLoad         
5196      	OpenConsole.ex      	MSCTF.dll                                                             	0x114000        	C:\Windows\System32\MSCTF.dll                                                                                                   	0x7ffd13fb0000        	1       	DelayloadDependency 
7636      	powershell.exe      	ntdll.dll                                                             	0x1f8000        	C:\Windows\SYSTEM32\ntdll.dll                                                                                                   	0x7ffd157f0000        	2       	StaticDependency    
7636      	powershell.exe      	KERNEL32.DLL                                                          	0xbf000         	C:\Windows\System32\KERNEL32.DLL                                                                                                	0x7ffd155b0000        	2       	DynamicLoad         
7636      	powershell.exe      	KERNELBASE.dll                                                        	0x2f6000        	C:\Windows\System32\KERNELBASE.dll                                                                                              	0x7ffd133b0000        	1       	StaticDependency    
7636      	powershell.exe      	msvcrt.dll                                                            	0x9e000         	C:\Windows\System32\msvcrt.dll                                                                                                  	0x7ffd13af0000        	2       	StaticDependency    
7636      	powershell.exe      	OLEAUT32.dll                                                          	0xcd000         	C:\Windows\System32\OLEAUT32.dll                                                                                                	0x7ffd13e00000        	2       	StaticDependency    
7636      	powershell.exe      	msvcp_win.dll                                                         	0x9d000         	C:\Windows\System32\msvcp_win.dll                                                                                               	0x7ffd130e0000        	2       	StaticDependency    
7636      	powershell.exe      	ucrtbase.dll                                                          	0x100000        	C:\Windows\System32\ucrtbase.dll                                                                                                	0x7ffd13180000        	2       	StaticDependency    
7636      	powershell.exe      	combase.dll                                                           	0x354000        	C:\Windows\System32\combase.dll                                                                                                 	0x7ffd150f0000        	2       	StaticDependency    
7636      	powershell.exe      	RPCRT4.dll                                                            	0x126000        	C:\Windows\System32\RPCRT4.dll                                                                                                  	0x7ffd13c20000        	2       	StaticDependency    
7636      	powershell.exe      	ADVAPI32.dll                                                          	0xaf000         	C:\Windows\System32\ADVAPI32.dll                                                                                                	0x7ffd15040000        	2       	StaticDependency    
7636      	powershell.exe      	sechost.dll                                                           	0x9c000         	C:\Windows\System32\sechost.dll                                                                                                 	0x7ffd15450000        	2       	StaticDependency    
7636      	powershell.exe      	OLE32.dll                                                             	0x12a000        	C:\Windows\System32\OLE32.dll                                                                                                   	0x7ffd140d0000        	2       	StaticDependency    
7636      	powershell.exe      	GDI32.dll                                                             	0x2c000         	C:\Windows\System32\GDI32.dll                                                                                                   	0x7ffd13bf0000        	2       	StaticDependency    
7636      	powershell.exe      	win32u.dll                                                            	0x22000         	C:\Windows\System32\win32u.dll                                                                                                  	0x7ffd13820000        	2       	StaticDependency    
7636      	powershell.exe      	gdi32full.dll                                                         	0x115000        	C:\Windows\System32\gdi32full.dll                                                                                               	0x7ffd136b0000        	2       	StaticDependency    
7636      	powershell.exe      	ATL.DLL                                                               	0x1d000         	C:\Windows\SYSTEM32\ATL.DLL                                                                                                     	0x7ffd023c0000        	2       	StaticDependency    
7636      	powershell.exe      	mscoree.dll                                                           	0x65000         	C:\Windows\SYSTEM32\mscoree.dll                                                                                                 	0x7ffcf2260000        	2       	StaticDependency    
7636      	powershell.exe      	USER32.dll                                                            	0x19d000        	C:\Windows\System32\USER32.dll                                                                                                  	0x7ffd14e90000        	2       	StaticDependency    
7636      	powershell.exe      	IMM32.DLL                                                             	0x30000         	C:\Windows\System32\IMM32.DLL                                                                                                   	0x7ffd15780000        	1       	DynamicLoad         
7636      	powershell.exe      	mscoreei.dll                                                          	0x9b000         	C:\Windows\Microsoft.NET\Framework64\v4.0.30319\mscoreei.dll                                                                    	0x7ffcf21c0000        	1       	DynamicLoad         
7636      	powershell.exe      	SHLWAPI.dll                                                           	0x55000         	C:\Windows\System32\SHLWAPI.dll                                                                                                 	0x7ffd15550000        	1       	DynamicLoad         
7636      	powershell.exe      	kernel.appcore.dll                                                    	0x12000         	C:\Windows\SYSTEM32\kernel.appcore.dll                                                                                          	0x7ffd10db0000        	1       	DynamicLoad         
7636      	powershell.exe      	VERSION.dll                                                           	0xa000          	C:\Windows\SYSTEM32\VERSION.dll                                                                                                 	0x7ffd0b9b0000        	1       	DynamicLoad         
7636      	powershell.exe      	clr.dll                                                               	0x9a4000        	C:\Windows\Microsoft.NET\Framework64\v4.0.30319\clr.dll                                                                         	0x7ffcd90c0000        	3       	DynamicLoad         
7636      	powershell.exe      	VCRUNTIME140_1_CLR0400.dll                                            	0xc000          	C:\Windows\SYSTEM32\VCRUNTIME140_1_CLR0400.dll                                                                                  	0x7ffcf2130000        	1       	StaticDependency    
7636      	powershell.exe      	VCRUNTIME140_CLR0400.dll                                              	0x1b000         	C:\Windows\SYSTEM32\VCRUNTIME140_CLR0400.dll                                                                                    	0x7ffcf2110000        	1       	StaticDependency    
7636      	powershell.exe      	ucrtbase_clr0400.dll                                                  	0xcd000         	C:\Windows\SYSTEM32\ucrtbase_clr0400.dll                                                                                        	0x7ffcf2040000        	1       	StaticDependency    
7636      	powershell.exe      	mscorlib.ni.dll                                                       	0x160f000       	C:\Windows\assembly\NativeImages_v4.0.30319_64\mscorlib\316b66ba76e2cd70541b5fe8161637c9\mscorlib.ni.dll                        	0x7ffcd7ab0000        	1       	DynamicLoad         
7636      	powershell.exe      	bcryptPrimitives.dll                                                  	0x82000         	C:\Windows\System32\bcryptPrimitives.dll                                                                                        	0x7ffd132b0000        	3       	DelayloadDependency 
7636      	powershell.exe      	System.ni.dll                                                         	0xc1c000        	C:\Windows\assembly\NativeImages_v4.0.30319_64\System\7445c290449652faf35238f59f3455cc\System.ni.dll                            	0x7ffccdfa0000        	1       	DynamicLoad         
7636      	powershell.exe      	System.Core.ni.dll                                                    	0xa86000        	C:\Windows\assembly\NativeImages_v4.0.30319_64\System.Core\37015a99a98319366b5cedf511cdd1a0\System.Core.ni.dll                  	0x7ffccd510000        	1       	DynamicLoad         
7636      	powershell.exe      	Microsoft.PowerShell.ConsoleHost.ni.dll                               	0xa9000         	C:\Windows\assembly\NativeImages_v4.0.30319_64\Microsoft.Pb378ec07#\87e962b859b7f9f34b9600990b3d9047\Microsoft.PowerShell.ConsoleHost.ni.dll	0x7ffcfe5f0000        	1       	DynamicLoad         
7636      	powershell.exe      	CRYPTSP.dll                                                           	0x18000         	C:\Windows\SYSTEM32\CRYPTSP.dll                                                                                                 	0x7ffd127a0000        	1       	DelayloadDependency 
7636      	powershell.exe      	rsaenh.dll                                                            	0x34000         	C:\Windows\system32\rsaenh.dll                                                                                                  	0x7ffd11ed0000        	1       	DynamicLoad         
7636      	powershell.exe      	bcrypt.dll                                                            	0x27000         	C:\Windows\System32\bcrypt.dll                                                                                                  	0x7ffd13280000        	2       	StaticDependency    
7636      	powershell.exe      	CRYPTBASE.dll                                                         	0xc000          	C:\Windows\SYSTEM32\CRYPTBASE.dll                                                                                               	0x7ffd127c0000        	1       	DelayloadDependency 
7636      	powershell.exe      	System.Management.Automation.ni.dll                                   	0x207d000       	C:\Windows\assembly\NativeImages_v4.0.30319_64\System.Manaa57fc8cc#\facc2cea21e9977bd81f4333d5e74ddc\System.Management.Automation.ni.dll	0x7ffcc8c30000        	1       	DynamicLoad         
7636      	powershell.exe      	clbcatq.dll                                                           	0xa9000         	C:\Windows\System32\clbcatq.dll                                                                                                 	0x7ffd13d50000        	1       	DelayloadDependency 
7636      	powershell.exe      	shell32.dll                                                           	0x744000        	C:\Windows\System32\shell32.dll                                                                                                 	0x7ffd14200000        	1       	DynamicLoad         
7636      	powershell.exe      	windows.storage.dll                                                   	0x793000        	C:\Windows\SYSTEM32\windows.storage.dll                                                                                         	0x7ffd10fb0000        	1       	DelayloadDependency 
7636      	powershell.exe      	Wldp.dll                                                              	0x2e000         	C:\Windows\SYSTEM32\Wldp.dll                                                                                                    	0x7ffd12850000        	1       	StaticDependency    
7636      	powershell.exe      	SHCORE.dll                                                            	0xad000         	C:\Windows\System32\SHCORE.dll                                                                                                  	0x7ffd13880000        	1       	DelayloadDependency 
7636      	powershell.exe      	wintrust.dll                                                          	0x67000         	C:\Windows\System32\wintrust.dll                                                                                                	0x7ffd13340000        	1       	DynamicLoad         
7636      	powershell.exe      	CRYPT32.dll                                                           	0x15e000        	C:\Windows\System32\CRYPT32.dll                                                                                                 	0x7ffd12f80000        	1       	DelayloadDependency 
7636      	powershell.exe      	MSASN1.dll                                                            	0x12000         	C:\Windows\SYSTEM32\MSASN1.dll                                                                                                  	0x7ffd12a50000        	1       	DelayloadDependency 
7636      	powershell.exe      	psapi.dll                                                             	0x8000          	C:\Windows\System32\psapi.dll                                                                                                   	0x7ffd13ae0000        	1       	DynamicLoad         
7636      	powershell.exe      	amsi.dll                                                              	0x1f000         	C:\Windows\SYSTEM32\amsi.dll                                                                                                    	0x7ffd00410000        	1       	DynamicLoad         
7636      	powershell.exe      	USERENV.dll                                                           	0x2e000         	C:\Windows\SYSTEM32\USERENV.dll                                                                                                 	0x7ffd12d90000        	1       	DelayloadDependency 
7636      	powershell.exe      	profapi.dll                                                           	0x1f000         	C:\Windows\SYSTEM32\profapi.dll                                                                                                 	0x7ffd12e10000        	1       	DelayloadDependency 
7636      	powershell.exe      	MpOav.dll                                                             	0xa0000         	C:\ProgramData\Microsoft\Windows Defender\Platform\4.18.25070.5-0\MpOav.dll                                                     	0x7ffcc4b10000        	1       	DynamicLoad         
7636      	powershell.exe      	Microsoft.Management.Infrastructure.ni.dll                            	0xa0000         	C:\Windows\assembly\NativeImages_v4.0.30319_64\Microsoft.Mf49f6405#\0127a8772318705aa107c0ce02fad6c4\Microsoft.Management.Infrastructure.ni.dll	0x7ffcfdbd0000        	1       	DynamicLoad         
7636      	powershell.exe      	System.Management.ni.dll                                              	0x166000        	C:\Windows\assembly\NativeImages_v4.0.30319_64\System.Management\6cbd812e5ed0c5c8ab4e4cd851b7b0ca\System.Management.ni.dll      	0x7ffca5900000        	1       	DynamicLoad         
7636      	powershell.exe      	System.DirectoryServices.ni.dll                                       	0x166000        	C:\Windows\assembly\NativeImages_v4.0.30319_64\System.Dired13b18a9#\86b1cba18f7a9f9a325af6f6e3e3076e\System.DirectoryServices.ni.dll	0x7ffce9e60000        	1       	DynamicLoad         
7636      	powershell.exe      	System.Xml.ni.dll                                                     	0x8b0000        	C:\Windows\assembly\NativeImages_v4.0.30319_64\System.Xml\2bd389016aca8e778638103f4f5087cc\System.Xml.ni.dll                    	0x7ffca6b20000        	1       	DynamicLoad         
7636      	powershell.exe      	System.Numerics.ni.dll                                                	0x51000         	C:\Windows\assembly\NativeImages_v4.0.30319_64\System.Numerics\3d8af5509af3c4d6c9c0e7ce02823121\System.Numerics.ni.dll          	0x7ffcfd680000        	1       	DynamicLoad         
7636      	powershell.exe      	System.Data.ni.dll                                                    	0x983000        	C:\Windows\assembly\NativeImages_v4.0.30319_64\System.Data\8793b119884d4dbc73a6ac549e8d7ba1\System.Data.ni.dll                  	0x7ffca5ec0000        	1       	DynamicLoad         
7636      	powershell.exe      	System.Data.dll                                                       	0x36a000        	C:\Windows\Microsoft.Net\assembly\GAC_64\System.Data\v4.0_4.0.0.0__b77a5c561934e089\System.Data.dll                             	0x7ffca5b50000        	1       	DynamicLoad         
7636      	powershell.exe      	WS2_32.dll                                                            	0x6b000         	C:\Windows\System32\WS2_32.dll                                                                                                  	0x7ffd14dc0000        	1       	StaticDependency    
7636      	powershell.exe      	gpapi.dll                                                             	0x23000         	C:\Windows\SYSTEM32\gpapi.dll                                                                                                   	0x7ffd11760000        	1       	DelayloadDependency 
7636      	powershell.exe      	uxtheme.dll                                                           	0x9e000         	C:\Windows\system32\uxtheme.dll                                                                                                 	0x7ffd108e0000        	1       	DynamicLoad         
7636      	powershell.exe      	System.Configuration.ni.dll                                           	0x133000        	C:\Windows\assembly\NativeImages_v4.0.30319_64\System.Configuration\b8b5c9fb1a2911bc4e5d61227582d346\System.Configuration.ni.dll	0x7ffca8f40000        	1       	DynamicLoad         
7636      	powershell.exe      	clrjit.dll                                                            	0x12f000        	C:\Windows\Microsoft.NET\Framework64\v4.0.30319\clrjit.dll                                                                      	0x7ffcd7910000        	1       	DynamicLoad         
7636      	powershell.exe      	Microsoft.PowerShell.Security.ni.dll                                  	0x62000         	C:\Windows\assembly\NativeImages_v4.0.30319_64\Microsoft.P6f792626#\dfc6c82853d8ce7071502702c4a934d9\Microsoft.PowerShell.Security.ni.dll	0x7ffcfd500000        	1       	DynamicLoad         
7636      	powershell.exe      	System.Transactions.ni.dll                                            	0xdb000         	C:\Windows\assembly\NativeImages_v4.0.30319_64\System.Transactions\302b642be9b350c41c1ae4b6bc72d6ec\System.Transactions.ni.dll  	0x7ffca5a70000        	1       	DynamicLoad         
7636      	powershell.exe      	System.Transactions.dll                                               	0x4f000         	C:\Windows\Microsoft.Net\assembly\GAC_64\System.Transactions\v4.0_4.0.0.0__b77a5c561934e089\System.Transactions.dll             	0x7ffcd78c0000        	1       	DynamicLoad         
7636      	powershell.exe      	secur32.dll                                                           	0xc000          	C:\Windows\SYSTEM32\secur32.dll                                                                                                 	0x7ffd05e80000        	1       	DynamicLoad         
7636      	powershell.exe      	SSPICLI.DLL                                                           	0x32000         	C:\Windows\SYSTEM32\SSPICLI.DLL                                                                                                 	0x7ffd12dc0000        	1       	DynamicForwarderDependency
7636      	powershell.exe      	MPCLIENT.DLL                                                          	0x1b9000        	C:\ProgramData\Microsoft\Windows Defender\Platform\4.18.25070.5-0\MPCLIENT.DLL                                                  	0x7ffd03090000        	1       	DynamicLoad         
7636      	powershell.exe      	urlmon.dll                                                            	0x1ec000        	C:\Windows\SYSTEM32\urlmon.dll                                                                                                  	0x7ffd08ce0000        	1       	DynamicLoad         
7636      	powershell.exe      	iertutil.dll                                                          	0x2b1000        	C:\Windows\SYSTEM32\iertutil.dll                                                                                                	0x7ffd09010000        	1       	StaticDependency    
7636      	powershell.exe      	srvcli.dll                                                            	0x28000         	C:\Windows\SYSTEM32\srvcli.dll                                                                                                  	0x7ffd08cb0000        	1       	StaticDependency    
7636      	powershell.exe      	netutils.dll                                                          	0xc000          	C:\Windows\SYSTEM32\netutils.dll                                                                                                	0x7ffd123b0000        	1       	StaticDependency    
7636      	powershell.exe      	PROPSYS.dll                                                           	0xf6000         	C:\Windows\SYSTEM32\PROPSYS.dll                                                                                                 	0x7ffd0ea50000        	1       	DelayloadDependency 
7636      	powershell.exe      	virtdisk.dll                                                          	0x13000         	C:\Windows\SYSTEM32\virtdisk.dll                                                                                                	0x7ffd00470000        	2       	DynamicLoad         
7636      	powershell.exe      	FLTLIB.DLL                                                            	0xb000          	C:\Windows\SYSTEM32\FLTLIB.DLL                                                                                                  	0x7ffd00430000        	1       	StaticDependency    
7636      	powershell.exe      	Microsoft.CSharp.ni.dll                                               	0x1ed000        	C:\Windows\assembly\NativeImages_v4.0.30319_64\Microsoft.CSharp\0e5dafb26150d165a29e63f0443ca056\Microsoft.CSharp.ni.dll        	0x7ffce2bd0000        	1       	DynamicLoad         
7636      	powershell.exe      	Microsoft.PowerShell.Commands.Utility.ni.dll                          	0xd1d000        	C:\Windows\assembly\NativeImages_v4.0.30319_64\Microsoft.P521220ea#\587d7be9ec5b2914a054147ddfee3926\Microsoft.PowerShell.Commands.Utility.ni.dll	0x7ffcc7f10000        	1       	DynamicLoad         
7636      	powershell.exe      	System.Configuration.Install.ni.dll                                   	0x2d000         	C:\Windows\assembly\NativeImages_v4.0.30319_64\System.Confe64a9051#\38a7254607cce4e23308f94fb327620c\System.Configuration.Install.ni.dll	0x7ffcff460000        	1       	DynamicLoad         
7636      	powershell.exe      	Microsoft.PowerShell.Commands.Management.ni.dll                       	0x235000        	C:\Windows\assembly\NativeImages_v4.0.30319_64\Microsoft.Pae3498d9#\3ba6467815a0740b0e98d37fa513d41c\Microsoft.PowerShell.Commands.Management.ni.dll	0x7ffccbfd0000        	1       	DynamicLoad         
7636      	powershell.exe      	diasymreader.dll                                                      	0x132000        	C:\Windows\Microsoft.NET\Framework64\v4.0.30319\diasymreader.dll                                                                	0x7ffcfe960000        	1       	DynamicLoad         
4788      	smartscreen.ex      	ntdll.dll                                                             	0x1f8000        	C:\Windows\SYSTEM32\ntdll.dll                                                                                                   	0x7ffd157f0000        	2       	StaticDependency    
4788      	smartscreen.ex      	KERNEL32.DLL                                                          	0xbf000         	C:\Windows\System32\KERNEL32.DLL                                                                                                	0x7ffd155b0000        	2       	DynamicLoad         
4788      	smartscreen.ex      	KERNELBASE.dll                                                        	0x2f6000        	C:\Windows\System32\KERNELBASE.dll                                                                                              	0x7ffd133b0000        	1       	StaticDependency    
4788      	smartscreen.ex      	ucrtbase.dll                                                          	0x100000        	C:\Windows\System32\ucrtbase.dll                                                                                                	0x7ffd13180000        	2       	StaticDependency    
4788      	smartscreen.ex      	combase.dll                                                           	0x354000        	C:\Windows\System32\combase.dll                                                                                                 	0x7ffd150f0000        	2       	StaticDependency    
4788      	smartscreen.ex      	RPCRT4.dll                                                            	0x126000        	C:\Windows\System32\RPCRT4.dll                                                                                                  	0x7ffd13c20000        	2       	StaticDependency    
4788      	smartscreen.ex      	bcrypt.dll                                                            	0x27000         	C:\Windows\System32\bcrypt.dll                                                                                                  	0x7ffd13280000        	2       	StaticDependency    
4788      	smartscreen.ex      	CRYPT32.dll                                                           	0x15e000        	C:\Windows\System32\CRYPT32.dll                                                                                                 	0x7ffd12f80000        	2       	StaticDependency    
4788      	smartscreen.ex      	WS2_32.dll                                                            	0x6b000         	C:\Windows\System32\WS2_32.dll                                                                                                  	0x7ffd14dc0000        	2       	StaticDependency    
4788      	smartscreen.ex      	advapi32.dll                                                          	0xaf000         	C:\Windows\System32\advapi32.dll                                                                                                	0x7ffd15040000        	2       	StaticDependency    
4788      	smartscreen.ex      	msvcrt.dll                                                            	0x9e000         	C:\Windows\System32\msvcrt.dll                                                                                                  	0x7ffd13af0000        	2       	StaticDependency    
4788      	smartscreen.ex      	sechost.dll                                                           	0x9c000         	C:\Windows\System32\sechost.dll                                                                                                 	0x7ffd15450000        	2       	StaticDependency    
4788      	smartscreen.ex      	shcore.dll                                                            	0xad000         	C:\Windows\System32\shcore.dll                                                                                                  	0x7ffd13880000        	2       	StaticDependency    
4788      	smartscreen.ex      	user32.dll                                                            	0x19d000        	C:\Windows\System32\user32.dll                                                                                                  	0x7ffd14e90000        	2       	StaticDependency    
4788      	smartscreen.ex      	win32u.dll                                                            	0x22000         	C:\Windows\System32\win32u.dll                                                                                                  	0x7ffd13820000        	2       	StaticDependency    
4788      	smartscreen.ex      	GDI32.dll                                                             	0x2c000         	C:\Windows\System32\GDI32.dll                                                                                                   	0x7ffd13bf0000        	2       	StaticDependency    
4788      	smartscreen.ex      	gdi32full.dll                                                         	0x115000        	C:\Windows\System32\gdi32full.dll                                                                                               	0x7ffd136b0000        	2       	StaticDependency    
4788      	smartscreen.ex      	msvcp_win.dll                                                         	0x9d000         	C:\Windows\System32\msvcp_win.dll                                                                                               	0x7ffd130e0000        	2       	StaticDependency    
4788      	smartscreen.ex      	wintypes.dll                                                          	0x154000        	C:\Windows\SYSTEM32\wintypes.dll                                                                                                	0x7ffd0ebd0000        	2       	StaticDependency    
4788      	smartscreen.ex      	WINTRUST.dll                                                          	0x67000         	C:\Windows\System32\WINTRUST.dll                                                                                                	0x7ffd13340000        	2       	StaticDependency    
4788      	smartscreen.ex      	bcryptPrimitives.dll                                                  	0x82000         	C:\Windows\System32\bcryptPrimitives.dll                                                                                        	0x7ffd132b0000        	2       	StaticDependency    
4788      	smartscreen.ex      	kernel.appcore.dll                                                    	0x12000         	C:\Windows\SYSTEM32\kernel.appcore.dll                                                                                          	0x7ffd10db0000        	2       	StaticDependency    
4788      	smartscreen.ex      	urlmon.dll                                                            	0x1ec000        	C:\Windows\System32\urlmon.dll                                                                                                  	0x7ffd08ce0000        	2       	StaticDependency    
4788      	smartscreen.ex      	iertutil.dll                                                          	0x2b1000        	C:\Windows\System32\iertutil.dll                                                                                                	0x7ffd09010000        	2       	StaticDependency    
4788      	smartscreen.ex      	srvcli.dll                                                            	0x28000         	C:\Windows\System32\srvcli.dll                                                                                                  	0x7ffd08cb0000        	2       	StaticDependency    
4788      	smartscreen.ex      	netutils.dll                                                          	0xc000          	C:\Windows\System32\netutils.dll                                                                                                	0x7ffd123b0000        	2       	StaticDependency    
4788      	smartscreen.ex      	IMM32.DLL                                                             	0x30000         	C:\Windows\System32\IMM32.DLL                                                                                                   	0x7ffd15780000        	1       	DynamicLoad         
4788      	smartscreen.ex      	MSASN1.dll                                                            	0x12000         	C:\Windows\System32\MSASN1.dll                                                                                                  	0x7ffd12a50000        	1       	DelayloadDependency 
4788      	smartscreen.ex      	clbcatq.dll                                                           	0xa9000         	C:\Windows\System32\clbcatq.dll                                                                                                 	0x7ffd13d50000        	1       	DelayloadDependency 
4788      	smartscreen.ex      	policymanager.dll                                                     	0xa3000         	C:\Windows\SYSTEM32\policymanager.dll                                                                                           	0x7ffd0c380000        	1       	DelayloadDependency 
4788      	smartscreen.ex      	msvcp110_win.dll                                                      	0x8a000         	C:\Windows\System32\msvcp110_win.dll                                                                                            	0x7ffd11fa0000        	1       	StaticDependency    
4788      	smartscreen.ex      	OLEAUT32.dll                                                          	0xcd000         	C:\Windows\System32\OLEAUT32.dll                                                                                                	0x7ffd13e00000        	1       	DelayloadDependency 
4788      	smartscreen.ex      	windows.storage.dll                                                   	0x793000        	C:\Windows\SYSTEM32\windows.storage.dll                                                                                         	0x7ffd10fb0000        	1       	DelayloadDependency 
4788      	smartscreen.ex      	Wldp.dll                                                              	0x2e000         	C:\Windows\System32\Wldp.dll                                                                                                    	0x7ffd12850000        	1       	StaticDependency    
4788      	smartscreen.ex      	shlwapi.dll                                                           	0x55000         	C:\Windows\System32\shlwapi.dll                                                                                                 	0x7ffd15550000        	1       	DelayloadDependency 
4788      	smartscreen.ex      	uxtheme.dll                                                           	0x9e000         	C:\Windows\system32\uxtheme.dll                                                                                                 	0x7ffd108e0000        	1       	DynamicLoad         
4788      	smartscreen.ex      	chakra.dll                                                            	0x778000        	C:\Windows\System32\chakra.dll                                                                                                  	0x7ffcf2740000        	1       	DynamicLoad         
4788      	smartscreen.ex      	icuuc.dll                                                             	0x9000          	C:\Windows\System32\icuuc.dll                                                                                                   	0x196db140000         	1       	StaticDependency    
4788      	smartscreen.ex      	icuin.dll                                                             	0x8000          	C:\Windows\System32\icuin.dll                                                                                                   	0x196db160000         	1       	StaticDependency    
4788      	smartscreen.ex      	icu.DLL                                                               	0x22e000        	C:\Windows\System32\icu.DLL                                                                                                     	0x7ffcf24d0000        	1       	StaticForwarderDependency
4788      	smartscreen.ex      	rometadata.dll                                                        	0x3b000         	C:\Windows\SYSTEM32\rometadata.dll                                                                                              	0x7ffcf2700000        	1       	DelayloadDependency 
4788      	smartscreen.ex      	WinRtTracing.dll                                                      	0x31000         	C:\Windows\System32\WinRtTracing.dll                                                                                            	0x7ffcff4c0000        	1       	DynamicLoad         
4788      	smartscreen.ex      	Windows.Web.Http.dll                                                  	0x177000        	C:\Windows\System32\Windows.Web.Http.dll                                                                                        	0x7ffcf4c00000        	1       	DynamicLoad         
4788      	smartscreen.ex      	CRYPTBASE.DLL                                                         	0xc000          	C:\Windows\System32\CRYPTBASE.DLL                                                                                               	0x7ffd127c0000        	1       	DynamicForwarderDependency
4788      	smartscreen.ex      	tbs.dll                                                               	0x1a000         	C:\Windows\System32\tbs.dll                                                                                                     	0x7ffd06d80000        	1       	DelayloadDependency 
4788      	smartscreen.ex      	imagehlp.dll                                                          	0x1d000         	C:\Windows\System32\imagehlp.dll                                                                                                	0x7ffd13850000        	1       	StaticDependency    
4788      	smartscreen.ex      	Windows.Security.Authentication.OnlineId.dll                          	0xf4000         	C:\Windows\System32\Windows.Security.Authentication.OnlineId.dll                                                                	0x7ffcfd3c0000        	1       	DynamicLoad         
4788      	smartscreen.ex      	smartscreenps.dll                                                     	0x52000         	C:\Windows\System32\smartscreenps.dll                                                                                           	0x7ffcefd50000        	1       	DynamicLoad         
4788      	smartscreen.ex      	DPAPI.DLL                                                             	0xa000          	C:\Windows\System32\DPAPI.DLL                                                                                                   	0x7ffd12c80000        	1       	DynamicForwarderDependency
4788      	smartscreen.ex      	wkscli.dll                                                            	0x19000         	C:\Windows\System32\wkscli.dll                                                                                                  	0x7ffd12030000        	1       	DelayloadDependency 
4788      	smartscreen.ex      	WININET.dll                                                           	0x4d9000        	C:\Windows\System32\WININET.dll                                                                                                 	0x7ffd04830000        	2       	DelayloadDependency 
4788      	smartscreen.ex      	SspiCli.dll                                                           	0x32000         	C:\Windows\System32\SspiCli.dll                                                                                                 	0x7ffd12dc0000        	1       	DelayloadDependency 
4788      	smartscreen.ex      	profapi.dll                                                           	0x1f000         	C:\Windows\System32\profapi.dll                                                                                                 	0x7ffd12e10000        	1       	DelayloadDependency 
4788      	smartscreen.ex      	ondemandconnroutehelper.dll                                           	0x17000         	C:\Windows\SYSTEM32\ondemandconnroutehelper.dll                                                                                 	0x7ffd00ee0000        	1       	DynamicLoad         
4788      	smartscreen.ex      	winhttp.dll                                                           	0x10a000        	C:\Windows\SYSTEM32\winhttp.dll                                                                                                 	0x7ffd0a550000        	1       	DynamicLoad         
4788      	smartscreen.ex      	mswsock.dll                                                           	0x6a000         	C:\Windows\system32\mswsock.dll                                                                                                 	0x7ffd125b0000        	1       	DynamicLoad         
4788      	smartscreen.ex      	firewallapi.dll                                                       	0xa1000         	C:\Windows\SYSTEM32\firewallapi.dll                                                                                             	0x7ffd11af0000        	1       	DelayloadDependency 
4788      	smartscreen.ex      	DNSAPI.dll                                                            	0xcb000         	C:\Windows\System32\DNSAPI.dll                                                                                                  	0x7ffd122e0000        	1       	StaticDependency    
4788      	smartscreen.ex      	IPHLPAPI.DLL                                                          	0x3c000         	C:\Windows\SYSTEM32\IPHLPAPI.DLL                                                                                                	0x7ffd122a0000        	1       	DelayloadDependency 
4788      	smartscreen.ex      	NSI.dll                                                               	0x8000          	C:\Windows\System32\NSI.dll                                                                                                     	0x7ffd13870000        	1       	DelayloadDependency 
4788      	smartscreen.ex      	fwbase.dll                                                            	0x3a000         	C:\Windows\SYSTEM32\fwbase.dll                                                                                                  	0x7ffd11ab0000        	1       	DelayloadDependency 
4788      	smartscreen.ex      	WINNSI.DLL                                                            	0xb000          	C:\Windows\SYSTEM32\WINNSI.DLL                                                                                                  	0x7ffd0b6b0000        	1       	DelayloadDependency 
4788      	smartscreen.ex      	CRYPTSP.dll                                                           	0x18000         	C:\Windows\System32\CRYPTSP.dll                                                                                                 	0x7ffd127a0000        	1       	DelayloadDependency 
4788      	smartscreen.ex      	rsaenh.dll                                                            	0x34000         	C:\Windows\system32\rsaenh.dll                                                                                                  	0x7ffd11ed0000        	1       	DynamicLoad         
4788      	smartscreen.ex      	rasadhlp.dll                                                          	0xa000          	C:\Windows\System32\rasadhlp.dll                                                                                                	0x7ffd06b20000        	1       	DynamicLoad         
4788      	smartscreen.ex      	fwpuclnt.dll                                                          	0x82000         	C:\Windows\System32\fwpuclnt.dll                                                                                                	0x7ffd07b70000        	1       	DynamicLoad         
4788      	smartscreen.ex      	schannel.DLL                                                          	0x99000         	C:\Windows\system32\schannel.DLL                                                                                                	0x7ffd11df0000        	1       	DynamicLoad         
4788      	smartscreen.ex      	mskeyprotect.dll                                                      	0x16000         	C:\Windows\SYSTEM32\mskeyprotect.dll                                                                                            	0x7ffd00d00000        	1       	DynamicLoad         
4788      	smartscreen.ex      	NTASN1.dll                                                            	0x3b000         	C:\Windows\SYSTEM32\NTASN1.dll                                                                                                  	0x7ffd128f0000        	1       	DelayloadDependency 
4788      	smartscreen.ex      	cryptnet.dll                                                          	0x31000         	C:\Windows\System32\cryptnet.dll                                                                                                	0x7ffd00c90000        	1       	DynamicLoad         
4788      	smartscreen.ex      	ncrypt.dll                                                            	0x28000         	C:\Windows\System32\ncrypt.dll                                                                                                  	0x7ffd12930000        	1       	DelayloadDependency 
4788      	smartscreen.ex      	ncryptsslp.dll                                                        	0x26000         	C:\Windows\system32\ncryptsslp.dll                                                                                              	0x7ffd00db0000        	1       	DynamicLoad         
4788      	smartscreen.ex      	certenroll.dll                                                        	0x33c000        	C:\Windows\System32\certenroll.dll                                                                                              	0x7ffcea750000        	1       	DynamicLoad         
4788      	smartscreen.ex      	certca.dll                                                            	0xcd000         	C:\Windows\System32\certca.dll                                                                                                  	0x7ffcea680000        	1       	StaticDependency    
4788      	smartscreen.ex      	WLDAP32.dll                                                           	0x56000         	C:\Windows\System32\WLDAP32.dll                                                                                                 	0x7ffd14e30000        	1       	StaticDependency    
4788      	smartscreen.ex      	DSPARSE.dll                                                           	0xc000          	C:\Windows\System32\DSPARSE.dll                                                                                                 	0x7ffd0b150000        	1       	StaticDependency    
4788      	smartscreen.ex      	mlang.dll                                                             	0x42000         	C:\Windows\system32\mlang.dll                                                                                                   	0x7ffcf0460000        	1       	DynamicLoad         
6768      	audiodg.exe         	ntdll.dll                                                             	0x1f8000        	C:\Windows\SYSTEM32\ntdll.dll                                                                                                   	0x7ffd157f0000        	2       	StaticDependency    
6768      	audiodg.exe         	KERNEL32.DLL                                                          	0xbf000         	C:\Windows\System32\KERNEL32.DLL                                                                                                	0x7ffd155b0000        	2       	DynamicLoad         
6768      	audiodg.exe         	KERNELBASE.dll                                                        	0x2f6000        	C:\Windows\System32\KERNELBASE.dll                                                                                              	0x7ffd133b0000        	1       	StaticDependency    
6768      	audiodg.exe         	ucrtbase.dll                                                          	0x100000        	C:\Windows\System32\ucrtbase.dll                                                                                                	0x7ffd13180000        	2       	StaticDependency    
6768      	audiodg.exe         	cfgmgr32.dll                                                          	0x4e000         	C:\Windows\System32\cfgmgr32.dll                                                                                                	0x7ffd137d0000        	2       	StaticDependency    
6768      	audiodg.exe         	combase.dll                                                           	0x354000        	C:\Windows\System32\combase.dll                                                                                                 	0x7ffd150f0000        	2       	StaticDependency    
6768      	audiodg.exe         	RPCRT4.dll                                                            	0x126000        	C:\Windows\System32\RPCRT4.dll                                                                                                  	0x7ffd13c20000        	2       	StaticDependency    
6768      	audiodg.exe         	MMDevAPI.DLL                                                          	0x85000         	C:\Windows\system32\MMDevAPI.DLL                                                                                                	0x7ffd0b1d0000        	2       	StaticDependency    
6768      	audiodg.exe         	msvcp_win.dll                                                         	0x9d000         	C:\Windows\System32\msvcp_win.dll                                                                                               	0x7ffd130e0000        	2       	StaticDependency    
6768      	audiodg.exe         	sechost.dll                                                           	0x9c000         	C:\Windows\System32\sechost.dll                                                                                                 	0x7ffd15450000        	2       	StaticDependency    
6768      	audiodg.exe         	shcore.dll                                                            	0xad000         	C:\Windows\System32\shcore.dll                                                                                                  	0x7ffd13880000        	2       	StaticDependency    
6768      	audiodg.exe         	msvcrt.dll                                                            	0x9e000         	C:\Windows\System32\msvcrt.dll                                                                                                  	0x7ffd13af0000        	2       	StaticDependency    
6768      	audiodg.exe         	DEVOBJ.dll                                                            	0x2c000         	C:\Windows\system32\DEVOBJ.dll                                                                                                  	0x7ffd12c30000        	2       	StaticDependency    
6768      	audiodg.exe         	kernel.appcore.dll                                                    	0x12000         	C:\Windows\SYSTEM32\kernel.appcore.dll                                                                                          	0x7ffd10db0000        	1       	DelayloadDependency 
6768      	audiodg.exe         	bcryptPrimitives.dll                                                  	0x82000         	C:\Windows\System32\bcryptPrimitives.dll                                                                                        	0x7ffd132b0000        	3       	DelayloadDependency 
6768      	audiodg.exe         	user32.dll                                                            	0x19d000        	C:\Windows\System32\user32.dll                                                                                                  	0x7ffd14e90000        	1       	DelayloadDependency 
6768      	audiodg.exe         	win32u.dll                                                            	0x22000         	C:\Windows\System32\win32u.dll                                                                                                  	0x7ffd13820000        	1       	StaticDependency    
6768      	audiodg.exe         	GDI32.dll                                                             	0x2c000         	C:\Windows\System32\GDI32.dll                                                                                                   	0x7ffd13bf0000        	1       	StaticDependency    
6768      	audiodg.exe         	gdi32full.dll                                                         	0x115000        	C:\Windows\System32\gdi32full.dll                                                                                               	0x7ffd136b0000        	1       	StaticDependency    
6768      	audiodg.exe         	clbcatq.dll                                                           	0xa9000         	C:\Windows\System32\clbcatq.dll                                                                                                 	0x7ffd13d50000        	1       	DelayloadDependency 
6768      	audiodg.exe         	AudioSes.dll                                                          	0x182000        	C:\Windows\System32\AudioSes.dll                                                                                                	0x7ffd07080000        	1       	DynamicLoad         
6768      	audiodg.exe         	OLEAUT32.dll                                                          	0xcd000         	C:\Windows\System32\OLEAUT32.dll                                                                                                	0x7ffd13e00000        	1       	StaticDependency    
6768      	audiodg.exe         	advapi32.dll                                                          	0xaf000         	C:\Windows\System32\advapi32.dll                                                                                                	0x7ffd15040000        	1       	StaticDependency    
6768      	audiodg.exe         	powrprof.dll                                                          	0x4b000         	C:\Windows\SYSTEM32\powrprof.dll                                                                                                	0x7ffd12c90000        	1       	StaticDependency    
6768      	audiodg.exe         	UMPDC.dll                                                             	0x12000         	C:\Windows\SYSTEM32\UMPDC.dll                                                                                                   	0x7ffd12a70000        	1       	DelayloadDependency 
6768      	audiodg.exe         	audioeng.dll                                                          	0x208000        	C:\Windows\System32\audioeng.dll                                                                                                	0x7ffcc6850000        	1       	DynamicLoad         
6768      	audiodg.exe         	PROPSYS.dll                                                           	0xf6000         	C:\Windows\System32\PROPSYS.dll                                                                                                 	0x7ffd0ea50000        	1       	StaticDependency    
6768      	audiodg.exe         	AVRT.dll                                                              	0xa000          	C:\Windows\System32\AVRT.dll                                                                                                    	0x7ffd0e510000        	1       	StaticDependency    
6768      	audiodg.exe         	winsta.dll                                                            	0x64000         	C:\Windows\SYSTEM32\winsta.dll                                                                                                  	0x7ffd12880000        	1       	DelayloadDependency 
6768      	audiodg.exe         	rdpendp.dll                                                           	0x4e000         	C:\Windows\system32\rdpendp.dll                                                                                                 	0x7ffcfca90000        	1       	DynamicLoad         
6768      	audiodg.exe         	WTSAPI32.dll                                                          	0x14000         	C:\Windows\system32\WTSAPI32.dll                                                                                                	0x7ffd0ebb0000        	1       	StaticDependency    
6768      	audiodg.exe         	OLE32.dll                                                             	0x12a000        	C:\Windows\System32\OLE32.dll                                                                                                   	0x7ffd140d0000        	1       	DelayloadDependency 
6768      	audiodg.exe         	MF.dll                                                                	0x84000         	C:\Windows\system32\MF.dll                                                                                                      	0x7ffcfff40000        	3       	DynamicLoad         
6768      	audiodg.exe         	MFCORE.DLL                                                            	0x48e000        	C:\Windows\system32\MFCORE.DLL                                                                                                  	0x7ffcfdef0000        	3       	DynamicForwarderDependency
6768      	audiodg.exe         	CRYPT32.dll                                                           	0x15e000        	C:\Windows\System32\CRYPT32.dll                                                                                                 	0x7ffd12f80000        	1       	StaticDependency    
6768      	audiodg.exe         	bcrypt.dll                                                            	0x27000         	C:\Windows\System32\bcrypt.dll                                                                                                  	0x7ffd13280000        	2       	StaticDependency    
6768      	audiodg.exe         	ksuser.dll                                                            	0x9000          	C:\Windows\system32\ksuser.dll                                                                                                  	0x7ffd00710000        	1       	StaticDependency    
6768      	audiodg.exe         	CRYPTBASE.DLL                                                         	0xc000          	C:\Windows\system32\CRYPTBASE.DLL                                                                                               	0x7ffd127c0000        	1       	StaticForwarderDependency
6768      	audiodg.exe         	MFPlat.dll                                                            	0x1bc000        	C:\Windows\system32\MFPlat.dll                                                                                                  	0x7ffcfdd30000        	3       	DynamicLoad         
6768      	audiodg.exe         	RTWorkQ.DLL                                                           	0x34000         	C:\Windows\system32\RTWorkQ.DLL                                                                                                 	0x7ffcfff00000        	3       	DelayloadDependency 
6768      	audiodg.exe         	mfAACEnc.dll                                                          	0x24000         	C:\Windows\System32\mfAACEnc.dll                                                                                                	0x7ffd00070000        	1       	DynamicLoad         
6768      	audiodg.exe         	MSACM32.dll                                                           	0x1e000         	C:\Windows\system32\MSACM32.dll                                                                                                 	0x7ffccbf10000        	1       	DelayloadDependency 
6768      	audiodg.exe         	winmmbase.dll                                                         	0x26000         	C:\Windows\SYSTEM32\winmmbase.dll                                                                                               	0x7ffcf4f10000        	1       	StaticDependency    
6768      	audiodg.exe         	imaadp32.acm                                                          	0xd000          	C:\Windows\system32\imaadp32.acm                                                                                                	0x7ffd0e920000        	1       	DynamicLoad         
6768      	audiodg.exe         	msadp32.acm                                                           	0xb000          	C:\Windows\system32\msadp32.acm                                                                                                 	0x7ffd02e00000        	1       	DynamicLoad         
6768      	audiodg.exe         	msg711.acm                                                            	0x9000          	C:\Windows\system32\msg711.acm                                                                                                  	0x7ffd02df0000        	1       	DynamicLoad         
6768      	audiodg.exe         	msgsm32.acm                                                           	0xe000          	C:\Windows\system32\msgsm32.acm                                                                                                 	0x7ffd02d00000        	1       	DynamicLoad         
6768      	audiodg.exe         	l3codeca.acm                                                          	0x1b000         	C:\Windows\System32\l3codeca.acm                                                                                                	0x7ffd004d0000        	1       	DynamicLoad         
1628      	RuntimeBroker.      	ntdll.dll                                                             	0x1f8000        	C:\Windows\SYSTEM32\ntdll.dll                                                                                                   	0x7ffd157f0000        	2       	StaticDependency    
1628      	RuntimeBroker.      	KERNEL32.DLL                                                          	0xbf000         	C:\Windows\System32\KERNEL32.DLL                                                                                                	0x7ffd155b0000        	2       	DynamicLoad         
1628      	RuntimeBroker.      	KERNELBASE.dll                                                        	0x2f6000        	C:\Windows\System32\KERNELBASE.dll                                                                                              	0x7ffd133b0000        	1       	StaticDependency    
1628      	RuntimeBroker.      	ucrtbase.dll                                                          	0x100000        	C:\Windows\System32\ucrtbase.dll                                                                                                	0x7ffd13180000        	2       	StaticDependency    
1628      	RuntimeBroker.      	combase.dll                                                           	0x354000        	C:\Windows\System32\combase.dll                                                                                                 	0x7ffd150f0000        	2       	StaticDependency    
1628      	RuntimeBroker.      	RPCRT4.dll                                                            	0x126000        	C:\Windows\System32\RPCRT4.dll                                                                                                  	0x7ffd13c20000        	2       	StaticDependency    
1628      	RuntimeBroker.      	sechost.dll                                                           	0x9c000         	C:\Windows\System32\sechost.dll                                                                                                 	0x7ffd15450000        	2       	StaticDependency    
1628      	RuntimeBroker.      	powrprof.dll                                                          	0x4b000         	C:\Windows\SYSTEM32\powrprof.dll                                                                                                	0x7ffd12c90000        	2       	StaticDependency    
1628      	RuntimeBroker.      	kernel.appcore.dll                                                    	0x12000         	C:\Windows\SYSTEM32\kernel.appcore.dll                                                                                          	0x7ffd10db0000        	2       	StaticDependency    
1628      	RuntimeBroker.      	msvcrt.dll                                                            	0x9e000         	C:\Windows\System32\msvcrt.dll                                                                                                  	0x7ffd13af0000        	2       	StaticDependency    
1628      	RuntimeBroker.      	RMCLIENT.dll                                                          	0x2a000         	C:\Windows\System32\RMCLIENT.dll                                                                                                	0x7ffd10ac0000        	2       	StaticDependency    
1628      	RuntimeBroker.      	UMPDC.dll                                                             	0x12000         	C:\Windows\System32\UMPDC.dll                                                                                                   	0x7ffd12a70000        	1       	DelayloadDependency 
1628      	RuntimeBroker.      	bcryptPrimitives.dll                                                  	0x82000         	C:\Windows\System32\bcryptPrimitives.dll                                                                                        	0x7ffd132b0000        	3       	DelayloadDependency 
1628      	RuntimeBroker.      	user32.dll                                                            	0x19d000        	C:\Windows\System32\user32.dll                                                                                                  	0x7ffd14e90000        	1       	DelayloadDependency 
1628      	RuntimeBroker.      	win32u.dll                                                            	0x22000         	C:\Windows\System32\win32u.dll                                                                                                  	0x7ffd13820000        	1       	StaticDependency    
1628      	RuntimeBroker.      	GDI32.dll                                                             	0x2c000         	C:\Windows\System32\GDI32.dll                                                                                                   	0x7ffd13bf0000        	1       	StaticDependency    
1628      	RuntimeBroker.      	gdi32full.dll                                                         	0x115000        	C:\Windows\System32\gdi32full.dll                                                                                               	0x7ffd136b0000        	1       	StaticDependency    
1628      	RuntimeBroker.      	msvcp_win.dll                                                         	0x9d000         	C:\Windows\System32\msvcp_win.dll                                                                                               	0x7ffd130e0000        	1       	StaticDependency    
1628      	RuntimeBroker.      	IMM32.DLL                                                             	0x30000         	C:\Windows\System32\IMM32.DLL                                                                                                   	0x7ffd15780000        	1       	DynamicLoad         
1628      	RuntimeBroker.      	clbcatq.dll                                                           	0xa9000         	C:\Windows\System32\clbcatq.dll                                                                                                 	0x7ffd13d50000        	1       	DelayloadDependency 
1628      	RuntimeBroker.      	windows.storage.dll                                                   	0x793000        	C:\Windows\system32\windows.storage.dll                                                                                         	0x7ffd10fb0000        	1       	DynamicLoad         
1628      	RuntimeBroker.      	Wldp.dll                                                              	0x2e000         	C:\Windows\system32\Wldp.dll                                                                                                    	0x7ffd12850000        	1       	StaticDependency    
1628      	RuntimeBroker.      	advapi32.dll                                                          	0xaf000         	C:\Windows\System32\advapi32.dll                                                                                                	0x7ffd15040000        	1       	StaticDependency    
1628      	RuntimeBroker.      	shcore.dll                                                            	0xad000         	C:\Windows\System32\shcore.dll                                                                                                  	0x7ffd13880000        	1       	DelayloadDependency 
1628      	RuntimeBroker.      	uxtheme.dll                                                           	0x9e000         	C:\Windows\system32\uxtheme.dll                                                                                                 	0x7ffd108e0000        	1       	DynamicLoad         
1628      	RuntimeBroker.      	OneCoreUAPCommonProxyStub.dll                                         	0x7cb000        	C:\Windows\System32\OneCoreUAPCommonProxyStub.dll                                                                               	0x7ffd0c960000        	1       	DynamicLoad         
1628      	RuntimeBroker.      	ole32.dll                                                             	0x12a000        	C:\Windows\System32\ole32.dll                                                                                                   	0x7ffd140d0000        	1       	DelayloadDependency 
1628      	RuntimeBroker.      	shlwapi.dll                                                           	0x55000         	C:\Windows\System32\shlwapi.dll                                                                                                 	0x7ffd15550000        	1       	DelayloadDependency 
1628      	RuntimeBroker.      	OLEAUT32.dll                                                          	0xcd000         	C:\Windows\System32\OLEAUT32.dll                                                                                                	0x7ffd13e00000        	1       	DelayloadDependency 
1628      	RuntimeBroker.      	CFGMGR32.dll                                                          	0x4e000         	C:\Windows\System32\CFGMGR32.dll                                                                                                	0x7ffd137d0000        	1       	DelayloadDependency 
1628      	RuntimeBroker.      	propsys.dll                                                           	0xf6000         	C:\Windows\system32\propsys.dll                                                                                                 	0x7ffd0ea50000        	1       	DynamicLoad         
1628      	RuntimeBroker.      	StructuredQuery.dll                                                   	0xa6000         	C:\Windows\System32\StructuredQuery.dll                                                                                         	0x7ffd06170000        	1       	DynamicLoad         
1628      	RuntimeBroker.      	shell32.dll                                                           	0x744000        	C:\Windows\System32\shell32.dll                                                                                                 	0x7ffd14200000        	1       	DynamicLoad         
1628      	RuntimeBroker.      	edputil.dll                                                           	0x24000         	C:\Windows\system32\edputil.dll                                                                                                 	0x7ffcfb770000        	1       	DelayloadDependency 
1628      	RuntimeBroker.      	windows.staterepositorycore.dll                                       	0x11000         	C:\Windows\SYSTEM32\windows.staterepositorycore.dll                                                                             	0x7ffd067c0000        	1       	DelayloadDependency 
1500      	notepad.exe         	ntdll.dll                                                             	0x1f8000        	C:\Windows\SYSTEM32\ntdll.dll                                                                                                   	0x7ffd157f0000        	2       	StaticDependency    
1500      	notepad.exe         	KERNEL32.DLL                                                          	0xbf000         	C:\Windows\System32\KERNEL32.DLL                                                                                                	0x7ffd155b0000        	2       	DynamicLoad         
1500      	notepad.exe         	KERNELBASE.dll                                                        	0x2f6000        	C:\Windows\System32\KERNELBASE.dll                                                                                              	0x7ffd133b0000        	1       	StaticDependency    
1500      	notepad.exe         	GDI32.dll                                                             	0x2c000         	C:\Windows\System32\GDI32.dll                                                                                                   	0x7ffd13bf0000        	2       	StaticDependency    
1500      	notepad.exe         	win32u.dll                                                            	0x22000         	C:\Windows\System32\win32u.dll                                                                                                  	0x7ffd13820000        	2       	StaticDependency    
1500      	notepad.exe         	gdi32full.dll                                                         	0x115000        	C:\Windows\System32\gdi32full.dll                                                                                               	0x7ffd136b0000        	2       	StaticDependency    
1500      	notepad.exe         	msvcp_win.dll                                                         	0x9d000         	C:\Windows\System32\msvcp_win.dll                                                                                               	0x7ffd130e0000        	2       	StaticDependency    
1500      	notepad.exe         	ucrtbase.dll                                                          	0x100000        	C:\Windows\System32\ucrtbase.dll                                                                                                	0x7ffd13180000        	2       	StaticDependency    
1500      	notepad.exe         	USER32.dll                                                            	0x19d000        	C:\Windows\System32\USER32.dll                                                                                                  	0x7ffd14e90000        	2       	StaticDependency    
1500      	notepad.exe         	combase.dll                                                           	0x354000        	C:\Windows\System32\combase.dll                                                                                                 	0x7ffd150f0000        	2       	StaticDependency    
1500      	notepad.exe         	RPCRT4.dll                                                            	0x126000        	C:\Windows\System32\RPCRT4.dll                                                                                                  	0x7ffd13c20000        	2       	StaticDependency    
1500      	notepad.exe         	shcore.dll                                                            	0xad000         	C:\Windows\System32\shcore.dll                                                                                                  	0x7ffd13880000        	2       	StaticDependency    
1500      	notepad.exe         	msvcrt.dll                                                            	0x9e000         	C:\Windows\System32\msvcrt.dll                                                                                                  	0x7ffd13af0000        	2       	StaticDependency    
1500      	notepad.exe         	COMCTL32.dll                                                          	0x29a000        	C:\Windows\WinSxS\amd64_microsoft.windows.common-controls_6595b64144ccf1df_6.0.19041.1110_none_60b5254171f9507e\COMCTL32.dll    	0x7ffcfbf90000        	2       	StaticDependency    
1500      	notepad.exe         	IMM32.DLL                                                             	0x30000         	C:\Windows\System32\IMM32.DLL                                                                                                   	0x7ffd15780000        	1       	DynamicLoad         
1500      	notepad.exe         	bcryptPrimitives.dll                                                  	0x82000         	C:\Windows\System32\bcryptPrimitives.dll                                                                                        	0x7ffd132b0000        	3       	DelayloadDependency 
1500      	notepad.exe         	ADVAPI32.dll                                                          	0xaf000         	C:\Windows\System32\ADVAPI32.dll                                                                                                	0x7ffd15040000        	1       	DelayloadDependency 
1500      	notepad.exe         	sechost.dll                                                           	0x9c000         	C:\Windows\System32\sechost.dll                                                                                                 	0x7ffd15450000        	1       	StaticDependency    
1500      	notepad.exe         	kernel.appcore.dll                                                    	0x12000         	C:\Windows\SYSTEM32\kernel.appcore.dll                                                                                          	0x7ffd10db0000        	1       	DelayloadDependency 
1500      	notepad.exe         	uxtheme.dll                                                           	0x9e000         	C:\Windows\system32\uxtheme.dll                                                                                                 	0x7ffd108e0000        	1       	DynamicLoad         
1500      	notepad.exe         	clbcatq.dll                                                           	0xa9000         	C:\Windows\System32\clbcatq.dll                                                                                                 	0x7ffd13d50000        	1       	DelayloadDependency 
1500      	notepad.exe         	MrmCoreR.dll                                                          	0xf4000         	C:\Windows\System32\MrmCoreR.dll                                                                                                	0x7ffd0ac10000        	1       	DynamicLoad         
1500      	notepad.exe         	SHELL32.dll                                                           	0x744000        	C:\Windows\System32\SHELL32.dll                                                                                                 	0x7ffd14200000        	1       	DelayloadDependency 
1500      	notepad.exe         	windows.storage.dll                                                   	0x793000        	C:\Windows\SYSTEM32\windows.storage.dll                                                                                         	0x7ffd10fb0000        	1       	DelayloadDependency 
1500      	notepad.exe         	Wldp.dll                                                              	0x2e000         	C:\Windows\system32\Wldp.dll                                                                                                    	0x7ffd12850000        	1       	StaticDependency    
1500      	notepad.exe         	shlwapi.dll                                                           	0x55000         	C:\Windows\System32\shlwapi.dll                                                                                                 	0x7ffd15550000        	1       	DelayloadDependency 
1500      	notepad.exe         	MSCTF.dll                                                             	0x114000        	C:\Windows\System32\MSCTF.dll                                                                                                   	0x7ffd13fb0000        	1       	DelayloadDependency 
1500      	notepad.exe         	OLEAUT32.dll                                                          	0xcd000         	C:\Windows\System32\OLEAUT32.dll                                                                                                	0x7ffd13e00000        	1       	StaticDependency    
1500      	notepad.exe         	TextShaping.dll                                                       	0xac000         	C:\Windows\system32\TextShaping.dll                                                                                             	0x7ffd06b50000        	1       	DelayloadDependency 
1500      	notepad.exe         	efswrt.dll                                                            	0xdd000         	C:\Windows\System32\efswrt.dll                                                                                                  	0x7ffcf1900000        	1       	DynamicLoad         
1500      	notepad.exe         	MPR.dll                                                               	0x1d000         	C:\Windows\System32\MPR.dll                                                                                                     	0x7ffd02ca0000        	1       	StaticDependency    
1500      	notepad.exe         	wintypes.dll                                                          	0x154000        	C:\Windows\SYSTEM32\wintypes.dll                                                                                                	0x7ffd0ebd0000        	1       	StaticDependency    
1500      	notepad.exe         	twinapi.appcore.dll                                                   	0x200000        	C:\Windows\System32\twinapi.appcore.dll                                                                                         	0x7ffd0de50000        	1       	DynamicLoad         
1500      	notepad.exe         	oleacc.dll                                                            	0x66000         	C:\Windows\System32\oleacc.dll                                                                                                  	0x7ffcf8cb0000        	1       	DynamicLoad         
1500      	notepad.exe         	textinputframework.dll                                                	0xfa000         	C:\Windows\SYSTEM32\textinputframework.dll                                                                                      	0x7ffd0a940000        	1       	DelayloadDependency 
1500      	notepad.exe         	CoreUIComponents.dll                                                  	0x35e000        	C:\Windows\System32\CoreUIComponents.dll                                                                                        	0x7ffd0fd10000        	2       	StaticDependency    
1500      	notepad.exe         	CoreMessaging.dll                                                     	0xf2000         	C:\Windows\System32\CoreMessaging.dll                                                                                           	0x7ffd103f0000        	2       	StaticDependency    
1500      	notepad.exe         	WS2_32.dll                                                            	0x6b000         	C:\Windows\System32\WS2_32.dll                                                                                                  	0x7ffd14dc0000        	1       	StaticDependency    
1500      	notepad.exe         	ntmarta.dll                                                           	0x33000         	C:\Windows\SYSTEM32\ntmarta.dll                                                                                                 	0x7ffd11f60000        	1       	StaticDependency    
1488      	explorer.exe        	ntdll.dll                                                             	0x1f8000        	C:\Windows\SYSTEM32\ntdll.dll                                                                                                   	0x7ffd157f0000        	2       	StaticDependency    
1488      	explorer.exe        	KERNEL32.DLL                                                          	0xbf000         	C:\Windows\System32\KERNEL32.DLL                                                                                                	0x7ffd155b0000        	2       	DynamicLoad         
1488      	explorer.exe        	KERNELBASE.dll                                                        	0x2f6000        	C:\Windows\System32\KERNELBASE.dll                                                                                              	0x7ffd133b0000        	1       	StaticDependency    
1488      	explorer.exe        	msvcp_win.dll                                                         	0x9d000         	C:\Windows\System32\msvcp_win.dll                                                                                               	0x7ffd130e0000        	2       	StaticDependency    
1488      	explorer.exe        	ucrtbase.dll                                                          	0x100000        	C:\Windows\System32\ucrtbase.dll                                                                                                	0x7ffd13180000        	2       	StaticDependency    
1488      	explorer.exe        	combase.dll                                                           	0x354000        	C:\Windows\System32\combase.dll                                                                                                 	0x7ffd150f0000        	2       	StaticDependency    
1488      	explorer.exe        	RPCRT4.dll                                                            	0x126000        	C:\Windows\System32\RPCRT4.dll                                                                                                  	0x7ffd13c20000        	2       	StaticDependency    
1488      	explorer.exe        	OLEAUT32.dll                                                          	0xcd000         	C:\Windows\System32\OLEAUT32.dll                                                                                                	0x7ffd13e00000        	2       	StaticDependency    
1488      	explorer.exe        	shcore.dll                                                            	0xad000         	C:\Windows\System32\shcore.dll                                                                                                  	0x7ffd13880000        	2       	StaticDependency    
1488      	explorer.exe        	msvcrt.dll                                                            	0x9e000         	C:\Windows\System32\msvcrt.dll                                                                                                  	0x7ffd13af0000        	2       	StaticDependency    
1488      	explorer.exe        	advapi32.dll                                                          	0xaf000         	C:\Windows\System32\advapi32.dll                                                                                                	0x7ffd15040000        	2       	StaticDependency    
1488      	explorer.exe        	sechost.dll                                                           	0x9c000         	C:\Windows\System32\sechost.dll                                                                                                 	0x7ffd15450000        	2       	StaticDependency    
1488      	explorer.exe        	shlwapi.dll                                                           	0x55000         	C:\Windows\System32\shlwapi.dll                                                                                                 	0x7ffd15550000        	2       	StaticDependency    
1488      	explorer.exe        	user32.dll                                                            	0x19d000        	C:\Windows\System32\user32.dll                                                                                                  	0x7ffd14e90000        	2       	StaticDependency    
1488      	explorer.exe        	win32u.dll                                                            	0x22000         	C:\Windows\System32\win32u.dll                                                                                                  	0x7ffd13820000        	2       	StaticDependency    
1488      	explorer.exe        	GDI32.dll                                                             	0x2c000         	C:\Windows\System32\GDI32.dll                                                                                                   	0x7ffd13bf0000        	2       	StaticDependency    
1488      	explorer.exe        	gdi32full.dll                                                         	0x115000        	C:\Windows\System32\gdi32full.dll                                                                                               	0x7ffd136b0000        	2       	StaticDependency    
1488      	explorer.exe        	SHELL32.dll                                                           	0x744000        	C:\Windows\System32\SHELL32.dll                                                                                                 	0x7ffd14200000        	2       	StaticDependency    
1488      	explorer.exe        	TWINAPI.dll                                                           	0xa9000         	C:\Windows\SYSTEM32\TWINAPI.dll                                                                                                 	0x7ffcfbee0000        	2       	StaticDependency    
1488      	explorer.exe        	USERENV.dll                                                           	0x2e000         	C:\Windows\SYSTEM32\USERENV.dll                                                                                                 	0x7ffd12d90000        	2       	StaticDependency    
1488      	explorer.exe        	AEPIC.dll                                                             	0x92000         	C:\Windows\SYSTEM32\AEPIC.dll                                                                                                   	0x7ffcffc90000        	2       	StaticDependency    
1488      	explorer.exe        	bcrypt.dll                                                            	0x27000         	C:\Windows\System32\bcrypt.dll                                                                                                  	0x7ffd13280000        	2       	StaticDependency    
1488      	explorer.exe        	IPHLPAPI.DLL                                                          	0x3c000         	C:\Windows\SYSTEM32\IPHLPAPI.DLL                                                                                                	0x7ffd122a0000        	2       	StaticDependency    
1488      	explorer.exe        	powrprof.dll                                                          	0x4b000         	C:\Windows\SYSTEM32\powrprof.dll                                                                                                	0x7ffd12c90000        	2       	StaticDependency    
1488      	explorer.exe        	windows.storage.dll                                                   	0x793000        	C:\Windows\SYSTEM32\windows.storage.dll                                                                                         	0x7ffd10fb0000        	2       	StaticDependency    
1488      	explorer.exe        	dxgi.dll                                                              	0xf3000         	C:\Windows\SYSTEM32\dxgi.dll                                                                                                    	0x7ffd11790000        	2       	StaticDependency    
1488      	explorer.exe        	kernel.appcore.dll                                                    	0x12000         	C:\Windows\SYSTEM32\kernel.appcore.dll                                                                                          	0x7ffd10db0000        	2       	StaticDependency    
1488      	explorer.exe        	PROPSYS.dll                                                           	0xf6000         	C:\Windows\SYSTEM32\PROPSYS.dll                                                                                                 	0x7ffd0ea50000        	2       	StaticDependency    
1488      	explorer.exe        	CoreMessaging.dll                                                     	0xf2000         	C:\Windows\SYSTEM32\CoreMessaging.dll                                                                                           	0x7ffd103f0000        	2       	StaticDependency    
1488      	explorer.exe        	WS2_32.dll                                                            	0x6b000         	C:\Windows\System32\WS2_32.dll                                                                                                  	0x7ffd14dc0000        	2       	StaticDependency    
1488      	explorer.exe        	urlmon.dll                                                            	0x1ec000        	C:\Windows\SYSTEM32\urlmon.dll                                                                                                  	0x7ffd08ce0000        	2       	StaticDependency    
1488      	explorer.exe        	WTSAPI32.dll                                                          	0x14000         	C:\Windows\SYSTEM32\WTSAPI32.dll                                                                                                	0x7ffd0ebb0000        	2       	StaticDependency    
1488      	explorer.exe        	WININET.dll                                                           	0x4d9000        	C:\Windows\SYSTEM32\WININET.dll                                                                                                 	0x7ffd04830000        	2       	StaticDependency    
1488      	explorer.exe        	UxTheme.dll                                                           	0x9e000         	C:\Windows\SYSTEM32\UxTheme.dll                                                                                                 	0x7ffd108e0000        	2       	StaticDependency    
1488      	explorer.exe        	dwmapi.dll                                                            	0x2f000         	C:\Windows\SYSTEM32\dwmapi.dll                                                                                                  	0x7ffd10bd0000        	2       	StaticDependency    
1488      	explorer.exe        	SspiCli.dll                                                           	0x32000         	C:\Windows\SYSTEM32\SspiCli.dll                                                                                                 	0x7ffd12dc0000        	2       	StaticDependency    
1488      	explorer.exe        	twinapi.appcore.dll                                                   	0x200000        	C:\Windows\SYSTEM32\twinapi.appcore.dll                                                                                         	0x7ffd0de50000        	2       	StaticDependency    
1488      	explorer.exe        	ntmarta.dll                                                           	0x33000         	C:\Windows\SYSTEM32\ntmarta.dll                                                                                                 	0x7ffd11f60000        	2       	StaticDependency    
1488      	explorer.exe        	cryptsp.dll                                                           	0x18000         	C:\Windows\SYSTEM32\cryptsp.dll                                                                                                 	0x7ffd127a0000        	2       	StaticDependency    
1488      	explorer.exe        	Wldp.dll                                                              	0x2e000         	C:\Windows\SYSTEM32\Wldp.dll                                                                                                    	0x7ffd12850000        	2       	StaticDependency    
1488      	explorer.exe        	iertutil.dll                                                          	0x2b1000        	C:\Windows\SYSTEM32\iertutil.dll                                                                                                	0x7ffd09010000        	2       	StaticDependency    
1488      	explorer.exe        	srvcli.dll                                                            	0x28000         	C:\Windows\SYSTEM32\srvcli.dll                                                                                                  	0x7ffd08cb0000        	2       	StaticDependency    
1488      	explorer.exe        	netutils.dll                                                          	0xc000          	C:\Windows\SYSTEM32\netutils.dll                                                                                                	0x7ffd123b0000        	2       	StaticDependency    
1488      	explorer.exe        	bcryptPrimitives.dll                                                  	0x82000         	C:\Windows\System32\bcryptPrimitives.dll                                                                                        	0x7ffd132b0000        	3       	DelayloadDependency 
1488      	explorer.exe        	IMM32.DLL                                                             	0x30000         	C:\Windows\System32\IMM32.DLL                                                                                                   	0x7ffd15780000        	1       	DynamicLoad         
1488      	explorer.exe        	UMPDC.dll                                                             	0x12000         	C:\Windows\SYSTEM32\UMPDC.dll                                                                                                   	0x7ffd12a70000        	1       	DelayloadDependency 
1488      	explorer.exe        	ole32.dll                                                             	0x12a000        	C:\Windows\System32\ole32.dll                                                                                                   	0x7ffd140d0000        	1       	DelayloadDependency 
1488      	explorer.exe        	clbcatq.dll                                                           	0xa9000         	C:\Windows\System32\clbcatq.dll                                                                                                 	0x7ffd13d50000        	1       	DelayloadDependency 
1488      	explorer.exe        	NInput.dll                                                            	0x6a000         	C:\Windows\SYSTEM32\NInput.dll                                                                                                  	0x7ffd0e120000        	1       	DelayloadDependency 
1488      	explorer.exe        	explorerframe.dll                                                     	0x220000        	C:\Windows\system32\explorerframe.dll                                                                                           	0x7ffcf8a00000        	1       	DynamicLoad         
1488      	explorer.exe        	ActXPrxy.dll                                                          	0xa1000         	C:\Windows\System32\ActXPrxy.dll                                                                                                	0x7ffd0c6a0000        	1       	DynamicLoad         
1488      	explorer.exe        	comctl32.dll                                                          	0x29a000        	C:\Windows\WinSxS\amd64_microsoft.windows.common-controls_6595b64144ccf1df_6.0.19041.1110_none_60b5254171f9507e\comctl32.dll    	0x7ffcfbf90000        	1       	DynamicLoad         
1488      	explorer.exe        	MSCTF.dll                                                             	0x114000        	C:\Windows\System32\MSCTF.dll                                                                                                   	0x7ffd13fb0000        	1       	DelayloadDependency 
1488      	explorer.exe        	sxs.dll                                                               	0xa2000         	C:\Windows\SYSTEM32\sxs.dll                                                                                                     	0x7ffd12ce0000        	1       	DelayloadDependency 
1488      	explorer.exe        	DUI70.dll                                                             	0x1ae000        	C:\Windows\system32\DUI70.dll                                                                                                   	0x7ffce2dc0000        	1       	DelayloadDependency 
1488      	explorer.exe        	DUser.dll                                                             	0x95000         	C:\Windows\system32\DUser.dll                                                                                                   	0x7ffcefb70000        	1       	DelayloadDependency 
1488      	explorer.exe        	WindowsCodecs.dll                                                     	0x1b4000        	C:\Windows\SYSTEM32\WindowsCodecs.dll                                                                                           	0x7ffd0dba0000        	1       	DelayloadDependency 
1488      	explorer.exe        	profapi.dll                                                           	0x1f000         	C:\Windows\SYSTEM32\profapi.dll                                                                                                 	0x7ffd12e10000        	1       	DelayloadDependency 
1488      	explorer.exe        	thumbcache.dll                                                        	0x66000         	C:\Windows\System32\thumbcache.dll                                                                                              	0x7ffcf8990000        	1       	DynamicLoad         
1488      	explorer.exe        	policymanager.dll                                                     	0xa3000         	C:\Windows\SYSTEM32\policymanager.dll                                                                                           	0x7ffd0c380000        	1       	DelayloadDependency 
1488      	explorer.exe        	msvcp110_win.dll                                                      	0x8a000         	C:\Windows\SYSTEM32\msvcp110_win.dll                                                                                            	0x7ffd11fa0000        	1       	StaticDependency    
1488      	explorer.exe        	dataexchange.dll                                                      	0x3e000         	C:\Windows\system32\dataexchange.dll                                                                                            	0x7ffcf8c20000        	1       	DynamicLoad         
1488      	explorer.exe        	d3d11.dll                                                             	0x263000        	C:\Windows\system32\d3d11.dll                                                                                                   	0x7ffd0f750000        	1       	StaticDependency    
1488      	explorer.exe        	dcomp.dll                                                             	0x1e3000        	C:\Windows\system32\dcomp.dll                                                                                                   	0x7ffd0f9c0000        	1       	StaticDependency    
1488      	explorer.exe        	TextShaping.dll                                                       	0xac000         	C:\Windows\SYSTEM32\TextShaping.dll                                                                                             	0x7ffd06b50000        	1       	DelayloadDependency 
1488      	explorer.exe        	Windows.UI.FileExplorer.dll                                           	0x48000         	C:\Windows\System32\Windows.UI.FileExplorer.dll                                                                                 	0x7ffd02e50000        	1       	DynamicLoad         
1488      	explorer.exe        	OLEACC.dll                                                            	0x66000         	C:\Windows\System32\OLEACC.dll                                                                                                  	0x7ffcf8cb0000        	1       	StaticDependency    
1488      	explorer.exe        	textinputframework.dll                                                	0xfa000         	C:\Windows\SYSTEM32\textinputframework.dll                                                                                      	0x7ffd0a940000        	1       	DelayloadDependency 
1488      	explorer.exe        	CoreUIComponents.dll                                                  	0x35e000        	C:\Windows\System32\CoreUIComponents.dll                                                                                        	0x7ffd0fd10000        	2       	StaticDependency    
1488      	explorer.exe        	wintypes.dll                                                          	0x154000        	C:\Windows\SYSTEM32\wintypes.dll                                                                                                	0x7ffd0ebd0000        	1       	StaticDependency    
1488      	explorer.exe        	CFGMGR32.dll                                                          	0x4e000         	C:\Windows\System32\CFGMGR32.dll                                                                                                	0x7ffd137d0000        	1       	DelayloadDependency 
1488      	explorer.exe        	edputil.dll                                                           	0x24000         	C:\Windows\SYSTEM32\edputil.dll                                                                                                 	0x7ffcfb770000        	1       	DelayloadDependency 
1488      	explorer.exe        	windows.fileexplorer.common.dll                                       	0x61000         	C:\Windows\SYSTEM32\windows.fileexplorer.common.dll                                                                             	0x7ffcf1ad0000        	1       	DelayloadDependency 
1488      	explorer.exe        	cldapi.dll                                                            	0x22000         	C:\Windows\SYSTEM32\cldapi.dll                                                                                                  	0x7ffcf8c60000        	3       	DelayloadDependency 
1488      	explorer.exe        	FLTLIB.DLL                                                            	0xb000          	C:\Windows\SYSTEM32\FLTLIB.DLL                                                                                                  	0x7ffd00430000        	1       	StaticDependency    
1488      	explorer.exe        	UIRibbon.dll                                                          	0x3ec000        	C:\Windows\system32\UIRibbon.dll                                                                                                	0x7ffcc7960000        	1       	DynamicLoad         
1488      	explorer.exe        	gdiplus.dll                                                           	0x1a5000        	C:\Windows\WinSxS\amd64_microsoft.windows.gdiplus_6595b64144ccf1df_1.1.19041.2251_none_91a40448cc8846c1\gdiplus.dll             	0x7ffcf01a0000        	1       	StaticDependency    
1488      	explorer.exe        	XmlLite.dll                                                           	0x36000         	C:\Windows\system32\XmlLite.dll                                                                                                 	0x7ffd0ea10000        	1       	StaticDependency    
1488      	explorer.exe        	atlthunk.dll                                                          	0xd000          	C:\Windows\SYSTEM32\atlthunk.dll                                                                                                	0x7ffcf1bc0000        	1       	DynamicLoad         
1488      	explorer.exe        	OneCoreUAPCommonProxyStub.dll                                         	0x7cb000        	C:\Windows\System32\OneCoreUAPCommonProxyStub.dll                                                                               	0x7ffd0c960000        	1       	DynamicLoad         
1488      	explorer.exe        	apphelp.dll                                                           	0x91000         	C:\Windows\SYSTEM32\apphelp.dll                                                                                                 	0x7ffd10730000        	1       	DelayloadDependency 
1488      	explorer.exe        	wkscli.dll                                                            	0x19000         	C:\Windows\SYSTEM32\wkscli.dll                                                                                                  	0x7ffd12030000        	1       	DelayloadDependency 
1488      	explorer.exe        	uiautomationcore.dll                                                  	0x2f5000        	C:\Windows\System32\uiautomationcore.dll                                                                                        	0x7ffcf5b90000        	1       	DynamicLoad         
1488      	explorer.exe        	OneCoreCommonProxyStub.dll                                            	0x7f000         	C:\Windows\System32\OneCoreCommonProxyStub.dll                                                                                  	0x7ffd055b0000        	1       	DynamicLoad         
1488      	explorer.exe        	WINSTA.dll                                                            	0x64000         	C:\Windows\SYSTEM32\WINSTA.dll                                                                                                  	0x7ffd12880000        	1       	DelayloadDependency 
1488      	explorer.exe        	ntshrui.dll                                                           	0x7d000         	C:\Windows\system32\ntshrui.dll                                                                                                 	0x7ffcf8840000        	1       	DynamicLoad         
1488      	explorer.exe        	Windows.Services.TargetedContent.dll                                  	0x124000        	C:\Windows\System32\Windows.Services.TargetedContent.dll                                                                        	0x7ffcf5e90000        	1       	DynamicLoad         
1488      	explorer.exe        	cscapi.dll                                                            	0x12000         	C:\Windows\SYSTEM32\cscapi.dll                                                                                                  	0x7ffd00a40000        	1       	DynamicLoad         
1488      	explorer.exe        	mssprxy.dll                                                           	0x28000         	C:\Windows\system32\mssprxy.dll                                                                                                 	0x7ffcf4b40000        	1       	DynamicLoad         
1488      	explorer.exe        	StructuredQuery.dll                                                   	0xa6000         	C:\Windows\System32\StructuredQuery.dll                                                                                         	0x7ffd06170000        	1       	DynamicLoad         
1488      	explorer.exe        	Windows.Storage.Search.dll                                            	0xc9000         	C:\Windows\system32\Windows.Storage.Search.dll                                                                                  	0x7ffcf1cb0000        	1       	DynamicLoad         
1488      	explorer.exe        	coml2.dll                                                             	0x79000         	C:\Windows\System32\coml2.dll                                                                                                   	0x7ffd15700000        	1       	DelayloadDependency 
1488      	explorer.exe        	LINKINFO.dll                                                          	0xd000          	C:\Windows\SYSTEM32\LINKINFO.dll                                                                                                	0x7ffcf9920000        	1       	DelayloadDependency 
1488      	explorer.exe        	Windows.StateRepositoryPS.dll                                         	0x146000        	C:\Windows\System32\Windows.StateRepositoryPS.dll                                                                               	0x7ffd01c90000        	1       	DynamicLoad         
1488      	explorer.exe        	windows.staterepositoryclient.dll                                     	0x40000         	C:\Windows\SYSTEM32\windows.staterepositoryclient.dll                                                                           	0x7ffcf97f0000        	1       	DelayloadDependency 
1488      	explorer.exe        	FileSyncShell64.dll                                                   	0x1ed000        	C:\Users\sharkvm\AppData\Local\Microsoft\OneDrive\25.130.0706.0004\FileSyncShell64.dll                                          	0x7ffcc6660000        	1       	DynamicLoad         
1488      	explorer.exe        	CRYPT32.dll                                                           	0x15e000        	C:\Windows\System32\CRYPT32.dll                                                                                                 	0x7ffd12f80000        	1       	StaticDependency    
1488      	explorer.exe        	Secur32.dll                                                           	0xc000          	C:\Windows\SYSTEM32\Secur32.dll                                                                                                 	0x7ffd05e80000        	1       	StaticDependency    
1488      	explorer.exe        	VERSION.dll                                                           	0xa000          	C:\Windows\SYSTEM32\VERSION.dll                                                                                                 	0x7ffd0b9b0000        	1       	StaticDependency    
1488      	explorer.exe        	CRYPTBASE.DLL                                                         	0xc000          	C:\Windows\SYSTEM32\CRYPTBASE.DLL                                                                                               	0x7ffd127c0000        	1       	DynamicForwarderDependency
1488      	explorer.exe        	WINMM.dll                                                             	0x27000         	C:\Windows\system32\WINMM.dll                                                                                                   	0x7ffd0b9c0000        	1       	DelayloadDependency 
1488      	explorer.exe        	EhStorShell.dll                                                       	0x37000         	C:\Windows\System32\EhStorShell.dll                                                                                             	0x7ffcf7da0000        	1       	DynamicLoad         
1488      	explorer.exe        	SETUPAPI.dll                                                          	0x468000        	C:\Windows\System32\SETUPAPI.dll                                                                                                	0x7ffd14950000        	1       	StaticDependency    
1488      	explorer.exe        	cscui.dll                                                             	0xcd000         	C:\Windows\System32\cscui.dll                                                                                                   	0x7ffcf71d0000        	1       	DynamicLoad         
1488      	explorer.exe        	NetworkExplorer.dll                                                   	0x17000         	C:\Windows\system32\NetworkExplorer.dll                                                                                         	0x7ffcf19e0000        	1       	DynamicLoad         
1488      	explorer.exe        	mssrch.dll                                                            	0x2df000        	C:\Windows\system32\mssrch.dll                                                                                                  	0x7ffcf9f20000        	1       	DynamicLoad         
1488      	explorer.exe        	TQUERY.DLL                                                            	0x32e000        	C:\Windows\system32\TQUERY.DLL                                                                                                  	0x7ffcf9bf0000        	1       	StaticDependency    
1488      	explorer.exe        	cryptdll.dll                                                          	0x15000         	C:\Windows\system32\cryptdll.dll                                                                                                	0x7ffd12620000        	1       	StaticDependency    
1488      	explorer.exe        	ESENT.dll                                                             	0x335000        	C:\Windows\system32\ESENT.dll                                                                                                   	0x7ffd01950000        	1       	StaticDependency    
1488      	explorer.exe        	Windows.Web.dll                                                       	0xc3000         	C:\Windows\System32\Windows.Web.dll                                                                                             	0x7ffcf7e60000        	1       	DynamicLoad         
7300      	SearchProtocol      	ntdll.dll                                                             	0x1f8000        	C:\Windows\SYSTEM32\ntdll.dll                                                                                                   	0x7ffd157f0000        	2       	StaticDependency    
7300      	SearchProtocol      	KERNEL32.DLL                                                          	0xbf000         	C:\Windows\System32\KERNEL32.DLL                                                                                                	0x7ffd155b0000        	2       	DynamicLoad         
7300      	SearchProtocol      	KERNELBASE.dll                                                        	0x2f6000        	C:\Windows\System32\KERNELBASE.dll                                                                                              	0x7ffd133b0000        	1       	StaticDependency    
7300      	SearchProtocol      	msvcrt.dll                                                            	0x9e000         	C:\Windows\System32\msvcrt.dll                                                                                                  	0x7ffd13af0000        	2       	StaticDependency    
7300      	SearchProtocol      	OLEAUT32.dll                                                          	0xcd000         	C:\Windows\System32\OLEAUT32.dll                                                                                                	0x7ffd13e00000        	2       	StaticDependency    
7300      	SearchProtocol      	msvcp_win.dll                                                         	0x9d000         	C:\Windows\System32\msvcp_win.dll                                                                                               	0x7ffd130e0000        	2       	StaticDependency    
7300      	SearchProtocol      	ucrtbase.dll                                                          	0x100000        	C:\Windows\System32\ucrtbase.dll                                                                                                	0x7ffd13180000        	2       	StaticDependency    
7300      	SearchProtocol      	combase.dll                                                           	0x354000        	C:\Windows\System32\combase.dll                                                                                                 	0x7ffd150f0000        	2       	StaticDependency    
7300      	SearchProtocol      	RPCRT4.dll                                                            	0x126000        	C:\Windows\System32\RPCRT4.dll                                                                                                  	0x7ffd13c20000        	2       	StaticDependency    
7300      	SearchProtocol      	advapi32.dll                                                          	0xaf000         	C:\Windows\System32\advapi32.dll                                                                                                	0x7ffd15040000        	2       	StaticDependency    
7300      	SearchProtocol      	sechost.dll                                                           	0x9c000         	C:\Windows\System32\sechost.dll                                                                                                 	0x7ffd15450000        	2       	StaticDependency    
7300      	SearchProtocol      	SHCORE.dll                                                            	0xad000         	C:\Windows\System32\SHCORE.dll                                                                                                  	0x7ffd13880000        	2       	StaticDependency    
7300      	SearchProtocol      	TQUERY.DLL                                                            	0x32e000        	C:\Windows\system32\TQUERY.DLL                                                                                                  	0x7ffcf9bf0000        	2       	StaticDependency    
7300      	SearchProtocol      	windows.storage.dll                                                   	0x793000        	C:\Windows\SYSTEM32\windows.storage.dll                                                                                         	0x7ffd10fb0000        	2       	StaticDependency    
7300      	SearchProtocol      	cryptdll.dll                                                          	0x15000         	C:\Windows\system32\cryptdll.dll                                                                                                	0x7ffd12620000        	2       	StaticDependency    
7300      	SearchProtocol      	Wldp.dll                                                              	0x2e000         	C:\Windows\system32\Wldp.dll                                                                                                    	0x7ffd12850000        	2       	StaticDependency    
7300      	SearchProtocol      	imm32.dll                                                             	0x30000         	C:\Windows\System32\imm32.dll                                                                                                   	0x7ffd15780000        	1       	DelayloadDependency 
7300      	SearchProtocol      	USER32.dll                                                            	0x19d000        	C:\Windows\System32\USER32.dll                                                                                                  	0x7ffd14e90000        	1       	StaticDependency    
7300      	SearchProtocol      	win32u.dll                                                            	0x22000         	C:\Windows\System32\win32u.dll                                                                                                  	0x7ffd13820000        	1       	StaticDependency    
7300      	SearchProtocol      	GDI32.dll                                                             	0x2c000         	C:\Windows\System32\GDI32.dll                                                                                                   	0x7ffd13bf0000        	1       	StaticDependency    
7300      	SearchProtocol      	gdi32full.dll                                                         	0x115000        	C:\Windows\System32\gdi32full.dll                                                                                               	0x7ffd136b0000        	1       	StaticDependency    
7300      	SearchProtocol      	kernel.appcore.dll                                                    	0x12000         	C:\Windows\SYSTEM32\kernel.appcore.dll                                                                                          	0x7ffd10db0000        	1       	DelayloadDependency 
7300      	SearchProtocol      	bcryptPrimitives.dll                                                  	0x82000         	C:\Windows\System32\bcryptPrimitives.dll                                                                                        	0x7ffd132b0000        	3       	DelayloadDependency 
7300      	SearchProtocol      	clbcatq.dll                                                           	0xa9000         	C:\Windows\System32\clbcatq.dll                                                                                                 	0x7ffd13d50000        	1       	DelayloadDependency 
7300      	SearchProtocol      	ole32.dll                                                             	0x12a000        	C:\Windows\System32\ole32.dll                                                                                                   	0x7ffd140d0000        	1       	DelayloadDependency 
7300      	SearchProtocol      	mssprxy.dll                                                           	0x28000         	C:\Windows\system32\mssprxy.dll                                                                                                 	0x7ffcf4b40000        	1       	DynamicLoad         
7300      	SearchProtocol      	mssph.dll                                                             	0x3a000         	C:\Windows\system32\mssph.dll                                                                                                   	0x7ffcff570000        	1       	DynamicLoad         
7300      	SearchProtocol      	AUTHZ.dll                                                             	0x4e000         	C:\Windows\system32\AUTHZ.dll                                                                                                   	0x7ffd11c10000        	1       	DelayloadDependency 
7300      	SearchProtocol      	ntmarta.dll                                                           	0x33000         	C:\Windows\SYSTEM32\ntmarta.dll                                                                                                 	0x7ffd11f60000        	1       	DelayloadDependency 
7300      	SearchProtocol      	shlwapi.dll                                                           	0x55000         	C:\Windows\System32\shlwapi.dll                                                                                                 	0x7ffd15550000        	1       	DelayloadDependency 
7300      	SearchProtocol      	propsys.dll                                                           	0xf6000         	C:\Windows\system32\propsys.dll                                                                                                 	0x7ffd0ea50000        	1       	DynamicLoad         
7300      	SearchProtocol      	Windows.StateRepositoryPS.dll                                         	0x146000        	C:\Windows\System32\Windows.StateRepositoryPS.dll                                                                               	0x7ffd01c90000        	1       	DynamicLoad         
7300      	SearchProtocol      	shell32.dll                                                           	0x744000        	C:\Windows\System32\shell32.dll                                                                                                 	0x7ffd14200000        	1       	DynamicLoad         
7300      	SearchProtocol      	CFGMGR32.dll                                                          	0x4e000         	C:\Windows\System32\CFGMGR32.dll                                                                                                	0x7ffd137d0000        	1       	DelayloadDependency 
7300      	SearchProtocol      	Windows.FileExplorer.Common.dll                                       	0x61000         	C:\Windows\System32\Windows.FileExplorer.Common.dll                                                                             	0x7ffcf1ad0000        	1       	DynamicLoad         
7300      	SearchProtocol      	iertutil.dll                                                          	0x2b1000        	C:\Windows\System32\iertutil.dll                                                                                                	0x7ffd09010000        	1       	DelayloadDependency 
7300      	SearchProtocol      	profapi.dll                                                           	0x1f000         	C:\Windows\system32\profapi.dll                                                                                                 	0x7ffd12e10000        	1       	DelayloadDependency 
7300      	SearchProtocol      	edputil.dll                                                           	0x24000         	C:\Windows\system32\edputil.dll                                                                                                 	0x7ffcfb770000        	1       	DelayloadDependency 
7300      	SearchProtocol      	cldapi.dll                                                            	0x22000         	C:\Windows\System32\cldapi.dll                                                                                                  	0x7ffcf8c60000        	3       	DelayloadDependency 
7300      	SearchProtocol      	bcrypt.dll                                                            	0x27000         	C:\Windows\System32\bcrypt.dll                                                                                                  	0x7ffd13280000        	2       	StaticDependency    
7300      	SearchProtocol      	FLTLIB.DLL                                                            	0xb000          	C:\Windows\System32\FLTLIB.DLL                                                                                                  	0x7ffd00430000        	1       	StaticDependency    
7300      	SearchProtocol      	SspiCli.dll                                                           	0x32000         	C:\Windows\system32\SspiCli.dll                                                                                                 	0x7ffd12dc0000        	1       	DelayloadDependency 
3956      	SearchFilterHo      	ntdll.dll                                                             	0x1f8000        	C:\Windows\SYSTEM32\ntdll.dll                                                                                                   	0x7ffd157f0000        	2       	StaticDependency    
3956      	SearchFilterHo      	KERNEL32.DLL                                                          	0xbf000         	C:\Windows\System32\KERNEL32.DLL                                                                                                	0x7ffd155b0000        	2       	DynamicLoad         
3956      	SearchFilterHo      	KERNELBASE.dll                                                        	0x2f6000        	C:\Windows\System32\KERNELBASE.dll                                                                                              	0x7ffd133b0000        	1       	StaticDependency    
3956      	SearchFilterHo      	msvcrt.dll                                                            	0x9e000         	C:\Windows\System32\msvcrt.dll                                                                                                  	0x7ffd13af0000        	2       	StaticDependency    
3956      	SearchFilterHo      	OLEAUT32.dll                                                          	0xcd000         	C:\Windows\System32\OLEAUT32.dll                                                                                                	0x7ffd13e00000        	2       	StaticDependency    
3956      	SearchFilterHo      	msvcp_win.dll                                                         	0x9d000         	C:\Windows\System32\msvcp_win.dll                                                                                               	0x7ffd130e0000        	2       	StaticDependency    
3956      	SearchFilterHo      	ucrtbase.dll                                                          	0x100000        	C:\Windows\System32\ucrtbase.dll                                                                                                	0x7ffd13180000        	2       	StaticDependency    
3956      	SearchFilterHo      	combase.dll                                                           	0x354000        	C:\Windows\System32\combase.dll                                                                                                 	0x7ffd150f0000        	2       	StaticDependency    
3956      	SearchFilterHo      	RPCRT4.dll                                                            	0x126000        	C:\Windows\System32\RPCRT4.dll                                                                                                  	0x7ffd13c20000        	2       	StaticDependency    
3956      	SearchFilterHo      	advapi32.dll                                                          	0xaf000         	C:\Windows\System32\advapi32.dll                                                                                                	0x7ffd15040000        	2       	StaticDependency    
3956      	SearchFilterHo      	sechost.dll                                                           	0x9c000         	C:\Windows\System32\sechost.dll                                                                                                 	0x7ffd15450000        	2       	StaticDependency    
3956      	SearchFilterHo      	user32.dll                                                            	0x19d000        	C:\Windows\System32\user32.dll                                                                                                  	0x7ffd14e90000        	2       	StaticDependency    
3956      	SearchFilterHo      	win32u.dll                                                            	0x22000         	C:\Windows\System32\win32u.dll                                                                                                  	0x7ffd13820000        	2       	StaticDependency    
3956      	SearchFilterHo      	GDI32.dll                                                             	0x2c000         	C:\Windows\System32\GDI32.dll                                                                                                   	0x7ffd13bf0000        	2       	StaticDependency    
3956      	SearchFilterHo      	gdi32full.dll                                                         	0x115000        	C:\Windows\System32\gdi32full.dll                                                                                               	0x7ffd136b0000        	2       	StaticDependency    
3956      	SearchFilterHo      	TQUERY.DLL                                                            	0x32e000        	C:\Windows\system32\TQUERY.DLL                                                                                                  	0x7ffcf9bf0000        	2       	StaticDependency    
3956      	SearchFilterHo      	cryptdll.dll                                                          	0x15000         	C:\Windows\system32\cryptdll.dll                                                                                                	0x7ffd12620000        	2       	StaticDependency    
3956      	SearchFilterHo      	windows.storage.dll                                                   	0x793000        	C:\Windows\SYSTEM32\windows.storage.dll                                                                                         	0x7ffd10fb0000        	2       	StaticDependency    
3956      	SearchFilterHo      	Wldp.dll                                                              	0x2e000         	C:\Windows\system32\Wldp.dll                                                                                                    	0x7ffd12850000        	2       	StaticDependency    
3956      	SearchFilterHo      	imm32.dll                                                             	0x30000         	C:\Windows\System32\imm32.dll                                                                                                   	0x7ffd15780000        	1       	DelayloadDependency 
3956      	SearchFilterHo      	kernel.appcore.dll                                                    	0x12000         	C:\Windows\SYSTEM32\kernel.appcore.dll                                                                                          	0x7ffd10db0000        	1       	DelayloadDependency 
3956      	SearchFilterHo      	bcryptPrimitives.dll                                                  	0x82000         	C:\Windows\System32\bcryptPrimitives.dll                                                                                        	0x7ffd132b0000        	3       	DelayloadDependency 
3956      	SearchFilterHo      	clbcatq.dll                                                           	0xa9000         	C:\Windows\System32\clbcatq.dll                                                                                                 	0x7ffd13d50000        	1       	DelayloadDependency 
3956      	SearchFilterHo      	mssprxy.dll                                                           	0x28000         	C:\Windows\system32\mssprxy.dll                                                                                                 	0x7ffcf4b40000        	1       	DynamicLoad         
5012      	DumpIt.exe          	ntdll.dll                                                             	0x1f8000        	C:\Windows\SYSTEM32\ntdll.dll                                                                                                   	0x7ffd157f0000        	2       	StaticDependency    
5012      	DumpIt.exe          	KERNEL32.DLL                                                          	0xbf000         	C:\Windows\System32\KERNEL32.DLL                                                                                                	0x7ffd155b0000        	2       	DynamicLoad         
5012      	DumpIt.exe          	KERNELBASE.dll                                                        	0x2f6000        	C:\Windows\System32\KERNELBASE.dll                                                                                              	0x7ffd133b0000        	1       	StaticDependency    
5012      	DumpIt.exe          	apphelp.dll                                                           	0x91000         	C:\Windows\SYSTEM32\apphelp.dll                                                                                                 	0x7ffd10730000        	2       	DynamicLoad         
5012      	DumpIt.exe          	ADVAPI32.dll                                                          	0xaf000         	C:\Windows\System32\ADVAPI32.dll                                                                                                	0x7ffd15040000        	2       	StaticDependency    
5012      	DumpIt.exe          	msvcrt.dll                                                            	0x9e000         	C:\Windows\System32\msvcrt.dll                                                                                                  	0x7ffd13af0000        	2       	StaticDependency    
5012      	DumpIt.exe          	sechost.dll                                                           	0x9c000         	C:\Windows\System32\sechost.dll                                                                                                 	0x7ffd15450000        	2       	StaticDependency    
5012      	DumpIt.exe          	RPCRT4.dll                                                            	0x126000        	C:\Windows\System32\RPCRT4.dll                                                                                                  	0x7ffd13c20000        	2       	StaticDependency    
5012      	DumpIt.exe          	ole32.dll                                                             	0x12a000        	C:\Windows\System32\ole32.dll                                                                                                   	0x7ffd140d0000        	2       	StaticDependency    
5012      	DumpIt.exe          	ucrtbase.dll                                                          	0x100000        	C:\Windows\System32\ucrtbase.dll                                                                                                	0x7ffd13180000        	2       	StaticDependency    
5012      	DumpIt.exe          	combase.dll                                                           	0x354000        	C:\Windows\System32\combase.dll                                                                                                 	0x7ffd150f0000        	2       	StaticDependency    
5012      	DumpIt.exe          	NETAPI32.dll                                                          	0x19000         	C:\Windows\SYSTEM32\NETAPI32.dll                                                                                                	0x7ffd041a0000        	2       	StaticDependency    
5012      	DumpIt.exe          	GDI32.dll                                                             	0x2c000         	C:\Windows\System32\GDI32.dll                                                                                                   	0x7ffd13bf0000        	2       	StaticDependency    
5012      	DumpIt.exe          	win32u.dll                                                            	0x22000         	C:\Windows\System32\win32u.dll                                                                                                  	0x7ffd13820000        	2       	StaticDependency    
5012      	DumpIt.exe          	gdi32full.dll                                                         	0x115000        	C:\Windows\System32\gdi32full.dll                                                                                               	0x7ffd136b0000        	2       	StaticDependency    
5012      	DumpIt.exe          	msvcp_win.dll                                                         	0x9d000         	C:\Windows\System32\msvcp_win.dll                                                                                               	0x7ffd130e0000        	2       	StaticDependency    
5012      	DumpIt.exe          	USER32.dll                                                            	0x19d000        	C:\Windows\System32\USER32.dll                                                                                                  	0x7ffd14e90000        	2       	StaticDependency    
5012      	DumpIt.exe          	OLEAUT32.dll                                                          	0xcd000         	C:\Windows\System32\OLEAUT32.dll                                                                                                	0x7ffd13e00000        	2       	StaticDependency    
5012      	DumpIt.exe          	WS2_32.dll                                                            	0x6b000         	C:\Windows\System32\WS2_32.dll                                                                                                  	0x7ffd14dc0000        	2       	StaticDependency    
5012      	DumpIt.exe          	SHLWAPI.dll                                                           	0x55000         	C:\Windows\System32\SHLWAPI.dll                                                                                                 	0x7ffd15550000        	2       	StaticDependency    
5012      	DumpIt.exe          	WINHTTP.dll                                                           	0x10a000        	C:\Windows\SYSTEM32\WINHTTP.dll                                                                                                 	0x7ffd0a550000        	2       	StaticDependency    
5012      	DumpIt.exe          	NETUTILS.DLL                                                          	0xc000          	C:\Windows\SYSTEM32\NETUTILS.DLL                                                                                                	0x7ffd123b0000        	2       	StaticForwarderDependency
5012      	DumpIt.exe          	WKSCLI.DLL                                                            	0x19000         	C:\Windows\SYSTEM32\WKSCLI.DLL                                                                                                  	0x7ffd12030000        	2       	StaticForwarderDependency
5012      	DumpIt.exe          	IMM32.DLL                                                             	0x30000         	C:\Windows\System32\IMM32.DLL                                                                                                   	0x7ffd15780000        	1       	DynamicLoad         
5012      	DumpIt.exe          	PowrProf.dll                                                          	0x4b000         	C:\Windows\SYSTEM32\PowrProf.dll                                                                                                	0x7ffd12c90000        	1       	DynamicLoad         
5012      	DumpIt.exe          	UMPDC.dll                                                             	0x12000         	C:\Windows\SYSTEM32\UMPDC.dll                                                                                                   	0x7ffd12a70000        	1       	DelayloadDependency 
5012      	DumpIt.exe          	kernel.appcore.dll                                                    	0x12000         	C:\Windows\SYSTEM32\kernel.appcore.dll                                                                                          	0x7ffd10db0000        	1       	DelayloadDependency 
5012      	DumpIt.exe          	bcryptPrimitives.dll                                                  	0x82000         	C:\Windows\System32\bcryptPrimitives.dll                                                                                        	0x7ffd132b0000        	3       	DelayloadDependency 
5012      	DumpIt.exe          	clbcatq.dll                                                           	0xa9000         	C:\Windows\System32\clbcatq.dll                                                                                                 	0x7ffd13d50000        	1       	DelayloadDependency 
5012      	DumpIt.exe          	wbemprox.dll                                                          	0x11000         	C:\Windows\system32\wbem\wbemprox.dll                                                                                           	0x7ffd025c0000        	1       	DynamicLoad         
5012      	DumpIt.exe          	wbemcomn.dll                                                          	0x90000         	C:\Windows\SYSTEM32\wbemcomn.dll                                                                                                	0x7ffd04590000        	1       	StaticDependency    
5012      	DumpIt.exe          	wbemsvc.dll                                                           	0x14000         	C:\Windows\system32\wbem\wbemsvc.dll                                                                                            	0x7ffd00f00000        	1       	DynamicLoad         
5012      	DumpIt.exe          	fastprox.dll                                                          	0x10b000        	C:\Windows\system32\wbem\fastprox.dll                                                                                           	0x7ffd00f20000        	1       	DynamicLoad         
5012      	DumpIt.exe          	amsi.dll                                                              	0x1f000         	C:\Windows\SYSTEM32\amsi.dll                                                                                                    	0x7ffd00410000        	1       	DynamicLoad         
5012      	DumpIt.exe          	USERENV.dll                                                           	0x2e000         	C:\Windows\SYSTEM32\USERENV.dll                                                                                                 	0x7ffd12d90000        	1       	DelayloadDependency 
5012      	DumpIt.exe          	profapi.dll                                                           	0x1f000         	C:\Windows\SYSTEM32\profapi.dll                                                                                                 	0x7ffd12e10000        	1       	DelayloadDependency 
5012      	DumpIt.exe          	MpOav.dll                                                             	0xa0000         	C:\ProgramData\Microsoft\Windows Defender\Platform\4.18.25070.5-0\MpOav.dll                                                     	0x7ffcc4b10000        	1       	DynamicLoad         
5012      	DumpIt.exe          	version.dll                                                           	0xa000          	C:\Windows\system32\version.dll                                                                                                 	0x7ffd0b9b0000        	1       	DynamicLoad         
2636      	conhost.exe         	ntdll.dll                                                             	0x1f8000        	C:\Windows\SYSTEM32\ntdll.dll                                                                                                   	0x7ffd157f0000        	2       	StaticDependency    
2636      	conhost.exe         	KERNEL32.DLL                                                          	0xbf000         	C:\Windows\System32\KERNEL32.DLL                                                                                                	0x7ffd155b0000        	2       	DynamicLoad         
2636      	conhost.exe         	KERNELBASE.dll                                                        	0x2f6000        	C:\Windows\System32\KERNELBASE.dll                                                                                              	0x7ffd133b0000        	1       	StaticDependency    
2636      	conhost.exe         	msvcp_win.dll                                                         	0x9d000         	C:\Windows\System32\msvcp_win.dll                                                                                               	0x7ffd130e0000        	2       	StaticDependency    
2636      	conhost.exe         	ucrtbase.dll                                                          	0x100000        	C:\Windows\System32\ucrtbase.dll                                                                                                	0x7ffd13180000        	2       	StaticDependency    
2636      	conhost.exe         	shcore.dll                                                            	0xad000         	C:\Windows\System32\shcore.dll                                                                                                  	0x7ffd13880000        	2       	StaticDependency    
2636      	conhost.exe         	msvcrt.dll                                                            	0x9e000         	C:\Windows\System32\msvcrt.dll                                                                                                  	0x7ffd13af0000        	2       	StaticDependency    
2636      	conhost.exe         	combase.dll                                                           	0x354000        	C:\Windows\System32\combase.dll                                                                                                 	0x7ffd150f0000        	2       	StaticDependency    
2636      	conhost.exe         	RPCRT4.dll                                                            	0x126000        	C:\Windows\System32\RPCRT4.dll                                                                                                  	0x7ffd13c20000        	2       	StaticDependency    
2636      	conhost.exe         	advapi32.dll                                                          	0xaf000         	C:\Windows\System32\advapi32.dll                                                                                                	0x7ffd15040000        	2       	StaticDependency    
2636      	conhost.exe         	sechost.dll                                                           	0x9c000         	C:\Windows\System32\sechost.dll                                                                                                 	0x7ffd15450000        	2       	StaticDependency    
2636      	conhost.exe         	user32.dll                                                            	0x19d000        	C:\Windows\System32\user32.dll                                                                                                  	0x7ffd14e90000        	1       	DynamicLoad         
2636      	conhost.exe         	win32u.dll                                                            	0x22000         	C:\Windows\System32\win32u.dll                                                                                                  	0x7ffd13820000        	1       	StaticDependency    
2636      	conhost.exe         	GDI32.dll                                                             	0x2c000         	C:\Windows\System32\GDI32.dll                                                                                                   	0x7ffd13bf0000        	1       	StaticDependency    
2636      	conhost.exe         	gdi32full.dll                                                         	0x115000        	C:\Windows\System32\gdi32full.dll                                                                                               	0x7ffd136b0000        	1       	StaticDependency    
2636      	conhost.exe         	IMM32.DLL                                                             	0x30000         	C:\Windows\System32\IMM32.DLL                                                                                                   	0x7ffd15780000        	1       	DynamicLoad         
2636      	conhost.exe         	shell32.dll                                                           	0x744000        	C:\Windows\System32\shell32.dll                                                                                                 	0x7ffd14200000        	1       	DelayloadDependency 
2636      	conhost.exe         	uxtheme.dll                                                           	0x9e000         	C:\Windows\system32\uxtheme.dll                                                                                                 	0x7ffd108e0000        	1       	DynamicLoad         
2636      	conhost.exe         	MSCTF.dll                                                             	0x114000        	C:\Windows\System32\MSCTF.dll                                                                                                   	0x7ffd13fb0000        	1       	DelayloadDependency 
2636      	conhost.exe         	OLEAUT32.dll                                                          	0xcd000         	C:\Windows\System32\OLEAUT32.dll                                                                                                	0x7ffd13e00000        	1       	StaticDependency    
2636      	conhost.exe         	TextShaping.dll                                                       	0xac000         	C:\Windows\SYSTEM32\TextShaping.dll                                                                                             	0x7ffd06b50000        	1       	DelayloadDependency 
2636      	conhost.exe         	comctl32.DLL                                                          	0x29a000        	C:\Windows\WinSxS\amd64_microsoft.windows.common-controls_6595b64144ccf1df_6.0.19041.1110_none_60b5254171f9507e\comctl32.DLL    	0x7ffcfbf90000        	1       	DynamicLoad         
2636      	conhost.exe         	dwmapi.dll                                                            	0x2f000         	C:\Windows\SYSTEM32\dwmapi.dll                                                                                                  	0x7ffd10bd0000        	1       	DelayloadDependency 
2636      	conhost.exe         	kernel.appcore.dll                                                    	0x12000         	C:\Windows\SYSTEM32\kernel.appcore.dll                                                                                          	0x7ffd10db0000        	1       	DelayloadDependency 
2636      	conhost.exe         	bcryptPrimitives.dll                                                  	0x82000         	C:\Windows\System32\bcryptPrimitives.dll                                                                                        	0x7ffd132b0000        	3       	DelayloadDependency 
2636      	conhost.exe         	textinputframework.dll                                                	0xfa000         	C:\Windows\SYSTEM32\textinputframework.dll                                                                                      	0x7ffd0a940000        	1       	DelayloadDependency 
2636      	conhost.exe         	CoreUIComponents.dll                                                  	0x35e000        	C:\Windows\System32\CoreUIComponents.dll                                                                                        	0x7ffd0fd10000        	2       	StaticDependency    
2636      	conhost.exe         	CoreMessaging.dll                                                     	0xf2000         	C:\Windows\System32\CoreMessaging.dll                                                                                           	0x7ffd103f0000        	2       	StaticDependency    
2636      	conhost.exe         	WS2_32.dll                                                            	0x6b000         	C:\Windows\System32\WS2_32.dll                                                                                                  	0x7ffd14dc0000        	1       	StaticDependency    
2636      	conhost.exe         	ntmarta.dll                                                           	0x33000         	C:\Windows\SYSTEM32\ntmarta.dll                                                                                                 	0x7ffd11f60000        	1       	StaticDependency    
2636      	conhost.exe         	wintypes.dll                                                          	0x154000        	C:\Windows\SYSTEM32\wintypes.dll                                                                                                	0x7ffd0ebd0000        	1       	StaticDependency    
2636      	conhost.exe         	clbcatq.dll                                                           	0xa9000         	C:\Windows\System32\clbcatq.dll                                                                                                 	0x7ffd13d50000        	1       	DelayloadDependency 
2636      	conhost.exe         	ole32.dll                                                             	0x12a000        	C:\Windows\System32\ole32.dll                                                                                                   	0x7ffd140d0000        	1       	DynamicLoad         
ETHREAD                 PID      TID StartAddress        ProcessName              CreateTime(UTC)          ExitTime(UTC)           
ffffa607d1c822c0          4       12 fffff801125cb5e0    System                   1601-01-01 00:00:00.488      -                   
ffffa607d1c7f1c0          4       16 fffff8011259c4d0    System                   1601-01-01 00:00:00.488      -                   
ffffa607d1cbc080          4       20 fffff8011259c4d0    System                   1601-01-01 00:00:00.488      -                   
ffffa607d1d8a080          4       24 fffff801129d0ca0    System                   1601-01-01 00:00:00.488      -                   
ffffa607d1dcb140          4       28 fffff801129a6a90    System                   2025-08-02 02:11:55.003      -                   
ffffa607d1d02080          4       36 fffff801125b5f60    System                   2025-08-02 02:11:55.005      -                   
ffffa607d1d68080          4       40 fffff801125b4110    System                   2025-08-02 02:11:55.006      -                   
ffffa607d1d24080          4       44 fffff801125b4110    System                   2025-08-02 02:11:55.006      -                   
ffffa607d1d79080          4       48 fffff801125b86e0    System                   2025-08-02 02:11:55.041      -                   
ffffa607d1d46080          4       52 fffff801125b2c70    System                   2025-08-02 02:11:55.041      -                   
ffffa607d1cce080          4       56 fffff801125bfbe0    System                   2025-08-02 02:11:55.041      -                   
ffffa607d1dac080          4       68 fffff801125b28f0    System                   2025-08-02 02:11:55.041      -                   
ffffa607d1dbd080          4       72 fffff801125b28f0    System                   2025-08-02 02:11:55.041      -                   
ffffa607d1dce080          4       76 fffff801125b89a0    System                   2025-08-02 02:11:55.461      -                   
ffffa607d1cca080          4       80 fffff801125b6310    System                   2025-08-02 02:11:55.462      -                   
ffffa607d1cd0080          4       84 fffff801125b6310    System                   2025-08-02 02:11:55.462      -                   
ffffa607d1cd2080          4       88 fffff801125b6310    System                   2025-08-02 02:11:55.462      -                   
ffffa607d1cd8080          4      100 fffff8011248e4c0    System                   2025-08-02 02:11:55.543  2025-08-02 03:04:19.280 
ffffa607d1cda080          4      104 fffff801125cde20    System                   2025-08-02 02:11:55.544      -                   
ffffa607d1cdc080          4      108 fffff801125cde20    System                   2025-08-02 02:11:55.544      -                   
ffffa607d1d0e080          4      120 fffff80112915350    System                   2025-08-02 02:11:55.583      -                   
ffffa607d1d15080          4      124 fffff80112915350    System                   2025-08-02 02:11:55.584      -                   
ffffa607d1d17080          4      128 fffff80112915350    System                   2025-08-02 02:11:55.590      -                   
ffffa607d1d1b080          4      132 fffff80112915350    System                   2025-08-02 02:11:55.591      -                   
ffffa607d1d1d080          4      136 fffff80112915350    System                   2025-08-02 02:11:55.610      -                   
ffffa607d1d1f080          4      140 fffff80112915350    System                   2025-08-02 02:11:55.627      -                   
ffffa607d1d21080          4      144 fffff80112915350    System                   2025-08-02 02:11:55.627      -                   
ffffa607d1d28080          4      148 fffff80112915350    System                   2025-08-02 02:11:55.636      -                   
ffffa607d1d2a080          4      152 fffff80112915350    System                   2025-08-02 02:11:55.637      -                   
ffffa607d1d2e080          4      156 fffff80112915350    System                   2025-08-02 02:11:55.637      -                   
ffffa607d1d30080          4      160 fffff80112915350    System                   2025-08-02 02:11:55.638      -                   
ffffa607d1d37080          4      164 fffff80112915350    System                   2025-08-02 02:11:55.640      -                   
ffffa607d1d3d080          4      168 fffff80112915350    System                   2025-08-02 02:11:55.640      -                   
ffffa607d1d3f080          4      172 fffff80112915350    System                   2025-08-02 02:11:55.641      -                   
ffffa607d1d41080          4      176 fffff80112915350    System                   2025-08-02 02:11:55.642      -                   
ffffa607d1d4e080          4      188 fffff801125ce630    System                   2025-08-02 02:11:55.653      -                   
ffffa607d1d50080          4      192 fffff801125ce630    System                   2025-08-02 02:11:55.653      -                   
ffffa607d1d52080          4      196 fffff801125ce630    System                   2025-08-02 02:11:55.653      -                   
ffffa607d1d54080          4      200 fffff801125ce630    System                   2025-08-02 02:11:55.653      -                   
ffffa607d1d5d080          4      204 fffff80116d58c80    System                   2025-08-02 02:11:55.760      -                   
ffffa607d34a0100          4      216 fffff80116f0f7b0    System                   2025-08-02 02:11:57.135      -                   
ffffa607d3666100          4      220 fffff80116d61990    System                   2025-08-02 02:11:57.136      -                   
ffffa607d3610100          4      224 fffff80116c307a0    System                   2025-08-02 02:11:57.509      -                   
ffffa607d366c040          4      228 fffff80117058d20    System                   2025-08-02 02:11:58.703      -                   
ffffa607d366a080          4      232 fffff801171a4340    System                   2025-08-02 02:11:58.714      -                   
ffffa607d356a040          4      236 fffff801171c8e10    System                   2025-08-02 02:11:58.724      -                   
ffffa607d3566040          4      252 fffff801177e7130    System                   2025-08-02 02:12:00.762      -                   
ffffa607d3565040          4      256 fffff801177e7130    System                   2025-08-02 02:12:00.762      -                   
ffffa607d3563040          4      264 fffff801125bc920    System                   2025-08-02 02:12:00.809      -                   
ffffa607d3562040          4      268 fffff801125b60f0    System                   2025-08-02 02:12:00.809      -                   
ffffa607d3bc8040          4      292 fffff80118ef00f0    System                   2025-08-02 02:12:01.408      -                   
ffffa607d3bc7040          4      296 fffff801192ab730    System                   2025-08-02 02:12:01.562      -                   
ffffa607d3be8040          4      300 fffff8011a948df0    System                   2025-08-02 02:12:01.711      -                   
ffffa607d3be7040          4      304 fffff801129b4d30    System                   2025-08-02 02:12:01.747      -                   
ffffa607d3dc1040          4      308 fffff801129a4480    System                   2025-08-02 02:12:01.758      -                   
ffffa607d366e040          4      320 fffff8011a2b03f0    System                   2025-08-02 02:12:01.820      -                   
ffffa607d3de8040          4      324 fffff80118cc6770    System                   2025-08-02 02:12:01.822      -                   
ffffa607d3f25080          4      344 fffff8011248e4c0    System                   2025-08-02 02:12:02.250      -                   
ffffa607d51a8080          4      408 fffff801125be5c0    System                   2025-08-02 02:12:03.306      -                   
ffffa607d5aa9540          4      448 fffff801193d6820    System                   2025-08-02 02:12:03.533      -                   
ffffa607d5a360c0          4      452 fffff80118c99df0    System                   2025-08-02 02:12:03.540      -                   
ffffa607d5a5d0c0          4      456 fffff80118f24d70    System                   2025-08-02 02:12:03.540      -                   
ffffa607d5abc280          4      460 fffff8012291d2f0    System                   2025-08-02 02:12:03.550      -                   
ffffa607d5ab0080          4      472 fffff80122926830    System                   2025-08-02 02:12:03.550      -                   
ffffa607d5b90080          4      560 fffff80116982070    System                   2025-08-02 02:12:03.646      -                   
ffffa607d6240080          4      876 fffff80112915350    System                   2025-08-02 02:12:04.288      -                   
ffffa607d65d2040          4     1616 fffff801229d57e0    System                   2025-08-02 02:12:05.251      -                   
ffffa607d663e040          4     1668 fffff80121b12c50    System                   2025-08-02 02:12:05.341      -                   
ffffa607d688b540          4     2496 fffff80121dd76c0    System                   2025-08-02 02:12:06.471      -                   
ffffa607d693c080          4     2500 fffff80121dd76c0    System                   2025-08-02 02:12:06.471      -                   
ffffa607d693a040          4     2504 fffff80121d48880    System                   2025-08-02 02:12:06.471      -                   
ffffa607d6957040          4     2612 fffff80121ec2730    System                   2025-08-02 02:12:06.640      -                   
ffffa607d51e20c0          4     2940 fffff80112915350    System                   2025-08-02 02:12:07.514      -                   
ffffa607d6ae8080          4     2964 fffff801125c07b0    System                   2025-08-02 02:12:07.569      -                   
ffffa607d6adf040          4     2996 fffff80121ee2380    System                   2025-08-02 02:12:07.610      -                   
ffffa607d6be5040          4     3120 fffff80121fb2d50    System                   2025-08-02 02:12:07.813      -                   
ffffa607d6c73040          4     3124 fffff80121fdece0    System                   2025-08-02 02:12:07.816      -                   
ffffa607d6c72040          4     3128 fffff80121fdfd20    System                   2025-08-02 02:12:07.825      -                   
ffffa607d6dfb040          4     3616 fffff801221de0d0    System                   2025-08-02 02:12:08.595      -                   
ffffa607d6dfa040          4     3620 fffff801221de0d0    System                   2025-08-02 02:12:08.595      -                   
ffffa607d6edf040          4     3668 fffff8011296ce00    System                   2025-08-02 02:12:08.678      -                   
ffffa607d6edd040          4     3676 fffff8011296ce00    System                   2025-08-02 02:12:08.678      -                   
ffffa607d6edb040          4     3684 fffff8011296ce00    System                   2025-08-02 02:12:08.678      -                   
ffffa607d6eda040          4     3688 fffff8011296ce00    System                   2025-08-02 02:12:08.678      -                   
ffffa607d716c080          4     4100 fffff80112915350    System                   2025-08-02 02:12:10.136      -                   
ffffa607d7a04080          4     4968 fffff80118cc8c10    System                   2025-08-02 02:12:18.169  2025-08-02 02:12:18.626 
ffffa607d7b31080          4     2904 fffff80122995d60    System                   2025-08-02 02:12:18.579      -                   
ffffa607d7b2f040          4     4348 fffff80122995d60    System                   2025-08-02 02:12:18.591      -                   
ffffa607d7b2e040          4     2900 fffff80122995d60    System                   2025-08-02 02:12:18.591      -                   
ffffa607d7b2d040          4     4272 fffff80122995d60    System                   2025-08-02 02:12:18.591      -                   
ffffa607d7b2c080          4     4296 fffff80122995d60    System                   2025-08-02 02:12:18.592      -                   
ffffa607d8852080          4     6396 fffff80112915350    System                   2025-08-02 02:12:41.312      -                   
ffffa607d8068080          4     5584 fffff80112915350    System                   2025-08-02 02:13:25.009      -                   
ffffa607d91eb080          4     1844 fffff80112915350    System                   2025-08-02 02:14:14.122      -                   
ffffa607d5be8080          4     2360 fffff80112915350    System                   2025-08-02 02:14:17.624      -                   
ffffa607d6c71080          4     4156 fffff80112915350    System                   2025-08-02 02:24:09.420      -                   
ffffa607d86b1080          4      784 fffff80112915350    System                   2025-08-02 02:24:10.116      -                   
ffffa607d6d84080          4     4676 fffff80112915350    System                   2025-08-02 02:24:10.666      -                   
ffffa607d69d7040          4     3052 fffff801223a0100    System                   2025-08-02 02:24:13.585      -                   
ffffa607d662f040          4     4824 fffff80122396de0    System                   2025-08-02 02:24:13.586      -                   
ffffa607d81d8040          4     8152 fffff80122396de0    System                   2025-08-02 02:24:13.586      -                   
ffffa607d641f080          4     8604 fffff80112915350    System                   2025-08-02 02:28:00.881      -                   
ffffa607d8f53040          4     3256 fffff8011296ce00    System                   2025-08-02 02:28:25.291      -                   
ffffa607d969b040          4     3776 fffff8011296ce00    System                   2025-08-02 02:29:29.657      -                   
ffffa607d71c4040          4     6972 fffff8011248e4c0    System                   2025-08-02 02:35:21.477      -                   
ffffa607d366f040          4     7832 fffff8011248e4c0    System                   2025-08-02 03:15:19.610      -                   
ffffa607d6259040          4     5460 fffff8011248e4c0    System                   2025-08-02 03:35:26.368      -                   
ffffa607d8a04040          4     7084 fffff8011248e4c0    System                   2025-08-02 03:53:19.609      -                   
ffffa607d85a8040          4     9140 fffff8011248e4c0    System                   2025-08-02 04:33:32.261      -                   
ffffa607d83ed040          4     7780 fffff8011248e4c0    System                   2025-08-02 05:23:45.564      -                   
ffffa607d6695040          4     7644 fffff8011248e4c0    System                   2025-08-02 05:23:45.564      -                   
ffffa607d7bb8080          4     6600 fffff80118c99df0    System                   2025-08-02 05:55:25.390      -                   
ffffa607d7170040          4     9176 fffff80118cc6770    System                   2025-08-02 05:55:36.544      -                   
ffffa607d8f9c080          4     7240 fffff80118cc8c10    System                   2025-08-02 05:55:36.582  2025-08-02 05:55:37.883 
ffffa607d8a48240          4     8048 fffff80118c99df0    System                   2025-08-02 05:55:36.601      -                   
ffffa607d801d040          4     3324 fffff80118c99df0    System                   2025-08-02 05:55:36.695      -                   
ffffa607da002080          4     4404 fffff80118c99df0    System                   2025-08-02 05:55:36.975      -                   
ffffa607d720b040          4     8848 fffff80118c99df0    System                   2025-08-02 05:55:37.209      -                   
ffffa607d96a32c0          4     6848 fffff80118c99df0    System                   2025-08-02 05:55:37.537      -                   
ffffa607d85d0500          4     7464 fffff80118c99df0    System                   2025-08-02 05:55:37.588      -                   
ffffa607d70ce540          4     8976 fffff80118c99df0    System                   2025-08-02 05:55:37.639      -                   
ffffa607d7a0b040          4     5192 fffff80118c99df0    System                   2025-08-02 05:55:37.653      -                   
ffffa607d640a040          4     2184 fffff80118c99df0    System                   2025-08-02 05:55:37.659      -                   
ffffa607d7fdb040          4     8700 fffff80118c99df0    System                   2025-08-02 05:55:37.673      -                   
ffffa607d8aeb040          4      648 fffff80118c99df0    System                   2025-08-02 05:55:37.682      -                   
ffffa607da927080          4     5776 fffff80118c99df0    System                   2025-08-02 05:55:37.743      -                   
ffffa607dcbb7080          4     4476 fffff80118c99df0    System                   2025-08-02 05:55:37.799      -                   
ffffa607de0b7080          4     2304 fffff80118c99df0    System                   2025-08-02 05:55:37.854      -                   
ffffa607d8a2d040          4     5280 fffff80118c99df0    System                   2025-08-02 05:55:37.854      -                   
ffffa607df043080          4     7768 fffff80118c99df0    System                   2025-08-02 05:55:37.854      -                   
ffffa607d6870040          4     5476 fffff8011248e4c0    System                   2025-08-02 06:25:06.544      -                   
ffffa607d724f040          4     5532 fffff801224f4940    System                   2025-08-02 06:26:16.777      -                   
ffffa607d7b30080          4     5432 fffff80112915350    System                   2025-08-02 06:26:16.782      -                   
ffffa607d651c040          4     8600 fffff8011248e4c0    System                   2025-08-02 06:30:12.320      -                   
ffffa607d80d6040          4     4536 fffff8011248e4c0    System                   2025-08-02 06:40:08.376      -                   
ffffa607d88d0040          4     6784 fffff8011248e4c0    System                   2025-08-02 06:41:42.776      -                   
ffffa607d5b7a040          4     4864 fffff8011248e4c0    System                   2025-08-02 06:53:57.409      -                   
ffffa607d7a63040          4     3908 fffff8011248e4c0    System                   2025-08-02 06:53:57.409      -                   
ffffa607d6311040          4     2872 fffff8011248e4c0    System                   2025-08-02 06:53:57.465      -                   
ffffa607d7156040          4     8956 fffff8011248e4c0    System                   2025-08-02 06:53:57.465      -                   
ffffa607d6a32040          4     3500 fffff8011248e4c0    System                   2025-08-02 06:53:57.465      -                   
ffffa607d81cb040          4     8312 fffff8011248e4c0    System                   2025-08-02 06:53:57.465      -                   
ffffa607d6d89040          4     5616 fffff8011248e4c0    System                   2025-08-02 06:53:57.465      -                   
ffffa607d99e7040          4     1744 fffff8011248e4c0    System                   2025-08-02 06:53:57.465      -                   
ffffa607d6c8a040          4     2288 fffff8011248e4c0    System                   2025-08-02 06:53:57.465      -                   
ffffa607da0e4040          4     1112 fffff8011248e4c0    System                   2025-08-02 06:53:57.465      -                   
ffffa607d5189040          4     1788 fffff8011248e4c0    System                   2025-08-02 06:53:57.465      -                   
ffffa607def540c0          4     5632 fffff801224f74f0    System                   2025-08-02 06:54:03.199      -                   
ffffa607ddde60c0          4     7024 fffff801224f7c30    System                   2025-08-02 06:54:03.199      -                   
ffffa607de2f1040          4     7012 fffff8011248e4c0    System                   2025-08-02 06:54:18.820      -                   
ffffa607d834a040          4     1896 fffff8011248e4c0    System                   2025-08-02 06:54:19.356      -                   
ffffa607dedeb040          4     2708 fffff8011248e4c0    System                   2025-08-02 06:54:45.906      -                   
ffffa607d6398040          4     4836 fffff8011248e4c0    System                   2025-08-02 06:54:46.083      -                   
ffffa607de9c6040          4     8424 fffff8011248e4c0    System                   2025-08-02 06:54:54.410      -                   
ffffa607d7c52040          4     8968 fffff8011248e4c0    System                   2025-08-02 06:54:55.476      -                   
ffffa607d9c4a040          4     7328 fffff8011248e4c0    System                   2025-08-02 06:54:55.476      -                   
ffffa607d86b5040          4     3576 fffff8011248e4c0    System                   2025-08-02 06:54:55.476      -                   
ffffa607d6ed6040          4     2604 fffff8011248e4c0    System                   2025-08-02 06:54:55.476      -                   
ffffa607dec7a040          4     3460 fffff8011248e4c0    System                   2025-08-02 06:54:55.476      -                   
ffffa607d1cd6080         92       96 fffff801129d0920    Registry                 2025-08-02 02:11:55.463      -                   
ffffa607d51ac080         92      392 fffff801125bf850    Registry                 2025-08-02 02:12:02.466      -                   
ffffa607d51ad080         92      396 fffff801125bf850    Registry                 2025-08-02 02:12:02.466      -                   
ffffa607d51ae080         92      400 fffff801125bf850    Registry                 2025-08-02 02:12:02.466      -                   
ffffa607d3dc6040        312      316 7ffd15842680        smss.exe                 2025-08-02 02:12:01.765      -                   
ffffa607d35d8080        312      328 7ffd15842680        smss.exe                 2025-08-02 02:12:01.840      -                   
ffffa607d5298080        420      436 7ffd15842680        csrss.exe                2025-08-02 02:12:03.358      -                   
ffffa607d5a9d080        420      476 7ffd15842680        csrss.exe                2025-08-02 02:12:03.561      -                   
ffffa607d5a9e080        420      480 7ffd15842680        csrss.exe                2025-08-02 02:12:03.561  2025-08-02 02:12:04.293 
ffffa607d5a9f080        420      484 ffffb90e1dfac320    csrss.exe                2025-08-02 02:12:03.562      -                   
ffffa607d5add080        420      488 7ffd15842680        csrss.exe                2025-08-02 02:12:03.562      -                   
ffffa607d5ade080        420      492 7ffd15842680        csrss.exe                2025-08-02 02:12:03.564      -                   
ffffa607d5b8c080        420      552 7ffd15842680        csrss.exe                2025-08-02 02:12:03.642      -                   
ffffa607d5b930c0        420      568 7ffd15842680        csrss.exe                2025-08-02 02:12:03.649      -                   
ffffa607d5b94080        420      572 7ffd15842680        csrss.exe                2025-08-02 02:12:03.649      -                   
ffffa607d624e080        420      864 7ffd15842680        csrss.exe                2025-08-02 02:12:04.200      -                   
ffffa607d6bed080        420     2564 7ffd15842680        csrss.exe                2025-08-02 02:12:07.727      -                   
ffffa607d5b54080        504      508 7ffd15842680        wininit.exe              2025-08-02 02:12:03.574      -                   
ffffa607d5b59080        512      528 7ffd15842680        csrss.exe                2025-08-02 02:12:03.577      -                   
ffffa607d5b8b080        512      588 7ffd15842680        csrss.exe                2025-08-02 02:12:03.782      -                   
ffffa607d5b9b080        512      592 7ffd15842680        csrss.exe                2025-08-02 02:12:03.782  2025-08-02 02:12:04.294 
ffffa607d5b9c080        512      596 ffffb90e1dfade20    csrss.exe                2025-08-02 02:12:03.782      -                   
ffffa607d5b9d080        512      600 7ffd15842680        csrss.exe                2025-08-02 02:12:03.782      -                   
ffffa607d5b9e080        512      604 7ffd15842680        csrss.exe                2025-08-02 02:12:03.782      -                   
ffffa607d529c080        512      668 7ffd15842680        csrss.exe                2025-08-02 02:12:03.816      -                   
ffffa607d5bcc080        512      680 7ffd15842680        csrss.exe                2025-08-02 02:12:03.821      -                   
ffffa607d5b9f080        512      684 7ffd15842680        csrss.exe                2025-08-02 02:12:03.823      -                   
ffffa607d6313080        512      972 7ffd15842680        csrss.exe                2025-08-02 02:12:04.430      -                   
ffffa607d6293080        512      276 7ffd15842680        csrss.exe                2025-08-02 02:12:04.507      -                   
ffffa607d5b883c0        580      584 ffffa607d5b88808    services.exe             2025-08-02 02:12:03.746  2025-08-02 02:12:09.117 
ffffa607d622b080        580      740 7ffd15842680        services.exe             2025-08-02 02:12:04.131  2025-08-02 02:12:09.116 
ffffa607d622f080        580      756 7ffd15842680        services.exe             2025-08-02 02:12:04.144      -                   
ffffa607d623f080        580      880 ffffb90e22beece0    services.exe             2025-08-02 02:12:04.289      -                   
ffffa607d63b4080        580      704 7ffd15842680        services.exe             2025-08-02 02:12:04.639  2025-08-02 02:12:09.116 
ffffa607d65d1080        580     8172 7ffd15842680        services.exe             2025-08-02 06:50:57.799      -                   
ffffa607d5ba1080        608      612 7ffd15842680        winlogon.exe             2025-08-02 02:12:03.786      -                   
ffffa607d6297080        608      996 7ffd15842680        winlogon.exe             2025-08-02 02:12:04.502      -                   
ffffa607d1da6080        608     1520 7ffd15842680        winlogon.exe             2025-08-02 02:12:05.779      -                   
ffffa607d5bd03c0        628      632 ffffa607d5bd0808    lsass.exe                2025-08-02 02:12:03.794  2025-08-02 02:12:04.133 
ffffa607d5bd7080        628      656 7ffd15842680        lsass.exe                2025-08-02 02:12:03.801      -                   
ffffa607d5ae3080        628      692 7ffd15842680        lsass.exe                2025-08-02 02:12:03.842      -                   
ffffa607d5bd9080        628      696 ffffb90e1dfa94a0    lsass.exe                2025-08-02 02:12:03.852      -                   
ffffa607d5bda040        628      700 ffffa607d5bda488    lsass.exe                2025-08-02 02:12:03.853  2025-08-02 02:29:55.948 
ffffa607d5bed080        628      708 7ffd15842680        lsass.exe                2025-08-02 02:12:04.022      -                   
ffffa607d6224080        628      716 ffffa607d62244c8    lsass.exe                2025-08-02 02:12:04.113  2025-08-02 02:20:59.867 
ffffa607d622d040        628      748 ffffb90e2978c1b0    lsass.exe                2025-08-02 02:12:04.133      -                   
ffffa607d7167080        628     1588 7ffd15842680        lsass.exe                2025-08-02 02:12:09.942      -                   
ffffa607d5be4080        768      772 7ffd15842680        svchost.exe              2025-08-02 02:12:04.150      -                   
ffffa607d6258080        768      888 ffffb90e21b8b900    svchost.exe              2025-08-02 02:12:04.309      -                   
ffffa607d6388080        768      388 7ffd15842680        svchost.exe              2025-08-02 02:12:04.523      -                   
ffffa607d63b3080        768      660 7ffd15842680        svchost.exe              2025-08-02 02:12:04.639      -                   
ffffa607d814c080        768     5924 7ffd15842680        svchost.exe              2025-08-02 02:12:23.041      -                   
ffffa607d867f080        768     7144 7ffd15842680        svchost.exe              2025-08-02 02:12:29.520      -                   
ffffa607de962080        768     7868 7ffd15842680        svchost.exe              2025-08-02 03:52:00.016      -                   
ffffa607d8aec080        768     4332 7ffd15842680        svchost.exe              2025-08-02 05:40:57.146      -                   
ffffa607d8625080        768     8836 7ffd15842680        svchost.exe              2025-08-02 06:51:12.777      -                   
ffffa607da06b500        768      932 7ffd15842680        svchost.exe              2025-08-02 06:52:17.480      -                   
ffffa607d8438080        768     8832 7ffd15842680        svchost.exe              2025-08-02 06:54:52.346      -                   
ffffa607d6242080        792      800 7ffd15842680        fontdrvhost.ex           2025-08-02 02:12:04.161      -                   
ffffa607d6257080        792      828 7ffd15842680        fontdrvhost.ex           2025-08-02 02:12:04.172      -                   
ffffa607d6256080        792      832 7ffd15842680        fontdrvhost.ex           2025-08-02 02:12:04.172      -                   
ffffa607d6255080        792      836 7ffd15842680        fontdrvhost.ex           2025-08-02 02:12:04.172      -                   
ffffa607d6254080        792      840 7ffd15842680        fontdrvhost.ex           2025-08-02 02:12:04.172      -                   
ffffa607d625c080        796      804 7ffd15842680        fontdrvhost.ex           2025-08-02 02:12:04.161      -                   
ffffa607d6253080        796      844 7ffd15842680        fontdrvhost.ex           2025-08-02 02:12:04.173      -                   
ffffa607d6252080        796      848 7ffd15842680        fontdrvhost.ex           2025-08-02 02:12:04.173      -                   
ffffa607d6251080        796      852 7ffd15842680        fontdrvhost.ex           2025-08-02 02:12:04.173      -                   
ffffa607d6250080        796      856 7ffd15842680        fontdrvhost.ex           2025-08-02 02:12:04.173      -                   
ffffa607d623e080        892      896 7ffd15842680        svchost.exe              2025-08-02 02:12:04.337      -                   
ffffa607d5bef480        892      912 ffffb90e21b8b180    svchost.exe              2025-08-02 02:12:04.355      -                   
ffffa607d6226480        892      916 ffffa607d62268c8    svchost.exe              2025-08-02 02:12:04.356  2025-08-02 02:24:21.464 
ffffa607d529a080        892      924 7ffd15842680        svchost.exe              2025-08-02 02:12:04.358      -                   
ffffa607d5b89040        892      928 7ffd15842680        svchost.exe              2025-08-02 02:12:04.361  2025-08-02 02:18:46.384 
ffffa607d9146080        892     9068 7ffd15842680        svchost.exe              2025-08-02 02:20:05.367      -                   
ffffa607d96fd640        892     6056 7ffd15842680        svchost.exe              2025-08-02 02:36:25.618      -                   
ffffa607d880f080        892     8464 7ffd15842680        svchost.exe              2025-08-02 06:47:29.939      -                   
ffffa607d6f3f040        892     1816 7ffd15842680        svchost.exe              2025-08-02 06:50:19.768      -                   
ffffa607d69ce080        892     5284 7ffd15842680        svchost.exe              2025-08-02 06:51:40.388      -                   
ffffa607d64a8080        892     3360 7ffd15842680        svchost.exe              2025-08-02 06:52:00.472      -                   
ffffa607d5be9080        940      944 7ffd15842680        svchost.exe              2025-08-02 02:12:04.375      -                   
ffffa607d6317080        940      956 ffffa607d63174c8    svchost.exe              2025-08-02 02:12:04.382  2025-08-02 02:12:04.433 
ffffa607d6315040        940      964 7ffd15842680        svchost.exe              2025-08-02 02:12:04.427  2025-08-02 02:28:49.539 
ffffa607d6314080        940      968 ffffb90e21b91c00    svchost.exe              2025-08-02 02:12:04.428      -                   
ffffa607d812d080        940     9196 7ffd15842680        svchost.exe              2025-08-02 04:33:27.421      -                   
ffffa607d883a040        940     1312 7ffd15842680        svchost.exe              2025-08-02 05:55:25.786      -                   
ffffa607d94ec2c0        940     8532 7ffd15842680        svchost.exe              2025-08-02 06:50:00.003      -                   
ffffa607d6296080       1008     1012 7ffd15842680        LogonUI.exe              2025-08-02 02:12:04.506      -                   
ffffa607d6383080       1008      404 7ffd15842680        LogonUI.exe              2025-08-02 02:12:04.559      -                   
ffffa607d6382080       1008      444 7ffd15842680        LogonUI.exe              2025-08-02 02:12:04.564      -                   
ffffa607d6380040       1008      468 7ffd15842680        LogonUI.exe              2025-08-02 02:12:04.575      -                   
ffffa607d637f080       1008      416 7ffd15842680        LogonUI.exe              2025-08-02 02:12:04.601  2025-08-02 02:12:04.602 
ffffa607d1d64080       1008     1800 7ffd15842680        LogonUI.exe              2025-08-02 02:12:05.833      -                   
ffffa607d6715080       1008     2180 7ffd15842680        LogonUI.exe              2025-08-02 02:12:06.031      -                   
ffffa607d683f080       1008     2296 7ffd15842680        LogonUI.exe              2025-08-02 02:12:06.170      -                   
ffffa607d69bb080       1008     2756 ffffb90e22286f60    LogonUI.exe              2025-08-02 02:12:06.948      -                   
ffffa607d6a37080       1008     2800 7ffd15842680        LogonUI.exe              2025-08-02 02:12:07.049  2025-08-02 02:12:07.208 
ffffa607d6294080       1016     1020 7ffd15842680        dwm.exe                  2025-08-02 02:12:04.506      -                   
ffffa607d641d080       1016     1072 7ffd15842680        dwm.exe                  2025-08-02 02:12:04.724      -                   
ffffa607d6417080       1016     1096 7ffd15842680        dwm.exe                  2025-08-02 02:12:04.729      -                   
ffffa607d6479080       1016     1220 7ffd15842680        dwm.exe                  2025-08-02 02:12:04.808      -                   
ffffa607d6478080       1016     1224 7ffd15842680        dwm.exe                  2025-08-02 02:12:04.810      -                   
ffffa607d6477080       1016     1228 7ffd15842680        dwm.exe                  2025-08-02 02:12:04.810      -                   
ffffa607d642f080       1016     1268 7ffd15842680        dwm.exe                  2025-08-02 02:12:04.847      -                   
ffffa607d64a7080       1016     1292 7ffd15842680        dwm.exe                  2025-08-02 02:12:04.898      -                   
ffffa607d64a6080       1016     1296 7ffd15842680        dwm.exe                  2025-08-02 02:12:04.901      -                   
ffffa607d650f080       1016     1360 7ffd15842680        dwm.exe                  2025-08-02 02:12:05.008      -                   
ffffa607d6591080       1016     1560 7ffd15842680        dwm.exe                  2025-08-02 02:12:05.190      -                   
ffffa607d65d7080       1016     1592 7ffd15842680        dwm.exe                  2025-08-02 02:12:05.215      -                   
ffffa607d8149080       1016     2508 7ffd15842680        dwm.exe                  2025-08-02 02:20:05.373      -                   
ffffa607d637d080        516      500 7ffd15842680        svchost.exe              2025-08-02 02:12:04.631      -                   
ffffa607d6411080        516     1128 7ffd15842680        svchost.exe              2025-08-02 02:12:04.748      -                   
ffffa607d640f040        516     1140 ffffa607d640f488    svchost.exe              2025-08-02 02:12:04.755  2025-08-02 05:55:35.994 
ffffa607d647d080        516     1204 7ffd15842680        svchost.exe              2025-08-02 02:12:04.795  2025-08-02 02:14:18.681 
ffffa607d6475080        516     1240 7ffd15842680        svchost.exe              2025-08-02 02:12:04.817      -                   
ffffa607d64730c0        516     1248 7ffd15842680        svchost.exe              2025-08-02 02:12:04.835      -                   
ffffa607d650d080        516     1368 7ffd15842680        svchost.exe              2025-08-02 02:12:05.026      -                   
ffffa607d657a080        516     1416 7ffd15842680        svchost.exe              2025-08-02 02:12:05.088      -                   
ffffa607d65cd0c0        516     1640 7ffd15842680        svchost.exe              2025-08-02 02:12:05.272      -                   
ffffa607d6642080        516     1652 7ffd15842680        svchost.exe              2025-08-02 02:12:05.315      -                   
ffffa607d663f080        516     1664 7ffd15842680        svchost.exe              2025-08-02 02:12:05.335      -                   
ffffa607d663d080        516     1672 7ffd15842680        svchost.exe              2025-08-02 02:12:05.344      -                   
ffffa607d663a080        516     1684 7ffd15842680        svchost.exe              2025-08-02 02:12:05.358      -                   
ffffa607d6637080        516     1700 7ffd15842680        svchost.exe              2025-08-02 02:12:05.373      -                   
ffffa607d6636080        516     1704 7ffd15842680        svchost.exe              2025-08-02 02:12:05.373      -                   
ffffa607d65bb080        516     1712 7ffd15842680        svchost.exe              2025-08-02 02:12:05.378      -                   
ffffa607d668a080        516     1752 7ffd15842680        svchost.exe              2025-08-02 02:12:05.407      -                   
ffffa607d6685080        516     1776 7ffd15842680        svchost.exe              2025-08-02 02:12:05.427      -                   
ffffa607d6684080        516     1780 7ffd15842680        svchost.exe              2025-08-02 02:12:05.427      -                   
ffffa607d66815c0        516     1784 7ffd15842680        svchost.exe              2025-08-02 02:12:05.427      -                   
ffffa607d663c080        516     1796 7ffd15842680        svchost.exe              2025-08-02 02:12:05.447      -                   
ffffa607d7222080        516     2788 7ffd15842680        svchost.exe              2025-08-02 02:12:16.733      -                   
ffffa607d71640c0        516     2824 7ffd15842680        svchost.exe              2025-08-02 02:12:16.734      -                   
ffffa607d7220080        516     4612 7ffd15842680        svchost.exe              2025-08-02 02:12:16.759      -                   
ffffa607d6c6d080        516     4604 7ffd15842680        svchost.exe              2025-08-02 02:12:16.759      -                   
ffffa607d715a080        516     4640 7ffd15842680        svchost.exe              2025-08-02 02:12:16.762      -                   
ffffa607d72a6080        516     4772 7ffd15842680        svchost.exe              2025-08-02 02:12:17.170      -                   
ffffa607d72a5080        516     4768 7ffd15842680        svchost.exe              2025-08-02 02:12:17.170      -                   
ffffa607d83e9080        516     9092 7ffd15842680        svchost.exe              2025-08-02 04:33:27.542      -                   
ffffa607d7ad3500        516     5572 7ffd15842680        svchost.exe              2025-08-02 05:33:29.740  2025-08-02 05:57:05.811 
ffffa607d87e7040        516     9032 7ffd15842680        svchost.exe              2025-08-02 05:55:25.575      -                   
ffffa607d715b080        516     8180 7ffd15842680        svchost.exe              2025-08-02 05:55:35.642  2025-08-02 05:55:37.207 
ffffa607d88c9080        516     7052 7ffd15842680        svchost.exe              2025-08-02 05:55:35.655      -                   
ffffa607d9d6e080        516     9072 7ffd15842680        svchost.exe              2025-08-02 05:55:35.774      -                   
ffffa607daa30540        516     8216 7ffd15842680        svchost.exe              2025-08-02 05:55:35.780      -                   
ffffa607d6399080        908      936 7ffd15842680        svchost.exe              2025-08-02 02:12:04.688      -                   
ffffa607d6393080       1032     1036 7ffd15842680        svchost.exe              2025-08-02 02:12:04.704      -                   
ffffa607d6392080       1040     1044 7ffd15842680        svchost.exe              2025-08-02 02:12:04.705      -                   
ffffa607d641a080       1040     1084 ffffb90e21b8ef60    svchost.exe              2025-08-02 02:12:04.727      -                   
ffffa607d6415080       1040     1108 7ffd15842680        svchost.exe              2025-08-02 02:12:04.736      -                   
ffffa607d64130c0       1116     1120 7ffd15842680        svchost.exe              2025-08-02 02:12:04.745      -                   
ffffa607d6404080       1116     1196 7ffd15842680        svchost.exe              2025-08-02 02:12:04.787      -                   
ffffa607d6406080       1184     1188 7ffd15842680        svchost.exe              2025-08-02 02:12:04.786      -                   
ffffa607d647a080       1184     1216 ffffb90e21b8f920    svchost.exe              2025-08-02 02:12:04.805      -                   
ffffa607d642e040       1184     1272 7ffd15842680        svchost.exe              2025-08-02 02:12:04.850  2025-08-02 02:29:56.948 
ffffa607d64aa080       1184     1280 7ffd15842680        svchost.exe              2025-08-02 02:12:04.856      -                   
ffffa607d64a4080       1184     1304 7ffd15842680        svchost.exe              2025-08-02 02:12:04.908      -                   
ffffa607d66b5080       1184     1852 7ffd15842680        svchost.exe              2025-08-02 02:12:05.510      -                   
ffffa607d6476080       1232     1236 7ffd15842680        svchost.exe              2025-08-02 02:12:04.811      -                   
ffffa607d64ab080       1232     1276 7ffd15842680        svchost.exe              2025-08-02 02:12:04.852      -                   
ffffa607d647c040       1232     8828 7ffd15842680        svchost.exe              2025-08-02 06:56:50.925      -                   
ffffa607d8829080       1232     5480 7ffd15842680        svchost.exe              2025-08-02 06:56:50.925      -                   
ffffa607d85e1040       1232     5324 7ffd15842680        svchost.exe              2025-08-02 06:56:51.940      -                   
ffffa607d6431080       1260     1264 7ffd15842680        svchost.exe              2025-08-02 02:12:04.847      -                   
ffffa607d6494080       1260     1332 ffffa607d64944c8    svchost.exe              2025-08-02 02:12:04.938  2025-08-02 02:12:05.368 
ffffa607d650a040       1260     1380 7ffd15842680        svchost.exe              2025-08-02 02:12:05.044  2025-08-02 02:21:00.899 
ffffa607d6506080       1260     1396 ffffb90e21b91900    svchost.exe              2025-08-02 02:12:05.073      -                   
ffffa607d8f50080       1260     4228 7ffd15842680        svchost.exe              2025-08-02 02:25:00.303      -                   
ffffa607d6643080       1260     6644 7ffd15842680        svchost.exe              2025-08-02 02:25:00.304      -                   
ffffa607d65cf080       1260     8868 7ffd15842680        svchost.exe              2025-08-02 02:25:00.378      -                   
ffffa607d887b080       1260     6104 7ffd15842680        svchost.exe              2025-08-02 06:54:36.358      -                   
ffffa607d6497080       1320     1324 7ffd15842680        svchost.exe              2025-08-02 02:12:04.933      -                   
ffffa607d6510080       1320     1356 7ffd15842680        svchost.exe              2025-08-02 02:12:04.999      -                   
ffffa607d6520080       1320     1444 7ffd15842680        svchost.exe              2025-08-02 02:12:05.099      -                   
ffffa607d716d040       1320     8364 7ffd15842680        svchost.exe              2025-08-02 06:51:12.643      -                   
ffffa607d6838080       1320     1068 7ffd15842680        svchost.exe              2025-08-02 06:51:24.895      -                   
ffffa607d9374080       1320     5204 7ffd15842680        svchost.exe              2025-08-02 06:51:32.994      -                   
ffffa607d952c080       1320     2888 7ffd15842680        svchost.exe              2025-08-02 06:56:00.566      -                   
ffffa607d6511080       1348     1352 7ffd15842680        svchost.exe              2025-08-02 02:12:04.993      -                   
ffffa607d6579080       1420     1424 7ffd15842680        svchost.exe              2025-08-02 02:12:05.090      -                   
ffffa607d651a080       1468     1472 ffffb90e23aee840    svchost.exe              2025-08-02 02:12:05.124      -                   
ffffa607d6592080       1468     1580 7ffd15842680        svchost.exe              2025-08-02 02:12:05.203  2025-08-02 02:12:05.309 
ffffa607d65d9080       1468     1584 7ffd15842680        svchost.exe              2025-08-02 02:12:05.204  2025-08-02 02:12:05.245 
ffffa607d6638080       1468     1696 7ffd15842680        svchost.exe              2025-08-02 02:12:05.365      -                   
ffffa607d659b080       1512     1516 7ffd15842680        svchost.exe              2025-08-02 02:12:05.154      -                   
ffffa607d65d0080       1512     1624 ffffb90e222813e0    svchost.exe              2025-08-02 02:12:05.262      -                   
ffffa607d66b7080       1512     1840 7ffd15842680        svchost.exe              2025-08-02 02:12:05.501      -                   
ffffa607d8429040       1512     6468 7ffd15842680        svchost.exe              2025-08-02 06:52:04.315      -                   
ffffa607de9b4040       1512     8396 7ffd15842680        svchost.exe              2025-08-02 06:54:45.173      -                   
ffffa607d8b6c080       1512     8188 7ffd15842680        svchost.exe              2025-08-02 06:56:53.368      -                   
ffffa607d6639080       1688     1692 7ffd15842680        svchost.exe              2025-08-02 02:12:05.364      -                   
ffffa607d1d51080       1688     1904 ffffb90e22281e60    svchost.exe              2025-08-02 02:12:05.535      -                   
ffffa607d6e7e080       1688     3828 7ffd15842680        svchost.exe              2025-08-02 02:12:08.908      -                   
ffffa607d801b080       1688     5520 7ffd15842680        svchost.exe              2025-08-02 02:12:22.248      -                   
ffffa607d6699080       1716     1720 7ffd15842680        svchost.exe              2025-08-02 02:12:05.391      -                   
ffffa607d66be080       1716     1808 7ffd15842680        svchost.exe              2025-08-02 02:12:05.474      -                   
ffffa607d8f7e080       1716     1364 7ffd15842680        svchost.exe              2025-08-02 06:47:47.159  2025-08-02 06:47:47.675 
ffffa607d6689080       1756     1760 7ffd15842680        svchost.exe              2025-08-02 02:12:05.408      -                   
ffffa607d1d47080       1756     1880 7ffd15842680        svchost.exe              2025-08-02 02:12:05.519      -                   
ffffa607d65d6080       1756     4304 7ffd15842680        svchost.exe              2025-08-02 06:56:48.703      -                   
ffffa607d66b8080       1832     1836 7ffd15842680        svchost.exe              2025-08-02 02:12:05.498      -                   
ffffa607d66c0080       1832     1964 7ffd15842680        svchost.exe              2025-08-02 02:12:05.580      -                   
ffffa607d725b040       1832     4460 7ffd15842680        svchost.exe              2025-08-02 02:12:11.290      -                   
ffffa607d7fe90c0       1832     5260 7ffd15842680        svchost.exe              2025-08-02 02:12:21.082      -                   
ffffa607db724080       1832     9172 7ffd15842680        svchost.exe              2025-08-02 05:55:36.535      -                   
ffffa607d66b2080       1864     1868 fffff801125c7a60    MemCompression           2025-08-02 02:12:05.515      -                   
ffffa607d66b10c0       1864     1872 fffff80112454d40    MemCompression           2025-08-02 02:12:05.515      -                   
ffffa607d6ae7080       1864     2968 fffff80112558340    MemCompression           2025-08-02 02:12:07.569      -                   
ffffa607d6ae6080       1864     2972 fffff80112558340    MemCompression           2025-08-02 02:12:07.569      -                   
ffffa607d6ae5080       1864     2976 fffff8011245c8b0    MemCompression           2025-08-02 02:12:07.570      -                   
ffffa607d6ae4080       1864     2980 fffff80112530a80    MemCompression           2025-08-02 02:12:07.570      -                   
ffffa607d7a18080       1864     4872 fffff80112558340    MemCompression           2025-08-02 02:12:18.043      -                   
ffffa607d7a17080       1864     4900 fffff80112558340    MemCompression           2025-08-02 02:12:18.043      -                   
ffffa607d7a16080       1864     4904 fffff8011245c8b0    MemCompression           2025-08-02 02:12:18.043      -                   
ffffa607d7a43080       1864     4896 fffff80112530a80    MemCompression           2025-08-02 02:12:18.092      -                   
ffffa607d8466080       1864     6552 fffff80112558340    MemCompression           2025-08-02 02:12:27.642      -                   
ffffa607d8465080       1864     6556 fffff80112558340    MemCompression           2025-08-02 02:12:27.642      -                   
ffffa607d8464080       1864     6560 fffff8011245c8b0    MemCompression           2025-08-02 02:12:27.643      -                   
ffffa607d8463080       1864     6564 fffff80112530a80    MemCompression           2025-08-02 02:12:27.643      -                   
ffffa607d8605080       1864     6744 fffff80112558340    MemCompression           2025-08-02 02:12:28.324      -                   
ffffa607d8604080       1864     6748 fffff80112558340    MemCompression           2025-08-02 02:12:28.324      -                   
ffffa607d8603080       1864     6752 fffff8011245c8b0    MemCompression           2025-08-02 02:12:28.324      -                   
ffffa607d85ab080       1864     6756 fffff80112530a80    MemCompression           2025-08-02 02:12:28.326      -                   
ffffa607d6931080       1864     8092 fffff80112558340    MemCompression           2025-08-02 02:13:58.438      -                   
ffffa607d899e080       1864     2988 fffff80112558340    MemCompression           2025-08-02 02:13:58.438      -                   
ffffa607d6814080       1864     8012 fffff8011245c8b0    MemCompression           2025-08-02 02:13:58.438      -                   
ffffa607d515b080       1864     8028 fffff80112530a80    MemCompression           2025-08-02 02:13:58.442      -                   
ffffa607d9643080       1864     4392 fffff80112558340    MemCompression           2025-08-02 06:52:16.794      -                   
ffffa607d88b7080       1864     9204 fffff80112558340    MemCompression           2025-08-02 06:52:16.794      -                   
ffffa607d8b7d080       1864     7788 fffff8011245c8b0    MemCompression           2025-08-02 06:52:16.794      -                   
ffffa607d6d2b080       1864     6696 fffff80112530a80    MemCompression           2025-08-02 06:52:16.794      -                   
ffffa607d1d4b080       1888     1892 7ffd15842680        svchost.exe              2025-08-02 02:12:05.532      -                   
ffffa607d8075080       1888     5416 7ffd15842680        svchost.exe              2025-08-02 02:12:21.972      -                   
ffffa607d1d5c080       1924     1928 7ffd15842680        svchost.exe              2025-08-02 02:12:05.548      -                   
ffffa607d1d20040       1924     2036 ffffb90e2977e050    svchost.exe              2025-08-02 02:12:05.666      -                   
ffffa607d1d22080       1924     2040 7ffd15842680        svchost.exe              2025-08-02 02:12:05.666      -                   
ffffa607d68e7080       1924     2472 ffffb90e1e6f9ce0    svchost.exe              2025-08-02 02:12:06.414      -                   
ffffa607d7bc0080       1924     7320 7ffd15842680        svchost.exe              2025-08-02 02:12:31.515      -                   
ffffa607d9dcc080       1924     4000 7ffd15842680        svchost.exe              2025-08-02 06:54:47.898      -                   
ffffa607d667d0c0       1956     1960 7ffd15842680        svchost.exe              2025-08-02 02:12:05.578      -                   
ffffa607d1d1e080       1956     2032 7ffd15842680        svchost.exe              2025-08-02 02:12:05.665      -                   
ffffa607d1d05080       1968     1972 7ffd15842680        svchost.exe              2025-08-02 02:12:05.590      -                   
ffffa607d1d95080       1968     1092 ffffb90e22281f80    svchost.exe              2025-08-02 02:12:05.667      -                   
ffffa607d1d99080       1968     1080 7ffd15842680        svchost.exe              2025-08-02 02:12:05.668      -                   
ffffa607d681b080       1968     2228 ffffb90e23aeeb40    svchost.exe              2025-08-02 02:12:06.094      -                   
ffffa607d830e080       1968     6160 ffffb90e23af4a20    svchost.exe              2025-08-02 02:12:24.943      -                   
ffffa607d9b57080       1968     7884 7ffd15842680        svchost.exe              2025-08-02 06:56:49.050      -                   
ffffa607d8f8f080       1968     2380 7ffd15842680        svchost.exe              2025-08-02 06:56:49.600      -                   
ffffa607d888f040       1968     7440 7ffd15842680        svchost.exe              2025-08-02 06:56:50.067      -                   
ffffa607d1d09080       1980     1984 7ffd15842680        svchost.exe              2025-08-02 02:12:05.608      -                   
ffffa607d1d97080       1980     1088 7ffd15842680        svchost.exe              2025-08-02 02:12:05.668      -                   
ffffa607d1d18040       1980     1076 7ffd15842680        svchost.exe              2025-08-02 02:12:05.676      -                   
ffffa607d1dad080       1980     1676 ffffb90e22283960    svchost.exe              2025-08-02 02:12:05.819      -                   
ffffa607d69cb080       1980     7664 7ffd15842680        svchost.exe              2025-08-02 02:14:08.909      -                   
ffffa607d1c8f080       1932     1944 7ffd15842680        svchost.exe              2025-08-02 02:12:05.827      -                   
ffffa607d1d07080       1932     2076 ffffa607d1d074c8    svchost.exe              2025-08-02 02:12:05.892  2025-08-02 02:12:05.954 
ffffa607d1d73080       1932     2088 7ffd15842680        svchost.exe              2025-08-02 02:12:05.927      -                   
ffffa607d1d75080       1932     2092 7ffd15842680        svchost.exe              2025-08-02 02:12:05.927      -                   
ffffa607d1d7a080       1932     2104 7ffd15842680        svchost.exe              2025-08-02 02:12:05.936      -                   
ffffa607d1d66080       1940     2012 7ffd15842680        svchost.exe              2025-08-02 02:12:05.838      -                   
ffffa607d683b080       1940     2316 7ffd15842680        svchost.exe              2025-08-02 02:12:06.204      -                   
ffffa607d683a080       1940     2320 7ffd15842680        svchost.exe              2025-08-02 02:12:06.204      -                   
ffffa607d6839080       1940     2324 ffffb90e42c92dd0    svchost.exe              2025-08-02 02:12:06.204      -                   
ffffa607d6aaf080       1940     6032 7ffd15842680        svchost.exe              2025-08-02 06:52:00.968      -                   
ffffa607d8b74080       1940     6844 7ffd15842680        svchost.exe              2025-08-02 06:53:19.113      -                   
ffffa607d7168080       1940     4140 7ffd15842680        svchost.exe              2025-08-02 06:56:49.253      -                   
ffffa607d6ede040       1940     5384 7ffd15842680        svchost.exe              2025-08-02 06:57:20.283      -                   
ffffa607d1d82080       2120     2124 7ffd15842680        svchost.exe              2025-08-02 02:12:05.962      -                   
ffffa607d6717080       2120     2172 7ffd15842680        svchost.exe              2025-08-02 02:12:06.024      -                   
ffffa607d671b080       2120     2200 7ffd15842680        svchost.exe              2025-08-02 02:12:06.074      -                   
ffffa607d681d080       2120     2220 7ffd15842680        svchost.exe              2025-08-02 02:12:06.088      -                   
ffffa607d681c080       2120     2224 7ffd15842680        svchost.exe              2025-08-02 02:12:06.093      -                   
ffffa607d8a09080       2120     7308 7ffd15842680        svchost.exe              2025-08-02 02:12:31.373      -                   
ffffa607d6ef1080       2120     6496 7ffd15842680        svchost.exe              2025-08-02 02:28:30.673      -                   
ffffa607d8349040       2120     6888 7ffd15842680        svchost.exe              2025-08-02 06:56:48.973      -                   
ffffa607d6884040       2120     6852 7ffd15842680        svchost.exe              2025-08-02 06:56:48.985      -                   
ffffa607d71b8080       2120     3604 7ffd15842680        svchost.exe              2025-08-02 06:56:49.131      -                   
ffffa607d6a2d080       2120     1532 7ffd15842680        svchost.exe              2025-08-02 06:56:49.149      -                   
ffffa607d1d1a080       2192     2196 7ffd15842680        svchost.exe              2025-08-02 02:12:06.072      -                   
ffffa607d683c080       2192     2312 ffffb90e222843e0    svchost.exe              2025-08-02 02:12:06.203      -                   
ffffa607d6887080       2192     2364 7ffd15842680        svchost.exe              2025-08-02 02:12:06.262      -                   
ffffa607d6886080       2192     2368 ffffb90e22285460    svchost.exe              2025-08-02 02:12:06.263      -                   
ffffa607d68810c0       2192     2388 7ffd15842680        svchost.exe              2025-08-02 02:12:06.271      -                   
ffffa607d6adc080       2192     3020 7ffd15842680        svchost.exe              2025-08-02 02:12:07.636      -                   
ffffa607d7b1e080       2192     5472 7ffd15842680        svchost.exe              2025-08-02 06:49:12.919      -                   
ffffa607d8534080       2192     8548 7ffd15842680        svchost.exe              2025-08-02 06:51:12.127      -                   
ffffa607d8810080       2192     6632 7ffd15842680        svchost.exe              2025-08-02 06:56:42.127      -                   
ffffa607d7173040       2192     6024 7ffd15842680        svchost.exe              2025-08-02 06:56:43.127      -                   
ffffa607d66cf080       2204     2208 7ffd15842680        svchost.exe              2025-08-02 02:12:06.078      -                   
ffffa607d7229080       2204     4356 7ffd15842680        svchost.exe              2025-08-02 02:12:11.207      -                   
ffffa607d7228040       2204     4360 7ffd15842680        svchost.exe              2025-08-02 02:12:11.209      -                   
ffffa607d66ce080       2212     2216 7ffd15842680        svchost.exe              2025-08-02 02:12:06.084      -                   
ffffa607d6882040       2212     2384 7ffd15842680        svchost.exe              2025-08-02 02:12:06.268      -                   
ffffa607d69d6080       2212     2668 7ffd15842680        svchost.exe              2025-08-02 02:12:06.735      -                   
ffffa607d69d5080       2212     2672 7ffd15842680        svchost.exe              2025-08-02 02:12:06.736      -                   
ffffa607d6837080       2332     2336 7ffd15842680        svchost.exe              2025-08-02 02:12:06.209      -                   
ffffa607d7bac280       2332     6124 7ffd15842680        svchost.exe              2025-08-02 06:51:45.979      -                   
ffffa607dc4c6500       2332     8116 7ffd15842680        svchost.exe              2025-08-02 06:52:17.457      -                   
ffffa607d71fa080       2332     5544 7ffd15842680        svchost.exe              2025-08-02 06:56:53.808      -                   
ffffa607d6e79080       2332     7860 7ffd15842680        svchost.exe              2025-08-02 06:56:53.857      -                   
ffffa607d88be040       2332      440 7ffd15842680        svchost.exe              2025-08-02 06:56:54.815      -                   
ffffa607d6871080       2400     2404 7ffd15842680        svchost.exe              2025-08-02 02:12:06.279      -                   
ffffa607d6938080       2400     2512 7ffd15842680        svchost.exe              2025-08-02 02:12:06.482      -                   
ffffa607d686e080       2416     2420 7ffd15842680        svchost.exe              2025-08-02 02:12:06.288      -                   
ffffa607d68e6080       2416     2476 ffffb90e222855e0    svchost.exe              2025-08-02 02:12:06.420      -                   
ffffa607d6937080       2516     2520 7ffd15842680        svchost.exe              2025-08-02 02:12:06.485      -                   
ffffa607d7bb3080       2516     6516 7ffd15842680        svchost.exe              2025-08-02 06:52:00.826      -                   
ffffa607d94e3080       2516     6724 7ffd15842680        svchost.exe              2025-08-02 06:55:31.517      -                   
ffffa607d6936080       2524     2528 7ffd15842680        spoolsv.exe              2025-08-02 02:12:06.490      -                   
ffffa607d6933080       2524     2540 ffffb90e222854c0    spoolsv.exe              2025-08-02 02:12:06.533      -                   
ffffa607d692e040       2524     2560 7ffd15842680        spoolsv.exe              2025-08-02 02:12:06.552  2025-08-02 02:14:20.541 
ffffa607d698e080       2524     2576 7ffd15842680        spoolsv.exe              2025-08-02 02:12:06.579  2025-08-02 02:14:20.541 
ffffa607d698c080       2524     2584 7ffd15842680        spoolsv.exe              2025-08-02 02:12:06.590  2025-08-02 02:14:20.541 
ffffa607d695a080       2524     2600 7ffd15842680        spoolsv.exe              2025-08-02 02:12:06.621      -                   
ffffa607d7fdf080       2524     5296 7ffd15842680        spoolsv.exe              2025-08-02 02:12:21.475      -                   
ffffa607d7fde080       2524     5300 7ffd15842680        spoolsv.exe              2025-08-02 02:12:21.486      -                   
ffffa607d6956080       2616     2620 7ffd15842680        svchost.exe              2025-08-02 02:12:06.641      -                   
ffffa607d69b50c0       2616     2648 7ffd15842680        svchost.exe              2025-08-02 02:12:06.702      -                   
ffffa607d6a29080       2616     2852 7ffd15842680        svchost.exe              2025-08-02 02:12:07.275      -                   
ffffa607d6a43080       2616     2920 7ffd15842680        svchost.exe              2025-08-02 02:12:07.477      -                   
ffffa607d6a42080       2616     2924 ffffa607d6a424c8    svchost.exe              2025-08-02 02:12:07.483  2025-08-02 02:12:09.257 
ffffa607d6a41080       2616     2932 7ffd15842680        svchost.exe              2025-08-02 02:12:07.499      -                   
ffffa607d6a40380       2616     2944 7ffd15842680        svchost.exe              2025-08-02 02:12:07.515      -                   
ffffa607d1d42080       2616     2948 ffffb90e21b91f60    svchost.exe              2025-08-02 02:12:07.520      -                   
ffffa607d6ae0080       2616     2992 ffffa607d6ae04c8    svchost.exe              2025-08-02 02:12:07.603  2025-08-02 02:22:07.603 
ffffa607d518b080       2616     3048 ffffb90e22befa00    svchost.exe              2025-08-02 02:12:07.673      -                   
ffffa607d6d28080       2616     3380 7ffd15842680        svchost.exe              2025-08-02 02:12:08.122      -                   
ffffa607d6d27080       2616     3384 7ffd15842680        svchost.exe              2025-08-02 02:12:08.122      -                   
ffffa607d69bd080       2744     2748 7ffd15842680        svchost.exe              2025-08-02 02:12:06.911      -                   
ffffa607d6a35080       2744     2808 7ffd15842680        svchost.exe              2025-08-02 02:12:07.076      -                   
ffffa607d6ab3080       2744     2856 7ffd15842680        svchost.exe              2025-08-02 02:12:07.283      -                   
ffffa607d6ab2080       2744     2860 7ffd15842680        svchost.exe              2025-08-02 02:12:07.291  2025-08-02 02:14:20.979 
ffffa607d6ab1080       2744     2864 7ffd15842680        svchost.exe              2025-08-02 02:12:07.294      -                   
ffffa607d6ade080       3000     3004 7ffd15842680        svchost.exe              2025-08-02 02:12:07.619      -                   
ffffa607d6ada080       3024     3028 7ffd15842680        svchost.exe              2025-08-02 02:12:07.643      -                   
ffffa607d1d0b080       3024     6864 7ffd15842680        svchost.exe              2025-08-02 02:13:13.670      -                   
ffffa607d8459080       3024     3972 7ffd15842680        svchost.exe              2025-08-02 02:16:46.708      -                   
ffffa607d6696080       3024     9188 7ffd15842680        svchost.exe              2025-08-02 02:16:46.818      -                   
ffffa607d85d3500       3024     2188 7ffd15842680        svchost.exe              2025-08-02 02:23:23.914  2025-08-02 02:50:00.065 
ffffa607dd1f1080       3024     6412 7ffd15842680        svchost.exe              2025-08-02 02:48:16.878      -                   
ffffa607d843e2c0       3024     1192 7ffd15842680        svchost.exe              2025-08-02 02:48:17.046  2025-08-02 02:53:21.109 
ffffa607d8f83080       3024     4172 7ffd15842680        svchost.exe              2025-08-02 02:48:17.265  2025-08-02 02:53:21.109 
ffffa607d71c1080       3024     2456 7ffd15842680        svchost.exe              2025-08-02 02:48:19.689  2025-08-02 02:50:00.065 
ffffa607d6ad23c0       3040     3044 7ffd15842680        svchost.exe              2025-08-02 02:12:07.668      -                   
ffffa607d7162080       3040     3116 7ffd15842680        svchost.exe              2025-08-02 02:12:10.047      -                   
ffffa607d7154080       3040     3880 ffffb90e22bf3600    svchost.exe              2025-08-02 02:12:10.113      -                   
ffffa607d71530c0       3040     3976 7ffd15842680        svchost.exe              2025-08-02 02:12:10.113      -                   
ffffa607d71b70c0       3040     3960 ffffa607d71b7508    svchost.exe              2025-08-02 02:12:10.121  2025-08-02 02:12:11.345 
ffffa607d7172080       3040     3812 7ffd15842680        svchost.exe              2025-08-02 02:12:10.122      -                   
ffffa607d7171080       3040     3900 7ffd15842680        svchost.exe              2025-08-02 02:12:10.122      -                   
ffffa607d6f1d080       3040     4120 7ffd15842680        svchost.exe              2025-08-02 02:12:10.145      -                   
ffffa607d698d080       3060     3064 7ffd15842680        svchost.exe              2025-08-02 02:12:07.683      -                   
ffffa607d6c75080       3060     3108 7ffd15842680        svchost.exe              2025-08-02 02:12:07.794      -                   
ffffa607d6c68080       3060     3176 7ffd15842680        svchost.exe              2025-08-02 02:12:07.886      -                   
ffffa607d6c89080       3060     3284 7ffd15842680        svchost.exe              2025-08-02 02:12:07.991      -                   
ffffa607d6f3e080       3060     3936 7ffd15842680        svchost.exe              2025-08-02 02:12:09.216      -                   
ffffa607d6c86080       3060     3944 7ffd15842680        svchost.exe              2025-08-02 02:12:09.222      -                   
ffffa607d639a080       3060     4016 7ffd15842680        svchost.exe              2025-08-02 02:12:09.504      -                   
ffffa607d7e17080       3060     5136 7ffd15842680        svchost.exe              2025-08-02 02:12:20.376      -                   
ffffa607d7b23080       3060     2704 7ffd15842680        svchost.exe              2025-08-02 02:22:09.031      -                   
ffffa607d6c78080       3060     6188 ffffa607d6c784c8    svchost.exe              2025-08-02 02:36:00.011  2025-08-02 06:30:49.225 
ffffa607d812e040       3060      952 7ffd15842680        svchost.exe              2025-08-02 03:57:30.256      -                   
ffffa607d9dc8080       3060     4692 7ffd15842680        svchost.exe              2025-08-02 04:33:27.208  2025-08-02 05:57:05.813 
ffffa607d8461080       3060     4856 7ffd15842680        svchost.exe              2025-08-02 04:49:00.001      -                   
ffffa607d6c05080       3060     4340 7ffd15842680        svchost.exe              2025-08-02 04:49:00.036  2025-08-02 04:51:00.555 
ffffa607d6bee080       2436     2460 7ffd15842680        Everything.exe           2025-08-02 02:12:07.715      -                   
ffffa607d6df0080       2436     3520 7ffd15842680        Everything.exe           2025-08-02 02:12:08.319      -                   
ffffa607d6be9080       2640     2908 7ffd15842680        svchost.exe              2025-08-02 02:12:07.738      -                   
ffffa607d6c6a080       2640     3164 7ffd15842680        svchost.exe              2025-08-02 02:12:07.856      -                   
ffffa607d6e69080       2640      376 7ffd15842680        svchost.exe              2025-08-02 02:12:09.683      -                   
ffffa607d7227080       2640     4364 ffffb90e22bf0060    svchost.exe              2025-08-02 02:12:11.210      -                   
ffffa607d7225080       2640     4372 7ffd15842680        svchost.exe              2025-08-02 02:12:11.212      -                   
ffffa607d51f0080       2640     4376 7ffd15842680        svchost.exe              2025-08-02 02:12:11.257  2025-08-02 02:13:54.062 
ffffa607d7206080       2640     4380 7ffd15842680        svchost.exe              2025-08-02 02:12:11.273  2025-08-02 02:13:54.061 
ffffa607d8945080       2640     2760 7ffd15842680        svchost.exe              2025-08-02 02:13:54.060      -                   
ffffa607d7a3c080       2640     1524 7ffd15842680        svchost.exe              2025-08-02 02:13:54.061      -                   
ffffa607d8ebc080       2640     1432 7ffd15842680        svchost.exe              2025-08-02 02:13:54.062      -                   
ffffa607d3564040       2640     5580 7ffd15842680        svchost.exe              2025-08-02 04:33:27.860      -                   
ffffa607d5b57080       2640     6860 7ffd15842680        svchost.exe              2025-08-02 06:32:15.295      -                   
ffffa607d8118080       2640      732 7ffd15842680        svchost.exe              2025-08-02 06:35:15.376      -                   
ffffa607d8442080       2640     4936 7ffd15842680        svchost.exe              2025-08-02 06:40:15.680      -                   
ffffa607d9451080       2640     7944 7ffd15842680        svchost.exe              2025-08-02 06:44:15.918      -                   
ffffa607d85e2080       2640     8720 7ffd15842680        svchost.exe              2025-08-02 06:50:56.215      -                   
ffffa607d86be080       2640     7880 7ffd15842680        svchost.exe              2025-08-02 06:53:16.289      -                   
ffffa607d6be3080       3080     3084 7ffd15842680        IpOverUsbSvc.e           2025-08-02 02:12:07.751      -                   
ffffa607d6d2a080       3080     3372 7ffd15842680        IpOverUsbSvc.e           2025-08-02 02:12:08.118      -                   
ffffa607d6d29080       3080     3376 7ffd15842680        IpOverUsbSvc.e           2025-08-02 02:12:08.122      -                   
ffffa607d6eea080       3080     3820 7ffd15842680        IpOverUsbSvc.e           2025-08-02 02:12:08.886      -                   
ffffa607d6f8b080       3080     3860 7ffd15842680        IpOverUsbSvc.e           2025-08-02 02:12:09.007      -                   
ffffa607d6f44080       3080     3884 7ffd15842680        IpOverUsbSvc.e           2025-08-02 02:12:09.024      -                   
ffffa607d6c69080       3168     3172 7ffd15842680        sqlwriter.exe            2025-08-02 02:12:07.862      -                   
ffffa607d6d25080       3168     3392 7ffd15842680        sqlwriter.exe            2025-08-02 02:12:08.126      -                   
ffffa607d6c11080       3184     3188 7ffd15842680        svchost.exe              2025-08-02 02:12:07.897      -                   
ffffa607d6de7080       3184     3528 7ffd15842680        svchost.exe              2025-08-02 02:12:08.328      -                   
ffffa607d6de6040       3184     3532 7ffd15842680        svchost.exe              2025-08-02 02:12:08.328      -                   
ffffa607d6c97080       3200     3204 7ffd15842680        VGAuthService.           2025-08-02 02:12:07.909      -                   
ffffa607d6dec0c0       3200     3508 ffffb90e22bedae0    VGAuthService.           2025-08-02 02:12:08.304      -                   
ffffa607d6c95080       3212     3216 7ffd15842680        svchost.exe              2025-08-02 02:12:07.920      -                   
ffffa607d6d770c0       3212     3484 ffffb90e22bf7380    svchost.exe              2025-08-02 02:12:08.217      -                   
ffffa607d6de0080       3212     3592 7ffd15842680        svchost.exe              2025-08-02 02:12:08.555      -                   
ffffa607d6df3080       3212     3648 7ffd15842680        svchost.exe              2025-08-02 02:12:08.639      -                   
ffffa607d6df2080       3212     3652 7ffd15842680        svchost.exe              2025-08-02 02:12:08.640      -                   
ffffa607d6eed040       3212     3804 ffffa607d6eed488    svchost.exe              2025-08-02 02:12:08.858      -                   
ffffa607d6c70080       3224     3228 ffffb90e22bec5e0    vmtoolsd.exe             2025-08-02 02:12:07.946      -                   
ffffa607d6d79080       3224     3476 ffffb90e22bee620    vmtoolsd.exe             2025-08-02 02:12:08.207      -                   
ffffa607d6def080       3224     3540 7ffd15842680        vmtoolsd.exe             2025-08-02 02:12:08.332      -                   
ffffa607d6dde080       3224     3572 ffffb90e22bedfc0    vmtoolsd.exe             2025-08-02 02:12:08.470      -                   
ffffa607d6df8080       3224     3628 7ffd15842680        vmtoolsd.exe             2025-08-02 02:12:08.617      -                   
ffffa607d6df7080       3224     3632 7ffd15842680        vmtoolsd.exe             2025-08-02 02:12:08.619      -                   
ffffa607d6df5080       3224     3640 7ffd15842680        vmtoolsd.exe             2025-08-02 02:12:08.621      -                   
ffffa607d6df4080       3224     3644 7ffd15842680        vmtoolsd.exe             2025-08-02 02:12:08.621      -                   
ffffa607d6ec80c0       3224     3744 7ffd15842680        vmtoolsd.exe             2025-08-02 02:12:08.803      -                   
ffffa607d86a3080       3224     6876 7ffd15842680        vmtoolsd.exe             2025-08-02 02:12:28.633      -                   
ffffa607d80de080       3224     3748 7ffd15842680        vmtoolsd.exe             2025-08-02 06:53:13.987      -                   
ffffa607d902b080       3224      992 7ffd15842680        vmtoolsd.exe             2025-08-02 06:55:43.986      -                   
ffffa607d6c92080       3236     3240 7ffd15842680        vm3dservice.ex           2025-08-02 02:12:07.952      -                   
ffffa607d6d26080       3236     3388 7ffd15842680        vm3dservice.ex           2025-08-02 02:12:08.125      -                   
ffffa607d6d8a080       3236     3408 7ffd15842680        vm3dservice.ex           2025-08-02 02:12:08.166      -                   
ffffa607d6c8e080       3260     3264 7ffd15842680        svchost.exe              2025-08-02 02:12:07.966      -                   
ffffa607d6de8080       3260     3728 7ffd15842680        svchost.exe              2025-08-02 02:12:08.750      -                   
ffffa607d6ecc0c0       3260     3736 7ffd15842680        svchost.exe              2025-08-02 02:12:08.763      -                   
ffffa607d6f130c0       3260     3768 ffffb90e22beee00    svchost.exe              2025-08-02 02:12:08.821      -                   
ffffa607d6ef4080       3260     3772 ffffa607d6ef44c8    svchost.exe              2025-08-02 02:12:08.823  2025-08-02 02:14:22.134 
ffffa607d6c85080       3296     3300 7ffd15842680        svchost.exe              2025-08-02 02:12:07.997      -                   
ffffa607d6ddc040       3296     3580 7ffd15842680        svchost.exe              2025-08-02 02:12:08.488      -                   
ffffa607d6dee080       3296     9056 7ffd15842680        svchost.exe              2025-08-02 02:16:06.897      -                   
ffffa607d8fdc080       3296     6136 ffffb90e28e16d90    svchost.exe              2025-08-02 02:16:07.099      -                   
ffffa607d7ce7080       3296     4880 7ffd15842680        svchost.exe              2025-08-02 02:16:07.604      -                   
ffffa607d3bcd040       3296     8596 7ffd15842680        svchost.exe              2025-08-02 06:57:16.753      -                   
ffffa607d6d30080       3344     3348 7ffd15842680        svchost.exe              2025-08-02 02:12:08.083      -                   
ffffa607d6de5080       3344     3544 7ffd15842680        svchost.exe              2025-08-02 02:12:08.333      -                   
ffffa607d6d82080       3436     3440 7ffd15842680        vm3dservice.ex           2025-08-02 02:12:08.194      -                   
ffffa607d6d7b080       3436     3468 7ffd15842680        vm3dservice.ex           2025-08-02 02:12:08.205      -                   
ffffa607d6ed9080       3436     3692 7ffd15842680        vm3dservice.ex           2025-08-02 02:12:08.685      -                   
ffffa607d6f88080       3872     3876 7ffd15842680        svchost.exe              2025-08-02 02:12:09.013      -                   
ffffa607d65d4080       3872     3964 7ffd15842680        svchost.exe              2025-08-02 02:12:09.263      -                   
ffffa607d6eeb080       3872     7588 7ffd15842680        svchost.exe              2025-08-02 02:13:25.520      -                   
ffffa607d5bcd080       3872     7692 7ffd15842680        svchost.exe              2025-08-02 02:13:25.520      -                   
ffffa607d5bce080       3872     5840 7ffd15842680        svchost.exe              2025-08-02 02:13:25.520      -                   
ffffa607d5bcb0c0       3872     7736 7ffd15842680        svchost.exe              2025-08-02 02:13:25.520      -                   
ffffa607d5b6c080       3872     1600 7ffd15842680        svchost.exe              2025-08-02 02:13:25.520      -                   
ffffa607d5b6d080       3872     7648 7ffd15842680        svchost.exe              2025-08-02 02:13:25.521      -                   
ffffa607d5b6b080       3872     7544 7ffd15842680        svchost.exe              2025-08-02 02:13:25.521      -                   
ffffa607d5b58080       3872     7548 7ffd15842680        svchost.exe              2025-08-02 02:13:25.521      -                   
ffffa607d52950c0       3872     4680 7ffd15842680        svchost.exe              2025-08-02 02:13:25.521      -                   
ffffa607d5233140       3872     7628 7ffd15842680        svchost.exe              2025-08-02 02:13:25.521      -                   
ffffa607d8890080       3872      532 7ffd15842680        svchost.exe              2025-08-02 02:13:25.522      -                   
ffffa607d7250080       3872     5076 7ffd15842680        svchost.exe              2025-08-02 02:13:25.522      -                   
ffffa607d86a0080       3872     7528 7ffd15842680        svchost.exe              2025-08-02 02:13:25.522      -                   
ffffa607d846a080       3872     5320 7ffd15842680        svchost.exe              2025-08-02 02:13:25.522      -                   
ffffa607d81d6080       3872     7652 7ffd15842680        svchost.exe              2025-08-02 02:13:25.522      -                   
ffffa607d81d9080       3872     7660 7ffd15842680        svchost.exe              2025-08-02 02:13:25.523      -                   
ffffa607d8eae080       3872     8104 7ffd15842680        svchost.exe              2025-08-02 02:13:25.523      -                   
ffffa607d8477080       3872     7924 7ffd15842680        svchost.exe              2025-08-02 02:13:25.523      -                   
ffffa607d7221080       3872     7936 7ffd15842680        svchost.exe              2025-08-02 02:13:25.524      -                   
ffffa607d860b080       3872     8088 7ffd15842680        svchost.exe              2025-08-02 02:13:25.524      -                   
ffffa607d84680c0       3872     5392 7ffd15842680        svchost.exe              2025-08-02 02:13:25.524      -                   
ffffa607d8077080       3872     8144 ffffb90e28e14db0    svchost.exe              2025-08-02 02:13:25.524      -                   
ffffa607d6ddd080       3872     3932 7ffd15842680        svchost.exe              2025-08-02 02:15:14.791      -                   
ffffa607d622c080       4020     4024 7ffd15842680        dllhost.exe              2025-08-02 02:12:09.537      -                   
ffffa607d639b080       4020     4032 7ffd15842680        dllhost.exe              2025-08-02 02:12:09.553      -                   
ffffa607d6f38580       4020     4064 7ffd15842680        dllhost.exe              2025-08-02 02:12:09.611      -                   
ffffa607d70f3080       4020     4092 7ffd15842680        dllhost.exe              2025-08-02 02:12:09.632      -                   
ffffa607d70f1080       4020     3068 ffffb90e22bf1a40    dllhost.exe              2025-08-02 02:12:09.632      -                   
ffffa607d6d7a080       4020     3444 7ffd15842680        dllhost.exe              2025-08-02 02:12:09.658      -                   
ffffa607d6f40080       4020     3220 ffffb90e27ecf990    dllhost.exe              2025-08-02 02:12:09.922      -                   
ffffa607d668b080       4020     3076 7ffd15842680        dllhost.exe              2025-08-02 02:12:09.942      -                   
ffffa607d7161080       4020     3100 7ffd15842680        dllhost.exe              2025-08-02 02:12:10.050      -                   
ffffa607d71fd080       4020     4164 7ffd15842680        dllhost.exe              2025-08-02 02:12:10.252      -                   
ffffa607d70ef080       3096     3140 7ffd15842680        dllhost.exe              2025-08-02 02:12:09.636      -                   
ffffa607d70ed0c0       3096      652 7ffd15842680        dllhost.exe              2025-08-02 02:12:09.688      -                   
ffffa607d7bc4080       3096     1820 7ffd15842680        dllhost.exe              2025-08-02 02:24:11.205      -                   
ffffa607d70da080       3096      720 7ffd15842680        dllhost.exe              2025-08-02 02:24:11.277      -                   
ffffa607d80ca080       3096     3552 7ffd15842680        dllhost.exe              2025-08-02 06:15:51.539  2025-08-02 06:17:25.085 
ffffa607d7160080       3292      760 7ffd15842680        msdtc.exe                2025-08-02 02:12:10.056      -                   
ffffa607d7159080       3292     3428 7ffd15842680        msdtc.exe                2025-08-02 02:12:10.095      -                   
ffffa607d716f080       3292     3868 7ffd15842680        msdtc.exe                2025-08-02 02:12:10.122      -                   
ffffa607d716a080       3292     4108 ffffb90e22bf3480    msdtc.exe                2025-08-02 02:12:10.137      -                   
ffffa607d7169080       3292     4112 7ffd15842680        msdtc.exe                2025-08-02 02:12:10.140      -                   
ffffa607d70d5080       3292     4116 7ffd15842680        msdtc.exe                2025-08-02 02:12:10.143      -                   
ffffa607d6e7a080       3292     4128 7ffd15842680        msdtc.exe                2025-08-02 02:12:10.148      -                   
ffffa607d6fb90c0       3292     4132 7ffd15842680        msdtc.exe                2025-08-02 02:12:10.152      -                   
ffffa607d6c7a080       3292     4136 7ffd15842680        msdtc.exe                2025-08-02 02:12:10.162      -                   
ffffa607d7211080       4512     4516 7ffd15842680        WmiPrvSE.exe             2025-08-02 02:12:11.317      -                   
ffffa607d720e3c0       4512     4528 7ffd15842680        WmiPrvSE.exe             2025-08-02 02:12:11.345  2025-08-02 02:13:54.061 
ffffa607d72ad080       4512     4532 7ffd15842680        WmiPrvSE.exe             2025-08-02 02:12:11.351      -                   
ffffa607d72a8080       4512     4552 7ffd15842680        WmiPrvSE.exe             2025-08-02 02:12:11.362      -                   
ffffa607d1d77080       4512     4564 7ffd15842680        WmiPrvSE.exe             2025-08-02 02:12:11.427      -                   
ffffa607d65d5080       4512     6624 7ffd15842680        WmiPrvSE.exe             2025-08-02 02:12:48.860      -                   
ffffa607d7af7080       4512       64 7ffd15842680        WmiPrvSE.exe             2025-08-02 02:12:48.864      -                   
ffffa607d830d080       4512     1540 7ffd15842680        WmiPrvSE.exe             2025-08-02 02:13:54.061      -                   
ffffa607d9636080       4512     7784 7ffd15842680        WmiPrvSE.exe             2025-08-02 02:14:28.711      -                   
ffffa607d720f080       4512     2608 7ffd15842680        WmiPrvSE.exe             2025-08-02 02:14:30.465      -                   
ffffa607d8826080       4512     5180 7ffd15842680        WmiPrvSE.exe             2025-08-02 05:39:48.747      -                   
ffffa607d8981080       4512     5528 7ffd15842680        WmiPrvSE.exe             2025-08-02 06:48:56.095      -                   
ffffa607d7b34080       4512     1152 7ffd15842680        WmiPrvSE.exe             2025-08-02 06:50:56.212      -                   
ffffa607d7a39080       4512     2572 7ffd15842680        WmiPrvSE.exe             2025-08-02 06:53:36.318      -                   
ffffa607d95d6080       4512     8032 7ffd15842680        WmiPrvSE.exe             2025-08-02 06:55:36.366      -                   
ffffa607d727d080       4648     4684 7ffd15842680        csrss.exe                2025-08-02 02:12:17.089      -                   
ffffa607d727c080       4648     4644 7ffd15842680        csrss.exe                2025-08-02 02:12:17.098      -                   
ffffa607d727b080       4648     4672 7ffd15842680        csrss.exe                2025-08-02 02:12:17.098  2025-08-02 02:12:18.368 
ffffa607d7279080       4648     4716 ffffb90e22bf6900    csrss.exe                2025-08-02 02:12:17.099      -                   
ffffa607d7278080       4648     4720 7ffd15842680        csrss.exe                2025-08-02 02:12:17.099      -                   
ffffa607d7277080       4648     4712 7ffd15842680        csrss.exe                2025-08-02 02:12:17.099      -                   
ffffa607d640e080       4648     4804 7ffd15842680        csrss.exe                2025-08-02 02:12:17.895      -                   
ffffa607d7a09080       4648     4784 7ffd15842680        csrss.exe                2025-08-02 02:12:17.906      -                   
ffffa607d7a08080       4648     4764 7ffd15842680        csrss.exe                2025-08-02 02:12:17.907      -                   
ffffa607d8b7a080       4648     7580 7ffd15842680        csrss.exe                2025-08-02 02:12:43.892      -                   
ffffa607d6935080       4648     8924 7ffd15842680        csrss.exe                2025-08-02 02:14:58.162      -                   
ffffa607d7275080       4748     4744 7ffd15842680        winlogon.exe             2025-08-02 02:12:17.100      -                   
ffffa607d7394080       4748     4840 7ffd15842680        winlogon.exe             2025-08-02 02:12:17.975      -                   
ffffa607d7a22080       4748     5112 7ffd15842680        winlogon.exe             2025-08-02 02:12:18.527      -                   
ffffa607d7ff0040       4748     3308 7ffd15842680        winlogon.exe             2025-08-02 06:56:48.915      -                   
ffffa607d9518040       4748     5008 7ffd15842680        winlogon.exe             2025-08-02 06:56:48.915      -                   
ffffa607d63b00c0       4800     4760 7ffd15842680        svchost.exe              2025-08-02 02:12:17.886      -                   
ffffa607d5b99080       4800     4860 7ffd15842680        svchost.exe              2025-08-02 02:12:17.944      -                   
ffffa607d6a2a040       4800     5564 ffffb90e2888a070    svchost.exe              2025-08-02 06:56:53.628      -                   
ffffa607d71fc080       4800     4780 7ffd15842680        svchost.exe              2025-08-02 06:56:53.632      -                   
ffffa607d85e0080       4800     6636 7ffd15842680        svchost.exe              2025-08-02 06:56:53.632      -                   
ffffa607d6e41080       4912     4892 7ffd15842680        dwm.exe                  2025-08-02 02:12:18.012      -                   
ffffa607d7a5a080       4912     4996 7ffd15842680        dwm.exe                  2025-08-02 02:12:18.394      -                   
ffffa607d72bb480       4912     4976 7ffd15842680        dwm.exe                  2025-08-02 02:12:18.400      -                   
ffffa607d7b06080       4912     5000 7ffd15842680        dwm.exe                  2025-08-02 02:12:18.403      -                   
ffffa607d7b05080       4912     4980 7ffd15842680        dwm.exe                  2025-08-02 02:12:18.404      -                   
ffffa607d7b04080       4912     5044 7ffd15842680        dwm.exe                  2025-08-02 02:12:18.404      -                   
ffffa607d7af9080       4912     4972 7ffd15842680        dwm.exe                  2025-08-02 02:12:18.419      -                   
ffffa607d7af8080       4912     5080 7ffd15842680        dwm.exe                  2025-08-02 02:12:18.419      -                   
ffffa607d7af6080       4912     5072 7ffd15842680        dwm.exe                  2025-08-02 02:12:18.437      -                   
ffffa607d7af5080       4912     5052 7ffd15842680        dwm.exe                  2025-08-02 02:12:18.452      -                   
ffffa607d7af0080       4912     5028 7ffd15842680        dwm.exe                  2025-08-02 02:12:18.471      -                   
ffffa607d7aed080       4912     5104 7ffd15842680        dwm.exe                  2025-08-02 02:12:18.504      -                   
ffffa607d83e6080       4912     6276 7ffd15842680        dwm.exe                  2025-08-02 02:12:25.618      -                   
ffffa607d71f5080       4912     3928 7ffd15842680        dwm.exe                  2025-08-02 02:20:05.428      -                   
ffffa607d80cd080       4912     8940 7ffd15842680        dwm.exe                  2025-08-02 06:50:16.752      -                   
ffffa607d7a3f080       4932     4868 7ffd15842680        fontdrvhost.ex           2025-08-02 02:12:18.167      -                   
ffffa607d7a3b080       4932     4924 7ffd15842680        fontdrvhost.ex           2025-08-02 02:12:18.219      -                   
ffffa607d7a3a080       4932     4920 7ffd15842680        fontdrvhost.ex           2025-08-02 02:12:18.219      -                   
ffffa607d7a66080       4932     4956 7ffd15842680        fontdrvhost.ex           2025-08-02 02:12:18.219      -                   
ffffa607d7a65080       4932     4960 7ffd15842680        fontdrvhost.ex           2025-08-02 02:12:18.219      -                   
ffffa607d7b28080       4416     3980 7ffd15842680        svchost.exe              2025-08-02 02:12:18.663      -                   
ffffa607d7b1d080       4416     2100 7ffd15842680        svchost.exe              2025-08-02 02:12:18.717      -                   
ffffa607d6a2c080       4416     8760 7ffd15842680        svchost.exe              2025-08-02 05:55:39.598      -                   
ffffa607d8076080       5408     5412 ffffb90e23aeede0    rdpclip.exe              2025-08-02 02:12:21.959      -                   
ffffa607d806c080       5408     5448 7ffd15842680        rdpclip.exe              2025-08-02 02:12:22.088      -                   
ffffa607d801f080       5408     5504 7ffd15842680        rdpclip.exe              2025-08-02 02:12:22.216      -                   
ffffa607d80e9080       5408      904 7ffd15842680        rdpclip.exe              2025-08-02 05:55:36.695      -                   
ffffa607d7bab080       5408     8592 7ffd15842680        rdpclip.exe              2025-08-02 05:55:36.895      -                   
ffffa607de0950c0       5408      860 7ffd15842680        rdpclip.exe              2025-08-02 05:55:37.000      -                   
ffffa607d937a080       5408     5500 7ffd15842680        rdpclip.exe              2025-08-02 05:55:40.073      -                   
ffffa607ddfd60c0       5408     5140 7ffd15842680        rdpclip.exe              2025-08-02 05:55:40.106      -                   
ffffa607d51e4080       5408     6668 7ffd15842680        rdpclip.exe              2025-08-02 06:55:38.253      -                   
ffffa607d7b79040       5408      380 7ffd15842680        rdpclip.exe              2025-08-02 06:55:38.254      -                   
ffffa607d7a1f080       5408     3968 7ffd15842680        rdpclip.exe              2025-08-02 06:55:38.254      -                   
ffffa607d72e7080       5408     6320 7ffd15842680        rdpclip.exe              2025-08-02 06:55:44.223      -                   
ffffa607dc2e0080       5408      364 7ffd15842680        rdpclip.exe              2025-08-02 06:55:44.226      -                   
ffffa607d806b080       5452     5456 ffffb90e23aefb60    sihost.exe               2025-08-02 02:12:22.126      -                   
ffffa607d80e5080       5452     5560 7ffd15842680        sihost.exe               2025-08-02 02:12:22.317      -                   
ffffa607d8108080       5452     5828 7ffd15842680        sihost.exe               2025-08-02 02:12:22.717      -                   
ffffa607d8107080       5452     5832 7ffd15842680        sihost.exe               2025-08-02 02:12:22.721      -                   
ffffa607d814a080       5452     5880 7ffd15842680        sihost.exe               2025-08-02 02:12:22.890  2025-08-02 02:12:22.912 
ffffa607d8133080       5452     5980 7ffd15842680        sihost.exe               2025-08-02 02:12:23.413      -                   
ffffa607d8469080       5452     6544 7ffd15842680        sihost.exe               2025-08-02 02:12:27.611      -                   
ffffa607d6edc080       5452     3320 7ffd15842680        sihost.exe               2025-08-02 06:51:12.597      -                   
ffffa607d80ce080       5452     4344 7ffd15842680        sihost.exe               2025-08-02 06:51:12.609      -                   
ffffa607d80640c0       5488     5492 7ffd15842680        svchost.exe              2025-08-02 02:12:22.206      -                   
ffffa607d80d3080       5488     5652 7ffd15842680        svchost.exe              2025-08-02 02:12:22.474      -                   
ffffa607d8138080       5488     5956 7ffd15842680        svchost.exe              2025-08-02 02:12:23.249      -                   
ffffa607d692d080       5488     8556 7ffd15842680        svchost.exe              2025-08-02 06:51:24.857      -                   
ffffa607d81ce080       5488     5976 7ffd15842680        svchost.exe              2025-08-02 06:51:24.875      -                   
ffffa607d71f6080       5488     1392 7ffd15842680        svchost.exe              2025-08-02 06:51:24.885      -                   
ffffa607d883b080       5488     5368 7ffd15842680        svchost.exe              2025-08-02 06:51:32.994      -                   
ffffa607de9b6040       5488     9060 7ffd15842680        svchost.exe              2025-08-02 06:53:42.971      -                   
ffffa607d8608080       5488     5664 7ffd15842680        svchost.exe              2025-08-02 06:55:51.203      -                   
ffffa607d71f4080       5488     8504 7ffd15842680        svchost.exe              2025-08-02 06:56:46.704      -                   
ffffa607d80eb0c0       5536     5540 7ffd15842680        svchost.exe              2025-08-02 02:12:22.284      -                   
ffffa607d811e040       5536     5736 7ffd15842680        svchost.exe              2025-08-02 02:12:22.592      -                   
ffffa607d830f080       5536     6156 7ffd15842680        svchost.exe              2025-08-02 02:12:24.933      -                   
ffffa607d88c2080       5536     6428 7ffd15842680        svchost.exe              2025-08-02 06:52:16.185      -                   
ffffa607d6de9040       5536     5292 7ffd15842680        svchost.exe              2025-08-02 06:56:44.127      -                   
ffffa607d1d03080       5536      976 7ffd15842680        svchost.exe              2025-08-02 06:57:16.380      -                   
ffffa607d7e32080       5604     5608 7ffd15842680        taskhostw.exe            2025-08-02 02:12:22.413      -                   
ffffa607d80dc080       5604     5708 7ffd15842680        taskhostw.exe            2025-08-02 02:12:22.553      -                   
ffffa607d8117080       5604     5768 7ffd15842680        taskhostw.exe            2025-08-02 02:12:22.634  2025-08-02 02:12:22.852 
ffffa607d8116080       5604     5772 7ffd15842680        taskhostw.exe            2025-08-02 02:12:22.636  2025-08-02 02:12:22.667 
ffffa607d8106080       5604     5836 7ffd15842680        taskhostw.exe            2025-08-02 02:12:22.731      -                   
ffffa607d813f080       5604     5928 7ffd15842680        taskhostw.exe            2025-08-02 02:12:23.050      -                   
ffffa607d8474080       5604     6484 7ffd15842680        taskhostw.exe            2025-08-02 02:12:26.814      -                   
ffffa607d8473080       5604     6488 7ffd15842680        taskhostw.exe            2025-08-02 02:12:26.825      -                   
ffffa607d8120080       5724     5728 7ffd15842680        svchost.exe              2025-08-02 02:12:22.580      -                   
ffffa607d811a080       5724     5752 7ffd15842680        svchost.exe              2025-08-02 02:12:22.628      -                   
ffffa607d99f2080       5724     7596 7ffd15842680        svchost.exe              2025-08-02 06:52:04.733      -                   
ffffa607d810a080       5816     5820 7ffd15842680        svchost.exe              2025-08-02 02:12:22.708      -                   
ffffa607d81460c0       5816     5900 7ffd15842680        svchost.exe              2025-08-02 02:12:22.963  2025-08-02 05:55:36.509 
ffffa607d8142080       5816     5912 ffffb90e23aec1a0    svchost.exe              2025-08-02 02:12:23.001      -                   
ffffa607d8147080       5892     5896 ffffb90e23af1180    ctfmon.exe               2025-08-02 02:12:22.926      -                   
ffffa607d8140080       5892     5920 7ffd15842680        ctfmon.exe               2025-08-02 02:12:23.005      -                   
ffffa607d813e080       5892     5932 7ffd15842680        ctfmon.exe               2025-08-02 02:12:23.065      -                   
ffffa607d813d080       5892     5936 7ffd15842680        ctfmon.exe               2025-08-02 02:12:23.160      -                   
ffffa607d813c080       5892     5940 7ffd15842680        ctfmon.exe               2025-08-02 02:12:23.162      -                   
ffffa607d813b080       5892     5944 7ffd15842680        ctfmon.exe               2025-08-02 02:12:23.171      -                   
ffffa607d813a080       5892     5948 7ffd15842680        ctfmon.exe               2025-08-02 02:12:23.171      -                   
ffffa607d8136080       5892     5972 7ffd15842680        ctfmon.exe               2025-08-02 02:12:23.354      -                   
ffffa607d8a3a080       5892     8768 7ffd15842680        ctfmon.exe               2025-08-02 06:53:57.584      -                   
ffffa607d89f2080       5892     7676 7ffd15842680        ctfmon.exe               2025-08-02 06:54:27.596      -                   
ffffa607d8137080       5960     5964 7ffd15842680        svchost.exe              2025-08-02 02:12:23.298      -                   
ffffa607d812f080       5960     5996 ffffa607d812f4c8    svchost.exe              2025-08-02 02:12:23.437  2025-08-02 02:12:24.965 
ffffa607d8132080       5960     6000 7ffd15842680        svchost.exe              2025-08-02 02:12:23.443      -                   
ffffa607d812c080       5960     6012 7ffd15842680        svchost.exe              2025-08-02 02:12:23.464      -                   
ffffa607d81e3080       5960     6048 7ffd15842680        svchost.exe              2025-08-02 02:12:23.596      -                   
ffffa607d8335080       5960      180 7ffd15842680        svchost.exe              2025-08-02 02:12:24.668      -                   
ffffa607d7208080       5960     6580 7ffd15842680        svchost.exe              2025-08-02 02:13:57.473      -                   
ffffa607d8ae6080       5960     5984 7ffd15842680        svchost.exe              2025-08-02 06:54:17.801      -                   
ffffa607d7b21080       6108     6112 ffffb90e28e24c50    explorer.exe             2025-08-02 02:12:23.921      -                   
ffffa607d8341080       6108     5440 7ffd15842680        explorer.exe             2025-08-02 02:12:24.409  2025-08-02 02:14:25.017 
ffffa607d833c080       6108     5760 7ffd15842680        explorer.exe             2025-08-02 02:12:24.444      -                   
ffffa607d8336080       6108     2716 ffffb90e22bf9f60    explorer.exe             2025-08-02 02:12:24.661      -                   
ffffa607d80db080       6108     6256 7ffd15842680        explorer.exe             2025-08-02 02:12:25.600      -                   
ffffa607d83ec080       6108     6264 7ffd15842680        explorer.exe             2025-08-02 02:12:25.607      -                   
ffffa607d83e4080       6108     6284 ffffb90e23af09a0    explorer.exe             2025-08-02 02:12:25.637      -                   
ffffa607d83e8080       6108     6340 7ffd15842680        explorer.exe             2025-08-02 02:12:26.038      -                   
ffffa607d80d1080       6108     6348 7ffd15842680        explorer.exe             2025-08-02 02:12:26.052      -                   
ffffa607d83d2080       6108     6416 7ffd15842680        explorer.exe             2025-08-02 02:12:26.401      -                   
ffffa607d83d10c0       6108     6420 7ffd15842680        explorer.exe             2025-08-02 02:12:26.403      -                   
ffffa607d833e080       6108     6436 7ffd15842680        explorer.exe             2025-08-02 02:12:26.519      -                   
ffffa607d7f95080       6108     6440 7ffd15842680        explorer.exe             2025-08-02 02:12:26.527      -                   
ffffa607d7fd9080       6108     6448 7ffd15842680        explorer.exe             2025-08-02 02:12:26.546      -                   
ffffa607d51e8080       6108     6452 7ffd15842680        explorer.exe             2025-08-02 02:12:26.553      -                   
ffffa607d7fdd080       6108     6456 7ffd15842680        explorer.exe             2025-08-02 02:12:26.557      -                   
ffffa607d51e7080       6108     6460 7ffd15842680        explorer.exe             2025-08-02 02:12:26.638      -                   
ffffa607d847a080       6108     6464 7ffd15842680        explorer.exe             2025-08-02 02:12:26.647      -                   
ffffa607d8476080       6108     6476 7ffd15842680        explorer.exe             2025-08-02 02:12:26.660      -                   
ffffa607d8472080       6108     6500 ffffb90e27ed7070    explorer.exe             2025-08-02 02:12:26.897      -                   
ffffa607d8606080       6108     6740 7ffd15842680        explorer.exe             2025-08-02 02:12:28.237      -                   
ffffa607d81d2040       6108     7124 7ffd15842680        explorer.exe             2025-08-02 02:12:29.320  2025-08-02 02:14:25.018 
ffffa607d89a3080       6108     6220 7ffd15842680        explorer.exe             2025-08-02 02:12:29.681  2025-08-02 02:14:25.017 
ffffa607d899c080       6108     5700 7ffd15842680        explorer.exe             2025-08-02 02:12:29.695      -                   
ffffa607d8348080       6108     5756 7ffd15842680        explorer.exe             2025-08-02 02:12:29.695      -                   
ffffa607d8a0f080       6108     7244 7ffd15842680        explorer.exe             2025-08-02 02:12:30.914      -                   
ffffa607d8a0e080       6108     7248 ffffb90e371b5090    explorer.exe             2025-08-02 02:12:30.914      -                   
ffffa607d8a0d080       6108     7252 7ffd15842680        explorer.exe             2025-08-02 02:12:30.920      -                   
ffffa607d8a0c080       6108     7256 7ffd15842680        explorer.exe             2025-08-02 02:12:30.922      -                   
ffffa607d8a03080       6108     7296 7ffd15842680        explorer.exe             2025-08-02 02:12:31.234      -                   
ffffa607d7af4080       6108     7324 7ffd15842680        explorer.exe             2025-08-02 02:12:31.519      -                   
ffffa607d6227080       6108     7572 7ffd15842680        explorer.exe             2025-08-02 02:12:34.166      -                   
ffffa607d625a080       6108     7592 7ffd15842680        explorer.exe             2025-08-02 02:12:34.478      -                   
ffffa607d8976080       6108     6508 7ffd15842680        explorer.exe             2025-08-02 02:12:56.851      -                   
ffffa607d8a07080       6108     8124 7ffd15842680        explorer.exe             2025-08-02 02:12:56.851      -                   
ffffa607d88db080       6108     6164 7ffd15842680        explorer.exe             2025-08-02 02:12:56.855      -                   
ffffa607d8997080       6108     7948 7ffd15842680        explorer.exe             2025-08-02 02:13:44.968      -                   
ffffa607d8897080       6108     4808 7ffd15842680        explorer.exe             2025-08-02 02:13:56.935      -                   
ffffa607d6d40080       6108     6660 7ffd15842680        explorer.exe             2025-08-02 02:13:57.473      -                   
ffffa607d6e340c0       6108     6924 7ffd15842680        explorer.exe             2025-08-02 02:13:57.474      -                   
ffffa607d8ead080       6108     1764 7ffd15842680        explorer.exe             2025-08-02 02:13:58.663      -                   
ffffa607d8141080       6108      496 7ffd15842680        explorer.exe             2025-08-02 02:15:56.518      -                   
ffffa607d6840080       6108     6716 7ffd15842680        explorer.exe             2025-08-02 02:15:56.734      -                   
ffffa607d8ba1080       6108     5188 7ffd15842680        explorer.exe             2025-08-02 02:26:58.614  2025-08-02 02:30:24.508 
ffffa607d99dd080       6108     3192 7ffd15842680        explorer.exe             2025-08-02 02:28:07.502      -                   
ffffa607d8627080       6108     3808 ffffb90e2978bf70    explorer.exe             2025-08-02 02:28:07.505      -                   
ffffa607dbdeb300       6108     1632 7ffd15842680        explorer.exe             2025-08-02 05:55:28.205      -                   
ffffa607de8e60c0       6108     9016 7ffd15842680        explorer.exe             2025-08-02 05:55:38.629  2025-08-02 05:57:05.816 
ffffa607dedc60c0       6108     5048 7ffd15842680        explorer.exe             2025-08-02 05:55:38.699  2025-08-02 05:57:05.816 
ffffa607d9c53080       6108     2348 7ffd15842680        explorer.exe             2025-08-02 05:55:38.774      -                   
ffffa607d71340c0       6108      900 7ffd15842680        explorer.exe             2025-08-02 05:55:38.819      -                   
ffffa607de5240c0       6108     2424 7ffd15842680        explorer.exe             2025-08-02 05:55:40.246      -                   
ffffa607dc2d60c0       6108      208 7ffd15842680        explorer.exe             2025-08-02 05:55:40.302      -                   
ffffa607d9631080       6108     5024 7ffd15842680        explorer.exe             2025-08-02 06:25:11.670      -                   
ffffa607d9778080       6108     8944 7ffd15842680        explorer.exe             2025-08-02 06:25:35.816      -                   
ffffa607d6be6080       6108     6204 7ffd15842680        explorer.exe             2025-08-02 06:25:39.323      -                   
ffffa607d9d66080       6108     1576 7ffd15842680        explorer.exe             2025-08-02 06:25:40.688      -                   
ffffa607d681a080       6108     5596 7ffd15842680        explorer.exe             2025-08-02 06:25:44.287      -                   
ffffa607d86b7080       6108     4320 7ffd15842680        explorer.exe             2025-08-02 06:25:45.789      -                   
ffffa607d7b03080       6108     7876 7ffd15842680        explorer.exe             2025-08-02 06:25:46.377      -                   
ffffa607d71fb080       6108     5748 7ffd15842680        explorer.exe             2025-08-02 06:25:48.731      -                   
ffffa607d722a080       6108     2556 7ffd15842680        explorer.exe             2025-08-02 06:25:53.931      -                   
ffffa607d87f1080       6108     6212 7ffd15842680        explorer.exe             2025-08-02 06:25:55.613      -                   
ffffa607d806a080       6108     9024 7ffd15842680        explorer.exe             2025-08-02 06:26:01.552      -                   
ffffa607d8b7e080       6108     7436 7ffd15842680        explorer.exe             2025-08-02 06:26:02.430      -                   
ffffa607d8309580       6108      728 7ffd15842680        explorer.exe             2025-08-02 06:26:03.660      -                   
ffffa607d830b080       6108     8712 7ffd15842680        explorer.exe             2025-08-02 06:26:06.076      -                   
ffffa607d88ca080       6108     9100 7ffd15842680        explorer.exe             2025-08-02 06:26:13.412      -                   
ffffa607d9b48080       6108     9108 7ffd15842680        explorer.exe             2025-08-02 06:26:19.856      -                   
ffffa607d70f6080       6108     2960 7ffd15842680        explorer.exe             2025-08-02 06:51:23.226      -                   
ffffa607d7ad2080       6108     3244 7ffd15842680        explorer.exe             2025-08-02 06:51:24.817      -                   
ffffa607d860f080       6108     4104 7ffd15842680        explorer.exe             2025-08-02 06:51:24.817      -                   
ffffa607d845f080       6108     4756 7ffd15842680        explorer.exe             2025-08-02 06:51:24.858      -                   
ffffa607d65d3080       6108     8212 7ffd15842680        explorer.exe             2025-08-02 06:51:24.886      -                   
ffffa607d8066080       6108     7420 7ffd15842680        explorer.exe             2025-08-02 06:51:24.887      -                   
ffffa607dd1f2280       6108     4728 7ffd15842680        explorer.exe             2025-08-02 06:51:45.421      -                   
ffffa607d87eb280       6108     5020 7ffd15842680        explorer.exe             2025-08-02 06:51:45.437      -                   
ffffa607d8338280       6108     5200 7ffd15842680        explorer.exe             2025-08-02 06:51:45.762      -                   
ffffa607d934b280       6108     5988 7ffd15842680        explorer.exe             2025-08-02 06:51:45.803      -                   
ffffa607d89f72c0       6108     4168 7ffd15842680        explorer.exe             2025-08-02 06:51:45.809      -                   
ffffa607d6ddf080       6108     6720 7ffd15842680        explorer.exe             2025-08-02 06:51:45.814      -                   
ffffa607d8480080       6108     6856 7ffd15842680        explorer.exe             2025-08-02 06:51:45.930      -                   
ffffa607d6f42080       6108     8316 7ffd15842680        explorer.exe             2025-08-02 06:51:45.968      -                   
ffffa607d86e6080       6108     8996 7ffd15842680        explorer.exe             2025-08-02 06:51:46.007      -                   
ffffa607d80dd080       6108     4208 7ffd15842680        explorer.exe             2025-08-02 06:53:24.957      -                   
ffffa607da0dc080       6108     3268 7ffd15842680        explorer.exe             2025-08-02 06:53:41.940      -                   
ffffa607d936a2c0       6108      824 7ffd15842680        explorer.exe             2025-08-02 06:54:07.005      -                   
ffffa607d80d2080       6248     6252 7ffd15842680        svchost.exe              2025-08-02 02:12:25.592      -                   
ffffa607d8126080       6248     6316 7ffd15842680        svchost.exe              2025-08-02 02:12:25.841      -                   
ffffa607d83e7080       6248     6332 7ffd15842680        svchost.exe              2025-08-02 02:12:26.003      -                   
ffffa607d81e0080       6248     7304 7ffd15842680        svchost.exe              2025-08-02 02:28:00.752      -                   
ffffa607d8aa7500       6248     7068 7ffd15842680        svchost.exe              2025-08-02 06:53:57.685      -                   
ffffa607d9147500       6248     6892 7ffd15842680        svchost.exe              2025-08-02 06:53:57.687      -                   
ffffa607d8462080       6568     6572 7ffd15842680        StartMenuExper           2025-08-02 02:12:27.644      -                   
ffffa607d845a080       6568     6604 7ffd15842680        StartMenuExper           2025-08-02 02:12:27.746      -                   
ffffa607d8458080       6568     6612 7ffd15842680        StartMenuExper           2025-08-02 02:12:27.762      -                   
ffffa607d84570c0       6568     6616 ffffb90e23af7120    StartMenuExper           2025-08-02 02:12:27.785      -                   
ffffa607d8683440       6568     6956 7ffd15842680        StartMenuExper           2025-08-02 02:12:28.847      -                   
ffffa607d860e080       6568     1952 7ffd15842680        StartMenuExper           2025-08-02 06:53:51.067      -                   
ffffa607d1d5a040       6568     4044 7ffd15842680        StartMenuExper           2025-08-02 06:55:52.619      -                   
ffffa607d8628080       6648     6652 7ffd15842680        RuntimeBroker.           2025-08-02 02:12:27.891      -                   
ffffa607d85aa080       6760     6764 7ffd15842680        SearchApp.exe            2025-08-02 02:12:28.326      -                   
ffffa607d86a5080       6760     6868 7ffd15842680        SearchApp.exe            2025-08-02 02:12:28.603      -                   
ffffa607d86a4080       6760     6872 7ffd15842680        SearchApp.exe            2025-08-02 02:12:28.619      -                   
ffffa607d86a2080       6760     6880 7ffd15842680        SearchApp.exe            2025-08-02 02:12:28.652      -                   
ffffa607d86a1080       6760     6884 ffffb90e2589fc20    SearchApp.exe            2025-08-02 02:12:28.660      -                   
ffffa607d869e080       6760     6896 7ffd15842680        SearchApp.exe            2025-08-02 02:12:28.667      -                   
ffffa607d869d080       6760     6900 ffffb90e2589fda0    SearchApp.exe            2025-08-02 02:12:28.671      -                   
ffffa607d8687080       6760     6916 7ffd15842680        SearchApp.exe            2025-08-02 02:12:28.722      -                   
ffffa607d867d080       6760     7112 7ffd15842680        SearchApp.exe            2025-08-02 02:12:29.222      -                   
ffffa607d81d0080       6760     7132 7ffd15842680        SearchApp.exe            2025-08-02 02:12:29.462      -                   
ffffa607d8682080       6760     7136 7ffd15842680        SearchApp.exe            2025-08-02 02:12:29.503      -                   
ffffa607d8681080       6760     7140 7ffd15842680        SearchApp.exe            2025-08-02 02:12:29.516      -                   
ffffa607d8642080       6760     7152 7ffd15842680        SearchApp.exe            2025-08-02 02:12:29.611      -                   
ffffa607d86e0080       6760     7156 7ffd15842680        SearchApp.exe            2025-08-02 02:12:29.623      -                   
ffffa607d899b080       6760     6224 7ffd15842680        SearchApp.exe            2025-08-02 02:12:29.761      -                   
ffffa607d6eef080       6760     5660 7ffd15842680        SearchApp.exe            2025-08-02 02:12:29.813      -                   
ffffa607d8994080       6760     5628 7ffd15842680        SearchApp.exe            2025-08-02 02:12:30.019      -                   
ffffa607d8992080       6760     6324 7ffd15842680        SearchApp.exe            2025-08-02 02:12:30.126      -                   
ffffa607d89910c0       6760     6312 7ffd15842680        SearchApp.exe            2025-08-02 02:12:30.137      -                   
ffffa607d6f14080       6760     8108 7ffd15842680        SearchApp.exe            2025-08-02 02:12:40.468      -                   
ffffa607d99e6080       6760     4388 7ffd15842680        SearchApp.exe            2025-08-02 02:19:30.030      -                   
ffffa607d6518080       6760     3984 7ffd15842680        SearchApp.exe            2025-08-02 02:25:06.870      -                   
ffffa607d97dd080       6760     2464 7ffd15842680        SearchApp.exe            2025-08-02 02:25:07.190      -                   
ffffa607d89f6040       6760     3464 7ffd15842680        SearchApp.exe            2025-08-02 02:25:34.758      -                   
ffffa607d8109040       6760     8260 7ffd15842680        SearchApp.exe            2025-08-02 02:26:19.570      -                   
ffffa607d6d31080       6760     8128 7ffd15842680        SearchApp.exe            2025-08-02 02:28:00.121      -                   
ffffa607d6f8d080       6760     2656 7ffd15842680        SearchApp.exe            2025-08-02 02:28:00.202      -                   
ffffa607d8f7a080       6760     6172 7ffd15842680        SearchApp.exe            2025-08-02 02:28:01.024      -                   
ffffa607d7ce8080       6760     3400 7ffd15842680        SearchApp.exe            2025-08-02 02:28:01.129      -                   
ffffa607d99da080       6760     2792 7ffd15842680        SearchApp.exe            2025-08-02 02:28:01.177      -                   
ffffa607d9d68040       6760     5548 7ffd15842680        SearchApp.exe            2025-08-02 02:28:01.179      -                   
ffffa607d9d6a080       6760     9152 7ffd15842680        SearchApp.exe            2025-08-02 02:28:01.202      -                   
ffffa607d695b080       6760     8432 7ffd15842680        SearchApp.exe            2025-08-02 02:28:02.917      -                   
ffffa607d6419040       6760     6200 7ffd15842680        SearchApp.exe            2025-08-02 02:28:03.437      -                   
ffffa607d6432080       6760     4668 7ffd15842680        SearchApp.exe            2025-08-02 02:28:04.861      -                   
ffffa607d83da080       6760     1708 7ffd15842680        SearchApp.exe            2025-08-02 02:28:04.963      -                   
ffffa607d7e1c040       6760     5016 7ffd15842680        SearchApp.exe            2025-08-02 05:55:57.771      -                   
ffffa607d845c080       6760      920 7ffd15842680        SearchApp.exe            2025-08-02 06:24:53.839      -                   
ffffa607d845b080       6760     9128 7ffd15842680        SearchApp.exe            2025-08-02 06:24:54.084      -                   
ffffa607d8b79080       6760     5256 7ffd15842680        SearchApp.exe            2025-08-02 06:24:54.114      -                   
ffffa607d963e080       6760     6592 7ffd15842680        SearchApp.exe            2025-08-02 06:24:54.116      -                   
ffffa607d8607080       6760     4588 7ffd15842680        SearchApp.exe            2025-08-02 06:24:54.124      -                   
ffffa607d668c080       6760     5860 7ffd15842680        SearchApp.exe            2025-08-02 06:24:54.368      -                   
ffffa607da019080       6760     7748 7ffd15842680        SearchApp.exe            2025-08-02 06:24:54.368      -                   
ffffa607da0de080       6760     5224 7ffd15842680        SearchApp.exe            2025-08-02 06:24:54.369      -                   
ffffa607d8339080       6760      544 7ffd15842680        SearchApp.exe            2025-08-02 06:24:54.374      -                   
ffffa607d8104080       6760     8928 7ffd15842680        SearchApp.exe            2025-08-02 06:24:54.376      -                   
ffffa607d6593080       6760     4188 7ffd15842680        SearchApp.exe            2025-08-02 06:24:54.379      -                   
ffffa607d83d4080       6760     3660 7ffd15842680        SearchApp.exe            2025-08-02 06:24:54.382      -                   
ffffa607d7a5f080       6760     1256 7ffd15842680        SearchApp.exe            2025-08-02 06:24:54.386      -                   
ffffa607d8310080       6760     5328 7ffd15842680        SearchApp.exe            2025-08-02 06:24:54.386      -                   
ffffa607d86c4080       6760     1028 7ffd15842680        SearchApp.exe            2025-08-02 06:53:58.994      -                   
ffffa607d8ab3080       6760     8668 7ffd15842680        SearchApp.exe            2025-08-02 06:54:30.100      -                   
ffffa607d83dd080       6760     3756 7ffd15842680        SearchApp.exe            2025-08-02 06:54:30.218      -                   
ffffa607d7b7c080       6760     2588 7ffd15842680        SearchApp.exe            2025-08-02 06:54:39.145      -                   
ffffa607d99f4040       6760     1996 7ffd15842680        SearchApp.exe            2025-08-02 06:54:40.190      -                   
ffffa607d8688080       6928     6932 7ffd15842680        SearchIndexer.           2025-08-02 02:12:28.815      -                   
ffffa607d85b1300       6928     6980 7ffd15842680        SearchIndexer.           2025-08-02 02:12:28.908      -                   
ffffa607d87f0080       6928     7092 7ffd15842680        SearchIndexer.           2025-08-02 02:12:29.159      -                   
ffffa607d8839080       6928     7096 7ffd15842680        SearchIndexer.           2025-08-02 02:12:29.160      -                   
ffffa607d899a080       6928     6236 7ffd15842680        SearchIndexer.           2025-08-02 02:12:29.796      -                   
ffffa607d8aa3600       6928     5376 7ffd15842680        SearchIndexer.           2025-08-02 02:12:30.324      -                   
ffffa607d8a36080       6928     7188 7ffd15842680        SearchIndexer.           2025-08-02 02:12:30.491      -                   
ffffa607d8a35080       6928     7192 7ffd15842680        SearchIndexer.           2025-08-02 02:12:30.492  2025-08-02 02:12:30.646 
ffffa607d8a34080       6928     7196 ffffb90e258a4360    SearchIndexer.           2025-08-02 02:12:30.492      -                   
ffffa607d8a33080       6928     7200 7ffd15842680        SearchIndexer.           2025-08-02 02:12:30.492      -                   
ffffa607d8a31080       6928     7208 7ffd15842680        SearchIndexer.           2025-08-02 02:12:30.516      -                   
ffffa607d8a2c080       6928     7228 7ffd15842680        SearchIndexer.           2025-08-02 02:12:30.630      -                   
ffffa607d83d5080       6928     7356 ffffb90e258a6460    SearchIndexer.           2025-08-02 02:12:31.738      -                   
ffffa607d8b8b080       6928     8480 7ffd15842680        SearchIndexer.           2025-08-02 02:39:45.891      -                   
ffffa607d71fe080       6928     1440 7ffd15842680        SearchIndexer.           2025-08-02 02:53:45.094  2025-08-02 02:57:03.233 
ffffa607d8b49080       6928     1212 7ffd15842680        SearchIndexer.           2025-08-02 02:53:45.097  2025-08-02 02:55:56.217 
ffffa607d68ef080       6928     6904 7ffd15842680        SearchIndexer.           2025-08-02 02:53:45.098  2025-08-02 02:55:56.217 
ffffa607d88c1040       6928     9004 7ffd15842680        SearchIndexer.           2025-08-02 06:20:49.862  2025-08-02 06:24:07.146 
ffffa607d96f2080       6928     2768 7ffd15842680        SearchIndexer.           2025-08-02 06:29:11.437  2025-08-02 06:33:03.254 
ffffa607d66bb080       6928     8440 7ffd15842680        SearchIndexer.           2025-08-02 06:41:06.041  2025-08-02 06:48:41.443 
ffffa607d5b79040       6928     4616 7ffd15842680        SearchIndexer.           2025-08-02 06:51:12.596      -                   
ffffa607dddeb080       6928     4852 7ffd15842680        SearchIndexer.           2025-08-02 06:52:17.640  2025-08-02 06:56:30.493 
ffffa607d68eb080       6928     7892 7ffd15842680        SearchIndexer.           2025-08-02 06:53:41.966      -                   
ffffa607d87fc080       6928     2868 7ffd15842680        SearchIndexer.           2025-08-02 06:56:46.702      -                   
ffffa607d87fe080       6988     6992 7ffd15842680        RuntimeBroker.           2025-08-02 02:12:28.914      -                   
ffffa607d87ed040       6988     7028 7ffd15842680        RuntimeBroker.           2025-08-02 02:12:29.053  2025-08-02 02:14:43.040 
ffffa607d8884080       6988     7716 7ffd15842680        RuntimeBroker.           2025-08-02 02:12:35.811      -                   
ffffa607d7ac5240       6988     7720 7ffd15842680        RuntimeBroker.           2025-08-02 02:12:35.813      -                   
ffffa607d70cb080       6988     7724 7ffd15842680        RuntimeBroker.           2025-08-02 02:12:35.815  2025-08-02 02:20:18.104 
ffffa607d8891080       6988     7728 7ffd15842680        RuntimeBroker.           2025-08-02 02:12:35.821      -                   
ffffa607d7020080       6988     8100 7ffd15842680        RuntimeBroker.           2025-08-02 02:28:00.994      -                   
ffffa607d6d81080       6988     1608 7ffd15842680        RuntimeBroker.           2025-08-02 02:28:03.272      -                   
ffffa607d8ab4080       6988     1208 7ffd15842680        RuntimeBroker.           2025-08-02 02:28:03.858      -                   
ffffa607d934c040       6988     8132 7ffd15842680        RuntimeBroker.           2025-08-02 06:24:11.971      -                   
ffffa607d7aeb080       6988     4152 7ffd15842680        RuntimeBroker.           2025-08-02 06:25:06.392      -                   
ffffa607d9650080       6988     5876 7ffd15842680        RuntimeBroker.           2025-08-02 06:25:09.842      -                   
ffffa607d8337080       6988     5868 7ffd15842680        RuntimeBroker.           2025-08-02 06:25:10.185      -                   
ffffa607d63bd080       6988      212 7ffd15842680        RuntimeBroker.           2025-08-02 06:53:57.624      -                   
ffffa607d9377080       6988     5268 7ffd15842680        RuntimeBroker.           2025-08-02 06:53:58.790      -                   
ffffa607d900d040       6988     5208 7ffd15842680        RuntimeBroker.           2025-08-02 06:56:35.393      -                   
ffffa607d8a39080       7172     7176 7ffd15842680        svchost.exe              2025-08-02 02:12:30.445      -                   
ffffa607d8a32080       7172     7204 ffffa607d8a324c8    svchost.exe              2025-08-02 02:12:30.512  2025-08-02 02:12:31.558 
ffffa607d8a11080       7172     7236 ffffb90e258a42a0    svchost.exe              2025-08-02 02:12:30.705      -                   
ffffa607d7b22080       7172     7280 7ffd15842680        svchost.exe              2025-08-02 02:12:31.206      -                   
ffffa607d7b020c0       7172     7288 7ffd15842680        svchost.exe              2025-08-02 02:12:31.230      -                   
ffffa607d7bbf080       7172     7316 7ffd15842680        svchost.exe              2025-08-02 02:12:31.515      -                   
ffffa607d8b89080       7412     7416 7ffd15842680        RuntimeBroker.           2025-08-02 02:12:32.262      -                   
ffffa607d7b9c080       7412     6704 7ffd15842680        RuntimeBroker.           2025-08-02 06:53:57.950      -                   
ffffa607d8ba0040       7412     9080 7ffd15842680        RuntimeBroker.           2025-08-02 06:56:34.705      -                   
ffffa607d9af0080       7412     7608 7ffd15842680        RuntimeBroker.           2025-08-02 06:56:34.706      -                   
ffffa607d7204040       7412     8360 7ffd15842680        RuntimeBroker.           2025-08-02 06:56:35.721  2025-08-02 06:57:18.956 
ffffa607d89f3080        744     3912 7ffd15842680        SecurityHealth           2025-08-02 02:12:41.186      -                   
ffffa607d89eb080       5096     4256 7ffd15842680        SecurityHealth           2025-08-02 02:12:41.260      -                   
ffffa607d8893080       5096     4820 7ffd15842680        SecurityHealth           2025-08-02 02:12:41.306      -                   
ffffa607d88c7080       5096     7496 7ffd15842680        SecurityHealth           2025-08-02 02:12:41.468  2025-08-02 02:14:18.721 
ffffa607d88c3080       5096     7392 ffffb90e258ace80    SecurityHealth           2025-08-02 02:12:41.497      -                   
ffffa607d88ab080       5096     7824 7ffd15842680        SecurityHealth           2025-08-02 02:12:41.770      -                   
ffffa607d8ace080       5096     2728 7ffd15842680        SecurityHealth           2025-08-02 02:12:41.816      -                   
ffffa607d8883080       5096     6712 7ffd15842680        SecurityHealth           2025-08-02 02:12:41.824      -                   
ffffa607d8acc080       5096     7940 7ffd15842680        SecurityHealth           2025-08-02 02:12:41.841  2025-08-02 02:14:18.600 
ffffa607d88bc080       1300     1448 ffffb90e371ac090    vmtoolsd.exe             2025-08-02 02:12:41.681      -                   
ffffa607d8ad0080       1300     3448 7ffd15842680        vmtoolsd.exe             2025-08-02 02:12:41.797      -                   
ffffa607d65da080       1300     8000 7ffd15842680        vmtoolsd.exe             2025-08-02 02:12:42.112      -                   
ffffa607d8aca080       1300     7980 7ffd15842680        vmtoolsd.exe             2025-08-02 02:12:42.229      -                   
ffffa607d8ac9080       1300     8016 7ffd15842680        vmtoolsd.exe             2025-08-02 02:12:42.229      -                   
ffffa607d86a7080       1300     7956 7ffd15842680        vmtoolsd.exe             2025-08-02 02:12:42.237      -                   
ffffa607d7beb080       7984     7952 ffffa607d7beb4c8    OneDrive.exe             2025-08-02 02:12:43.640  2025-08-02 02:13:05.833 
ffffa607d6ad3080       6424     5588 7ffd15842680        Everything.exe           2025-08-02 02:12:50.029      -                   
ffffa607d8fb1080       6424     7656 7ffd15842680        Everything.exe           2025-08-02 02:12:50.243      -                   
ffffa607d8ea9080       6424     7640 7ffd15842680        Everything.exe           2025-08-02 02:12:50.352      -                   
ffffa607d8ea7080       6424     6540 7ffd15842680        Everything.exe           2025-08-02 02:12:53.461      -                   
ffffa607da0df080       6424     3992 7ffd15842680        Everything.exe           2025-08-02 02:15:19.134      -                   
ffffa607da0e1080       6424     8112 7ffd15842680        Everything.exe           2025-08-02 06:54:38.438      -                   
ffffa607d81d3080       4312     6512 7ffd15842680        svchost.exe              2025-08-02 02:12:54.576      -                   
ffffa607d8431080       4312     7264 ffffb90e258a6b80    svchost.exe              2025-08-02 02:12:54.613      -                   
ffffa607d6298080       4312     7688 7ffd15842680        svchost.exe              2025-08-02 02:12:54.613      -                   
ffffa607d8887080       4312     8156 7ffd15842680        svchost.exe              2025-08-02 02:12:54.615      -                   
ffffa607d8ac6080       4312     6528 7ffd15842680        svchost.exe              2025-08-02 02:12:54.616      -                   
ffffa607d7fed080       4312     7696 7ffd15842680        svchost.exe              2025-08-02 02:12:54.618      -                   
ffffa607d6d35080       4312     2628 7ffd15842680        svchost.exe              2025-08-02 02:14:57.338      -                   
ffffa607d867e080       4312     9028 7ffd15842680        svchost.exe              2025-08-02 06:26:16.434  2025-08-02 06:26:16.446 
ffffa607d7bc2040       4312     4520 7ffd15842680        svchost.exe              2025-08-02 06:56:51.004      -                   
ffffa607d9367080       4312     5264 7ffd15842680        svchost.exe              2025-08-02 06:56:51.009      -                   
ffffa607d8343080       4312     9084 7ffd15842680        svchost.exe              2025-08-02 06:56:51.024      -                   
ffffa607d8eb0080       4312     3012 7ffd15842680        svchost.exe              2025-08-02 06:56:51.029  2025-08-02 06:56:51.033 
ffffa607d68ed080        948      360 ffffb90e242584c0    OneDrive.exe             2025-08-02 02:13:07.129      -                   
ffffa607d8980080        948      384 7ffd15842680        OneDrive.exe             2025-08-02 02:13:07.189      -                   
ffffa607d1d0f080        948      576 7ffd15842680        OneDrive.exe             2025-08-02 02:13:07.207      -                   
ffffa607d6be2080        948     1000 7ffd15842680        OneDrive.exe             2025-08-02 02:13:07.789      -                   
ffffa607d6bef080        948     1048 7ffd15842680        OneDrive.exe             2025-08-02 02:13:07.789      -                   
ffffa607d6beb080        948     1052 7ffd15842680        OneDrive.exe             2025-08-02 02:13:07.791      -                   
ffffa607d6bec080        948     1060 7ffd15842680        OneDrive.exe             2025-08-02 02:13:07.820      -                   
ffffa607d6c6f080        948     7232 7ffd15842680        OneDrive.exe             2025-08-02 02:13:07.904      -                   
ffffa607d6c79080        948     1148 7ffd15842680        OneDrive.exe             2025-08-02 02:13:07.911      -                   
ffffa607d6c6e080        948     1160 7ffd15842680        OneDrive.exe             2025-08-02 02:13:07.914      -                   
ffffa607d6c07080        948     1252 ffffb90e2888a5b0    OneDrive.exe             2025-08-02 02:13:07.944      -                   
ffffa607d63b5080        948     1464 7ffd15842680        OneDrive.exe             2025-08-02 02:13:10.799      -                   
ffffa607d6c8b080        948     1544 7ffd15842680        OneDrive.exe             2025-08-02 02:13:10.803      -                   
ffffa607d8119080        948     1656 7ffd15842680        OneDrive.exe             2025-08-02 02:13:11.012      -                   
ffffa607d6ad4080        948     7104 7ffd15842680        OneDrive.exe             2025-08-02 02:13:12.969      -                   
ffffa607d88ce080        948     5388 7ffd15842680        OneDrive.exe             2025-08-02 02:13:13.039      -                   
ffffa607d6c84080        948     5576 7ffd15842680        OneDrive.exe             2025-08-02 02:13:13.664      -                   
ffffa607d1d5e080        948     8068 7ffd15842680        OneDrive.exe             2025-08-02 02:13:13.698      -                   
ffffa607d6641080        948     8080 7ffd15842680        OneDrive.exe             2025-08-02 02:13:13.977      -                   
ffffa607d65ad480        948     6336 7ffd15842680        OneDrive.exe             2025-08-02 02:13:14.057      -                   
ffffa607d6595080        948     6492 7ffd15842680        OneDrive.exe             2025-08-02 02:13:14.089      -                   
ffffa607d6474080        948     4276 7ffd15842680        OneDrive.exe             2025-08-02 02:13:14.090      -                   
ffffa607d1d14080        948     2432 7ffd15842680        OneDrive.exe             2025-08-02 06:52:03.040      -                   
ffffa607d6e3e080        948     3896 7ffd15842680        OneDrive.exe             2025-08-02 06:52:03.214      -                   
ffffa607d8a40080        948     7908 7ffd15842680        OneDrive.exe             2025-08-02 06:53:11.784      -                   
ffffa607da19b080        948     1736 7ffd15842680        OneDrive.exe             2025-08-02 06:55:23.783      -                   
ffffa607d6405080        948      548 7ffd15842680        OneDrive.exe             2025-08-02 06:56:53.850      -                   
ffffa607d8a2b080       7684     6640 ffffb90e24256c00    Microsoft.Shar           2025-08-02 02:13:14.261      -                   
ffffa607d72a20c0       7684     5648 7ffd15842680        Microsoft.Shar           2025-08-02 02:13:17.298      -                   
ffffa607d8f7f080       7684     7556 7ffd15842680        Microsoft.Shar           2025-08-02 02:13:17.300  2025-08-02 02:13:17.338 
ffffa607d8eb7080       7684     7128 7ffd15842680        Microsoft.Shar           2025-08-02 02:13:17.301      -                   
ffffa607d8eb8080       7684     2064 7ffd15842680        Microsoft.Shar           2025-08-02 02:13:17.301      -                   
ffffa607d8fd9080       7684     8064 7ffd15842680        Microsoft.Shar           2025-08-02 02:13:17.302      -                   
ffffa607d72020c0       7684     2256 7ffd15842680        Microsoft.Shar           2025-08-02 02:13:17.521      -                   
ffffa607d7209080       7684     2300 7ffd15842680        Microsoft.Shar           2025-08-02 02:13:17.578  2025-08-02 02:13:52.337 
ffffa607d6aab080       7684     3088 7ffd15842680        Microsoft.Shar           2025-08-02 02:13:18.814      -                   
ffffa607d810c080       7684     3208 7ffd15842680        Microsoft.Shar           2025-08-02 02:13:18.875      -                   
ffffa607d6ad8080       7684     3144 7ffd15842680        Microsoft.Shar           2025-08-02 02:13:18.941      -                   
ffffa607d8ac3080       7684     3336 7ffd15842680        Microsoft.Shar           2025-08-02 02:13:19.002      -                   
ffffa607d5b98080       7684     3280 7ffd15842680        Microsoft.Shar           2025-08-02 02:13:19.003      -                   
ffffa607d7a03080       7684     3316 7ffd15842680        Microsoft.Shar           2025-08-02 02:13:19.003      -                   
ffffa607d7a0c080       7684     3356 7ffd15842680        Microsoft.Shar           2025-08-02 02:13:19.003      -                   
ffffa607d811c080       7684     3624 7ffd15842680        Microsoft.Shar           2025-08-02 02:13:22.772      -                   
ffffa607d80d5080       1288     7424 7ffd15842680        svchost.exe              2025-08-02 02:13:24.919      -                   
ffffa607d8139080       1288     1548 ffffb90e2425b3a0    svchost.exe              2025-08-02 02:13:24.982      -                   
ffffa607d8071080       1288     7968 7ffd15842680        svchost.exe              2025-08-02 02:13:25.018      -                   
ffffa607d7e1e080       1288     7700 7ffd15842680        svchost.exe              2025-08-02 02:13:25.027      -                   
ffffa607d7155080       1288     7576 7ffd15842680        svchost.exe              2025-08-02 02:13:25.060      -                   
ffffa607d7cea080       1288     8084 7ffd15842680        svchost.exe              2025-08-02 02:13:25.060      -                   
ffffa607d1daa080       1288     2884 7ffd15842680        svchost.exe              2025-08-02 02:13:25.396      -                   
ffffa607d6d8b080       1288      736 7ffd15842680        svchost.exe              2025-08-02 06:50:57.237      -                   
ffffa607d6d7e080       1288     1724 7ffd15842680        svchost.exe              2025-08-02 06:54:17.237      -                   
ffffa607d8ebb080       6536     8008 7ffd15842680        svchost.exe              2025-08-02 02:13:25.251      -                   
ffffa607db7ec040       6536     5696 7ffd15842680        svchost.exe              2025-08-02 06:53:29.724      -                   
ffffa607d7af2080       6536     5716 7ffd15842680        svchost.exe              2025-08-02 06:55:29.741      -                   
ffffa607d80e0080       5380     7180 7ffd15842680        TextInputHost.           2025-08-02 02:13:58.443      -                   
ffffa607d6c06080       5380     2532 7ffd15842680        TextInputHost.           2025-08-02 02:13:58.562      -                   
ffffa607d8fb4080       5380     5312 7ffd15842680        TextInputHost.           2025-08-02 02:13:58.583      -                   
ffffa607d6598080       5380     2024 ffffb90e2425ce40    TextInputHost.           2025-08-02 02:13:58.602      -                   
ffffa607d671f080       5380      540 7ffd15842680        TextInputHost.           2025-08-02 02:13:58.646      -                   
ffffa607d6ca8080       5380      620 7ffd15842680        TextInputHost.           2025-08-02 02:13:58.649      -                   
ffffa607d8b76080       5380     6948 7ffd15842680        TextInputHost.           2025-08-02 02:13:58.694      -                   
ffffa607d6d24080       5380     7268 7ffd15842680        TextInputHost.           2025-08-02 02:13:58.726      -                   
ffffa607d897f080       5380     7568 7ffd15842680        TextInputHost.           2025-08-02 06:53:51.067      -                   
ffffa607d7b1c080       5380     7836 7ffd15842680        TextInputHost.           2025-08-02 06:55:52.618      -                   
ffffa607d69ba080       3452     7604 7ffd15842680        sqlservr.exe             2025-08-02 02:14:09.397      -                   
ffffa607d6a30080       3452     3276 ffffa607d6a304c8    sqlservr.exe             2025-08-02 02:14:09.919  2025-08-02 02:14:13.880 
ffffa607d69cc080       3452     5916 7ffd15842680        sqlservr.exe             2025-08-02 02:14:09.922      -                   
ffffa607d71f0080       3452     1936 7ffd15842680        sqlservr.exe             2025-08-02 02:14:09.954      -                   
ffffa607d68e50c0       3452     2096 7ffd15842680        sqlservr.exe             2025-08-02 02:14:10.137      -                   
ffffa607d68f0080       3452     6692 7ffd15842680        sqlservr.exe             2025-08-02 02:14:10.139      -                   
ffffa607d686f080       3452      432 7ffd15842680        sqlservr.exe             2025-08-02 02:14:10.139      -                   
ffffa607d6d2c080       3452     7404 7ffd15842680        sqlservr.exe             2025-08-02 02:14:10.142      -                   
ffffa607d88ac080       3452     1992 7ffd15842680        sqlservr.exe             2025-08-02 02:14:10.142      -                   
ffffa607d6ae3080       3452     7352 7ffd15842680        sqlservr.exe             2025-08-02 02:14:10.142      -                   
ffffa607d6865480       3452     8148 7ffd15842680        sqlservr.exe             2025-08-02 02:14:10.284      -                   
ffffa607d6630080       3452     4568 7ffd15842680        sqlservr.exe             2025-08-02 02:14:10.286      -                   
ffffa607d1d49080       3452     7704 7ffd15842680        sqlservr.exe             2025-08-02 02:14:10.287      -                   
ffffa607d6599080       3452     1884 7ffd15842680        sqlservr.exe             2025-08-02 02:14:10.290      -                   
ffffa607d6d7d080       3452     7712 7ffd15842680        sqlservr.exe             2025-08-02 02:14:10.291      -                   
ffffa607d834b080       3452     1912 7ffd15842680        sqlservr.exe             2025-08-02 02:14:10.292      -                   
ffffa607d651b080       3452     3272 7ffd15842680        sqlservr.exe             2025-08-02 02:14:10.390      -                   
ffffa607d8629080       3452     3304 7ffd15842680        sqlservr.exe             2025-08-02 02:14:11.182      -                   
ffffa607d8998080       3452     2444 7ffd15842680        sqlservr.exe             2025-08-02 02:14:11.200      -                   
ffffa607d66b6080       3452     2428 7ffd15842680        sqlservr.exe             2025-08-02 02:14:11.206      -                   
ffffa607d65a0080       3452     3180 7ffd15842680        sqlservr.exe             2025-08-02 02:14:11.207      -                   
ffffa607d6934080       3452     7552 7ffd15842680        sqlservr.exe             2025-08-02 02:14:11.208      -                   
ffffa607d6496080       3452     7764 7ffd15842680        sqlservr.exe             2025-08-02 02:14:11.415      -                   
ffffa607d80e6080       3452     3564 7ffd15842680        sqlservr.exe             2025-08-02 02:14:11.416      -                   
ffffa607d834d080       3452     2344 7ffd15842680        sqlservr.exe             2025-08-02 02:14:11.416      -                   
ffffa607d8eb9080       3452     7212 7ffd15842680        sqlservr.exe             2025-08-02 02:14:11.417      -                   
ffffa607d86bd080       3452     5244 7ffd15842680        sqlservr.exe             2025-08-02 02:14:11.417      -                   
ffffa607d7a44080       3452     6628 7ffd15842680        sqlservr.exe             2025-08-02 02:14:11.689      -                   
ffffa607d88ad080       3452     5872 7ffd15842680        sqlservr.exe             2025-08-02 02:14:11.745      -                   
ffffa607d6ece0c0       3452     7888 7ffd15842680        sqlservr.exe             2025-08-02 02:14:11.757      -                   
ffffa607d6eca0c0       3452     6548 7ffd15842680        sqlservr.exe             2025-08-02 02:14:11.757      -                   
ffffa607d88b5080       3452     6192 7ffd15842680        sqlservr.exe             2025-08-02 02:14:11.760      -                   
ffffa607d8ec2080       3452     6196 7ffd15842680        sqlservr.exe             2025-08-02 02:14:11.762      -                   
ffffa607d8ab7080       3452     7512 7ffd15842680        sqlservr.exe             2025-08-02 02:14:11.835      -                   
ffffa607d80e3080       3452     5424 7ffd15842680        sqlservr.exe             2025-08-02 02:14:12.227      -                   
ffffa607d7e16080       3452     7116 7ffd15842680        sqlservr.exe             2025-08-02 02:14:12.228      -                   
ffffa607d7f90080       3452     5888 7ffd15842680        sqlservr.exe             2025-08-02 02:14:12.228      -                   
ffffa607d7f91080       3452     5640 7ffd15842680        sqlservr.exe             2025-08-02 02:14:12.229      -                   
ffffa607d7f92080       3452     4028 7ffd15842680        sqlservr.exe             2025-08-02 02:14:12.230      -                   
ffffa607d7f93080       3452     5516 7ffd15842680        sqlservr.exe             2025-08-02 02:14:12.231      -                   
ffffa607d7fe0080       3452     5468 7ffd15842680        sqlservr.exe             2025-08-02 02:14:12.236      -                   
ffffa607d7fe1080       3452     5952 7ffd15842680        sqlservr.exe             2025-08-02 02:14:12.239      -                   
ffffa607d7fee080       3452     5524 7ffd15842680        sqlservr.exe             2025-08-02 02:14:12.320      -                   
ffffa607d6f3b080       3452     5556 7ffd15842680        sqlservr.exe             2025-08-02 02:14:12.419      -                   
ffffa607d8b92080       3452     5684 7ffd15842680        sqlservr.exe             2025-08-02 02:14:12.815      -                   
ffffa607d6719080       3452     8096 7ffd15842680        sqlservr.exe             2025-08-02 02:14:12.956      -                   
ffffa607d6a2b080       3452     5156 7ffd15842680        sqlservr.exe             2025-08-02 06:52:00.268  2025-08-02 06:53:01.413 
ffffa607d8ec0080       3452     3752 7ffd15842680        sqlservr.exe             2025-08-02 06:55:18.675      -                   
ffffa607d6954080       3452     1200 7ffd15842680        sqlservr.exe             2025-08-02 06:56:21.799      -                   
ffffa607d8a1c080       3452     7612 7ffd15842680        sqlservr.exe             2025-08-02 06:56:23.096      -                   
ffffa607d6aa7080       3452     2248 7ffd15842680        sqlservr.exe             2025-08-02 06:56:23.533      -                   
ffffa607d71f9080       3452     9168 7ffd15842680        sqlservr.exe             2025-08-02 06:56:24.330      -                   
ffffa607dec27080       3452     3352 7ffd15842680        sqlservr.exe             2025-08-02 06:56:28.096      -                   
ffffa607d9c522c0       3452     6504 7ffd15842680        sqlservr.exe             2025-08-02 06:56:28.097      -                   
ffffa607d9770080       3452     6292 7ffd15842680        sqlservr.exe             2025-08-02 06:56:28.100      -                   
ffffa607d72b4080       3452     3724 7ffd15842680        sqlservr.exe             2025-08-02 06:56:33.112      -                   
ffffa607db6dd080       3452     9120 7ffd15842680        sqlservr.exe             2025-08-02 06:56:33.112      -                   
ffffa607d69bf080       3452     6100 7ffd15842680        sqlservr.exe             2025-08-02 06:56:38.128      -                   
ffffa607d8440080       3452     6700 7ffd15842680        sqlservr.exe             2025-08-02 06:56:38.129      -                   
ffffa607d85a7080       3452     6296 7ffd15842680        sqlservr.exe             2025-08-02 06:56:38.130      -                   
ffffa607dec28080       3452     3412 7ffd15842680        sqlservr.exe             2025-08-02 06:56:38.132      -                   
ffffa607d7fdc080       3452     1452 7ffd15842680        sqlservr.exe             2025-08-02 06:56:43.143      -                   
ffffa607dafdf080       3452     4504 7ffd15842680        sqlservr.exe             2025-08-02 06:56:43.143      -                   
ffffa607d8444080       3452     7920 7ffd15842680        sqlservr.exe             2025-08-02 06:56:43.144      -                   
ffffa607d882b080       5428     4988 7ffd15842680        sqlservr.exe             2025-08-02 02:14:13.082      -                   
ffffa607d8a38080       5428     2548 ffffa607d8a384c8    sqlservr.exe             2025-08-02 02:14:13.331  2025-08-02 02:14:17.500 
ffffa607d8a24080       5428     5904 7ffd15842680        sqlservr.exe             2025-08-02 02:14:13.585      -                   
ffffa607d715f080       5428     5908 7ffd15842680        sqlservr.exe             2025-08-02 02:14:13.763      -                   
ffffa607d8fad080       5428     4260 7ffd15842680        sqlservr.exe             2025-08-02 02:14:14.015      -                   
ffffa607d89de080       5428     1508 7ffd15842680        sqlservr.exe             2025-08-02 02:14:14.017      -                   
ffffa607d8a1d080       5428      988 7ffd15842680        sqlservr.exe             2025-08-02 02:14:14.017      -                   
ffffa607d8f38080       5428      348 7ffd15842680        sqlservr.exe             2025-08-02 02:14:14.018      -                   
ffffa607d65130c0       5428      356 7ffd15842680        sqlservr.exe             2025-08-02 02:14:14.018      -                   
ffffa607d8ffc080       5428       60 7ffd15842680        sqlservr.exe             2025-08-02 02:14:14.019      -                   
ffffa607d8f9f080       5428     4524 7ffd15842680        sqlservr.exe             2025-08-02 02:14:14.120      -                   
ffffa607d91ef080       5428     1644 7ffd15842680        sqlservr.exe             2025-08-02 02:14:14.121      -                   
ffffa607d8ff8080       5428     5084 7ffd15842680        sqlservr.exe             2025-08-02 02:14:14.122      -                   
ffffa607d91e7080       5428     2700 7ffd15842680        sqlservr.exe             2025-08-02 02:14:14.124      -                   
ffffa607d8ff0080       5428     7992 7ffd15842680        sqlservr.exe             2025-08-02 02:14:14.125      -                   
ffffa607d8cef080       5428     7312 7ffd15842680        sqlservr.exe             2025-08-02 02:14:14.126      -                   
ffffa607d8feb080       5428     7672 7ffd15842680        sqlservr.exe             2025-08-02 02:14:14.233      -                   
ffffa607d6420080       5428     2412 7ffd15842680        sqlservr.exe             2025-08-02 02:14:15.068      -                   
ffffa607d1d58080       5428     2480 7ffd15842680        sqlservr.exe             2025-08-02 02:14:15.108      -                   
ffffa607d1d4f080       5428     2568 7ffd15842680        sqlservr.exe             2025-08-02 02:14:15.116      -                   
ffffa607d8f65080       5428     3740 7ffd15842680        sqlservr.exe             2025-08-02 02:14:15.118      -                   
ffffa607d8fbd080       5428     3732 7ffd15842680        sqlservr.exe             2025-08-02 02:14:15.241      -                   
ffffa607d8f2a080       5428     7500 7ffd15842680        sqlservr.exe             2025-08-02 02:14:15.243      -                   
ffffa607d8fb0080       5428     1604 7ffd15842680        sqlservr.exe             2025-08-02 02:14:15.244      -                   
ffffa607d9018080       5428     4084 7ffd15842680        sqlservr.exe             2025-08-02 02:14:15.259      -                   
ffffa607d91440c0       5428     4048 7ffd15842680        sqlservr.exe             2025-08-02 02:14:15.262      -                   
ffffa607d8ffd080       5428     3844 7ffd15842680        sqlservr.exe             2025-08-02 02:14:15.265      -                   
ffffa607d9eed080       5428     5060 7ffd15842680        sqlservr.exe             2025-08-02 02:14:15.398      -                   
ffffa607d88ae080       5428     6400 7ffd15842680        sqlservr.exe             2025-08-02 02:14:15.441      -                   
ffffa607d8cf3080       5428     6404 7ffd15842680        sqlservr.exe             2025-08-02 02:14:15.446      -                   
ffffa607d8f87080       5428     8020 7ffd15842680        sqlservr.exe             2025-08-02 02:14:15.449      -                   
ffffa607d8f24080       5428     6368 7ffd15842680        sqlservr.exe             2025-08-02 02:14:15.487      -                   
ffffa607d93eb080       5428     6408 7ffd15842680        sqlservr.exe             2025-08-02 02:14:15.569      -                   
ffffa607d93ea080       5428     4888 7ffd15842680        sqlservr.exe             2025-08-02 02:14:15.636      -                   
ffffa607d93e9080       5428     3556 7ffd15842680        sqlservr.exe             2025-08-02 02:14:15.637      -                   
ffffa607d93e8080       5428     6688 7ffd15842680        sqlservr.exe             2025-08-02 02:14:15.638      -                   
ffffa607d93e7080       5428     7932 7ffd15842680        sqlservr.exe             2025-08-02 02:14:15.638      -                   
ffffa607d93e6080       5428     7976 7ffd15842680        sqlservr.exe             2025-08-02 02:14:15.639      -                   
ffffa607d93e5080       5428     3032 7ffd15842680        sqlservr.exe             2025-08-02 02:14:15.649      -                   
ffffa607d93e4080       5428      624 7ffd15842680        sqlservr.exe             2025-08-02 02:14:15.668      -                   
ffffa607d93e30c0       5428     2772 7ffd15842680        sqlservr.exe             2025-08-02 02:14:15.686      -                   
ffffa607d9ff5080       5428     4232 7ffd15842680        sqlservr.exe             2025-08-02 02:14:15.697      -                   
ffffa607d9ff4080       5428     7624 7ffd15842680        sqlservr.exe             2025-08-02 02:14:15.719      -                   
ffffa607d9ff2080       5428     1916 7ffd15842680        sqlservr.exe             2025-08-02 02:14:16.596      -                   
ffffa607d9ff1080       5428     8140 7ffd15842680        sqlservr.exe             2025-08-02 02:14:16.599      -                   
ffffa607d9ff0080       5428     1372 7ffd15842680        sqlservr.exe             2025-08-02 02:14:16.601      -                   
ffffa607d9fef080       5428     3036 7ffd15842680        sqlservr.exe             2025-08-02 02:14:16.780      -                   
ffffa607d6885080       5428     4620 7ffd15842680        sqlservr.exe             2025-08-02 06:46:30.097  2025-08-02 06:47:32.768 
ffffa607d8a9f300       5428        8 7ffd15842680        sqlservr.exe             2025-08-02 06:56:23.127      -                   
ffffa607d810f080       5428     7632 7ffd15842680        sqlservr.exe             2025-08-02 06:56:23.392      -                   
ffffa607da024080       5428     6532 7ffd15842680        sqlservr.exe             2025-08-02 06:56:23.533      -                   
ffffa607d8895080       5428     5340 7ffd15842680        sqlservr.exe             2025-08-02 06:56:23.737      -                   
ffffa607d8fe1080       5428     8552 7ffd15842680        sqlservr.exe             2025-08-02 06:56:23.908      -                   
ffffa607d83ea080       5428     6936 7ffd15842680        sqlservr.exe             2025-08-02 06:56:24.675      -                   
ffffa607d806d080       5428     7840 7ffd15842680        sqlservr.exe             2025-08-02 06:56:28.143      -                   
ffffa607d8460080       5428      284 7ffd15842680        sqlservr.exe             2025-08-02 06:56:28.144      -                   
ffffa607dc1de080       5428     2740 7ffd15842680        sqlservr.exe             2025-08-02 06:56:28.144      -                   
ffffa607d85cb080       5428     4776 7ffd15842680        sqlservr.exe             2025-08-02 06:56:28.144      -                   
ffffa607d692c080       5428     9180 7ffd15842680        sqlservr.exe             2025-08-02 06:56:33.158      -                   
ffffa607de984080       5428     9124 7ffd15842680        sqlservr.exe             2025-08-02 06:56:33.159      -                   
ffffa607d7e1a080       5428     3940 7ffd15842680        sqlservr.exe             2025-08-02 06:56:38.174      -                   
ffffa607d9b4a080       5428     2152 7ffd15842680        sqlservr.exe             2025-08-02 06:56:43.190      -                   
ffffa607d71f1080       5428     4060 7ffd15842680        sqlservr.exe             2025-08-02 06:56:43.190      -                   
ffffa607de9de080       5428     2720 7ffd15842680        sqlservr.exe             2025-08-02 06:56:43.191      -                   
ffffa607d6594080       5428      288 7ffd15842680        sqlservr.exe             2025-08-02 06:56:43.191      -                   
ffffa607d651d080       5428     1772 7ffd15842680        sqlservr.exe             2025-08-02 06:56:58.238      -                   
ffffa607d6819080       5428     3716 7ffd15842680        sqlservr.exe             2025-08-02 06:57:13.268      -                   
ffffa607d9779080       5428     3712 7ffd15842680        sqlservr.exe             2025-08-02 06:57:13.272      -                   
ffffa607d8b9e080       1328     2140 7ffd15842680        svchost.exe              2025-08-02 02:14:14.080      -                   
ffffa607d881b080       1328     1056 ffffb90e258ac160    svchost.exe              2025-08-02 02:14:14.113      -                   
ffffa607d89f1040       1328     2724 7ffd15842680        svchost.exe              2025-08-02 02:14:14.122  2025-08-02 02:33:13.265 
ffffa607d91f7080       1328     7680 7ffd15842680        svchost.exe              2025-08-02 02:14:14.143  2025-08-02 02:19:49.134 
ffffa607d6318080       1328     1804 7ffd15842680        svchost.exe              2025-08-02 02:14:14.149      -                   
ffffa607d8f3d080       1328     2880 7ffd15842680        svchost.exe              2025-08-02 02:14:14.149      -                   
ffffa607d881c080       1328      536 7ffd15842680        svchost.exe              2025-08-02 02:14:14.173      -                   
ffffa607d8f7d080       1328     7896 7ffd15842680        svchost.exe              2025-08-02 02:14:14.263      -                   
ffffa607d8f2d080       1328     2144 7ffd15842680        svchost.exe              2025-08-02 02:14:14.338  2025-08-02 02:25:24.183 
ffffa607d6810080       1328     1308 7ffd15842680        svchost.exe              2025-08-02 02:14:14.871      -                   
ffffa607d65ce080       1328     8644 7ffd15842680        svchost.exe              2025-08-02 02:14:21.327  2025-08-02 02:49:21.083 
ffffa607d7207080       1328     8884 7ffd15842680        svchost.exe              2025-08-02 02:14:23.280  2025-08-02 02:55:37.586 
ffffa607d88c4080       1328     8900 7ffd15842680        svchost.exe              2025-08-02 02:14:23.301  2025-08-02 02:49:35.205 
ffffa607d89aa040       1328     8916 7ffd15842680        svchost.exe              2025-08-02 02:14:35.482  2025-08-02 02:33:13.262 
ffffa607d8b6f080       1328     6940 7ffd15842680        svchost.exe              2025-08-02 02:14:39.366  2025-08-02 02:27:38.195 
ffffa607d969f040       1328     8776 7ffd15842680        svchost.exe              2025-08-02 02:14:56.304  2025-08-02 02:32:06.229 
ffffa607d7cee080       1328     8812 7ffd15842680        svchost.exe              2025-08-02 02:14:56.305  2025-08-02 02:32:06.232 
ffffa607da0dd080       1328     5844 7ffd15842680        svchost.exe              2025-08-02 02:15:44.025  2025-08-02 02:45:12.910 
ffffa607d89a4080       1328     5568 7ffd15842680        svchost.exe              2025-08-02 02:23:44.469  2025-08-02 02:39:33.405 
ffffa607d659f040       1328     2308 7ffd15842680        svchost.exe              2025-08-02 02:25:53.788  2025-08-02 02:27:38.195 
ffffa607d70cc080       1328     6268 7ffd15842680        svchost.exe              2025-08-02 02:39:25.085  2025-08-02 02:55:37.224 
ffffa607d7a3d080       1328     6960 7ffd15842680        svchost.exe              2025-08-02 04:52:22.022  2025-08-02 05:07:26.736 
ffffa607d7274080       1328     8528 7ffd15842680        svchost.exe              2025-08-02 04:52:25.256  2025-08-02 05:07:26.736 
ffffa607d7fef080       1328     6040 7ffd15842680        svchost.exe              2025-08-02 04:52:25.256  2025-08-02 05:07:26.736 
ffffa607d9372080       1328     4508 7ffd15842680        svchost.exe              2025-08-02 05:33:27.559  2025-08-02 05:35:58.798 
ffffa607d8aae040       1328     9048 7ffd15842680        svchost.exe              2025-08-02 06:20:49.940  2025-08-02 06:24:07.145 
ffffa607d6883080       1328     8664 7ffd15842680        svchost.exe              2025-08-02 06:21:50.924  2025-08-02 06:24:07.145 
ffffa607d86bb080       1328     6620 7ffd15842680        svchost.exe              2025-08-02 06:22:26.702  2025-08-02 06:26:21.179 
ffffa607d81e6040       1328     4964 7ffd15842680        svchost.exe              2025-08-02 06:32:27.721  2025-08-02 06:37:31.348 
ffffa607d1d60040       1328     5276 7ffd15842680        svchost.exe              2025-08-02 06:42:27.736  2025-08-02 06:44:13.413 
ffffa607d887f040       1328     4724 7ffd15842680        svchost.exe              2025-08-02 06:45:49.909  2025-08-02 06:48:41.441 
ffffa607d94e5080       1328     4752 7ffd15842680        svchost.exe              2025-08-02 06:47:29.813  2025-08-02 06:48:41.443 
ffffa607d72ac080       1328     2832 7ffd15842680        svchost.exe              2025-08-02 06:47:29.829  2025-08-02 06:49:48.442 
ffffa607d87fa040       1328     6308 7ffd15842680        svchost.exe              2025-08-02 06:55:49.908      -                   
ffffa607d88b9080       1492     7820 7ffd15842680        SgrmBroker.exe           2025-08-02 02:14:16.361      -                   
ffffa607d6888080       1492     6480 7ffd15842680        SgrmBroker.exe           2025-08-02 02:14:17.578      -                   
ffffa607d7252080       1492     4496 7ffd15842680        SgrmBroker.exe           2025-08-02 02:14:17.584      -                   
ffffa607d1c79080       1492     4492 7ffd15842680        SgrmBroker.exe           2025-08-02 02:14:17.624      -                   
ffffa607d7253080       1492     2952 7ffd15842680        SgrmBroker.exe           2025-08-02 02:14:17.624      -                   
ffffa607d6de3040       1492      688 7ffd15842680        SgrmBroker.exe           2025-08-02 06:51:01.877      -                   
ffffa607d6de4080       1492     3340 7ffd15842680        SgrmBroker.exe           2025-08-02 06:51:01.878      -                   
ffffa607d9ff3080        776     1900 7ffd15842680        sqlceip.exe              2025-08-02 02:14:17.777      -                   
ffffa607d959c0c0        776     8200 7ffd15842680        sqlceip.exe              2025-08-02 02:14:17.858      -                   
ffffa607d93f1080        776     8204 7ffd15842680        sqlceip.exe              2025-08-02 02:14:17.859      -                   
ffffa607d93ee080        776     8224 ffffb90e2977c0d0    sqlceip.exe              2025-08-02 02:14:17.997      -                   
ffffa607d6629080        776     8496 7ffd15842680        sqlceip.exe              2025-08-02 02:19:18.541      -                   
ffffa607d89a9080        776     1572 7ffd15842680        sqlceip.exe              2025-08-02 02:19:19.467      -                   
ffffa607d6f8c080        776     9160 7ffd15842680        sqlceip.exe              2025-08-02 02:19:21.010      -                   
ffffa607d6ed8080        776     2080 7ffd15842680        sqlceip.exe              2025-08-02 02:19:21.365      -                   
ffffa607d6d3f080        776     8696 7ffd15842680        sqlceip.exe              2025-08-02 02:19:22.584      -                   
ffffa607d8b9d080        776     1660 7ffd15842680        sqlceip.exe              2025-08-02 02:19:24.338      -                   
ffffa607d650c080        776     6064 7ffd15842680        sqlceip.exe              2025-08-02 06:13:55.752  2025-08-02 06:21:40.784 
ffffa607d7aef080        776     2164 7ffd15842680        sqlceip.exe              2025-08-02 06:17:15.768  2025-08-02 06:17:40.690 
ffffa607d9b61080        776     2544 7ffd15842680        sqlceip.exe              2025-08-02 06:19:03.612  2025-08-02 06:19:40.737 
ffffa607d6644080        776     2492 7ffd15842680        sqlceip.exe              2025-08-02 06:20:35.768  2025-08-02 06:27:40.816 
ffffa607d515a080        776     8436 7ffd15842680        sqlceip.exe              2025-08-02 06:23:03.830  2025-08-02 06:23:40.877 
ffffa607d7e15080        776     2148 7ffd15842680        sqlceip.exe              2025-08-02 06:26:10.441  2025-08-02 06:26:41.158 
ffffa607d639c080        776     4592 7ffd15842680        sqlceip.exe              2025-08-02 06:27:15.801  2025-08-02 06:27:41.223 
ffffa607d7264080        776      984 7ffd15842680        sqlceip.exe              2025-08-02 06:27:15.821  2025-08-02 06:30:56.080 
ffffa607d86b9280        776     4076 7ffd15842680        sqlceip.exe              2025-08-02 06:30:21.455  2025-08-02 06:35:41.643 
ffffa607da027080        776     8960 7ffd15842680        sqlceip.exe              2025-08-02 06:30:35.818  2025-08-02 06:31:41.503 
ffffa607d810d080        776     4572 7ffd15842680        sqlceip.exe              2025-08-02 06:33:55.847  2025-08-02 06:34:41.580 
ffffa607d89ed2c0        776      260 7ffd15842680        sqlceip.exe              2025-08-02 06:35:21.424  2025-08-02 06:37:41.796 
ffffa607d88b2080        776     5720 7ffd15842680        sqlceip.exe              2025-08-02 06:37:15.880  2025-08-02 06:39:11.753 
ffffa607d625b080        776     3516 7ffd15842680        sqlceip.exe              2025-08-02 06:38:51.734  2025-08-02 06:41:41.941 
ffffa607d6d32080        776     7408 7ffd15842680        sqlceip.exe              2025-08-02 06:39:21.753  2025-08-02 06:40:11.847 
ffffa607d96f8080        776     1568 7ffd15842680        sqlceip.exe              2025-08-02 06:40:35.908  2025-08-02 06:44:15.976 
ffffa607d83e5080        776     1504 7ffd15842680        sqlceip.exe              2025-08-02 06:43:37.096  2025-08-02 06:44:15.975 
ffffa607d63b2080        776     4268 7ffd15842680        sqlceip.exe              2025-08-02 06:43:55.909  2025-08-02 06:47:42.409 
ffffa607d89ac080        776     8472 7ffd15842680        sqlceip.exe              2025-08-02 06:46:37.347  2025-08-02 06:47:12.378 
ffffa607d720c080        776     1552 7ffd15842680        sqlceip.exe              2025-08-02 06:47:15.941  2025-08-02 06:52:12.816 
ffffa607d9373080        776     5824 7ffd15842680        sqlceip.exe              2025-08-02 06:50:35.941  2025-08-02 06:51:42.753 
ffffa607d6e38080        776     6288 7ffd15842680        sqlceip.exe              2025-08-02 06:51:52.378      -                   
ffffa607d6f8a080        776     6092 7ffd15842680        sqlceip.exe              2025-08-02 06:55:59.534  2025-08-02 06:56:45.910 
ffffa607de954080        776     5124 7ffd15842680        sqlceip.exe              2025-08-02 06:56:49.157  2025-08-02 06:56:49.192 
ffffa607d9779080        776     3712 7ffd15842680        sqlceip.exe              2025-08-02 06:57:13.272      -                   
ffffa607d81e4080       8228     8232 7ffd15842680        sqlceip.exe              2025-08-02 02:14:18.126      -                   
ffffa607d9145080       8228     8244 7ffd15842680        sqlceip.exe              2025-08-02 02:14:18.153      -                   
ffffa607d93ec080       8228     8248 7ffd15842680        sqlceip.exe              2025-08-02 02:14:18.155      -                   
ffffa607d9148080       8228     8268 ffffb90e2977bbf0    sqlceip.exe              2025-08-02 02:14:18.201      -                   
ffffa607d89f8080       8228     1748 7ffd15842680        sqlceip.exe              2025-08-02 02:19:18.541      -                   
ffffa607d70f7080       8228     8036 7ffd15842680        sqlceip.exe              2025-08-02 02:19:19.467      -                   
ffffa607d7a5b080       8228     1336 7ffd15842680        sqlceip.exe              2025-08-02 02:19:21.010      -                   
ffffa607d6a2f080       8228     2328 7ffd15842680        sqlceip.exe              2025-08-02 02:19:21.365      -                   
ffffa607d7feb080       8228     2840 7ffd15842680        sqlceip.exe              2025-08-02 02:19:22.584      -                   
ffffa607d69d2080       8228     4072 7ffd15842680        sqlceip.exe              2025-08-02 02:19:45.634      -                   
ffffa607d914f080       8228     6116 7ffd15842680        sqlceip.exe              2025-08-02 05:55:46.396  2025-08-02 06:16:40.659 
ffffa607dbdfa080       8228     7260 7ffd15842680        sqlceip.exe              2025-08-02 06:12:33.221  2025-08-02 06:13:10.222 
ffffa607d9532080       8228     6208 7ffd15842680        sqlceip.exe              2025-08-02 06:16:02.643  2025-08-02 06:22:10.785 
ffffa607d819f340       8228     4400 7ffd15842680        sqlceip.exe              2025-08-02 06:17:33.533  2025-08-02 06:18:10.706 
ffffa607d5b7c080       8228     4176 7ffd15842680        sqlceip.exe              2025-08-02 06:20:48.706  2025-08-02 06:21:40.784 
ffffa607d7b07080       8228      520 7ffd15842680        sqlceip.exe              2025-08-02 06:21:48.752  2025-08-02 06:26:41.159 
ffffa607d9340080       8228     9044 7ffd15842680        sqlceip.exe              2025-08-02 06:22:42.675  2025-08-02 06:23:10.862 
ffffa607d64a9080       8228     8764 7ffd15842680        sqlceip.exe              2025-08-02 06:25:03.971  2025-08-02 06:25:41.190 
ffffa607d3eb0080       8228     4236 7ffd15842680        sqlceip.exe              2025-08-02 06:26:02.692  2025-08-02 06:26:30.519 
ffffa607d8f37540       8228     8684 7ffd15842680        sqlceip.exe              2025-08-02 06:26:02.692  2025-08-02 06:33:11.566 
ffffa607d671d080       8228     6964 7ffd15842680        sqlceip.exe              2025-08-02 06:29:05.943  2025-08-02 06:29:42.723 
ffffa607d5a43080       8228     4944 7ffd15842680        sqlceip.exe              2025-08-02 06:32:42.737  2025-08-02 06:36:41.675 
ffffa607d6596080       8228     6344 7ffd15842680        sqlceip.exe              2025-08-02 06:36:02.752  2025-08-02 06:38:41.799 
ffffa607d355e080       8228     8672 7ffd15842680        sqlceip.exe              2025-08-02 06:36:51.690  2025-08-02 06:37:41.797 
ffffa607d6f3a080       8228     2848 7ffd15842680        sqlceip.exe              2025-08-02 06:38:21.753  2025-08-02 06:42:42.628 
ffffa607d8342080       8228     4308 7ffd15842680        sqlceip.exe              2025-08-02 06:40:59.527  2025-08-02 06:41:42.533 
ffffa607dc0c50c0       8228     1172 7ffd15842680        sqlceip.exe              2025-08-02 06:42:07.597  2025-08-02 06:43:12.738 
ffffa607d716e080       8228     8912 7ffd15842680        sqlceip.exe              2025-08-02 06:42:42.801  2025-08-02 06:46:42.987 
ffffa607d5bd4080       8228     3196 7ffd15842680        sqlceip.exe              2025-08-02 06:45:22.080  2025-08-02 06:45:42.909 
ffffa607d3eb2080       8228     4984 7ffd15842680        sqlceip.exe              2025-08-02 06:46:02.816  2025-08-02 06:49:43.191 
ffffa607d88cd080       8228      712 7ffd15842680        sqlceip.exe              2025-08-02 06:49:22.847  2025-08-02 06:50:43.254 
ffffa607d8111080       8228     9132 7ffd15842680        sqlceip.exe              2025-08-02 06:50:22.253  2025-08-02 06:53:43.596 
ffffa607d637e080       8228     5232 7ffd15842680        sqlceip.exe              2025-08-02 06:52:42.878  2025-08-02 06:54:43.815 
ffffa607d976f080       8228     4036 7ffd15842680        sqlceip.exe              2025-08-02 06:54:22.440      -                   
ffffa607d85ce080       8228     7460 7ffd15842680        sqlceip.exe              2025-08-02 06:56:02.893  2025-08-02 06:56:45.910 
ffffa607d9341080       8272     8276 7ffd15842680        svchost.exe              2025-08-02 02:14:18.323      -                   
ffffa607d695c080       8272     8292 7ffd15842680        svchost.exe              2025-08-02 02:14:18.360      -                   
ffffa607d7a0f080       8272     8296 7ffd15842680        svchost.exe              2025-08-02 02:14:18.370      -                   
ffffa607d5be5080       8272     8300 7ffd15842680        svchost.exe              2025-08-02 02:14:18.376      -                   
ffffa607d933d0c0       8272     8304 7ffd15842680        svchost.exe              2025-08-02 02:14:18.377      -                   
ffffa607d9533080       8272     8308 7ffd15842680        svchost.exe              2025-08-02 02:14:18.377      -                   
ffffa607d69c0080       8272     8816 7ffd15842680        svchost.exe              2025-08-02 02:14:22.286      -                   
ffffa607d69bc040       8272     4288 7ffd15842680        svchost.exe              2025-08-02 06:55:54.159      -                   
ffffa607d8a2e080       8340     8344 7ffd15842680        svchost.exe              2025-08-02 02:14:18.481      -                   
ffffa607d69be080       8340     8388 7ffd15842680        svchost.exe              2025-08-02 02:14:18.551      -                   
ffffa607d6381080       8340     8408 7ffd15842680        svchost.exe              2025-08-02 02:14:18.607      -                   
ffffa607d6a2e080       8340     8448 ffffb90e24264b80    svchost.exe              2025-08-02 02:14:18.783      -                   
ffffa607d65a1080       8340     8452 ffffb90e371ae970    svchost.exe              2025-08-02 02:14:18.783      -                   
ffffa607d64a2080       8340     8456 ffffb90e242647c0    svchost.exe              2025-08-02 02:14:18.864      -                   
ffffa607d64a10c0       8340     8460 7ffd15842680        svchost.exe              2025-08-02 02:14:18.864  2025-08-02 02:16:18.918 
ffffa607ddbe4080       8340     7816 7ffd15842680        svchost.exe              2025-08-02 06:54:47.900      -                   
ffffa607d8aa5080       8340     5732 7ffd15842680        svchost.exe              2025-08-02 06:56:47.079      -                   
ffffa607d9624080       8416     8420 7ffd15842680        svchost.exe              2025-08-02 02:14:18.658      -                   
ffffa607d94e4080       8416     1648 7ffd15842680        svchost.exe              2025-08-02 02:20:22.302      -                   
ffffa607d6505080       8416     7348 7ffd15842680        svchost.exe              2025-08-02 02:20:22.357      -                   
ffffa607d6640080       8416     3852 7ffd15842680        svchost.exe              2025-08-02 02:20:22.594  2025-08-02 02:22:36.586 
ffffa607da3312c0       8416     2592 7ffd15842680        svchost.exe              2025-08-02 02:40:25.562  2025-08-02 02:42:07.929 
ffffa607d6ed1040       8416     5712 7ffd15842680        svchost.exe              2025-08-02 05:40:09.453  2025-08-02 05:48:09.726 
ffffa607d8aef080       8416     7148 7ffd15842680        svchost.exe              2025-08-02 06:11:48.470  2025-08-02 06:14:04.068 
ffffa607d7cf0080       8416     2272 7ffd15842680        svchost.exe              2025-08-02 06:11:48.472  2025-08-02 06:12:57.052 
ffffa607d7e29040       8416     6732 7ffd15842680        svchost.exe              2025-08-02 06:31:48.767  2025-08-02 06:33:03.255 
ffffa607de3d8040       8416     2536 7ffd15842680        svchost.exe              2025-08-02 06:55:54.517      -                   
ffffa607d6410080       8688     8692 7ffd15842680        svchost.exe              2025-08-02 02:14:21.414      -                   
ffffa607d94ed080       8688     8708 ffffb90e27eca170    svchost.exe              2025-08-02 02:14:21.456      -                   
ffffa607d94eb040       8688     8716 7ffd15842680        svchost.exe              2025-08-02 02:14:21.475      -                   
ffffa607d8611080       8688     3404 7ffd15842680        svchost.exe              2025-08-02 02:14:30.657      -                   
ffffa607d6231080       8688     7516 7ffd15842680        svchost.exe              2025-08-02 02:16:07.693      -                   
ffffa607d9acc080       8688     8632 7ffd15842680        svchost.exe              2025-08-02 02:20:04.021  2025-08-02 02:20:04.022 
ffffa607d89da080       8688     5592 7ffd15842680        svchost.exe              2025-08-02 02:20:04.022  2025-08-02 02:20:04.022 
ffffa607d9c4b040       8688     8372 7ffd15842680        svchost.exe              2025-08-02 06:55:57.267      -                   
ffffa607d81e2080       2928     2684 7ffd15842680        svchost.exe              2025-08-02 02:14:30.543      -                   
ffffa607d897d080       2928     2836 7ffd15842680        svchost.exe              2025-08-02 02:14:30.567      -                   
ffffa607db9d8080       2928     7396 7ffd15842680        svchost.exe              2025-08-02 02:40:32.991      -                   
ffffa607d6312040       2928     6072 7ffd15842680        svchost.exe              2025-08-02 06:55:52.612      -                   
ffffa607d96f3080       2928     7476 7ffd15842680        svchost.exe              2025-08-02 06:55:52.618      -                   
ffffa607d862b080       3656     3600 7ffd15842680        MicrosoftEdgeU           2025-08-02 02:14:32.627      -                   
ffffa607d8b870c0       3656     7372 7ffd15842680        MicrosoftEdgeU           2025-08-02 02:14:32.672      -                   
ffffa607d83eb080       3656     4004 ffffb90e22285160    MicrosoftEdgeU           2025-08-02 02:14:32.735      -                   
ffffa607d5b76080       3656     5176 7ffd15842680        MicrosoftEdgeU           2025-08-02 02:14:32.738      -                   
ffffa607d7b33080       7468     6244 ffffa607d7b334c8    svchost.exe              2025-08-02 02:16:06.883  2025-08-02 02:16:13.025 
ffffa607d88c6080       8792     8988 7ffd15842680        UserOOBEBroker           2025-08-02 02:22:31.284      -                   
ffffa607d97ee2c0       8792     8328 7ffd15842680        UserOOBEBroker           2025-08-02 06:54:07.454      -                   
ffffa607d87f4040       8792     5304 7ffd15842680        UserOOBEBroker           2025-08-02 06:56:44.197      -                   
ffffa607d7205080       8792     5228 7ffd15842680        UserOOBEBroker           2025-08-02 06:56:44.199      -                   
ffffa607d9ae2080        616     4284 7ffd15842680        MusNotifyIcon.           2025-08-02 02:23:37.401      -                   
ffffa607d68e8080        616     5404 7ffd15842680        MusNotifyIcon.           2025-08-02 02:23:37.522      -                   
ffffa607d6698080        616     6952 7ffd15842680        MusNotifyIcon.           2025-08-02 02:23:38.328      -                   
ffffa607d6ddb0c0       2828     7032 7ffd15842680        MpDefenderCore           2025-08-02 02:24:09.377      -                   
ffffa607d9d6f080       2828     5148 7ffd15842680        MpDefenderCore           2025-08-02 02:24:09.456      -                   
ffffa607d6421080       2828     9064 7ffd15842680        MpDefenderCore           2025-08-02 02:24:09.456      -                   
ffffa607d6389080       2828     9144 7ffd15842680        MpDefenderCore           2025-08-02 02:24:10.113      -                   
ffffa607d80e8080       2828     1144 7ffd15842680        MpDefenderCore           2025-08-02 02:24:11.202      -                   
ffffa607d8a0a080       2828     7292 7ffd15842680        MpDefenderCore           2025-08-02 02:24:11.318      -                   
ffffa607d72a9080       2828     7732 7ffd15842680        MpDefenderCore           2025-08-02 02:29:10.193      -                   
ffffa607d7a0d080       2828     4652 7ffd15842680        MpDefenderCore           2025-08-02 02:29:10.229      -                   
ffffa607d8b75080       2828     7428 7ffd15842680        MpDefenderCore           2025-08-02 06:54:19.507      -                   
ffffa607d8b78280       2828     8824 7ffd15842680        MpDefenderCore           2025-08-02 06:56:31.519      -                   
ffffa607d1d6f080       5160     5360 ffffb90e27ec6390    MsMpEng.exe              2025-08-02 02:24:10.533      -                   
ffffa607d720a080       5160     4828 ffffb90e28e13490    MsMpEng.exe              2025-08-02 02:24:10.578      -                   
ffffa607d8eeb080       5160     1340 7ffd15842680        MsMpEng.exe              2025-08-02 02:24:10.584  2025-08-02 02:37:34.652 
ffffa607d935d080       5160     3420 ffffb90e28e235d0    MsMpEng.exe              2025-08-02 02:24:10.585      -                   
ffffa607d7bb5080       5160     8740 ffffa607d7bb54c8    MsMpEng.exe              2025-08-02 02:24:10.658  2025-08-02 02:24:26.653 
ffffa607d7ba9040       5160     6376 7ffd15842680        MsMpEng.exe              2025-08-02 02:24:13.430      -                   
ffffa607d80d7080       5160     8864 7ffd15842680        MsMpEng.exe              2025-08-02 02:24:13.511      -                   
ffffa607d6509080       5160     2016 7ffd15842680        MsMpEng.exe              2025-08-02 02:24:13.646      -                   
ffffa607d686d080       5160     7620 7ffd15842680        MsMpEng.exe              2025-08-02 02:24:26.598      -                   
ffffa607d7e14080       5160     1740 7ffd15842680        MsMpEng.exe              2025-08-02 02:24:26.603  2025-08-02 02:24:26.660 
ffffa607d8443080       5160     4556 7ffd15842680        MsMpEng.exe              2025-08-02 02:24:26.681      -                   
ffffa607d7bc1080       5160     8744 7ffd15842680        MsMpEng.exe              2025-08-02 02:24:26.681      -                   
ffffa607d7b1f080       5160     1732 7ffd15842680        MsMpEng.exe              2025-08-02 02:24:26.681  2025-08-02 02:24:26.725 
ffffa607d7bb0080       5160     7964 7ffd15842680        MsMpEng.exe              2025-08-02 02:24:26.689      -                   
ffffa607d89a0080       5160     2156 7ffd15842680        MsMpEng.exe              2025-08-02 02:24:26.689      -                   
ffffa607d8065080       5160     8336 7ffd15842680        MsMpEng.exe              2025-08-02 02:24:26.689      -                   
ffffa607d7bbb080       5160     8872 7ffd15842680        MsMpEng.exe              2025-08-02 02:24:26.689      -                   
ffffa607d834c080       5160     3016 7ffd15842680        MsMpEng.exe              2025-08-02 02:24:26.689      -                   
ffffa607d727e080       5160     5144 7ffd15842680        MsMpEng.exe              2025-08-02 02:24:26.689      -                   
ffffa607d862a080       5160     5364 7ffd15842680        MsMpEng.exe              2025-08-02 02:24:26.689      -                   
ffffa607d9773080       5160     2448 7ffd15842680        MsMpEng.exe              2025-08-02 02:24:26.689      -                   
ffffa607d6a39080       5160     3132 7ffd15842680        MsMpEng.exe              2025-08-02 02:24:29.071      -                   
ffffa607d6815040       5160     8784 7ffd15842680        MsMpEng.exe              2025-08-02 06:41:06.252      -                   
ffffa607d6d38080       5160     3664 7ffd15842680        MsMpEng.exe              2025-08-02 06:50:07.471      -                   
ffffa607d5b7b080       5160     5968 ffffb90e371acab0    MsMpEng.exe              2025-08-02 06:51:12.718      -                   
ffffa607d671c080       5160     3700 7ffd15842680        MsMpEng.exe              2025-08-02 06:51:16.847      -                   
ffffa607db7f3040       5160      980 7ffd15842680        MsMpEng.exe              2025-08-02 06:52:04.189      -                   
ffffa607de952040       5160     5784 7ffd15842680        MsMpEng.exe              2025-08-02 06:52:04.920      -                   
ffffa607d8b6d040       5160     8168 7ffd15842680        MsMpEng.exe              2025-08-02 06:54:18.524      -                   
ffffa607d8ac4080       5160     5672 7ffd15842680        MsMpEng.exe              2025-08-02 06:54:35.309      -                   
ffffa607d814d080       5160     3996 7ffd15842680        MsMpEng.exe              2025-08-02 06:56:53.364      -                   
ffffa607d7e1d080       8500     5508 7ffd15842680        NisSrv.exe               2025-08-02 02:24:26.724      -                   
ffffa607d6c91080       8500     8676 7ffd15842680        NisSrv.exe               2025-08-02 02:24:26.807      -                   
ffffa607d810e040       8500     2892 7ffd15842680        NisSrv.exe               2025-08-02 02:24:26.821  2025-08-02 02:31:08.790 
ffffa607d7210080       8500     6052 7ffd15842680        NisSrv.exe               2025-08-02 02:24:27.094      -                   
ffffa607d6493080       8500     5848 7ffd15842680        NisSrv.exe               2025-08-02 02:24:27.117      -                   
ffffa607d7256080       8500     8780 7ffd15842680        NisSrv.exe               2025-08-02 02:24:27.122      -                   
ffffa607d884e080       8500     4080 7ffd15842680        NisSrv.exe               2025-08-02 02:24:27.634      -                   
ffffa607d94f1040       8500     4624 7ffd15842680        NisSrv.exe               2025-08-02 02:27:07.057  2025-08-02 02:28:55.166 
ffffa607d69d0040       8500     4200 7ffd15842680        NisSrv.exe               2025-08-02 02:42:01.234  2025-08-02 02:43:20.292 
ffffa607de9c4040       8500     7616 7ffd15842680        NisSrv.exe               2025-08-02 02:57:01.519  2025-08-02 02:58:58.405 
ffffa607d71c0040       8500     2676 7ffd15842680        NisSrv.exe               2025-08-02 03:12:01.610  2025-08-02 03:14:36.561 
ffffa607d5bea040       8500     3368 7ffd15842680        NisSrv.exe               2025-08-02 03:13:12.344  2025-08-02 03:14:36.561 
ffffa607d51a3040       8500     3864 7ffd15842680        NisSrv.exe               2025-08-02 03:15:02.189  2025-08-02 03:16:50.577 
ffffa607d64a5080       8500     2112 7ffd15842680        NisSrv.exe               2025-08-02 03:24:23.646      -                   
ffffa607d8110080       8500     8196 7ffd15842680        NisSrv.exe               2025-08-02 03:24:24.103      -                   
ffffa607d89ad080       8500     4052 7ffd15842680        NisSrv.exe               2025-08-02 03:24:24.105      -                   
ffffa607d9dc7040       8500     2652 7ffd15842680        NisSrv.exe               2025-08-02 03:27:01.656  2025-08-02 03:29:07.687 
ffffa607d9502080       8500      752 7ffd15842680        NisSrv.exe               2025-08-02 03:42:01.689  2025-08-02 03:44:03.882 
ffffa607d9b45080       8500      464 7ffd15842680        NisSrv.exe               2025-08-02 03:42:05.014  2025-08-02 03:44:03.882 
ffffa607d623d040       8500     3156 7ffd15842680        NisSrv.exe               2025-08-02 04:33:27.325  2025-08-02 04:35:40.339 
ffffa607d7260040       8500     7972 7ffd15842680        NisSrv.exe               2025-08-02 04:48:27.596  2025-08-02 04:50:11.460 
ffffa607d701e040       8500     1768 7ffd15842680        NisSrv.exe               2025-08-02 05:03:27.627  2025-08-02 05:04:42.549 
ffffa607d6295040       8500     3416 7ffd15842680        NisSrv.exe               2025-08-02 05:18:27.643  2025-08-02 05:20:20.659 
ffffa607d1d0a040       8500     6576 7ffd15842680        NisSrv.exe               2025-08-02 05:33:27.660  2025-08-02 05:34:51.786 
ffffa607d7226040       8500     9020 7ffd15842680        NisSrv.exe               2025-08-02 05:53:56.555  2025-08-02 05:55:58.788 
ffffa607d7ce92c0       8500     4576 7ffd15842680        NisSrv.exe               2025-08-02 06:16:06.101      -                   
ffffa607d72bd040       8500     5856 7ffd15842680        NisSrv.exe               2025-08-02 06:19:12.803  2025-08-02 06:20:46.114 
ffffa607d8b8f040       8500     7772 7ffd15842680        NisSrv.exe               2025-08-02 06:34:12.848  2025-08-02 06:36:24.319 
ffffa607d671e040       8500     8800 7ffd15842680        NisSrv.exe               2025-08-02 06:43:33.349  2025-08-02 06:45:20.413 
ffffa607d9d70080       8500      672 7ffd15842680        NisSrv.exe               2025-08-02 06:43:33.349  2025-08-02 06:45:20.413 
ffffa607d7fe4040       8500     1136 7ffd15842680        NisSrv.exe               2025-08-02 06:49:12.895  2025-08-02 06:50:55.443 
ffffa607d70ee080       8412     4452 7ffd15842680        dllhost.exe              2025-08-02 02:28:01.569      -                   
ffffa607d8079080       8412     9008 7ffd15842680        dllhost.exe              2025-08-02 02:28:01.620      -                   
ffffa607d8f9e080       8412     5792 7ffd15842680        dllhost.exe              2025-08-02 02:28:01.701      -                   
ffffa607d68ea080       8412     7584 7ffd15842680        dllhost.exe              2025-08-02 02:28:01.776      -                   
ffffa607d638a080       8412     1460 7ffd15842680        dllhost.exe              2025-08-02 02:28:01.965      -                   
ffffa607d8982040       8412     6824 7ffd15842680        dllhost.exe              2025-08-02 06:29:11.190  2025-08-02 06:31:56.258 
ffffa607d640b040       8412     7072 7ffd15842680        dllhost.exe              2025-08-02 06:32:16.049  2025-08-02 06:34:10.287 
ffffa607d97e0040       8412     8840 7ffd15842680        dllhost.exe              2025-08-02 06:40:11.002  2025-08-02 06:41:59.383 
ffffa607d8f27040       8412     5308 7ffd15842680        dllhost.exe              2025-08-02 06:53:57.758      -                   
ffffa607d8f56400       8412     5800 7ffd15842680        dllhost.exe              2025-08-02 06:53:57.764  2025-08-02 06:56:30.492 
ffffa607d8a3f080       8412     7056 7ffd15842680        dllhost.exe              2025-08-02 06:53:57.859  2025-08-02 06:56:30.493 
ffffa607dedec080       8412     8352 7ffd15842680        dllhost.exe              2025-08-02 06:53:57.860  2025-08-02 06:56:30.493 
ffffa607d801c080        872     2812 7ffd15842680        svchost.exe              2025-08-02 02:39:39.476      -                   
ffffa607d83e0080        872     8280 7ffd15842680        svchost.exe              2025-08-02 02:39:39.521  2025-08-02 02:39:39.892 
ffffa607d1d11080        872     2020 7ffd15842680        svchost.exe              2025-08-02 02:39:39.564      -                   
ffffa607d651f080        872     8516 7ffd15842680        svchost.exe              2025-08-02 02:39:39.567      -                   
ffffa607d6f17080        872     3856 7ffd15842680        svchost.exe              2025-08-02 02:39:39.629      -                   
ffffa607d88b8080        872     8560 7ffd15842680        svchost.exe              2025-08-02 02:39:39.730  2025-08-02 02:41:47.594 
ffffa607d83ef080        872     8920 7ffd15842680        svchost.exe              2025-08-02 02:39:39.790  2025-08-02 02:46:15.751 
ffffa607df2c5080        872     4432 7ffd15842680        svchost.exe              2025-08-02 02:57:17.749  2025-08-02 02:58:32.733 
ffffa607d727f040        872     4472 7ffd15842680        svchost.exe              2025-08-02 03:07:23.827  2025-08-02 03:08:35.812 
ffffa607d6407080       2752     8948 7ffd15842680        svchost.exe              2025-08-02 02:50:27.457      -                   
ffffa607d6d54040       2752     4008 7ffd15842680        svchost.exe              2025-08-02 06:56:48.658      -                   
ffffa607d6e35080       2752     9136 7ffd15842680        svchost.exe              2025-08-02 06:56:48.659      -                   
ffffa607d9c59040       2752     7900 7ffd15842680        svchost.exe              2025-08-02 06:56:52.003      -                   
ffffa607da893080       7708     8752 7ffd15842680        dllhost.exe              2025-08-02 02:50:28.474      -                   
ffffa607d8f5d080       7708     7828 7ffd15842680        dllhost.exe              2025-08-02 02:50:28.612      -                   
ffffa607d86dc080       7708     5396 7ffd15842680        dllhost.exe              2025-08-02 06:51:46.198      -                   
ffffa607d6be4080       7708     5656 7ffd15842680        dllhost.exe              2025-08-02 06:53:51.067      -                   
ffffa607da9284c0       2632     8652 7ffd15842680        taskhostw.exe            2025-08-02 02:52:04.261      -                   
ffffa607db725080       2632     8240 7ffd15842680        taskhostw.exe            2025-08-02 02:52:04.294      -                   
ffffa607d96a1080       2632     4336 7ffd15842680        taskhostw.exe            2025-08-02 02:52:04.310  2025-08-02 02:52:04.323 
ffffa607d9c5a080       2632     6080 7ffd15842680        taskhostw.exe            2025-08-02 02:52:04.322      -                   
ffffa607d1d44080       2632     1636 7ffd15842680        taskhostw.exe            2025-08-02 02:52:04.364      -                   
ffffa607dbdda2c0       8508     4796 7ffd15842680        WUDFHost.exe             2025-08-02 05:55:36.173      -                   
ffffa607da06a2c0       8508     7912 7ffd15842680        WUDFHost.exe             2025-08-02 05:55:36.330      -                   
ffffa607d96f1040       8508     6840 7ffd15842680        WUDFHost.exe             2025-08-02 05:55:36.391      -                   
ffffa607d8860040       8508     4220 7ffd15842680        WUDFHost.exe             2025-08-02 05:55:36.543      -                   
ffffa607dedd70c0       8508      664 7ffd15842680        WUDFHost.exe             2025-08-02 05:55:36.582      -                   
ffffa607d86ce040       8508     4056 7ffd15842680        WUDFHost.exe             2025-08-02 05:55:39.741      -                   
ffffa607d6f1a040       8508     1480 7ffd15842680        WUDFHost.exe             2025-08-02 06:35:58.710      -                   
ffffa607d8ac2040       8508     6228 7ffd15842680        WUDFHost.exe             2025-08-02 06:51:16.151      -                   
ffffa607d659c040       8508     8056 7ffd15842680        WUDFHost.exe             2025-08-02 06:53:53.396      -                   
ffffa607d88b6040       8508     8004 7ffd15842680        WUDFHost.exe             2025-08-02 06:55:25.086      -                   
ffffa607d6316080       7456     2624 7ffd15842680        Procmon64.exe            2025-08-02 06:26:13.440      -                   
ffffa607d833a080       2804     6656 ffffb90e371ab1f0    Procmon64.exe            2025-08-02 06:26:16.393      -                   
ffffa607d5b8a080       2804     9104 7ffd15842680        Procmon64.exe            2025-08-02 06:26:16.804      -                   
ffffa607da02c500       2804     8468 7ffd15842680        Procmon64.exe            2025-08-02 06:26:16.804      -                   
ffffa607d869f040       2804     4688 7ffd15842680        Procmon64.exe            2025-08-02 06:51:16.472      -                   
ffffa607d8b8d080       2804     4292 7ffd15842680        Procmon64.exe            2025-08-02 06:52:01.354      -                   
ffffa607d71ef0c0       2804     1244 7ffd15842680        Procmon64.exe            2025-08-02 06:54:03.199      -                   
ffffa607def650c0       2804     6096 7ffd15842680        Procmon64.exe            2025-08-02 06:54:03.199      -                   
ffffa607decb90c0       2804     4068 7ffd15842680        Procmon64.exe            2025-08-02 06:54:03.199  2025-08-02 06:54:03.200 
ffffa607dce240c0       2804     4464 7ffd15842680        Procmon64.exe            2025-08-02 06:54:03.199      -                   
ffffa607deee70c0       2804     6184 7ffd15842680        Procmon64.exe            2025-08-02 06:54:03.199      -                   
ffffa607d7a42080       5804     5236 7ffd15842680        svchost.exe              2025-08-02 06:40:58.257      -                   
ffffa607d8311080       5804     5464 7ffd15842680        svchost.exe              2025-08-02 06:40:58.312      -                   
ffffa607d935c080       6240     7020 7ffd15842680        WindowsTermina           2025-08-02 06:41:41.806      -                   
ffffa607d8983080       6240     5068 7ffd15842680        WindowsTermina           2025-08-02 06:41:42.183      -                   
ffffa607d7bbd080       6240     2372 ffffb90e371b00b0    WindowsTermina           2025-08-02 06:41:42.228      -                   
ffffa607d5be6080       6240     1528 7ffd15842680        WindowsTermina           2025-08-02 06:41:42.357      -                   
ffffa607d934f080       6240     1812 7ffd15842680        WindowsTermina           2025-08-02 06:41:42.382      -                   
ffffa607d7251080       6240     8136 7ffd15842680        WindowsTermina           2025-08-02 06:41:42.480      -                   
ffffa607d89ea080       6240     7340 7ffd15842680        WindowsTermina           2025-08-02 06:41:42.671      -                   
ffffa607d7b76080       6240     5688 7ffd15842680        WindowsTermina           2025-08-02 06:41:42.671      -                   
ffffa607d8fb8040       6240     4184 7ffd15842680        WindowsTermina           2025-08-02 06:55:48.095      -                   
ffffa607d84702c0       5196     7492 7ffd15842680        OpenConsole.ex           2025-08-02 06:41:42.884      -                   
ffffa607df0950c0       5196     2984 7ffd15842680        OpenConsole.ex           2025-08-02 06:41:42.884      -                   
ffffa607da1bb0c0       5196     7792 7ffd15842680        OpenConsole.ex           2025-08-02 06:41:42.896      -                   
ffffa607da6e60c0       5196       32 7ffd15842680        OpenConsole.ex           2025-08-02 06:41:42.898      -                   
ffffa607d952f080       7636     8724 7ffd15842680        powershell.exe           2025-08-02 06:41:42.664      -                   
ffffa607d6add080       7636      764 7ffd15842680        powershell.exe           2025-08-02 06:41:42.935      -                   
ffffa607d88da080       7636     3836 7ffd15842680        powershell.exe           2025-08-02 06:41:42.935      -                   
ffffa607d9353080       7636      960 7ffd15842680        powershell.exe           2025-08-02 06:41:42.975  2025-08-02 06:42:20.080 
ffffa607dbdd4080       7636     3708 7ffd15842680        powershell.exe           2025-08-02 06:41:42.975  2025-08-02 06:42:27.690 
ffffa607d8b81080       7636     9164 ffffb90e371af810    powershell.exe           2025-08-02 06:41:42.992      -                   
ffffa607d91f3080       7636     8024 7ffd15842680        powershell.exe           2025-08-02 06:41:43.110      -                   
ffffa607d846e080       7636     7388 7ffd15842680        powershell.exe           2025-08-02 06:41:43.110      -                   
ffffa607d72ba080       7636     3704 ffffa607d72ba4c8    powershell.exe           2025-08-02 06:41:43.181      -                   
ffffa607d9510080       7636     8176 7ffd15842680        powershell.exe           2025-08-02 06:41:43.235  2025-08-02 06:42:27.690 
ffffa607d8a10080       7636     1132 7ffd15842680        powershell.exe           2025-08-02 06:41:43.342      -                   
ffffa607d83ee080       7636     2468 7ffd15842680        powershell.exe           2025-08-02 06:41:43.547      -                   
ffffa607d6c8d080       7636      340 7ffd15842680        powershell.exe           2025-08-02 06:51:16.847  2025-08-02 06:51:16.849 
ffffa607d83e3080       7636     7360 7ffd15842680        powershell.exe           2025-08-02 06:51:16.848  2025-08-02 06:51:17.278 
ffffa607d9522080       7636     8324 7ffd15842680        powershell.exe           2025-08-02 06:56:53.820      -                   
ffffa607d6714080       7636     7916 7ffd15842680        powershell.exe           2025-08-02 06:56:53.876      -                   
ffffa607d830c080       4788     3792 7ffd15842680        smartscreen.ex           2025-08-02 06:52:00.430      -                   
ffffa607d7a3e040       4788     7844 ffffb90e371b3830    smartscreen.ex           2025-08-02 06:52:00.479      -                   
ffffa607d8ae8080       4788     2796 7ffd15842680        smartscreen.ex           2025-08-02 06:52:00.493      -                   
ffffa607d94f0080       4788     6076 7ffd15842680        smartscreen.ex           2025-08-02 06:52:00.499      -                   
ffffa607d8b6e080       4788     1456 7ffd15842680        smartscreen.ex           2025-08-02 06:52:00.503      -                   
ffffa607d7165080       4788     3232 7ffd15842680        smartscreen.ex           2025-08-02 06:52:00.804      -                   
ffffa607d833b080       4788     5152 7ffd15842680        smartscreen.ex           2025-08-02 06:56:48.628      -                   
ffffa607d8abd080       8184     2232 7ffd15842680        ShellExperienc           2025-08-02 06:52:16.795      -                   
ffffa607d66bc080       8184     4608 7ffd15842680        ShellExperienc           2025-08-02 06:52:16.868      -                   
ffffa607d9acf080       8184     8488 7ffd15842680        ShellExperienc           2025-08-02 06:52:16.905      -                   
ffffa607d1d9e080       8184     2000 7ffd15842680        ShellExperienc           2025-08-02 06:52:16.935      -                   
ffffa607d7b20080       8184     6148 7ffd15842680        ShellExperienc           2025-08-02 06:52:16.966      -                   
ffffa607d8a05080       8184     2276 ffffb90e371ae0d0    ShellExperienc           2025-08-02 06:52:17.030      -                   
ffffa607d80d0080       8184     4456 7ffd15842680        ShellExperienc           2025-08-02 06:52:17.169      -                   
ffffa607d6230080       8184     2844 7ffd15842680        ShellExperienc           2025-08-02 06:52:17.178      -                   
ffffa607da01d080       8184      272 7ffd15842680        ShellExperienc           2025-08-02 06:52:17.185      -                   
ffffa607d6c6b280       8184     7364 7ffd15842680        ShellExperienc           2025-08-02 06:52:17.266      -                   
ffffa607d86e2080       8184     6328 7ffd15842680        ShellExperienc           2025-08-02 06:52:17.436      -                   
ffffa607d97dc080       8184     6776 7ffd15842680        ShellExperienc           2025-08-02 06:54:07.608      -                   
ffffa607da892080       8184     7016 7ffd15842680        ShellExperienc           2025-08-02 06:54:07.627      -                   
ffffa607da069080       8184     6588 7ffd15842680        ShellExperienc           2025-08-02 06:54:23.696      -                   
ffffa607d894a040       8184     8888 7ffd15842680        ShellExperienc           2025-08-02 06:54:37.784      -                   
ffffa607dafdd500       6768     9212 7ffd15842680        audiodg.exe              2025-08-02 06:52:17.476      -                   
ffffa607d8b4d080       6768     1344 7ffd15842680        audiodg.exe              2025-08-02 06:52:17.528      -                   
ffffa607d51e5040       6768     1284 7ffd15842680        audiodg.exe              2025-08-02 06:52:17.533      -                   
ffffa607d6396080       6768     4540 7ffd15842680        audiodg.exe              2025-08-02 06:55:52.618      -                   
ffffa607d952d080       6768     7804 7ffd15842680        audiodg.exe              2025-08-02 06:56:49.156      -                   
ffffa607d3a63080       1628     3824 7ffd15842680        RuntimeBroker.           2025-08-02 06:52:17.490      -                   
ffffa607d9365040       1628     7048 7ffd15842680        RuntimeBroker.           2025-08-02 06:52:17.508      -                   
ffffa607d963b080       1628     3840 7ffd15842680        RuntimeBroker.           2025-08-02 06:52:17.524      -                   
ffffa607dcdd9080       1628     4160 7ffd15842680        RuntimeBroker.           2025-08-02 06:52:17.540      -                   
ffffa607d9c49080       1628     4408 7ffd15842680        RuntimeBroker.           2025-08-02 06:52:17.558      -                   
ffffa607d9adf080       1500     8844 ffffb90e371b92f0    notepad.exe              2025-08-02 06:53:59.417      -                   
ffffa607d7c4c2c0       1500     2440 7ffd15842680        notepad.exe              2025-08-02 06:54:07.005  2025-08-02 06:54:11.042 
ffffa607dbdd7080       1488     7960 7ffd15842680        explorer.exe             2025-08-02 06:54:17.126      -                   
ffffa607d8021080       1488     9200 7ffd15842680        explorer.exe             2025-08-02 06:54:17.210      -                   
ffffa607d89ae040       1488     4420 7ffd15842680        explorer.exe             2025-08-02 06:54:17.210      -                   
ffffa607d71f2080       1488     6044 7ffd15842680        explorer.exe             2025-08-02 06:54:17.211      -                   
ffffa607d8069080       1488     8476 7ffd15842680        explorer.exe             2025-08-02 06:54:17.229      -                   
ffffa607d6688080       1488     8544 7ffd15842680        explorer.exe             2025-08-02 06:54:17.276      -                   
ffffa607d88af080       1488     4844 7ffd15842680        explorer.exe             2025-08-02 06:54:18.106      -                   
ffffa607d9ad9080       1488     4948 7ffd15842680        explorer.exe             2025-08-02 06:54:18.107      -                   
ffffa607d725a080       1488     7864 7ffd15842680        explorer.exe             2025-08-02 06:54:18.149      -                   
ffffa607d1d4d080       1488     6664 7ffd15842680        explorer.exe             2025-08-02 06:54:18.241      -                   
ffffa607da06f080       1488     2916 7ffd15842680        explorer.exe             2025-08-02 06:54:18.352      -                   
ffffa607d964c080       1488     7740 7ffd15842680        explorer.exe             2025-08-02 06:54:18.406      -                   
ffffa607d976b080       4736     7184 7ffd15842680        svchost.exe              2025-08-02 06:54:52.353      -                   
ffffa607d9777080       7300     3424 7ffd15842680        SearchProtocol           2025-08-02 06:55:59.256      -                   
ffffa607d6d78080       7300     1164 7ffd15842680        SearchProtocol           2025-08-02 06:55:59.324      -                   
ffffa607de3d9080       7300     4992 7ffd15842680        SearchProtocol           2025-08-02 06:55:59.325      -                   
ffffa607da32d080       7300     8588 7ffd15842680        SearchProtocol           2025-08-02 06:55:59.405      -                   
ffffa607d834e040       7300     8208 7ffd15842680        SearchProtocol           2025-08-02 06:55:59.405      -                   
ffffa607d8ac5040       7300     1976 7ffd15842680        SearchProtocol           2025-08-02 06:55:59.405      -                   
ffffa607d6932080       3956     5444 7ffd15842680        SearchFilterHo           2025-08-02 06:55:59.328      -                   
ffffa607d6386080       3956     6828 7ffd15842680        SearchFilterHo           2025-08-02 06:55:59.398      -                   
ffffa607d683e040       3956     8512 7ffd15842680        SearchFilterHo           2025-08-02 06:55:59.399      -                   
ffffa607d7263080       3956     4424 7ffd15842680        SearchFilterHo           2025-08-02 06:55:59.399      -                   
ffffa607d88b3080       3956     2712 7ffd15842680        SearchFilterHo           2025-08-02 06:55:59.407      -                   
ffffa607d6229080       5012     8656 7ffd15842680        DumpIt.exe               2025-08-02 06:56:51.000      -                   
ffffa607d9c58080       5012     6800 7ffd15842680        DumpIt.exe               2025-08-02 06:56:51.168      -                   
ffffa607d85a9080       5012     3104 7ffd15842680        DumpIt.exe               2025-08-02 06:56:51.169      -                   
ffffa607d6aaa080       5012     3800 7ffd15842680        DumpIt.exe               2025-08-02 06:56:52.692      -                   
ffffa607d6f41040       5012     8076 7ffd15842680        DumpIt.exe               2025-08-02 06:56:52.695      -                   
ffffa607d1d93040       5012     6736 7ffd15842680        DumpIt.exe               2025-08-02 06:56:52.698      -                   
ffffa607d80e1080       2636     2780 7ffd15842680        conhost.exe              2025-08-02 06:56:51.053      -                   
ffffa607d7af3080       2636     4596 7ffd15842680        conhost.exe              2025-08-02 06:56:51.056      -                   
ffffa607d9d6c080       2636     2660 7ffd15842680        conhost.exe              2025-08-02 06:56:51.070      -                   
ffffa607d5bd5080       2636     8732 7ffd15842680        conhost.exe              2025-08-02 06:56:51.070      -                   
ffffa607d622e080       2636     6816 7ffd15842680        conhost.exe              2025-08-02 06:56:51.073      -                   
ffffa607def68080       2636     4264 7ffd15842680        conhost.exe              2025-08-02 06:56:51.098      -                   
ffffa607da01c040       2636     6912 7ffd15842680        conhost.exe              2025-08-02 06:56:51.628      -                   
quit:
NatVis script unloaded from 'C:\Program Files\WindowsApps\Microsoft.WinDbg_1.2506.12002.0_x64__8wekyb3d8bbwe\amd64\Visualizers\atlmfc.natvis'
NatVis script unloaded from 'C:\Program Files\WindowsApps\Microsoft.WinDbg_1.2506.12002.0_x64__8wekyb3d8bbwe\amd64\Visualizers\concurrency.natvis'
NatVis script unloaded from 'C:\Program Files\WindowsApps\Microsoft.WinDbg_1.2506.12002.0_x64__8wekyb3d8bbwe\amd64\Visualizers\cpp_rest.natvis'
NatVis script unloaded from 'C:\Program Files\WindowsApps\Microsoft.WinDbg_1.2506.12002.0_x64__8wekyb3d8bbwe\amd64\Visualizers\Kernel.natvis'
NatVis script unloaded from 'C:\Program Files\WindowsApps\Microsoft.WinDbg_1.2506.12002.0_x64__8wekyb3d8bbwe\amd64\Visualizers\ObjectiveC.natvis'
NatVis script unloaded from 'C:\Program Files\WindowsApps\Microsoft.WinDbg_1.2506.12002.0_x64__8wekyb3d8bbwe\amd64\Visualizers\stl.natvis'
NatVis script unloaded from 'C:\Program Files\WindowsApps\Microsoft.WinDbg_1.2506.12002.0_x64__8wekyb3d8bbwe\amd64\Visualizers\Usb4Kd.natvis'
NatVis script unloaded from 'C:\Program Files\WindowsApps\Microsoft.WinDbg_1.2506.12002.0_x64__8wekyb3d8bbwe\amd64\Visualizers\Windows.Data.Json.natvis'
NatVis script unloaded from 'C:\Program Files\WindowsApps\Microsoft.WinDbg_1.2506.12002.0_x64__8wekyb3d8bbwe\amd64\Visualizers\Windows.Devices.Geolocation.natvis'
NatVis script unloaded from 'C:\Program Files\WindowsApps\Microsoft.WinDbg_1.2506.12002.0_x64__8wekyb3d8bbwe\amd64\Visualizers\Windows.Devices.Sensors.natvis'
NatVis script unloaded from 'C:\Program Files\WindowsApps\Microsoft.WinDbg_1.2506.12002.0_x64__8wekyb3d8bbwe\amd64\Visualizers\Windows.Media.natvis'
NatVis script unloaded from 'C:\Program Files\WindowsApps\Microsoft.WinDbg_1.2506.12002.0_x64__8wekyb3d8bbwe\amd64\Visualizers\windows.natvis'
NatVis script unloaded from 'C:\Program Files\WindowsApps\Microsoft.WinDbg_1.2506.12002.0_x64__8wekyb3d8bbwe\amd64\Visualizers\winrt.natvis'
